### Custom WaveView ADV log file, revision N-2017.12-SP2 (build May 31, ) ###
### created at 16:28:11 on Tue Apr 28 2026 (Linux AMD64) ###
### Host Name: localhost.localdomain   User ID: root   PID: 28522   ###
wv_start_log
# (0) running in waveview only mode
# (0) HOME defined
sx_open_sim_file_read {tb_netlist_fa2b_post.tr0}
wv_expand_tree_item {Custom WaveView} {} {hierview} {D0:tb_netlist_fa2b_post.tr0(0)} {+sep=@}
wv_select_tree_item {Custom WaveView} {} {hierview} {D0:tb_netlist_fa2b_post.tr0(0)@toplevel(0)} {0} {+sep=@}
wv_select_list_item {Custom WaveView} {} {sigview} {v(a0)} 7
wv_drag_list_item {Custom WaveView} {} {sigview} {v(a0)} 7
wv_dclick_list_item {Custom WaveView} {} {sigview} {v(a0)} 7
wv_select_waveview 1 {waveview 1}
wv_waveview_context_menu WV1.PANEL1:1.LEGEND
wv_select_waveview 1 {waveview 1}
wv_select_menu_item {Custom WaveView} {waveview 1:1} {PanelPopMenu.Delete} 
wv_move_window {Confirmation} {} 868 421
wv_select_dialog {Confirmation} 
wv_press_button {Confirmation} {} {Ok} 
wv_select_window {Custom WaveView} 
wv_select_list_item {Custom WaveView} {} {sigview} {v(a1)} 8
wv_dclick_list_item {Custom WaveView} {} {sigview} {v(a1)} 8
wv_select_list_item {Custom WaveView} {} {sigview} {v(a0)} 7
wv_dclick_list_item {Custom WaveView} {} {sigview} {v(a0)} 7
wv_select_list_item {Custom WaveView} {} {sigview} {v(b1)} 10
wv_dclick_list_item {Custom WaveView} {} {sigview} {v(b1)} 10
wv_select_list_item {Custom WaveView} {} {sigview} {v(b0)} 9
wv_dclick_list_item {Custom WaveView} {} {sigview} {v(b0)} 9
wv_select_list_item {Custom WaveView} {} {sigview} {v(cin)} 11
wv_dclick_list_item {Custom WaveView} {} {sigview} {v(cin)} 11
wv_select_list_item {Custom WaveView} {} {sigview} {v(s1)} 14
wv_dclick_list_item {Custom WaveView} {} {sigview} {v(s1)} 14
wv_select_list_item {Custom WaveView} {} {sigview} {v(s0)} 13
wv_dclick_list_item {Custom WaveView} {} {sigview} {v(s0)} 13
wv_select_list_item {Custom WaveView} {} {sigview} {v(cout)} 12
wv_dclick_list_item {Custom WaveView} {} {sigview} {v(cout)} 12
wv_select_waveview 1 {waveview 1}
wv_select_wv_item WV1.PANEL1:1.XAXIS1
wv_drag_item_to WV1 645 667
wv_zoom_x WV1.PANEL1:1 1.36322e-08 1.48187e-08
wv_select_menu_item {Custom WaveView} {} {AxisZoom.Full UnZoom} 
wv_select_window {Custom WaveView} 
wv_select_waveview 1 {waveview 1}
wv_select_wv_item WV1.PANEL1:1.XAXIS1
wv_drag_item_to WV1 635 666
wv_zoom_x WV1.PANEL1:1 1.33685e-08 1.49242e-08
wv_select_waveview 1 {waveview 1}
wv_select_wv_item WV1.PANEL7:1.YAXIS1
wv_drag_item_to WV1 109 501
wv_zoom_y WV1.PANEL7:1 1.62876 -0.109594
wv_select_menu_item {Custom WaveView} {} {AxisZoom.Full UnZoom} 
wv_select_waveview 1 {waveview 1}
wv_select_wv_item WV1.PANEL1:1.XAXIS1
wv_select_window {Custom WaveView} 
wv_press_tool_button {Custom WaveView} {} {NewWaveView0} 
wv_press_tool_button {Custom WaveView} {} {OpenWaveformFile0} 
wv_move_window {FileDialog} {} 756 141
wv_select_dialog {FileDialog} 
wv_press_button {FileDialog} {} {Up} 
wv_press_button {FileDialog} {} {Up} 
wv_select_list_item {FileDialog} {} {FileList} {prelayoutfulladder2b} 9
wv_dclick_list_item {FileDialog} {} {FileList} {prelayoutfulladder2b} 9
wv_move_scrollbar {FileDialog} {} {FileList.HScrollBar} {84}
wv_select_list_item {FileDialog} {} {FileList} {tb_netlist_fa2b.tr0} 11
wv_dclick_list_item {FileDialog} {} {FileList} {tb_netlist_fa2b.tr0} 11
wv_expand_tree_item {Custom WaveView} {} {hierview} {D1:tb_netlist_fa2b.tr0(1)} {+sep=@}
wv_select_tree_item {Custom WaveView} {} {hierview} {D1:tb_netlist_fa2b.tr0(1)@toplevel(0)} {0} {+sep=@}
wv_select_list_item {Custom WaveView} {} {sigview} {v(a1)} 8
wv_dclick_list_item {Custom WaveView} {} {sigview} {v(a1)} 8
wv_select_list_item {Custom WaveView} {} {sigview} {v(a0)} 7
wv_dclick_list_item {Custom WaveView} {} {sigview} {v(a0)} 7
wv_select_list_item {Custom WaveView} {} {sigview} {v(b1)} 10
wv_dclick_list_item {Custom WaveView} {} {sigview} {v(b1)} 10
wv_select_list_item {Custom WaveView} {} {sigview} {v(b0)} 9
wv_drag_list_item {Custom WaveView} {} {sigview} {v(b0)} 9
wv_dclick_list_item {Custom WaveView} {} {sigview} {v(b0)} 9
wv_select_list_item {Custom WaveView} {} {sigview} {v(cin)} 11
wv_dclick_list_item {Custom WaveView} {} {sigview} {v(cin)} 11
wv_select_list_item {Custom WaveView} {} {sigview} {v(s1)} 14
wv_dclick_list_item {Custom WaveView} {} {sigview} {v(s1)} 14
wv_select_list_item {Custom WaveView} {} {sigview} {v(s0)} 13
wv_dclick_list_item {Custom WaveView} {} {sigview} {v(s0)} 13
wv_select_list_item {Custom WaveView} {} {sigview} {v(cout)} 12
wv_dclick_list_item {Custom WaveView} {} {sigview} {v(cout)} 12
wv_select_tab {Custom WaveView} {} {WVTab} {waveview 1:1}
wv_select_tab {Custom WaveView} {} {WVTab} {waveview 2:2}
wv_select_tab {Custom WaveView} {} {WVTab} {waveview 1:1}
wv_select_tab {Custom WaveView} {} {WVTab} {waveview 2:2}
wv_select_tab {Custom WaveView} {} {WVTab} {waveview 1:1}
wv_select_tab {Custom WaveView} {} {WVTab} {waveview 2:2}
wv_select_tab {Custom WaveView} {} {WVTab} {waveview 1:1}
wv_select_tab {Custom WaveView} {} {WVTab} {waveview 2:2}
wv_select_tab {Custom WaveView} {} {WVTab} {waveview 1:1}
wv_select_tab {Custom WaveView} {} {WVTab} {waveview 2:2}
wv_select_tab {Custom WaveView} {} {WVTab} {waveview 1:1}
wv_select_tab {Custom WaveView} {} {WVTab} {waveview 2:2}
wv_select_tab {Custom WaveView} {} {WVTab} {waveview 1:1}
wv_select_tab {Custom WaveView} {} {WVTab} {waveview 2:2}
wv_select_tab {Custom WaveView} {} {WVTab} {waveview 1:1}
wv_select_tab {Custom WaveView} {} {WVTab} {waveview 2:2}
wv_select_tab {Custom WaveView} {} {WVTab} {waveview 1:1}
wv_select_waveview 1 {waveview 1}
wv_select_toolbar_item {Custom WaveView} {waveview 1:1} {Grid Display} 
wv_select_waveview 1 {waveview 1}
wv_select_toolbar_item {Custom WaveView} {waveview 1:1} {Grid Display} 
wv_select_tab {Custom WaveView} {} {WVTab} {waveview 2:2}
wv_select_waveview 2 {waveview 2}
wv_select_toolbar_item {Custom WaveView} {waveview 2:2} {Grid Display} 
wv_select_waveview 2 {waveview 2}
wv_select_toolbar_item {Custom WaveView} {waveview 2:2} {Grid Display} 
wv_select_tab {Custom WaveView} {} {WVTab} {waveview 1:1}
wv_select_window {Custom WaveView} 
wv_select_waveview 1 {waveview 1}
wv_select_wv_item WV1.PANEL1:1.XAXIS1
wv_drag_item_to WV1 324 666
wv_zoom_x WV1.PANEL1:1 5.16809e-09 7.56757e-09
wv_select_tab {Custom WaveView} {} {WVTab} {waveview 2:2}
wv_select_tab {Custom WaveView} {} {WVTab} {waveview 1:1}
wv_select_menu_item {Custom WaveView} {} {AxisZoom.Full UnZoom} 
wv_select_window {Custom WaveView} 
wv_select_tab {Custom WaveView} {} {RBMenu} {Bar.Configuration}
wv_select_tab {Custom WaveView} {} {RBMenu} {Bar.Tools}
wv_select_tab {Custom WaveView} {} {RBMenu} {Bar.Waveform}
wv_select_tab {Custom WaveView} {} {RBMenu} {Bar.Tools}
wv_press_tool_button {Custom WaveView} {} {WaveformCompare} 
#  'spice_explorer' license is checked out for Custom WaveView ADV feature.
wv_move_window {WaveformCompare} {} 498 80
wv_move_window {WaveformCompare} {} 507 138
wv_select_dialog {WaveformCompare} 
wv_close_dialog {WaveformCompare} 
wv_select_window {Custom WaveView} 
wv_select_tab {Custom WaveView} {} {RBMenu} {Bar.Waveform}
wv_select_waveview 1 {waveview 1}
wv_select_toolbar_item {Custom WaveView} {waveview 1:1} {Waveform Monitor} 
wv_select_dialog {MonitorSettings} 
wv_close_dialog {MonitorSettings} 
wv_select_window {Custom WaveView} 
wv_select_waveview 1 {waveview 1}
wv_waveview_context_menu WV1.PANEL1:1 2.82136e-08 0.668571
wv_select_waveview 1 {waveview 1}
wv_select_menu_item {Custom WaveView} {waveview 1:1} {PanelPopMenu.Attributes...} 
wv_move_window {PanelAttributesDialog} {} 772 241
wv_move_window {PanelAttributesDialog} {} 762 233
wv_move_window {PanelAttributesDialog} {} 772 291
wv_select_dialog {PanelAttributesDialog} 
wv_close_dialog {PanelAttributesDialog} 
wv_select_window {Custom WaveView} 
wv_select_waveview 1 {waveview 1}
wv_waveview_context_menu WV1.PANEL3:1 3.47001e-08 0.745714
wv_select_waveview 1 {waveview 1}
wv_select_menu_item {Custom WaveView} {waveview 1:1} {PanelPopMenu.Grid Settings} 
wv_move_window {GridSettings} {} 660 352
wv_select_dialog {GridSettings} 
wv_press_button {GridSettings} {} {Cancel} 
wv_select_window {Custom WaveView} 
wv_select_waveview 1 {waveview 1}
wv_waveview_context_menu WV1.PANEL5:1 1.70864e-08 1.72286
wv_select_waveview 1 {waveview 1}
wv_select_menu_item {Custom WaveView} {waveview 1:1} {PanelPopMenu.Dump Screen} 
wv_move_window {SaveScreenDump} {} 746 381
wv_select_dialog {SaveScreenDump} 
wv_press_button {SaveScreenDump} {} {Cancel} 
wv_select_window {Custom WaveView} 
wv_select_menu_item {Custom WaveView} {} {AxisGrid.User Settings} 
wv_move_window {GridSettings} {} 660 352
wv_select_dialog {GridSettings} 
wv_close_dialog {GridSettings} 
wv_select_window {Custom WaveView} 
wv_select_menu_item {Custom WaveView} {} {AxisGrid.V-Grid Only} 
wv_select_menu_item {Custom WaveView} {} {AxisGrid.H-Grid Only} 
wv_select_menu_item {Custom WaveView} {} {AxisGrid.All Grid On} 
wv_select_menu_item {Custom WaveView} {} {AxisGrid.V-Grid Only} 
wv_select_menu_item {Custom WaveView} {} {AxisGrid.All Grid Off} 
wv_select_menu_item {Custom WaveView} {} {AxisGrid.V-Grid Only} 
wv_press_tool_button {Custom WaveView} {} {PanelXVariable0} 
wv_move_window {SetXVariable} {} 712 374
wv_move_window {SetXVariable} {} 722 432
wv_select_dialog {SetXVariable} 
wv_press_button {SetXVariable} {} {Cancel} 
wv_select_window {Custom WaveView} 
