[21:57:53.68] /m Information: License 'SAE' checked out. (LICENSE-003)
[21:58:01.95] /o sae_shell Version Custom Compiler N-2017.12-SP1-2
              /c Build  (OPT) compiled on Wed May 16 15:20:56 2018 for RHEL64 6.6
              /c Execution time: Wed Mar 18 21:57:48 2026
              /c Host: localhost.localdomain
              /c 
              /c Copyright © 2004-2018 Synopsys, Inc.
              /c This software and the associated documentation are proprietary to Synopsys, Inc. This software may only be used in accordance with the terms and conditions of a written license agreement with Synopsys, Inc. All other use, reproduction, or distribution of this software is strictly prohibited.
              /c 
              /c 
[21:58:02.02] /w Warning: Preference 'leActiveLPP' is deprecated and scheduled for removal in a future release with no replacement. For migration assistance, see the Custom Compiler Tcl Reference Manual. (PREFERENCE-058)
[21:58:02.03] /o 	#######################################
[21:58:02.03] /o 	PDK Library Name	: reference90RF
[21:58:02.03] /o 	PDK Version		: 2.0
[21:58:02.03] /o 	PDK Release Date	: 25-March-2010 
[21:58:02.03] /o 	#######################################
[21:58:02.03] /o 
[21:58:02.04] /i ::sa::_backgroundSaeShell::signalProcessReady 1773845864
[21:58:02.05] /o saeInterBGSaeShell:  ::sa::_backgroundSaeShell::processReady 18
[22:03:03.05] /o saeInterBGSaeShell:  ::sa::_backgroundSaeShell::pingBack
[22:03:03.11] /i ::sa::_backgroundSaeShell::parentRunning
[22:03:03.11] /o 1773846183
[22:08:04.07] /o saeInterBGSaeShell:  ::sa::_backgroundSaeShell::pingBack
[22:08:04.09] /i ::sa::_backgroundSaeShell::parentRunning
[22:08:04.09] /o 1773846484
[22:13:05.07] /o saeInterBGSaeShell:  ::sa::_backgroundSaeShell::pingBack
[22:13:05.09] /i ::sa::_backgroundSaeShell::parentRunning
[22:13:05.10] /o 1773846785
[22:18:06.08] /o saeInterBGSaeShell:  ::sa::_backgroundSaeShell::pingBack
[22:18:06.10] /i ::sa::_backgroundSaeShell::parentRunning
[22:18:06.10] /o 1773847086
[22:23:07.10] /o saeInterBGSaeShell:  ::sa::_backgroundSaeShell::pingBack
[22:23:07.20] /i ::sa::_backgroundSaeShell::parentRunning
[22:23:07.20] /o 1773847387
[22:28:08.10] /o saeInterBGSaeShell:  ::sa::_backgroundSaeShell::pingBack
[22:28:08.18] /i ::sa::_backgroundSaeShell::parentRunning
[22:28:08.19] /o 1773847688
[22:33:09.10] /o saeInterBGSaeShell:  ::sa::_backgroundSaeShell::pingBack
[22:33:09.19] /i ::sa::_backgroundSaeShell::parentRunning
[22:33:09.19] /o 1773847989
[22:38:10.12] /o saeInterBGSaeShell:  ::sa::_backgroundSaeShell::pingBack
[22:38:10.20] /i ::sa::_backgroundSaeShell::parentRunning
[22:38:10.21] /o 1773848290
[22:43:11.13] /o saeInterBGSaeShell:  ::sa::_backgroundSaeShell::pingBack
[22:43:11.20] /i ::sa::_backgroundSaeShell::parentRunning
[22:43:11.20] /o 1773848591
[22:48:12.13] /o saeInterBGSaeShell:  ::sa::_backgroundSaeShell::pingBack
[22:48:12.19] /i ::sa::_backgroundSaeShell::parentRunning
[22:48:12.19] /o 1773848892
[22:53:13.15] /o saeInterBGSaeShell:  ::sa::_backgroundSaeShell::pingBack
[22:53:13.20] /i ::sa::_backgroundSaeShell::parentRunning
[22:53:13.20] /o 1773849193
[22:58:14.16] /o saeInterBGSaeShell:  ::sa::_backgroundSaeShell::pingBack
[22:58:14.20] /i ::sa::_backgroundSaeShell::parentRunning
[22:58:14.20] /o 1773849494
[23:03:15.19] /o saeInterBGSaeShell:  ::sa::_backgroundSaeShell::pingBack
[23:03:15.29] /i ::sa::_backgroundSaeShell::parentRunning
[23:03:15.29] /o 1773849795
[23:08:16.21] /o saeInterBGSaeShell:  ::sa::_backgroundSaeShell::pingBack
[23:08:16.31] /i ::sa::_backgroundSaeShell::parentRunning
[23:08:16.31] /o 1773850096
[23:13:17.23] /o saeInterBGSaeShell:  ::sa::_backgroundSaeShell::pingBack
[23:13:17.30] /i ::sa::_backgroundSaeShell::parentRunning
[23:13:17.31] /o 1773850397
[23:18:18.24] /o saeInterBGSaeShell:  ::sa::_backgroundSaeShell::pingBack
[23:18:18.29] /i ::sa::_backgroundSaeShell::parentRunning
[23:18:18.29] /o 1773850698
[23:23:19.25] /o saeInterBGSaeShell:  ::sa::_backgroundSaeShell::pingBack
[23:23:19.30] /i ::sa::_backgroundSaeShell::parentRunning
[23:23:19.30] /o 1773850999
[23:26:23.53] /i ::sa::_backgroundSaeShell::exit
[23:26:23.54] /o saeInterBGSaeShell:  ::sa::_backgroundSaeShell::childFormallyExiting
