[21:44:47.21] /m Information: License 'SAE' checked out. (LICENSE-003)
[21:44:51.57] /o sae_shell Version Custom Compiler N-2017.12-SP1-2
              /c Build  (OPT) compiled on Wed May 16 15:20:56 2018 for RHEL64 6.6
              /c Execution time: Tue Mar 17 21:44:41 2026
              /c Host: localhost.localdomain
              /c 
              /c Copyright © 2004-2018 Synopsys, Inc.
              /c This software and the associated documentation are proprietary to Synopsys, Inc. This software may only be used in accordance with the terms and conditions of a written license agreement with Synopsys, Inc. All other use, reproduction, or distribution of this software is strictly prohibited.
              /c 
              /c 
[21:44:51.68] /w Warning: Preference 'leActiveLPP' is deprecated and scheduled for removal in a future release with no replacement. For migration assistance, see the Custom Compiler Tcl Reference Manual. (PREFERENCE-058)
[21:44:51.69] /o 	#######################################
[21:44:51.69] /o 	PDK Library Name	: reference90RF
[21:44:51.69] /o 	PDK Version		: 2.0
[21:44:51.69] /o 	PDK Release Date	: 25-March-2010 
[21:44:51.69] /o 	#######################################
[21:44:51.69] /o 
[21:44:51.70] /i ::sa::_backgroundSaeShell::signalProcessReady 1773758675
[21:44:51.71] /o saeInterBGSaeShell:  ::sa::_backgroundSaeShell::processReady 16
[21:46:49.97] /i ::wf::viewerExited
[21:47:18.10] /i ::sa::_backgroundSaeShell::exit
[21:47:18.10] /o saeInterBGSaeShell:  ::sa::_backgroundSaeShell::childFormallyExiting
