 ****** HSPICE -- N-2017.12-SP2 linux64 (May 24 2018) ******                    
  Copyright (c) 1986 - 2026 by Synopsys, Inc. All Rights Reserved.              
  This software and the associated documentation are proprietary
  to Synopsys, Inc. This software may only be used in accordance
  with the terms and conditions of a written license agreement with
  Synopsys, Inc. All other use, reproduction, or distribution of
  this software is strictly prohibited.
  Input File: tb_netlist_dffp                                                   
  Command line options: /usr/synopsys/hspice/N-2017.12-SP2/hspice/linux64/hspice tb_netlist_dffp -o tb_netlist_dffp.lis
 lic:  
 lic: FLEXlm: SDK_11.6.9.3 
 lic: USER:   root                 HOSTNAME: localhost.localdomain 
 lic: HOSTID: 1234567890ab         PID:      13288 
 lic: Using FLEXlm license file: 
 lic: 27000@localhost 
 lic: Checkout 1 hspice 
 lic: License/Maintenance for hspice will expire on 30-dec-2030/2019.2019 
 lic: 1(in_use)/99(total) FLOATING license(s) on SERVER 27000@localhost 
 lic:   
1****** HSPICE -- N-2017.12-SP2 linux64 (May 24 2018) ******                    
 ******  
 *******************************************************

 ****** circuit name directory
 circuit number to circuit name directory
   number circuitname                     definition         multiplier
        0 main circuit
        1 x1.                             dff                1.00 
  **info** (tb_netlist_dffp:29) DC voltage reset to initial transient source value in source 0:vclk. new dc=0.0000D+00
  **warning** (tb_netlist_dffp:23) Both nodes of element vss are connected together; Line ignored.
  
             
 Warning:'No DC path nodes' occurs 184 times
 No DC path from the following nodes,connected with gdcpath:
 --------------------------
 |Node         |Subckt    |
 |-------------+----------|
 |x1.ln_n_529:1|dff       |
 |x1.ln_n_546:1|dff       |
 |x1.ln_n_546:2|dff       |
 |x1.ln_n_546:3|dff       |
 |x1.ln_n_547:1|dff       |
 |x1.ln_n_547:2|dff       |
 |x1.ln_n_547:3|dff       |
 |x1.ln_n_547:4|dff       |
 |x1.ln_n_548:2|dff       |
 |x1.ln_n_548:3|dff       |
 --------------------------
              
             
 Warning:'1 connection nodes' occurs 295 times
 Summary of 1 connection from the following nodes:
 -----------------------
 |Node      |Subckt    |
 |----------+----------|
 |x1.clk:7  |dff       |
 |x1.d:11   |dff       |
 |x1.d:19   |dff       |
 |x1.d:21   |dff       |
 |x1.d:22   |dff       |
 |x1.d:24   |dff       |
 |x1.d:26   |dff       |
 |x1.d:28   |dff       |
 |x1.d:29   |dff       |
 |x1.d:30   |dff       |
 -----------------------
              
             
 Warning:'No Tran path ' occurs 137 times
 Summary of No Tran path from the following nodes:
 --------------------------
 |Node         |Subckt    |
 |-------------+----------|
 |x1.ln_n_546:1|dff       |
 |x1.ln_n_546:2|dff       |
 |x1.ln_n_546:3|dff       |
 |x1.ln_n_547:1|dff       |
 |x1.ln_n_547:2|dff       |
 |x1.ln_n_547:3|dff       |
 |x1.ln_n_547:4|dff       |
 |x1.ln_n_548:2|dff       |
 |x1.ln_n_548:3|dff       |
 --------------------------
              
      
             
 Warning:'Floating bulk' occurs 40 times
 Summary of floating bulk:
 ---------------------------------------
 |Node                |Device          |
 |--------------------+----------------|
 |x1.xi10|mm0:bulk    |x1.mxi10|mm0    |
 |x1.xi10|mm1:bulk    |x1.mxi10|mm1    |
 |x1.xi11|mm0:bulk    |x1.mxi11|mm0    |
 |x1.xi11|mm1:bulk    |x1.mxi11|mm1    |
 |x1.xi8|xi3|mm10:bulk|x1.mxi8|xi3|mm10|
 |x1.xi8|xi3|mm11:bulk|x1.mxi8|xi3|mm11|
 |x1.xi8|xi3|mm8:bulk |x1.mxi8|xi3|mm8 |
 |x1.xi8|xi3|mm9:bulk |x1.mxi8|xi3|mm9 |
 |x1.xi8|xi4|mm10:bulk|x1.mxi8|xi4|mm10|
 |x1.xi8|xi4|mm11:bulk|x1.mxi8|xi4|mm11|
 ---------------------------------------
              
 *****************************************************************
 ******  option summary
 ******
 runlvl  = 3         bypass  = 2.0000    
             
 Summary of Linear Res Distribution Info
 ---------------------------------------
 |Range          |Total     |Percent(%)|
 |---------------+----------+----------|
 |1e-04  ~  1e-03|54        |2.3176    |
 |1e-03  ~  1e-02|6         |0.2575    |
 |1e-02  ~  1e-01|261       |11.2017   |
 |1e-01  ~  1e+00|904       |38.7983   |
 |1e+00  ~  1e+03|1105      |47.4249   |
 ---------------------------------------
              
             
 Summary of Linear Cap Distribution Info
 ---------------------------------------
 |Range          |Total     |Percent(%)|
 |---------------+----------+----------|
 |1e-24  ~  1e-23|11        |0.5051    |
 |1e-23  ~  1e-22|7         |0.3214    |
 |1e-22  ~  1e-21|16        |0.7346    |
 |1e-21  ~  1e-20|11        |0.5051    |
 |1e-20  ~  1e-19|120       |5.5096    |
 |1e-19  ~  1e-18|405       |18.5950   |
 |1e-18  ~  1e-17|785       |36.0422   |
 |1e-17  ~  1e-16|665       |30.5326   |
 |1e-16  ~  1e-15|156       |7.1625    |
 |1e-14  ~  1e-13|2         |0.0918    |
 ---------------------------------------
              
             
 Summary of Detailed RC Type Statistics
 -------------------------
 |Element Type|Number    |
 |------------+----------|
 |Constant Res|2330      |
 |            |          |
 |Constant Cap|2178      |
 -------------------------
              
  Opening plot unit= 15
 file=tb_netlist_dffp.pa0

 **info** dc convergence successful at GMINDC ramping method 
 ******  
 *******************************************************

 ****** operating point information tnom=  25.000 temp=  25.000 ******
 ****** operating point status is voltage   simulation time is     0.     
    node    =voltage      node    =voltage      node    =voltage

 +0:clk     =   0.      0:d       =   0.      0:q       = 592.5038m
 +0:qn      = 541.5943m 0:vdd!    =   1.2000  1:clk:1   =   2.7017u
 +1:clk:2   =   1.4961u 1:clk:3   =  84.5326n 1:clk:4   =  64.6426n
 +1:clk:5   =  75.3457n 1:clk:6   = 150.6913n 1:clk:7   =   2.7017u
 +1:clk:8   =  84.5326n 1:d:1     =  29.4851n 1:d:10    = 249.8361n
 +1:d:11    = 436.1670n 1:d:12    =  30.2633n 1:d:13    =  29.4851n
 +1:d:14    = 374.5265n 1:d:15    = 271.6353n 1:d:16    = 261.1408n
 +1:d:17    = 426.4190n 1:d:18    =   1.6740u 1:d:19    =  30.2633n
 +1:d:2     =  30.2633n 1:d:20    =  26.6059n 1:d:21    = 249.8361n
 +1:d:22    = 261.1408n 1:d:23    =   1.8026n 1:d:24    =   1.8026n
 +1:d:25    =   3.8321n 1:d:26    =   3.8321n 1:d:27    =   2.7546n
 +1:d:28    =   2.8795u 1:d:29    =   2.8932u 1:d:3     =   2.8795u
 +1:d:30    = 504.4528n 1:d:31    =  26.6059n 1:d:32    =  26.6059n
 +1:d:4     =   2.8932u 1:d:5     = 504.4528n 1:d:6     =   1.6877u
 +1:d:7     = 436.1670n 1:d:8     = 416.2753n 1:d:9     = 350.0360n
 +1:gnd!:1  = 853.8775u 1:gnd!:10 = 639.3562u 1:gnd!:100=   1.3775u
 +1:gnd!:101= 325.3890u 1:gnd!:102= 545.2895u 1:gnd!:103= 540.6286u
 +1:gnd!:104= 511.8243u 1:gnd!:105= 511.8243u 1:gnd!:106= 325.3890u
 +1:gnd!:107= 325.3890u 1:gnd!:108= 288.8188u 1:gnd!:109= 289.2337u
 +1:gnd!:11 = 289.8161u 1:gnd!:110= 289.2249u 1:gnd!:111= 289.2529u
 +1:gnd!:112= 289.1706u 1:gnd!:113= 289.1706u 1:gnd!:114= 288.8188u
 +1:gnd!:115= 252.1795u 1:gnd!:116= 510.2340u 1:gnd!:117= 504.7644u
 +1:gnd!:118= 470.9624u 1:gnd!:119= 470.9624u 1:gnd!:12 = 289.8080u
 +1:gnd!:120= 252.1795u 1:gnd!:121= 172.6249u 1:gnd!:122= 172.6879u
 +1:gnd!:123= 172.6865u 1:gnd!:124= 172.6783u 1:gnd!:125= 172.6783u
 +1:gnd!:126= 172.6249u 1:gnd!:127=  93.0598u 1:gnd!:128=  93.3635u
 +1:gnd!:129=  93.3570u 1:gnd!:13 = 289.7917u 1:gnd!:130=  93.3173u
 +1:gnd!:131=  93.3173u 1:gnd!:132=  93.0598u 1:gnd!:133=  34.0855u
 +1:gnd!:134=  34.1763u 1:gnd!:135=  34.1744u 1:gnd!:136=  34.1805u
 +1:gnd!:137=  34.1625u 1:gnd!:138=  34.1625u 1:gnd!:139=  34.0855u
 +1:gnd!:14 = 289.7670u 1:gnd!:140= 276.9543n 1:gnd!:141= 580.5832n
 +1:gnd!:142= 574.1477n 1:gnd!:143= 534.3760n 1:gnd!:144= 534.3760n
 +1:gnd!:145= 276.9543n 1:gnd!:146= 633.5410n 1:gnd!:147= 937.1865n
 +1:gnd!:148= 930.7506n 1:gnd!:149= 890.9768n 1:gnd!:15 = 289.7335u
 +1:gnd!:150= 890.9768n 1:gnd!:151= 633.5410n 1:gnd!:152=   1.0139u
 +1:gnd!:153=   1.6638u 1:gnd!:154=   1.6500u 1:gnd!:155=   1.5649u
 +1:gnd!:156=   1.5649u 1:gnd!:157=   1.0139u 1:gnd!:158=   1.1782u
 +1:gnd!:159=   1.4076u 1:gnd!:16 = 289.6906u 1:gnd!:160=   1.4028u
 +1:gnd!:161=   1.3727u 1:gnd!:162=   1.3727u 1:gnd!:163=   1.1782u
 +1:gnd!:164=   1.2662u 1:gnd!:165=   1.4674u 1:gnd!:166=   1.4631u
 +1:gnd!:167=   1.4368u 1:gnd!:168=   1.4368u 1:gnd!:169=   1.2662u
 +1:gnd!:17 = 289.6378u 1:gnd!:170=   1.2872u 1:gnd!:171=   1.3504u
 +1:gnd!:172=   1.3491u 1:gnd!:173=   1.2872u 1:gnd!:174=   1.3408u
 +1:gnd!:175=   1.3408u 1:gnd!:176=   1.2872u 1:gnd!:177= 555.4479u
 +1:gnd!:178= 522.1549u 1:gnd!:179=  93.3775u 1:gnd!:18 = 289.5743u
 +1:gnd!:180= 172.6908u 1:gnd!:181= 951.2135n 1:gnd!:182=   1.4182u
 +1:gnd!:183=   1.6938u 1:gnd!:184= 594.6095n 1:gnd!:185=   1.4767u
 +1:gnd!:186=   1.3533u 1:gnd!:187= 516.4852u 1:gnd!:188= 289.1794u
 +1:gnd!:189= 476.4320u 1:gnd!:19 = 289.4992u 1:gnd!:190= 172.6796u
 +1:gnd!:191=  93.3237u 1:gnd!:192=  34.1644u 1:gnd!:193= 540.8116n
 +1:gnd!:194= 897.4127n 1:gnd!:195=   1.5786u 1:gnd!:196=   1.3776u
 +1:gnd!:197=   1.4410u 1:gnd!:198=   1.3421u 1:gnd!:199= 844.5779n
 +1:gnd!:2  = 849.5942u 1:gnd!:20 = 289.4113u 1:gnd!:200=   1.2012u
 +1:gnd!:201= 853.8775u 1:gnd!:202=  34.2552u 1:gnd!:203= 289.8161u
 +1:gnd!:204= 872.3638u 1:gnd!:205= 172.7762u 1:gnd!:206=  93.6275u
 +1:gnd!:207=   2.5757u 1:gnd!:208=   1.7296u 1:gnd!:209=   1.7497u
 +1:gnd!:21 = 872.3638u 1:gnd!:210=   1.4391u 1:gnd!:22 = 867.3373u
 +1:gnd!:23 = 857.2099u 1:gnd!:24 = 841.8321u 1:gnd!:25 = 820.9766u
 +1:gnd!:26 = 794.3351u 1:gnd!:27 = 761.5141u 1:gnd!:28 = 722.0283u
 +1:gnd!:29 = 675.2945u 1:gnd!:3  = 840.9642u 1:gnd!:30 = 620.6218u
 +1:gnd!:31 = 172.7762u 1:gnd!:32 = 172.7749u 1:gnd!:33 = 172.7725u
 +1:gnd!:34 = 172.7687u 1:gnd!:35 = 172.7636u 1:gnd!:36 = 172.7571u
 +1:gnd!:37 = 172.7491u 1:gnd!:38 = 172.7395u 1:gnd!:39 = 172.7281u
 +1:gnd!:4  = 827.8600u 1:gnd!:40 = 172.7148u 1:gnd!:41 =  93.6275u
 +1:gnd!:42 =  93.6134u 1:gnd!:43 =  93.5850u 1:gnd!:44 =  93.5420u
 +1:gnd!:45 =  93.4835u 1:gnd!:46 =  34.2552u 1:gnd!:47 =  34.2510u
 +1:gnd!:48 =  34.2425u 1:gnd!:49 =  34.2296u 1:gnd!:5  = 810.0880u
 +1:gnd!:50 =  34.2122u 1:gnd!:51 = 844.5779n 1:gnd!:52 = 830.4992n
 +1:gnd!:53 = 802.1336n 1:gnd!:54 = 759.0621n 1:gnd!:55 = 700.6481n
 +1:gnd!:56 =   1.2012u 1:gnd!:57 =   1.1871u 1:gnd!:58 =   1.1587u
 +1:gnd!:59 =   1.1157u 1:gnd!:6  = 787.3856u 1:gnd!:60 =   1.0573u
 +1:gnd!:61 =   2.5757u 1:gnd!:62 =   2.5630u 1:gnd!:63 =   2.5375u
 +1:gnd!:64 =   2.4988u 1:gnd!:65 =   2.4463u 1:gnd!:66 =   2.3792u
 +1:gnd!:67 =   2.2965u 1:gnd!:68 =   2.1971u 1:gnd!:69 =   2.0794u
 +1:gnd!:7  = 759.4172u 1:gnd!:70 =   1.9417u 1:gnd!:71 =   1.7296u
 +1:gnd!:72 =   1.7251u 1:gnd!:73 =   1.7161u 1:gnd!:74 =   1.7024u
 +1:gnd!:75 =   1.6839u 1:gnd!:76 =   1.6602u 1:gnd!:77 =   1.6310u
 +1:gnd!:78 =   1.5959u 1:gnd!:79 =   1.5544u 1:gnd!:8  = 725.7695u
 +1:gnd!:80 =   1.5058u 1:gnd!:81 =   1.7497u 1:gnd!:82 =   1.7458u
 +1:gnd!:83 =   1.7379u 1:gnd!:84 =   1.7259u 1:gnd!:85 =   1.7097u
 +1:gnd!:86 =   1.6889u 1:gnd!:87 =   1.6633u 1:gnd!:88 =   1.6325u
 +1:gnd!:89 =   1.5961u 1:gnd!:9  = 685.9454u 1:gnd!:90 =   1.5535u
 +1:gnd!:91 =   1.4391u 1:gnd!:92 =   1.4379u 1:gnd!:93 =   1.4354u
 +1:gnd!:94 =   1.4317u 1:gnd!:95 =   1.4265u 1:gnd!:96 =   1.4200u
 +1:gnd!:97 =   1.4120u 1:gnd!:98 =   1.4023u 1:gnd!:99 =   1.3909u
 +1:ln_n_529=   0.      1:ln_n_546=   0.      1:ln_n_546=   0.     
 +1:ln_n_546=   0.      1:ln_n_546=   0.      1:ln_n_546=   0.     
 +1:ln_n_547=   0.      1:ln_n_547=   0.      1:ln_n_547=   0.     
 +1:ln_n_547=   0.      1:ln_n_547=   0.      1:ln_n_547=   0.     
 +1:ln_n_548=   0.      1:ln_n_548=   0.      1:ln_n_548=   0.     
 +1:ln_n_548=   0.      1:ln_n_548=   0.      1:ln_n_549=   0.     
 +1:ln_n_549=   0.      1:ln_n_550=   0.      1:ln_n_550=   0.     
 +1:ln_n_550=   0.      1:ln_n_550=   0.      1:ln_n_550=   0.     
 +1:ln_n_551=   0.      1:ln_n_551=   0.      1:ln_n_552=   0.     
 +1:ln_n_552=   0.      1:ln_n_553=   0.      1:ln_n_553=   0.     
 +1:ln_n_553=   0.      1:ln_n_553=   0.      1:ln_n_553=   0.     
 +1:ln_n_554=   0.      1:ln_n_554=   0.      1:ln_n_554=   0.     
 +1:ln_n_554=   0.      1:ln_n_554=   0.      1:ln_n_555=   0.     
 +1:ln_n_555=   0.      1:ln_n_555=   0.      1:ln_n_555=   0.     
 +1:ln_n_555=   0.      1:ln_n_556=   0.      1:ln_n_556=   0.     
 +1:ln_n_556=   0.      1:ln_n_556=   0.      1:ln_n_556=   0.     
 +1:ln_n_557=   0.      1:ln_n_557=   0.      1:ln_n_557=   0.     
 +1:ln_n_557=   0.      1:ln_n_557=   0.      1:ln_n_558=   0.     
 +1:ln_n_558=   0.      1:ln_n_558=   0.      1:ln_n_558=   0.     
 +1:ln_n_558=   0.      1:ln_n_559=   0.      1:ln_n_559=   0.     
 +1:ln_n_560=   0.      1:ln_n_560=   0.      1:ln_n_561=   0.     
 +1:ln_n_561=   0.      1:ln_n_562=   0.      1:ln_n_562=   0.     
 +1:ln_n_562=   0.      1:ln_n_562=   0.      1:ln_n_562=   0.     
 +1:ln_n_562=   0.      1:ln_n_563=   0.      1:ln_n_563=   0.     
 +1:ln_n_563=   0.      1:ln_n_563=   0.      1:ln_n_563=   0.     
 +1:ln_n_564=   0.      1:ln_n_564=   0.      1:ln_n_564=   0.     
 +1:ln_n_564=   0.      1:ln_n_564=   0.      1:ln_n_565=   0.     
 +1:ln_n_565=   0.      1:ln_n_566=   0.      1:ln_n_566=   0.     
 +1:ln_n_566=   0.      1:ln_n_567=   0.      1:ln_n_567=   0.     
 +1:ln_n_567=   0.      1:ln_n_567=   0.      1:ln_n_567=   0.     
 +1:ln_n_568=   0.      1:ln_n_568=   0.      1:ln_n_568=   0.     
 +1:ln_n_568=   0.      1:ln_n_568=   0.      1:ln_n_569=   0.     
 +1:ln_n_569=   0.      1:ln_n_569=   0.      1:ln_n_569=   0.     
 +1:ln_n_569=   0.      1:ln_n_570=   0.      1:ln_n_570=   0.     
 +1:ln_n_570=   0.      1:ln_n_570=   0.      1:ln_n_570=   0.     
 +1:ln_n_571=   0.      1:ln_n_571=   0.      1:ln_n_572=   0.     
 +1:ln_n_572=   0.      1:ln_n_573=   0.      1:ln_n_573=   0.     
 +1:ln_n_574=   0.      1:ln_n_574=   0.      1:ln_n_574=   0.     
 +1:ln_n_575=   0.      1:ln_n_575=   0.      1:ln_n_575=   0.     
 +1:ln_n_575=   0.      1:ln_n_576=   0.      1:ln_n_576=   0.     
 +1:ln_n_576=   0.      1:ln_n_576=   0.      1:ln_n_576=   0.     
 +1:ln_n_576=   0.      1:ln_n_577=   0.      1:ln_n_577=   0.     
 +1:ln_n_577=   0.      1:ln_n_577=   0.      1:ln_n_577=   0.     
 +1:ln_n_578=   0.      1:ln_n_578=   0.      1:ln_n_578=   0.     
 +1:ln_n_578=   0.      1:ln_n_578=   0.      1:ln_n_579=   0.     
 +1:ln_n_579=   0.      1:ln_n_579=   0.      1:ln_n_579=   0.     
 +1:ln_n_579=   0.      1:ln_n_580=   0.      1:ln_n_580=   0.     
 +1:ln_n_580=   0.      1:ln_n_580=   0.      1:ln_n_580=   0.     
 +1:ln_n_580=   0.      1:ln_n_581=   0.      1:ln_n_581=   0.     
 +1:ln_n_581=   0.      1:ln_n_581=   0.      1:ln_n_581=   0.     
 +1:ln_n_581=   0.      1:ln_n_582=   0.      1:ln_n_582=   0.     
 +1:ln_n_582=   0.      1:ln_n_582=   0.      1:ln_n_583=   0.     
 +1:ln_n_583=   0.      1:ln_n_583=   0.      1:ln_n_583=   0.     
 +1:ln_n_583=   0.      1:ln_n_583=   0.      1:ln_n_584=   0.     
 +1:ln_n_584=   0.      1:ln_n_585=   0.      1:ln_n_585=   0.     
 +1:ln_n_585=   0.      1:ln_n_585=   0.      1:ln_n_586=   0.     
 +1:ln_n_586=   0.      1:ln_n_586=   0.      1:ln_n_586=   0.     
 +1:ln_n_586=   0.      1:ln_n_586=   0.      1:ln_n_587=   0.     
 +1:ln_n_587=   0.      1:ln_n_587=   0.      1:ln_n_588=   0.     
 +1:ln_n_588=   0.      1:ln_n_588=   0.      1:ln_n_588=   0.     
 +1:ln_n_588=   0.      1:ln_n_589=   0.      1:ln_n_589=   0.     
 +1:ln_n_589=   0.      1:ln_n_589=   0.      1:ln_n_589=   0.     
 +1:ln_n_590=   0.      1:ln_n_590=   0.      1:ln_n_590=   0.     
 +1:ln_n_590=   0.      1:ln_n_590=   0.      1:ln_n_591=   0.     
 +1:ln_n_591=   0.      1:ln_n_591=   0.      1:ln_n_591=   0.     
 +1:ln_n_591=   0.      1:ln_n_592=   0.      1:ln_n_592=   0.     
 +1:ln_n_593=   0.      1:ln_n_593=   0.      1:ln_n_593=   0.     
 +1:ln_n_594=   0.      1:ln_n_594=   0.      1:ln_n_594=   0.     
 +1:ln_n_594=   0.      1:ln_n_594=   0.      1:ln_n_594=   0.     
 +1:ln_n_595=   0.      1:ln_n_595=   0.      1:ln_n_595=   0.     
 +1:ln_n_595=   0.      1:ln_n_595=   0.      1:ln_n_596=   0.     
 +1:ln_n_596=   0.      1:ln_n_596=   0.      1:ln_n_596=   0.     
 +1:ln_n_596=   0.      1:ln_n_597=   0.      1:ln_n_597=   0.     
 +1:ln_n_598=   0.      1:ln_n_598=   0.      1:ln_n_599=   0.     
 +1:ln_n_599=   0.      1:ln_n_599=   0.      1:ln_n_600=   0.     
 +1:ln_n_600=   0.      1:ln_n_600=   0.      1:ln_n_600=   0.     
 +1:ln_n_600=   0.      1:ln_n_601=   0.      1:ln_n_601=   0.     
 +1:ln_n_601=   0.      1:ln_n_601=   0.      1:ln_n_601=   0.     
 +1:ln_n_602=   0.      1:ln_n_602=   0.      1:ln_n_602=   0.     
 +1:ln_n_602=   0.      1:ln_n_602=   0.      1:ln_n_603=   0.     
 +1:ln_n_603=   0.      1:ln_n_603=   0.      1:ln_n_603=   0.     
 +1:ln_n_603=   0.      1:ln_n_604=   0.      1:ln_n_604=   0.     
 +1:ln_n_604=   0.      1:ln_n_604=   0.      1:ln_n_604=   0.     
 +1:ln_n_605=   0.      1:ln_n_605=   0.      1:ln_n_605=   0.     
 +1:ln_n_605=   0.      1:ln_n_605=   0.      1:ln_n_606=   0.     
 +1:ln_n_606=   0.      1:ln_n_607=   0.      1:ln_n_607=   0.     
 +1:ln_n_608=   0.      1:ln_n_608=   0.      1:ln_n_609=   0.     
 +1:ln_n_609=   0.      1:ln_n_609=   0.      1:ln_n_609=   0.     
 +1:ln_n_609=   0.      1:ln_n_609=   0.      1:ln_n_610=   0.     
 +1:ln_n_610=   0.      1:ln_n_610=   0.      1:ln_n_610=   0.     
 +1:ln_n_610=   0.      1:ln_n_611=   0.      1:ln_n_611=   0.     
 +1:ln_n_611=   0.      1:ln_n_611=   0.      1:ln_n_611=   0.     
 +1:ln_n_612=   0.      1:ln_n_612=   0.      1:ln_n_613=   0.     
 +1:ln_n_613=   0.      1:ln_n_614=   0.      1:ln_n_614=   0.     
 +1:ln_n_616=   0.      1:ln_n_616=   0.      1:ln_n_616=   0.     
 +1:ln_n_616=   0.      1:ln_n_616=   0.      1:ln_n_617=   0.     
 +1:ln_n_617=   0.      1:ln_n_617=   0.      1:ln_n_617=   0.     
 +1:ln_n_618=   0.      1:ln_n_618=   0.      1:ln_n_618=   0.     
 +1:ln_n_618=   0.      1:ln_n_619=   0.      1:ln_n_619=   0.     
 +1:ln_n_619=   0.      1:ln_n_619=   0.      1:ln_n_620=   0.     
 +1:ln_n_620=   0.      1:ln_n_620=   0.      1:ln_n_620=   0.     
 +1:ln_n_620=   0.      1:ln_n_621=   0.      1:ln_n_621=   0.     
 +1:ln_n_621=   0.      1:ln_n_621=   0.      1:ln_n_622=   0.     
 +1:ln_n_622=   0.      1:ln_n_622=   0.      1:ln_n_622=   0.     
 +1:ln_n_623=   0.      1:ln_n_623=   0.      1:ln_n_623=   0.     
 +1:ln_n_623=   0.      1:ln_n_624=   0.      1:ln_n_624=   0.     
 +1:ln_n_624=   0.      1:ln_n_624=   0.      1:ln_n_625=   0.     
 +1:ln_n_625=   0.      1:ln_n_625=   0.      1:ln_n_625=   0.     
 +1:ln_n_626=   0.      1:ln_n_626=   0.      1:ln_n_626=   0.     
 +1:ln_n_626=   0.      1:ln_n_627=   0.      1:ln_n_627=   0.     
 +1:ln_n_627=   0.      1:ln_n_627=   0.      1:ln_n_628=   0.     
 +1:ln_n_628=   0.      1:ln_n_628=   0.      1:ln_n_628=   0.     
 +1:ln_n_629=   0.      1:ln_n_629=   0.      1:ln_n_629=   0.     
 +1:ln_n_629=   0.      1:ln_n_630=   0.      1:ln_n_630=   0.     
 +1:ln_n_630=   0.      1:ln_n_630=   0.      1:ln_n_630=   0.     
 +1:ln_n_631=   0.      1:ln_n_631=   0.      1:ln_n_631=   0.     
 +1:ln_n_631=   0.      1:ln_n_632=   0.      1:ln_n_632=   0.     
 +1:ln_n_632=   0.      1:ln_n_632=   0.      1:ln_n_633=   0.     
 +1:ln_n_633=   0.      1:ln_n_633=   0.      1:ln_n_633=   0.     
 +1:ln_n_633=   0.      1:ln_n_634=   0.      1:ln_n_634=   0.     
 +1:ln_n_634=   0.      1:ln_n_634=   0.      1:net29:1 =   1.2000 
 +1:net29:10=   1.2000  1:net29:11=   1.2000  1:net29:12=   1.2000 
 +1:net29:13=   1.2000  1:net29:14=   1.2000  1:net29:15=   1.2000 
 +1:net29:16=   1.2000  1:net29:17=   1.2000  1:net29:18=   1.2000 
 +1:net29:19=   1.2000  1:net29:2 =   1.2000  1:net29:20=   1.2000 
 +1:net29:21=   1.2000  1:net29:22=   1.2000  1:net29:23=   1.2000 
 +1:net29:24=   1.2000  1:net29:25=   1.2000  1:net29:26=   1.2000 
 +1:net29:27=   1.2000  1:net29:28=   1.2000  1:net29:29=   1.2000 
 +1:net29:3 =   1.2000  1:net29:30=   1.2000  1:net29:31=   1.2000 
 +1:net29:32=   1.2000  1:net29:33=   1.2000  1:net29:34=   1.2000 
 +1:net29:35=   1.2000  1:net29:36=   1.2000  1:net29:37=   1.2000 
 +1:net29:38=   1.2000  1:net29:39=   1.2000  1:net29:4 =   1.2000 
 +1:net29:40=   1.2000  1:net29:41=   1.2000  1:net29:42=   1.2000 
 +1:net29:43=   1.2000  1:net29:44=   1.2000  1:net29:45=   1.2000 
 +1:net29:46=   1.2000  1:net29:47=   1.2000  1:net29:48=   1.2000 
 +1:net29:5 =   1.2000  1:net29:6 =   1.2000  1:net29:7 =   1.2000 
 +1:net29:8 =   1.2000  1:net29:9 =   1.2000  1:net34:1 = 117.1134u
 +1:net34:10= 117.3689u 1:net34:11= 118.7738u 1:net34:12= 117.3565u
 +1:net34:13= 117.3460u 1:net34:14= 117.4512u 1:net34:15= 117.5174u
 +1:net34:16= 117.3371u 1:net34:17= 117.2905u 1:net34:18= 118.2132u
 +1:net34:19= 117.0848u 1:net34:2 = 117.1141u 1:net34:20= 117.4972u
 +1:net34:21= 117.1141u 1:net34:22= 117.1141u 1:net34:23= 117.1154u
 +1:net34:24= 117.3460u 1:net34:25= 117.1146u 1:net34:26= 117.3371u
 +1:net34:27= 116.9876u 1:net34:28= 117.2185u 1:net34:29= 117.2502u
 +1:net34:3 = 118.7567u 1:net34:30= 116.9874u 1:net34:31= 116.6562u
 +1:net34:32= 116.6339u 1:net34:33= 116.6148u 1:net34:34= 116.5987u
 +1:net34:35= 116.5854u 1:net34:36= 116.5745u 1:net34:37= 116.5660u
 +1:net34:38= 116.5597u 1:net34:39= 116.5556u 1:net34:4 = 117.4451u
 +1:net34:40= 116.5536u 1:net34:41= 117.0194u 1:net34:42= 117.0183u
 +1:net34:43= 117.0161u 1:net34:44= 117.0128u 1:net34:45= 117.0083u
 +1:net34:46= 117.0026u 1:net34:47= 116.9955u 1:net34:48= 116.9870u
 +1:net34:49= 116.9770u 1:net34:5 = 119.9607u 1:net34:50= 116.9652u
 +1:net34:51= 116.9516u 1:net34:52= 117.0889u 1:net34:53= 117.0889u
 +1:net34:54= 117.0886u 1:net34:55= 117.0886u 1:net34:56= 116.9349u
 +1:net34:57= 116.8588u 1:net34:58= 116.9618u 1:net34:59= 116.9607u
 +1:net34:6 = 117.5755u 1:net34:60= 117.2208u 1:net34:61= 119.9607u
 +1:net34:62= 117.5755u 1:net34:63= 119.9782u 1:net34:64= 117.5372u
 +1:net34:65= 119.4183u 1:net34:66= 117.3689u 1:net34:67= 116.9618u
 +1:net34:68= 116.8646u 1:net34:69= 117.0770u 1:net34:7 = 119.9782u
 +1:net34:70= 117.1154u 1:net34:71= 117.1154u 1:net34:72= 117.1134u
 +1:net34:73= 116.8493u 1:net34:74= 116.7487u 1:net34:75= 116.7011u
 +1:net34:76= 116.9876u 1:net34:77= 116.9874u 1:net34:78= 117.1146u
 +1:net34:79= 116.5536u 1:net34:8 = 117.5372u 1:net34:80= 117.0194u
 +1:net34:9 = 119.4183u 1:net38:1 =  59.5345u 1:net38:10=  59.8835u
 +1:net38:11=  59.7736u 1:net38:12=  59.5643u 1:net38:13=  60.0007u
 +1:net38:14=  59.8841u 1:net38:15=  59.5903u 1:net38:16=  59.8141u
 +1:net38:17=  59.5902u 1:net38:18=  59.5585u 1:net38:19=  59.7736u
 +1:net38:2 =  61.4376u 1:net38:20=  59.5584u 1:net38:21=  59.4765u
 +1:net38:22=  59.4760u 1:net38:23=  59.4749u 1:net38:24=  59.4732u
 +1:net38:25=  59.4710u 1:net38:26=  59.4681u 1:net38:27=  59.4646u
 +1:net38:28=  59.4603u 1:net38:29=  59.4553u 1:net38:3 =  60.0455u
 +1:net38:30=  59.4494u 1:net38:31=  59.4426u 1:net38:32=  59.2137u
 +1:net38:33=  59.2025u 1:net38:34=  59.1942u 1:net38:35=  59.1888u
 +1:net38:36=  59.1861u 1:net38:37=  59.1861u 1:net38:38=  59.5654u
 +1:net38:39=  59.5654u 1:net38:4 =  61.3187u 1:net38:40=  59.5345u
 +1:net38:41=  59.4728u 1:net38:42=  59.4240u 1:net38:43=  59.4728u
 +1:net38:44=  61.4376u 1:net38:45=  60.0455u 1:net38:46=  61.3187u
 +1:net38:47=  59.8844u 1:net38:48=  59.4269u 1:net38:49=  59.5902u
 +1:net38:5 =  59.8844u 1:net38:50=  59.4187u 1:net38:51=  59.5903u
 +1:net38:52=  59.5585u 1:net38:53=  59.5584u 1:net38:54=  59.4765u
 +1:net38:6 =  60.2346u 1:net38:7 =  59.9285u 1:net38:8 =  59.8141u
 +1:net38:9 =  60.1147u 1:net39:1 =   1.1998  1:net39:10=   1.1998 
 +1:net39:11=   1.1998  1:net39:12=   1.1998  1:net39:13=   1.1998 
 +1:net39:14=   1.1998  1:net39:15=   1.1998  1:net39:16=   1.1998 
 +1:net39:17=   1.1998  1:net39:18=   1.1998  1:net39:19=   1.1998 
 +1:net39:2 =   1.1998  1:net39:20=   1.1998  1:net39:21=   1.1998 
 +1:net39:22=   1.1998  1:net39:23=   1.1998  1:net39:24=   1.1998 
 +1:net39:25=   1.1998  1:net39:26=   1.1998  1:net39:27=   1.1998 
 +1:net39:28=   1.1998  1:net39:29=   1.1998  1:net39:3 =   1.1998 
 +1:net39:30=   1.1998  1:net39:31=   1.1998  1:net39:32=   1.1998 
 +1:net39:33=   1.1998  1:net39:34=   1.1998  1:net39:35=   1.1998 
 +1:net39:36=   1.1998  1:net39:37=   1.1998  1:net39:38=   1.1998 
 +1:net39:39=   1.1998  1:net39:4 =   1.1998  1:net39:40=   1.1998 
 +1:net39:41=   1.1998  1:net39:42=   1.1998  1:net39:43=   1.1998 
 +1:net39:44=   1.1998  1:net39:45=   1.1998  1:net39:46=   1.1998 
 +1:net39:47=   1.1998  1:net39:48=   1.1998  1:net39:49=   1.1998 
 +1:net39:5 =   1.1998  1:net39:50=   1.1998  1:net39:51=   1.1998 
 +1:net39:52=   1.1998  1:net39:53=   1.1998  1:net39:54=   1.1998 
 +1:net39:55=   1.1998  1:net39:56=   1.1998  1:net39:57=   1.1998 
 +1:net39:58=   1.1998  1:net39:59=   1.1998  1:net39:6 =   1.1998 
 +1:net39:60=   1.1998  1:net39:61=   1.1998  1:net39:62=   1.1998 
 +1:net39:63=   1.1998  1:net39:64=   1.1998  1:net39:65=   1.1998 
 +1:net39:66=   1.1998  1:net39:67=   1.1998  1:net39:68=   1.1998 
 +1:net39:69=   1.1998  1:net39:7 =   1.1998  1:net39:70=   1.1998 
 +1:net39:71=   1.1998  1:net39:72=   1.1998  1:net39:73=   1.1998 
 +1:net39:8 =   1.1998  1:net39:9 =   1.1998  1:q:1     = 592.5038m
 +1:q:10    = 592.5037m 1:q:11    = 592.5037m 1:q:12    = 593.1510m
 +1:q:13    = 593.1466m 1:q:14    = 593.1378m 1:q:15    = 593.1245m
 +1:q:16    = 593.1064m 1:q:17    = 593.0833m 1:q:18    = 593.0548m
 +1:q:19    = 593.0206m 1:q:2     = 592.5039m 1:q:20    = 592.9800m
 +1:q:21    = 592.9326m 1:q:22    = 592.8776m 1:q:23    = 592.0064m
 +1:q:24    = 591.9518m 1:q:25    = 591.9050m 1:q:26    = 591.8655m
 +1:q:27    = 591.8327m 1:q:28    = 591.8061m 1:q:29    = 591.7852m
 +1:q:3     = 592.5036m 1:q:30    = 591.7698m 1:q:31    = 591.7597m
 +1:q:32    = 591.7547m 1:q:33    = 591.7547m 1:q:34    = 592.5038m
 +1:q:35    = 592.5038m 1:q:36    = 592.5038m 1:q:37    = 592.5038m
 +1:q:38    = 592.5038m 1:q:39    = 592.5037m 1:q:4     = 592.5038m
 +1:q:40    = 592.5039m 1:q:41    = 592.5036m 1:q:42    = 592.5271m
 +1:q:43    = 592.5037m 1:q:44    = 592.4804m 1:q:45    = 592.2334m
 +1:q:46    = 592.1166m 1:q:47    = 592.5037m 1:q:48    = 593.1510m
 +1:q:5     = 592.5037m 1:q:6     = 592.5038m 1:q:7     = 592.5038m
 +1:q:8     = 592.5037m 1:q:9     = 592.5037m 1:qn:1    = 541.5943m
 +1:qn:10   = 541.5943m 1:qn:11   = 541.5943m 1:qn:12   = 541.5943m
 +1:qn:13   = 541.5943m 1:qn:14   = 542.2554m 1:qn:15   = 542.2516m
 +1:qn:16   = 542.2442m 1:qn:17   = 542.2328m 1:qn:18   = 542.2174m
 +1:qn:19   = 542.1977m 1:qn:2    = 541.5943m 1:qn:20   = 542.1734m
 +1:qn:21   = 542.1442m 1:qn:22   = 542.1097m 1:qn:23   = 542.0693m
 +1:qn:24   = 542.0224m 1:qn:25   = 541.2827m 1:qn:26   = 541.2361m
 +1:qn:27   = 541.1963m 1:qn:28   = 541.1627m 1:qn:29   = 541.1347m
 +1:qn:3    = 541.5944m 1:qn:30   = 541.1120m 1:qn:31   = 541.0942m
 +1:qn:32   = 541.0811m 1:qn:33   = 541.0725m 1:qn:34   = 541.0682m
 +1:qn:35   = 541.0682m 1:qn:36   = 541.5943m 1:qn:37   = 541.5943m
 +1:qn:38   = 541.6044m 1:qn:39   = 541.5943m 1:qn:4    = 541.5941m
 +1:qn:40   = 541.5943m 1:qn:41   = 541.5943m 1:qn:42   = 541.5943m
 +1:qn:43   = 541.5944m 1:qn:44   = 541.5943m 1:qn:45   = 541.5941m
 +1:qn:46   = 541.5943m 1:qn:47   = 541.5841m 1:qn:48   = 541.4817m
 +1:qn:49   = 541.3822m 1:qn:5    = 541.5943m 1:qn:50   = 542.2554m
 +1:qn:6    = 541.5943m 1:qn:7    = 541.5942m 1:qn:8    = 541.5943m
 +1:qn:9    = 541.5943m 1:vdd!:1  =   1.1998  1:vdd!:10 =   1.1994 
 +1:vdd!:100=   1.1997  1:vdd!:101=   1.1997  1:vdd!:102=   1.1997 
 +1:vdd!:103=   1.1997  1:vdd!:104=   1.1997  1:vdd!:105=   1.1998 
 +1:vdd!:106=   1.1998  1:vdd!:107=   1.1998  1:vdd!:108=   1.1998 
 +1:vdd!:109=   1.1998  1:vdd!:11 =   1.1994  1:vdd!:110=   1.1998 
 +1:vdd!:111=   1.1998  1:vdd!:112=   1.1998  1:vdd!:113=   1.1998 
 +1:vdd!:114=   1.1998  1:vdd!:115=   1.1998  1:vdd!:116=   1.1998 
 +1:vdd!:117=   1.1999  1:vdd!:118=   1.1999  1:vdd!:119=   1.1999 
 +1:vdd!:12 =   1.1994  1:vdd!:120=   1.1999  1:vdd!:121=   1.1999 
 +1:vdd!:122=   1.1999  1:vdd!:123=   1.1999  1:vdd!:124=   1.1999 
 +1:vdd!:125=   1.1999  1:vdd!:126=   1.1999  1:vdd!:127=   1.1999 
 +1:vdd!:128=   1.1999  1:vdd!:129=   1.2000  1:vdd!:13 =   1.1994 
 +1:vdd!:130=   1.2000  1:vdd!:131=   1.2000  1:vdd!:132=   1.2000 
 +1:vdd!:133=   1.2000  1:vdd!:134=   1.2000  1:vdd!:135=   1.2000 
 +1:vdd!:136=   1.2000  1:vdd!:137=   1.2000  1:vdd!:138=   1.2000 
 +1:vdd!:139=   1.2000  1:vdd!:14 =   1.1994  1:vdd!:140=   1.2000 
 +1:vdd!:141=   1.2000  1:vdd!:142=   1.2000  1:vdd!:143=   1.2000 
 +1:vdd!:144=   1.2000  1:vdd!:145=   1.2000  1:vdd!:146=   1.2000 
 +1:vdd!:147=   1.2000  1:vdd!:148=   1.2000  1:vdd!:149=   1.2000 
 +1:vdd!:15 =   1.1994  1:vdd!:150=   1.2000  1:vdd!:151=   1.2000 
 +1:vdd!:152=   1.2000  1:vdd!:153=   1.2000  1:vdd!:154=   1.2000 
 +1:vdd!:155=   1.2000  1:vdd!:156=   1.2000  1:vdd!:157=   1.2000 
 +1:vdd!:158=   1.2000  1:vdd!:159=   1.2000  1:vdd!:16 =   1.1994 
 +1:vdd!:160=   1.2000  1:vdd!:161=   1.2000  1:vdd!:162=   1.2000 
 +1:vdd!:163=   1.2000  1:vdd!:164=   1.2000  1:vdd!:165=   1.2000 
 +1:vdd!:166=   1.2000  1:vdd!:167=   1.2000  1:vdd!:168=   1.2000 
 +1:vdd!:169=   1.2000  1:vdd!:17 =   1.1994  1:vdd!:170=   1.2000 
 +1:vdd!:171=   1.2000  1:vdd!:172=   1.2000  1:vdd!:173=   1.2000 
 +1:vdd!:174=   1.2000  1:vdd!:175=   1.2000  1:vdd!:176=   1.2000 
 +1:vdd!:177=   1.2000  1:vdd!:178=   1.2000  1:vdd!:179=   1.2000 
 +1:vdd!:18 =   1.1994  1:vdd!:180=   1.2000  1:vdd!:181=   1.2000 
 +1:vdd!:182=   1.2000  1:vdd!:183=   1.2000  1:vdd!:184=   1.2000 
 +1:vdd!:185=   1.2000  1:vdd!:186=   1.2000  1:vdd!:187=   1.2000 
 +1:vdd!:188=   1.2000  1:vdd!:189=   1.2000  1:vdd!:19 =   1.1994 
 +1:vdd!:190=   1.2000  1:vdd!:191=   1.2000  1:vdd!:192=   1.2000 
 +1:vdd!:193=   1.2000  1:vdd!:194=   1.2000  1:vdd!:195=   1.2000 
 +1:vdd!:196=   1.2000  1:vdd!:197=   1.2000  1:vdd!:198=   1.2000 
 +1:vdd!:199=   1.2000  1:vdd!:2  =   1.1999  1:vdd!:20 =   1.1994 
 +1:vdd!:200=   1.2000  1:vdd!:201=   1.2000  1:vdd!:202=   1.2000 
 +1:vdd!:203=   1.2000  1:vdd!:204=   1.2000  1:vdd!:205=   1.2000 
 +1:vdd!:206=   1.2000  1:vdd!:207=   1.2000  1:vdd!:208=   1.2000 
 +1:vdd!:209=   1.2000  1:vdd!:21 =   1.1990  1:vdd!:210=   1.2000 
 +1:vdd!:211=   1.2000  1:vdd!:212=   1.2000  1:vdd!:213=   1.2000 
 +1:vdd!:214=   1.2000  1:vdd!:215=   1.2000  1:vdd!:216=   1.2000 
 +1:vdd!:217=   1.2000  1:vdd!:218=   1.2000  1:vdd!:219=   1.2000 
 +1:vdd!:22 =   1.1990  1:vdd!:220=   1.2000  1:vdd!:221=   1.2000 
 +1:vdd!:222=   1.2000  1:vdd!:223=   1.2000  1:vdd!:224=   1.2000 
 +1:vdd!:225=   1.2000  1:vdd!:226=   1.2000  1:vdd!:227=   1.2000 
 +1:vdd!:228=   1.2000  1:vdd!:229=   1.2000  1:vdd!:23 =   1.1990 
 +1:vdd!:230=   1.2000  1:vdd!:231=   1.2000  1:vdd!:232=   1.2000 
 +1:vdd!:233=   1.2000  1:vdd!:234=   1.2000  1:vdd!:235=   1.2000 
 +1:vdd!:236=   1.2000  1:vdd!:237=   1.2000  1:vdd!:238=   1.2000 
 +1:vdd!:239=   1.2000  1:vdd!:24 =   1.1989  1:vdd!:240=   1.2000 
 +1:vdd!:241=   1.2000  1:vdd!:242=   1.2000  1:vdd!:243=   1.2000 
 +1:vdd!:244=   1.2000  1:vdd!:245=   1.2000  1:vdd!:246=   1.2000 
 +1:vdd!:247=   1.2000  1:vdd!:248=   1.2000  1:vdd!:249=   1.1994 
 +1:vdd!:25 =   1.1989  1:vdd!:250=   1.1994  1:vdd!:251=   1.1994 
 +1:vdd!:252=   1.1994  1:vdd!:253=   1.1994  1:vdd!:254=   1.1994 
 +1:vdd!:255=   1.1994  1:vdd!:256=   1.1992  1:vdd!:257=   1.1992 
 +1:vdd!:258=   1.1992  1:vdd!:259=   1.1994  1:vdd!:26 =   1.1989 
 +1:vdd!:260=   1.1992  1:vdd!:261=   1.1992  1:vdd!:262=   1.1994 
 +1:vdd!:263=   1.1994  1:vdd!:264=   1.1994  1:vdd!:265=   1.1994 
 +1:vdd!:266=   1.1994  1:vdd!:267=   1.1994  1:vdd!:268=   1.1995 
 +1:vdd!:269=   1.1995  1:vdd!:27 =   1.1988  1:vdd!:270=   1.1995 
 +1:vdd!:271=   1.1995  1:vdd!:272=   1.1995  1:vdd!:273=   1.1995 
 +1:vdd!:274=   1.1993  1:vdd!:275=   1.1993  1:vdd!:276=   1.1993 
 +1:vdd!:277=   1.1995  1:vdd!:278=   1.1993  1:vdd!:279=   1.1992 
 +1:vdd!:28 =   1.1988  1:vdd!:280=   1.1996  1:vdd!:281=   1.1996 
 +1:vdd!:282=   1.1996  1:vdd!:283=   1.1996  1:vdd!:284=   1.1996 
 +1:vdd!:285=   1.1997  1:vdd!:286=   1.1997  1:vdd!:287=   1.1997 
 +1:vdd!:288=   1.1997  1:vdd!:289=   1.1997  1:vdd!:29 =   1.1988 
 +1:vdd!:290=   1.1997  1:vdd!:291=   1.1997  1:vdd!:292=   1.1997 
 +1:vdd!:293=   1.1997  1:vdd!:294=   1.1997  1:vdd!:295=   1.1997 
 +1:vdd!:296=   1.1997  1:vdd!:297=   1.1998  1:vdd!:298=   1.1998 
 +1:vdd!:299=   1.1998  1:vdd!:3  =   1.2000  1:vdd!:30 =   1.1988 
 +1:vdd!:300=   1.1998  1:vdd!:301=   1.1998  1:vdd!:302=   1.1999 
 +1:vdd!:303=   1.1999  1:vdd!:304=   1.1999  1:vdd!:305=   1.1999 
 +1:vdd!:306=   1.2000  1:vdd!:307=   1.2000  1:vdd!:308=   1.2000 
 +1:vdd!:309=   1.2000  1:vdd!:31 =   1.1988  1:vdd!:310=   1.2000 
 +1:vdd!:311=   1.2000  1:vdd!:312=   1.2000  1:vdd!:313=   1.2000 
 +1:vdd!:314=   1.2000  1:vdd!:315=   1.2000  1:vdd!:316=   1.2000 
 +1:vdd!:317=   1.2000  1:vdd!:318=   1.2000  1:vdd!:319=   1.2000 
 +1:vdd!:32 =   1.1988  1:vdd!:320=   1.2000  1:vdd!:321=   1.2000 
 +1:vdd!:322=   1.2000  1:vdd!:323=   1.2000  1:vdd!:324=   1.2000 
 +1:vdd!:325=   1.2000  1:vdd!:326=   1.2000  1:vdd!:327=   1.2000 
 +1:vdd!:328=   1.2000  1:vdd!:329=   1.2000  1:vdd!:33 =   1.1994 
 +1:vdd!:330=   1.2000  1:vdd!:331=   1.2000  1:vdd!:332=   1.2000 
 +1:vdd!:333=   1.2000  1:vdd!:334=   1.2000  1:vdd!:335=   1.2000 
 +1:vdd!:336=   1.2000  1:vdd!:337=   1.2000  1:vdd!:338=   1.2000 
 +1:vdd!:339=   1.2000  1:vdd!:34 =   1.1994  1:vdd!:340=   1.2000 
 +1:vdd!:341=   1.2000  1:vdd!:342=   1.2000  1:vdd!:343=   1.2000 
 +1:vdd!:344=   1.2000  1:vdd!:345=   1.2000  1:vdd!:346=   1.2000 
 +1:vdd!:347=   1.2000  1:vdd!:348=   1.2000  1:vdd!:349=   1.2000 
 +1:vdd!:35 =   1.1994  1:vdd!:350=   1.2000  1:vdd!:351=   1.2000 
 +1:vdd!:352=   1.2000  1:vdd!:353=   1.2000  1:vdd!:354=   1.2000 
 +1:vdd!:355=   1.2000  1:vdd!:356=   1.2000  1:vdd!:357=   1.1996 
 +1:vdd!:358=   1.2000  1:vdd!:359=   1.2000  1:vdd!:36 =   1.1994 
 +1:vdd!:360=   1.2000  1:vdd!:361=   1.2000  1:vdd!:362=   1.2000 
 +1:vdd!:363=   1.1999  1:vdd!:364=   1.2000  1:vdd!:365=   1.1994 
 +1:vdd!:366=   1.1992  1:vdd!:367=   1.1994  1:vdd!:368=   1.1995 
 +1:vdd!:369=   1.1993  1:vdd!:37 =   1.1994  1:vdd!:370=   1.1996 
 +1:vdd!:371=   1.1997  1:vdd!:372=   1.1997  1:vdd!:373=   1.2000 
 +1:vdd!:374=   1.2000  1:vdd!:375=   1.2000  1:vdd!:376=   1.2000 
 +1:vdd!:377=   1.2000  1:vdd!:378=   1.2000  1:vdd!:379=   1.2000 
 +1:vdd!:38 =   1.1994  1:vdd!:380=   1.2000  1:vdd!:381=   1.2000 
 +1:vdd!:382=   1.2000  1:vdd!:39 =   1.1994  1:vdd!:4  =   1.2000 
 +1:vdd!:40 =   1.1994  1:vdd!:41 =   1.1994  1:vdd!:42 =   1.1994 
 +1:vdd!:43 =   1.1994  1:vdd!:44 =   1.1994  1:vdd!:45 =   1.1995 
 +1:vdd!:46 =   1.1995  1:vdd!:47 =   1.1995  1:vdd!:48 =   1.1995 
 +1:vdd!:49 =   1.1995  1:vdd!:5  =   1.1998  1:vdd!:50 =   1.1995 
 +1:vdd!:51 =   1.1995  1:vdd!:52 =   1.1995  1:vdd!:53 =   1.1995 
 +1:vdd!:54 =   1.1995  1:vdd!:55 =   1.1995  1:vdd!:56 =   1.1995 
 +1:vdd!:57 =   1.1991  1:vdd!:58 =   1.1990  1:vdd!:59 =   1.1990 
 +1:vdd!:6  =   1.1999  1:vdd!:60 =   1.1989  1:vdd!:61 =   1.1989 
 +1:vdd!:62 =   1.1989  1:vdd!:63 =   1.1989  1:vdd!:64 =   1.1988 
 +1:vdd!:65 =   1.1988  1:vdd!:66 =   1.1988  1:vdd!:67 =   1.1988 
 +1:vdd!:68 =   1.1988  1:vdd!:69 =   1.1996  1:vdd!:7  =   1.2000 
 +1:vdd!:70 =   1.1996  1:vdd!:71 =   1.1996  1:vdd!:72 =   1.1996 
 +1:vdd!:73 =   1.1996  1:vdd!:74 =   1.1996  1:vdd!:75 =   1.1996 
 +1:vdd!:76 =   1.1996  1:vdd!:77 =   1.1996  1:vdd!:78 =   1.1996 
 +1:vdd!:79 =   1.1996  1:vdd!:8  =   1.2000  1:vdd!:80 =   1.1996 
 +1:vdd!:81 =   1.1997  1:vdd!:82 =   1.1997  1:vdd!:83 =   1.1997 
 +1:vdd!:84 =   1.1997  1:vdd!:85 =   1.1997  1:vdd!:86 =   1.1997 
 +1:vdd!:87 =   1.1997  1:vdd!:88 =   1.1997  1:vdd!:89 =   1.1997 
 +1:vdd!:9  =   1.1994  1:vdd!:90 =   1.1997  1:vdd!:91 =   1.1997 
 +1:vdd!:92 =   1.1997  1:vdd!:93 =   1.1997  1:vdd!:94 =   1.1997 
 +1:vdd!:95 =   1.1997  1:vdd!:96 =   1.1997  1:vdd!:97 =   1.1997 
 +1:vdd!:98 =   1.1997  1:vdd!:99 =   1.1997  1:xi8|xi3|= 504.4528n
 +1:xi9|xi4|= 541.5941m 1:xi8|xi5|=   1.1998  1:xi8|xi3|=   1.1998 
 +1:xi8|xi5|=   1.1998  1:xi8|xi4|=   1.2000  1:xi9|xi5|=   1.1997 
 +1:xi9|xi4|=   1.1997  1:xi9|xi6|= 592.5036m 1:xi9|xi6|=   1.1992 
 +1:xi9|xi5|=  60.0455u 1:xi9|xi3|=  59.8844u 1:xi8|xi4|= 370.4923m
 +1:xi9|xi3|= 370.4923m 1:xi9|xi3|= 370.4923m 1:xi8|xi3|= 370.4923m
 +1:xi8|xi3|= 370.4923m 1:xi9|xi4|= 370.4923m 1:xi9|xi4|= 370.4923m
 +1:xi9|xi5|= 370.4923m 1:xi9|xi5|= 370.4923m 1:xi9|xi6|= 370.4923m
 +1:xi9|xi6|= 370.4923m 1:xi8|xi4|= 370.4923m 1:xi8|xi5|= 370.4923m
 +1:xi8|xi5|= 370.4923m 1:xi8|xi6|= 370.4923m 1:xi8|xi6|= 370.4923m
 +1:xi8|xi6|=  97.7515u 1:xi9|xi3|= 117.5755u 1:xi8|xi6|= 117.3689u
 +1:xi8|xi4|=   1.1997  1:xi10|mm0= 370.4923m 1:xi10|mm0=   1.1998 
 +1:xi10|mm0=  84.5326n 1:xi10|mm0=   1.7973u 1:xi10|mm1= 982.7008m
 +1:xi10|mm1=   1.1998  1:xi10|mm1=   2.7017u 1:xi10|mm1=   1.2000 
 +1:xi11|mm0= 370.4923m 1:xi11|mm0=  59.0029u 1:xi11|mm0=   1.1998 
 +1:xi11|mm0=  34.5401u 1:xi11|mm1= 982.7008m 1:xi11|mm1=  59.5131u
 +1:xi11|mm1=   1.1998  1:xi11|mm1=   1.1999  1:xi8|net1=   1.1997 
 +1:xi8|net1=   1.1997  1:xi8|net1=   1.1997  1:xi8|net1=   1.1997 
 +1:xi8|net1=   1.1997  1:xi8|net1=   1.1997  1:xi8|net1=   1.1997 
 +1:xi8|net1=   1.1997  1:xi8|net1=   1.1997  1:xi8|net1=   1.1997 
 +1:xi8|net1=   1.1997  1:xi8|net1=   1.1997  1:xi8|net1=   1.1997 
 +1:xi8|net1=   1.1997  1:xi8|net1=   1.1997  1:xi8|net1=   1.1997 
 +1:xi8|net1=   1.1997  1:xi8|net1=   1.1997  1:xi8|net1=   1.1997 
 +1:xi8|net1=   1.1997  1:xi8|net1=   1.1997  1:xi8|net1=   1.1997 
 +1:xi8|net1=   1.1997  1:xi8|net1=   1.1997  1:xi8|net1=   1.1997 
 +1:xi8|net1=   1.1997  1:xi8|net1=   1.1997  1:xi8|net1=   1.1997 
 +1:xi8|net1=   1.1997  1:xi8|net1=   1.1997  1:xi8|net1=   1.1997 
 +1:xi8|net1=   1.1997  1:xi8|net1=   1.1997  1:xi8|net1=   1.1997 
 +1:xi8|net1=   1.1997  1:xi8|net1=   1.1997  1:xi8|net2=  99.5911u
 +1:xi8|net2=  97.3761u 1:xi8|net2=  97.4434u 1:xi8|net2=  97.6586u
 +1:xi8|net2=  97.3103u 1:xi8|net2=  97.2940u 1:xi8|net2=  97.2800u
 +1:xi8|net2=  97.2682u 1:xi8|net2=  97.2584u 1:xi8|net2=  97.2505u
 +1:xi8|net2=  97.2443u 1:xi8|net2=  97.7511u 1:xi8|net2=  97.2397u
 +1:xi8|net2=  97.2367u 1:xi8|net2=  97.2352u 1:xi8|net2=  97.5993u
 +1:xi8|net2=  97.5993u 1:xi8|net2=  97.5982u 1:xi8|net2=  97.5960u
 +1:xi8|net2=  97.5927u 1:xi8|net2=  97.5882u 1:xi8|net2=  97.5825u
 +1:xi8|net2= 100.7963u 1:xi8|net2=  97.5754u 1:xi8|net2=  97.5669u
 +1:xi8|net2=  97.5568u 1:xi8|net2=  97.5451u 1:xi8|net2=  97.5314u
 +1:xi8|net2=  97.4000u 1:xi8|net2=  97.4195u 1:xi8|net2= 100.7963u
 +1:xi8|net2=  97.4195u 1:xi8|net2=  97.3451u 1:xi8|net2=  97.7515u
 +1:xi8|net2=  97.3790u 1:xi8|net2=  97.4000u 1:xi8|net2=  97.4434u
 +1:xi8|net2=  97.4434u 1:xi8|net2=  97.2352u 1:xi8|net2=  97.7515u
 +1:xi8|net2=  97.7512u 1:xi8|net2=  97.6684u 1:xi8|net2=  97.6586u
 +1:xi8|net2=  97.3738u 1:xi8|net3=   1.1999  1:xi8|net3=   1.1999 
 +1:xi8|net3=   1.1999  1:xi8|net3=   1.1999  1:xi8|net3=   1.1999 
 +1:xi8|net3=   1.1999  1:xi8|net3=   1.1999  1:xi8|net3=   1.1999 
 +1:xi8|net3=   1.1999  1:xi8|net3=   1.1999  1:xi8|net3=   1.1999 
 +1:xi8|net3=   1.1999  1:xi8|net3=   1.1999  1:xi8|net3=   1.1999 
 +1:xi8|net3=   1.1999  1:xi8|net3=   1.1999  1:xi8|net3=   1.1999 
 +1:xi8|net3=   1.1999  1:xi8|net3=   1.1999  1:xi8|net3=   1.1999 
 +1:xi8|net3=   1.1999  1:xi8|net3=   1.1999  1:xi8|net3=   1.1998 
 +1:xi8|net3=   1.1999  1:xi8|net3=   1.1998  1:xi8|net3=   1.1999 
 +1:xi8|net3=   1.1999  1:xi8|net3=   1.1999  1:xi8|net3=   1.1999 
 +1:xi8|net3=   1.1999  1:xi8|net3=   1.1999  1:xi8|net3=   1.1999 
 +1:xi8|net3=   1.1998  1:xi8|net3=   1.1999  1:xi8|net3=   1.1999 
 +1:xi8|net3=   1.1999  1:xi8|net3=   1.1999  1:xi8|net3=   1.1999 
 +1:xi8|xi3|=   1.1997  1:xi8|xi3|= 215.0182u 1:xi8|xi3|= 215.0182u
 +1:xi8|xi3|=   3.4322u 1:xi8|xi3|= 982.7008m 1:xi8|xi3|=   1.1997 
 +1:xi8|xi3|=   2.8932u 1:xi8|xi3|=   1.2000  1:xi8|xi3|= 982.7008m
 +1:xi8|xi3|=   1.1997  1:xi8|xi3|=   1.1998  1:xi8|xi3|=   1.2000 
 +1:xi8|xi3|= 215.0182u 1:xi8|xi3|= 215.0182u 1:xi8|xi3|= 215.0182u
 +1:xi8|xi3|= 215.0182u 1:xi8|xi3|= 215.0182u 1:xi8|xi3|= 215.0182u
 +1:xi8|xi3|= 215.0182u 1:xi8|xi3|= 215.0182u 1:xi8|xi3|= 215.0182u
 +1:xi8|xi3|= 215.0182u 1:xi8|xi3|= 215.0182u 1:xi8|xi3|= 215.0182u
 +1:xi8|xi4|= 116.4150u 1:xi8|xi4|=  69.8441u 1:xi8|xi4|=  69.8441u
 +1:xi8|xi4|=   2.0320u 1:xi8|xi4|= 982.7008m 1:xi8|xi4|= 117.0926u
 +1:xi8|xi4|=   1.1997  1:xi8|xi4|=   1.2000  1:xi8|xi4|= 982.7008m
 +1:xi8|xi4|= 117.0926u 1:xi8|xi4|=   1.2000  1:xi8|xi4|=   1.2000 
 +1:xi8|xi4|=  69.8441u 1:xi8|xi4|=  69.8441u 1:xi8|xi4|=  69.8441u
 +1:xi8|xi4|=  69.8441u 1:xi8|xi4|=  69.8441u 1:xi8|xi4|=  69.8441u
 +1:xi8|xi4|=  69.8441u 1:xi8|xi4|=  69.8441u 1:xi8|xi4|=  69.8441u
 +1:xi8|xi4|=  69.8441u 1:xi8|xi4|=  69.8441u 1:xi8|xi4|=  69.8441u
 +1:xi8|xi5|=  97.1337u 1:xi8|xi5|=  60.1957u 1:xi8|xi5|=  60.1957u
 +1:xi8|xi5|=   2.0150u 1:xi8|xi5|= 982.7008m 1:xi8|xi5|=  97.6725u
 +1:xi8|xi5|=   1.1999  1:xi8|xi5|=   1.2000  1:xi8|xi5|= 982.7008m
 +1:xi8|xi5|=  97.6725u 1:xi8|xi5|=   1.1998  1:xi8|xi5|=   1.2000 
 +1:xi8|xi5|=  60.1957u 1:xi8|xi5|=  60.1957u 1:xi8|xi5|=  60.1957u
 +1:xi8|xi5|=  60.1957u 1:xi8|xi5|=  60.1957u 1:xi8|xi5|=  60.1957u
 +1:xi8|xi5|=  60.1957u 1:xi8|xi5|=  60.1957u 1:xi8|xi5|=  60.1957u
 +1:xi8|xi5|=  60.1957u 1:xi8|xi5|=  60.1957u 1:xi8|xi5|=  60.1957u
 +1:xi8|xi6|=   1.2000  1:xi8|xi6|=  95.5484m 1:xi8|xi6|=  95.5484m
 +1:xi8|xi6|=   1.5225u 1:xi8|xi6|= 982.7008m 1:xi8|xi6|=   1.2000 
 +1:xi8|xi6|= 119.4183u 1:xi8|xi6|=   1.2000  1:xi8|xi6|= 982.7008m
 +1:xi8|xi6|=   1.2000  1:xi8|xi6|= 100.7963u 1:xi8|xi6|=   1.2000 
 +1:xi8|xi6|=  95.5484m 1:xi8|xi6|=  95.5484m 1:xi8|xi6|=  95.5484m
 +1:xi8|xi6|=  95.5484m 1:xi8|xi6|=  95.5484m 1:xi8|xi6|=  95.5484m
 +1:xi8|xi6|=  95.5484m 1:xi8|xi6|=  95.5484m 1:xi8|xi6|=  95.5484m
 +1:xi8|xi6|=  95.5484m 1:xi8|xi6|=  95.5484m 1:xi8|xi6|=  95.5484m
 +1:xi8|xi7|= 370.4923m 1:xi8|xi7|=   1.1999  1:xi8|xi7|= 436.1670n
 +1:xi8|xi7|=   2.1539u 1:xi8|xi7|= 982.7008m 1:xi8|xi7|=   1.1999 
 +1:xi8|xi7|=   2.8795u 1:xi8|xi7|=   1.2000  1:xi9|net1=   1.1997 
 +1:xi9|net1=   1.1997  1:xi9|net1=   1.1997  1:xi9|net1=   1.1997 
 +1:xi9|net1=   1.1997  1:xi9|net1=   1.1997  1:xi9|net1=   1.1997 
 +1:xi9|net1=   1.1997  1:xi9|net1=   1.1997  1:xi9|net1=   1.1997 
 +1:xi9|net1=   1.1997  1:xi9|net1=   1.1997  1:xi9|net1=   1.1997 
 +1:xi9|net1=   1.1997  1:xi9|net1=   1.1997  1:xi9|net1=   1.1997 
 +1:xi9|net1=   1.1997  1:xi9|net1=   1.1997  1:xi9|net1=   1.1997 
 +1:xi9|net1=   1.1997  1:xi9|net1=   1.1997  1:xi9|net1=   1.1997 
 +1:xi9|net1=   1.1997  1:xi9|net1=   1.1997  1:xi9|net1=   1.1997 
 +1:xi9|net1=   1.1997  1:xi9|net1=   1.1997  1:xi9|net1=   1.1997 
 +1:xi9|net1=   1.1997  1:xi9|net1=   1.1997  1:xi9|net1=   1.1997 
 +1:xi9|net1=   1.1997  1:xi9|net1=   1.1997  1:xi9|net1=   1.1997 
 +1:xi9|net1=   1.1997  1:xi9|net1=   1.1997  1:xi9|net2=   1.1992 
 +1:xi9|net2=   1.1992  1:xi9|net2=   1.1992  1:xi9|net2=   1.1992 
 +1:xi9|net2=   1.1992  1:xi9|net2=   1.1992  1:xi9|net2=   1.1992 
 +1:xi9|net2=   1.1992  1:xi9|net2=   1.1992  1:xi9|net2=   1.1992 
 +1:xi9|net2=   1.1992  1:xi9|net2=   1.1992  1:xi9|net2=   1.1992 
 +1:xi9|net2=   1.1992  1:xi9|net2=   1.1992  1:xi9|net2=   1.1992 
 +1:xi9|net2=   1.1992  1:xi9|net2=   1.1992  1:xi9|net2=   1.1992 
 +1:xi9|net2=   1.1992  1:xi9|net2=   1.1992  1:xi9|net2=   1.1992 
 +1:xi9|net2=   1.1992  1:xi9|net2=   1.1992  1:xi9|net2=   1.1992 
 +1:xi9|net2=   1.1992  1:xi9|net2=   1.1992  1:xi9|net2=   1.1992 
 +1:xi9|net2=   1.1992  1:xi9|net2=   1.1992  1:xi9|net2=   1.1992 
 +1:xi9|net2=   1.1992  1:xi9|net2=   1.1992  1:xi9|net2=   1.1992 
 +1:xi9|net2=   1.1992  1:xi9|net2=   1.1992  1:xi9|net2=   1.1992 
 +1:xi9|net2=   1.1992  1:xi9|net2=   1.1992  1:xi9|net2=   1.1992 
 +1:xi9|net2=   1.1992  1:xi9|net2=   1.1992  1:xi9|net2=   1.1992 
 +1:xi9|net2=   1.1992  1:xi9|net3=   1.1997  1:xi9|net3=   1.1997 
 +1:xi9|net3=   1.1997  1:xi9|net3=   1.1997  1:xi9|net3=   1.1997 
 +1:xi9|net3=   1.1997  1:xi9|net3=   1.1997  1:xi9|net3=   1.1997 
 +1:xi9|net3=   1.1997  1:xi9|net3=   1.1997  1:xi9|net3=   1.1997 
 +1:xi9|net3=   1.1997  1:xi9|net3=   1.1997  1:xi9|net3=   1.1997 
 +1:xi9|net3=   1.1997  1:xi9|net3=   1.1997  1:xi9|net3=   1.1997 
 +1:xi9|net3=   1.1997  1:xi9|net3=   1.1997  1:xi9|net3=   1.1997 
 +1:xi9|net3=   1.1997  1:xi9|net3=   1.1997  1:xi9|net3=   1.1997 
 +1:xi9|net3=   1.1997  1:xi9|net3=   1.1997  1:xi9|net3=   1.1997 
 +1:xi9|net3=   1.1997  1:xi9|net3=   1.1997  1:xi9|net3=   1.1997 
 +1:xi9|net3=   1.1997  1:xi9|net3=   1.1997  1:xi9|net3=   1.1997 
 +1:xi9|net3=   1.1997  1:xi9|net3=   1.1997  1:xi9|net3=   1.1997 
 +1:xi9|net3=   1.1997  1:xi9|net3=   1.1997  1:xi9|net3=   1.1997 
 +1:xi9|xi3|=   1.1997  1:xi9|xi3|=  95.7145m 1:xi9|xi3|=  95.7145m
 +1:xi9|xi3|= 172.8591u 1:xi9|xi3|= 982.7008m 1:xi9|xi3|=   1.1997 
 +1:xi9|xi3|= 119.9607u 1:xi9|xi3|=   1.1997  1:xi9|xi3|= 982.7008m
 +1:xi9|xi3|=   1.1997  1:xi9|xi3|=  61.3187u 1:xi9|xi3|=   1.1997 
 +1:xi9|xi3|=  95.7145m 1:xi9|xi3|=  95.7145m 1:xi9|xi3|=  95.7145m
 +1:xi9|xi3|=  95.7145m 1:xi9|xi3|=  95.7145m 1:xi9|xi3|=  95.7145m
 +1:xi9|xi3|=  95.7145m 1:xi9|xi3|=  95.7145m 1:xi9|xi3|=  95.7145m
 +1:xi9|xi3|=  95.7145m 1:xi9|xi3|=  95.7145m 1:xi9|xi3|=  95.7145m
 +1:xi9|xi4|= 591.4146m 1:xi9|xi4|= 500.4681m 1:xi9|xi4|= 500.4681m
 +1:xi9|xi4|=   1.2125m 1:xi9|xi4|= 982.7008m 1:xi9|xi4|= 593.4461m
 +1:xi9|xi4|=   1.1997  1:xi9|xi4|=   1.1996  1:xi9|xi4|= 982.7008m
 +1:xi9|xi4|= 593.4461m 1:xi9|xi4|= 541.5944m 1:xi9|xi4|=   1.1985 
 +1:xi9|xi4|= 500.4681m 1:xi9|xi4|= 500.4681m 1:xi9|xi4|= 500.4681m
 +1:xi9|xi4|= 500.4681m 1:xi9|xi4|= 500.4681m 1:xi9|xi4|= 500.4681m
 +1:xi9|xi4|= 500.4681m 1:xi9|xi4|= 500.4681m 1:xi9|xi4|= 500.4681m
 +1:xi9|xi4|= 500.4681m 1:xi9|xi4|= 500.4681m 1:xi9|xi4|= 500.4681m
 +1:xi9|xi5|=   1.1992  1:xi9|xi5|= 977.3253m 1:xi9|xi5|= 977.3253m
 +1:xi9|xi5|= 290.3631u 1:xi9|xi5|= 982.7008m 1:xi9|xi5|=   1.1993 
 +1:xi9|xi5|=   1.1997  1:xi9|xi5|=   1.1995  1:xi9|xi5|= 982.7008m
 +1:xi9|xi5|=   1.1993  1:xi9|xi5|=  61.4376u 1:xi9|xi5|=   1.1994 
 +1:xi9|xi5|= 977.3253m 1:xi9|xi5|= 977.3253m 1:xi9|xi5|= 977.3253m
 +1:xi9|xi5|= 977.3253m 1:xi9|xi5|= 977.3253m 1:xi9|xi5|= 977.3253m
 +1:xi9|xi5|= 977.3253m 1:xi9|xi5|= 977.3253m 1:xi9|xi5|= 977.3253m
 +1:xi9|xi5|= 977.3253m 1:xi9|xi5|= 977.3253m 1:xi9|xi5|= 977.3253m
 +1:xi9|xi6|= 540.7785m 1:xi9|xi6|=  79.8182m 1:xi9|xi6|=  79.8182m
 +1:xi9|xi6|=   1.1437m 1:xi9|xi6|= 982.7008m 1:xi9|xi6|= 542.5067m
 +1:xi9|xi6|= 592.5039m 1:xi9|xi6|=   1.1986  1:xi9|xi6|= 982.7008m
 +1:xi9|xi6|= 542.5067m 1:xi9|xi6|=   1.1992  1:xi9|xi6|=   1.1994 
 +1:xi9|xi6|=  79.8182m 1:xi9|xi6|=  79.8182m 1:xi9|xi6|=  79.8182m
 +1:xi9|xi6|=  79.8182m 1:xi9|xi6|=  79.8182m 1:xi9|xi6|=  79.8182m
 +1:xi9|xi6|=  79.8182m 1:xi9|xi6|=  79.8182m 1:xi9|xi6|=  79.8182m
 +1:xi9|xi6|=  79.8182m 1:xi9|xi6|=  79.8182m 1:xi9|xi6|=  79.8182m
 +1:xi9|xi7|= 370.4923m 1:xi9|xi7|=   1.1997  1:xi9|xi7|= 117.5372u
 +1:xi9|xi7|=  94.5802u 1:xi9|xi7|= 982.7008m 1:xi9|xi7|=   1.1997 
 +1:xi9|xi7|= 119.9782u 1:xi9|xi7|=   1.1998 

 ******
 *******************************************************

 ****** transient analysis tnom=  25.000 temp=  25.000 ******
 trise_q=  45.6801p  targ=  25.1256n   trig=  25.0799n
 tfall_q=  51.1001p  targ=  15.1671n   trig=  15.1160n
 trise_qn=  53.4935p  targ=  15.1353n   trig=  15.0818n
 tfall_qn=  54.5564p  targ=  25.1615n   trig=  25.1070n

          ***** job concluded
 ******  
 *******************************************************

 ****** job statistics summary tnom=  25.000 temp=  25.000 ******
  
  
 ******  Machine Information  ******
 CPU:
 model name	: 13th Gen Intel(R) Core(TM) i5-13500H
 cpu MHz	: 3187.212
  
 OS:
 Linux version 3.10.0-1160.59.1.el7.x86_64 (mockbuild@kbuilder.bsys.centos.org) (gcc version 4.8.5 20150623 (Red Hat 4.8.5-44) (GCC) ) #1 SMP Wed Feb 23 16:47:03 UTC 2022


  ******  HSPICE Threads Information  ******

  Command Line Threads Count :     1
  Available CPU Count        :     4
  Actual Threads Count       :     1


  ****** Statistics of Ignored Elements ******
  Capacitors      :       1
  Voltage Sources :       1

  ******  Circuit Statistics  ******
  # nodes       =    1845 # elements   =    4551
  # resistors   =    2330 # capacitors =    2178 # inductors   =       0
  # mutual_inds =       0 # vccs       =       0 # vcvs        =       0
  # cccs        =       0 # ccvs       =       0 # volt_srcs   =       3
  # curr_srcs   =       0 # diodes     =       0 # bjts        =       0
  # jfets       =       0 # mosfets    =      40 # U elements  =       0
  # T elements  =       0 # W elements =       0 # B elements  =       0
  # S elements  =       0 # P elements =       0 # va device   =       0
  # vector_srcs =       0 # N elements =       0


  ******  Runtime Statistics (seconds)  ******

  analysis           time    # points   tot. iter  conv.iter
  op point           0.04           1          84
  transient          0.84      100001        2693         937 rev=        20
  readin             0.06
  errchk             0.02
  setup              0.05
  output             0.00


           peak memory used        273.12 megabytes
           total cpu time            1.02 seconds
           total elapsed time        1.15 seconds
           job started at     21:59:02 06/09/2026
           job ended   at     21:59:03 06/09/2026


 lic: Release hspice token(s) 
 lic: total license checkout elapse time:        0.12(s)
