 ****** HSPICE -- N-2017.12-SP2 linux64 (May 24 2018) ******                    
  Copyright (c) 1986 - 2026 by Synopsys, Inc. All Rights Reserved.              
  This software and the associated documentation are proprietary
  to Synopsys, Inc. This software may only be used in accordance
  with the terms and conditions of a written license agreement with
  Synopsys, Inc. All other use, reproduction, or distribution of
  this software is strictly prohibited.
  Input File: tb_layout.sp                                                      
  Command line options: /usr/synopsys/hspice/N-2017.12-SP2/hspice/linux64/hspice tb_layout.sp -o tb_layout.lis
 lic:  
 lic: FLEXlm: SDK_11.6.9.3 
 lic: USER:   root                 HOSTNAME: localhost.localdomain 
 lic: HOSTID: 1234567890ab         PID:      14616 
 lic: Using FLEXlm license file: 
 lic: 27000@localhost 
 lic: Checkout 1 hspice 
 lic: License/Maintenance for hspice will expire on 30-dec-2030/2019.2019 
 lic: 1(in_use)/99(total) FLOATING license(s) on SERVER 27000@localhost 
 lic:   
1****** HSPICE -- N-2017.12-SP2 linux64 (May 24 2018) ******                    
 ******  
 * =======================================================

 ****** circuit name directory
 circuit number to circuit name directory
   number circuitname                     definition         multiplier
        0 main circuit
        1 x_ring.                         clk                1.00 
  **warning** (tb_layout.sp:19) Both nodes of element v_gnd are connected together; Line ignored.
  **info** (tb_layout.sp:18) DC voltage reset to initial transient source value in source 0:v_vdd. new dc=0.0000D+00
  
             
 Warning:'No DC path nodes' occurs 26 times
 No DC path from the following nodes,connected with gdcpath:
 -----------------------------
 |Node            |Subckt    |
 |----------------+----------|
 |x_ring.ln_n_41:2|clk       |
 |x_ring.ln_n_42:1|clk       |
 |x_ring.ln_n_42:2|clk       |
 |x_ring.ln_n_42:7|clk       |
 |x_ring.ln_n_42:8|clk       |
 |x_ring.ln_n_43:1|clk       |
 |x_ring.ln_n_43:2|clk       |
 |x_ring.ln_n_43:3|clk       |
 |x_ring.ln_n_43:4|clk       |
 |x_ring.ln_n_43:9|clk       |
 -----------------------------
              
             
 Warning:'1 connection nodes' occurs 43 times
 Summary of 1 connection from the following nodes:
 -----------------------------
 |Node            |Subckt    |
 |----------------+----------|
 |x_ring.clk:13   |clk       |
 |x_ring.clk:17   |clk       |
 |x_ring.clk:2    |clk       |
 |x_ring.clk:3    |clk       |
 |x_ring.gnd!:11  |clk       |
 |x_ring.gnd!:13  |clk       |
 |x_ring.gnd!:16  |clk       |
 |x_ring.gnd!:18  |clk       |
 |x_ring.ln_n_41:1|clk       |
 |x_ring.ln_n_41:3|clk       |
 -----------------------------
              
             
 Warning:'No Tran path ' occurs 13 times
 Summary of No Tran path from the following nodes:
 -----------------------------
 |Node            |Subckt    |
 |----------------+----------|
 |x_ring.ln_n_41:2|clk       |
 |x_ring.ln_n_42:1|clk       |
 |x_ring.ln_n_42:2|clk       |
 |x_ring.ln_n_42:7|clk       |
 |x_ring.ln_n_42:8|clk       |
 |x_ring.ln_n_43:1|clk       |
 |x_ring.ln_n_43:2|clk       |
 |x_ring.ln_n_43:3|clk       |
 |x_ring.ln_n_43:4|clk       |
 |x_ring.ln_n_43:9|clk       |
 -----------------------------
              
      
             
 Warning:'Floating bulk' occurs 6 times
 Summary of floating bulk:
 -------------------------------------
 |Node               |Device         |
 |-------------------+---------------|
 |x_ring.xi0|mm2:bulk|x_ring.mxi0|mm2|
 |x_ring.xi0|mm3:bulk|x_ring.mxi0|mm3|
 |x_ring.xi1|mm2:bulk|x_ring.mxi1|mm2|
 |x_ring.xi1|mm3:bulk|x_ring.mxi1|mm3|
 |x_ring.xi2|mm2:bulk|x_ring.mxi2|mm2|
 |x_ring.xi2|mm3:bulk|x_ring.mxi2|mm3|
 -------------------------------------
              
 *****************************************************************
 ******  option summary
 ******
 runlvl  = 3         bypass  = 2.0000    
             
 Summary of Linear Res Distribution Info
 ---------------------------------------
 |Range          |Total     |Percent(%)|
 |---------------+----------+----------|
 |1e-04  ~  1e-03|4         |2.3392    |
 |1e-03  ~  1e-02|1         |0.5848    |
 |1e-02  ~  1e-01|14        |8.1871    |
 |1e-01  ~  1e+00|60        |35.0877   |
 |1e+00  ~  1e+03|92        |53.8012   |
 ---------------------------------------
              
             
 Summary of Linear Cap Distribution Info
 ---------------------------------------
 |Range          |Total     |Percent(%)|
 |---------------+----------+----------|
 |0e+00  ~  1e-24|3         |0.9615    |
 |1e-21  ~  1e-20|5         |1.6026    |
 |1e-20  ~  1e-19|16        |5.1282    |
 |1e-19  ~  1e-18|41        |13.1410   |
 |1e-18  ~  1e-17|157       |50.3205   |
 |1e-17  ~  1e-16|85        |27.2436   |
 |1e-16  ~  1e-15|5         |1.6026    |
 ---------------------------------------
              
             
 Summary of Detailed RC Type Statistics
 -------------------------
 |Element Type|Number    |
 |------------+----------|
 |Constant Res|171       |
 |            |          |
 |Constant Cap|312       |
 -------------------------
              
  Opening plot unit= 15
 file=tb_layout.pa0

 **info** dc convergence successful at Newton-Raphson method 
 ******  
 * =======================================================

 ****** operating point information tnom=  25.000 temp=  25.000 ******
 ****** operating point status is voltage   simulation time is     0.     
    node    =voltage      node    =voltage      node    =voltage

 +0:clk_out =-797.7269p 0:vdd!    =   0.      1:clk:1   =-797.7274p
 +1:clk:10  =-797.7276p 1:clk:11  =-797.7313p 1:clk:12  =-797.7302p
 +1:clk:13  =-797.7276p 1:clk:14  =-797.7261p 1:clk:15  =-797.7261p
 +1:clk:16  =-797.7264p 1:clk:17  =-797.7264p 1:clk:18  =-797.7267p
 +1:clk:19  =-797.7263p 1:clk:2   =-797.7274p 1:clk:20  =-797.7263p
 +1:clk:21  =-797.7263p 1:clk:22  =-797.7268p 1:clk:23  =-797.7272p
 +1:clk:24  =-797.7276p 1:clk:25  =-797.7272p 1:clk:26  =-797.7261p
 +1:clk:27  =-797.7334p 1:clk:28  =-797.7280p 1:clk:29  =-797.7276p
 +1:clk:3   =-797.7549p 1:clk:30  =-797.7276p 1:clk:4   =-797.7477p
 +1:clk:5   =-797.7257p 1:clk:6   =-797.7239p 1:clk:7   =-797.7435p
 +1:clk:8   =-797.7268p 1:clk:9   =-797.7272p 1:gnd!:1  =  -3.8197f
 +1:gnd!:10 =-137.1296a 1:gnd!:11 = -27.3775a 1:gnd!:12 = -13.0830a
 +1:gnd!:13 =-137.1296a 1:gnd!:14 =-237.4329a 1:gnd!:15 =-173.4714a
 +1:gnd!:16 =-173.4714a 1:gnd!:17 =-127.6808a 1:gnd!:18 =-127.6808a
 +1:gnd!:19 =-237.4329a 1:gnd!:2  =  -3.8197f 1:gnd!:3  =  -3.7557f
 +1:gnd!:4  =  -3.7557f 1:gnd!:5  =  -3.7099f 1:gnd!:6  =  -3.7099f
 +1:gnd!:7  = -73.1681a 1:gnd!:8  = -26.1661a 1:gnd!:9  = -27.3775a
 +1:ln_n_41:=   0.      1:ln_n_41:=   0.      1:ln_n_41:=   0.     
 +1:ln_n_41:=   0.      1:ln_n_42:=   0.      1:ln_n_42:=   0.     
 +1:ln_n_42:=   0.      1:ln_n_42:=   0.      1:ln_n_42:=   0.     
 +1:ln_n_42:=   0.      1:ln_n_42:=   0.      1:ln_n_42:=   0.     
 +1:ln_n_43:=   0.      1:ln_n_43:=   0.      1:ln_n_43:=   0.     
 +1:ln_n_43:=   0.      1:ln_n_43:=   0.      1:ln_n_43:=   0.     
 +1:ln_n_43:=   0.      1:ln_n_43:=   0.      1:ln_n_43:=   0.     
 +1:ln_n_43:=   0.      1:ln_n_44:=   0.      1:ln_n_44:=   0.     
 +1:ln_n_44:=   0.      1:ln_n_44:=   0.      1:ln_n_45:=   0.     
 +1:ln_n_45:=   0.      1:ln_n_45:=   0.      1:ln_n_45:=   0.     
 +1:ln_n_46:=   0.      1:ln_n_46:=   0.      1:ln_n_46:=   0.     
 +1:ln_n_47:=   0.      1:ln_n_47:=   0.      1:ln_n_47:=   0.     
 +1:ln_n_47:=   0.      1:ln_n_47:=   0.      1:ln_n_47:=   0.     
 +1:ln_n_48:=   0.      1:ln_n_48:=   0.      1:ln_n_48:=   0.     
 +1:ln_n_48:=   0.      1:ln_n_48:=   0.      1:ln_n_48:=   0.     
 +1:ln_n_49:=   0.      1:ln_n_49:=   0.      1:ln_n_49:=   0.     
 +1:ln_n_49:=   0.      1:ln_n_49:=   0.      1:ln_n_49:=   0.     
 +1:net7:1  =-797.7273p 1:net7:10 =-797.7302p 1:net7:11 =-797.7291p
 +1:net7:12 =-797.7260p 1:net7:13 =-797.7261p 1:net7:14 =-797.7263p
 +1:net7:15 =-797.7263p 1:net7:16 =-797.7323p 1:net7:17 =-797.7220p
 +1:net7:18 =-797.7260p 1:net7:19 =-797.7265p 1:net7:2  =-797.7273p
 +1:net7:3  =-797.7450p 1:net7:4  =-797.7377p 1:net7:5  =-797.7196p
 +1:net7:6  =-797.7179p 1:net7:7  =-797.7335p 1:net7:8  =-797.7262p
 +1:net7:9  =-797.7265p 1:net8:1  =-797.7274p 1:net8:10 =-797.7302p
 +1:net8:11 =-797.7291p 1:net8:12 =-797.7260p 1:net8:13 =-797.7261p
 +1:net8:14 =-797.7263p 1:net8:15 =-797.7263p 1:net8:16 =-797.7322p
 +1:net8:17 =-797.7227p 1:net8:18 =-797.7260p 1:net8:19 =-797.7265p
 +1:net8:2  =-797.7274p 1:net8:3  =-797.7461p 1:net8:4  =-797.7388p
 +1:net8:5  =-797.7204p 1:net8:6  =-797.7186p 1:net8:7  =-797.7346p
 +1:net8:8  =-797.7262p 1:net8:9  =-797.7265p 1:vdd!:1  = 108.1048a
 +1:vdd!:10 = 232.0908a 1:vdd!:11 = 258.3656a 1:vdd!:12 = 258.3656a
 +1:vdd!:13 = 168.0081a 1:vdd!:14 = 194.2829a 1:vdd!:15 = 194.2829a
 +1:vdd!:16 = 356.4399a 1:vdd!:2  =  44.0221a 1:vdd!:3  =  36.0349a
 +1:vdd!:4  =  44.0221a 1:vdd!:5  =  18.0174a 1:vdd!:6  = 206.1791a
 +1:vdd!:7  = 206.1791a 1:vdd!:8  = 330.1651a 1:vdd!:9  = 356.4399a
 +1:xi0|mm2:= 184.4953n 1:xi0|mm2:=-797.7236p 1:xi0|mm2:=-797.7549p
 +1:xi0|mm2:=   1.9723f 1:xi0|mm3:= -39.9463n 1:xi0|mm3:=-797.7278p
 +1:xi0|mm3:=-797.7239p 1:xi0|mm3:=  -5.2025f 1:xi1|mm2:= 184.4953n
 +1:xi1|mm2:=-797.7236p 1:xi1|mm2:=-797.7450p 1:xi1|mm2:=   2.0364f
 +1:xi1|mm3:= -39.9463n 1:xi1|mm3:=-797.7278p 1:xi1|mm3:=-797.7179p
 +1:xi1|mm3:=  -5.2483f 1:xi2|mm2:= 184.4953n 1:xi2|mm2:=-797.7237p
 +1:xi2|mm2:=-797.7461p 1:xi2|mm2:=   2.1344f 1:xi2|mm3:= -39.9463n
 +1:xi2|mm3:=-797.7279p 1:xi2|mm3:=-797.7186p 1:xi2|mm3:=  -5.3123f

 ******
 * =======================================================

 ****** transient analysis tnom=  25.000 temp=  25.000 ******
 t_rise_1=   2.3667n
 t_rise_2=   2.4652n
 clk_period=  98.4698p
 freq_ghz=  10.1554 
 avg_power=-128.9927u  from=   2.0000n     to=   5.0000n

          ***** job concluded
 ******  
 * =======================================================

 ****** job statistics summary tnom=  25.000 temp=  25.000 ******
  
  
 ******  Machine Information  ******
 CPU:
 model name	: Intel(R) Core(TM) i7-8550U CPU @ 1.80GHz
 cpu MHz	: 1991.999
  
 OS:
 Linux version 3.10.0-1160.59.1.el7.x86_64 (mockbuild@kbuilder.bsys.centos.org) (gcc version 4.8.5 20150623 (Red Hat 4.8.5-44) (GCC) ) #1 SMP Wed Feb 23 16:47:03 UTC 2022


  ******  HSPICE Threads Information  ******

  Command Line Threads Count :     1
  Available CPU Count        :     4
  Actual Threads Count       :     1


  ****** Statistics of Ignored Elements ******
  Voltage Sources :       1

  ******  Circuit Statistics  ******
  # nodes       =     181 # elements   =     490
  # resistors   =     171 # capacitors =     312 # inductors   =       0
  # mutual_inds =       0 # vccs       =       0 # vcvs        =       0
  # cccs        =       0 # ccvs       =       0 # volt_srcs   =       1
  # curr_srcs   =       0 # diodes     =       0 # bjts        =       0
  # jfets       =       0 # mosfets    =       6 # U elements  =       0
  # T elements  =       0 # W elements =       0 # B elements  =       0
  # S elements  =       0 # P elements =       0 # va device   =       0
  # vector_srcs =       0 # N elements =       0


  ******  Runtime Statistics (seconds)  ******

  analysis           time    # points   tot. iter  conv.iter
  op point           0.01           1           3
  transient          1.24        5001        2252         783 rev=         2
  readin             0.10
  errchk             0.07
  setup              0.03
  output             0.00


           peak memory used        261.87 megabytes
           total cpu time            1.47 seconds
           total elapsed time        1.93 seconds
           job started at     22:24:55 06/02/2026
           job ended   at     22:24:57 06/02/2026


 lic: Release hspice token(s) 
 lic: total license checkout elapse time:        0.65(s)
