[20:12:32.63] /r giWindowId 0
[20:12:32.63] /r giWindowGeometry 600x300
[20:12:32.65] /o 
              /c                                 Custom Compiler 
              /c 
              /c               Version N-2017.12-SP1-2 for linux64 - May 16, 2018 
              /c 
              /c                     Copyright (c) 2004 - 2018 Synopsys, Inc.
              /c    This software and the associated documentation are proprietary to Synopsys,
              /c  Inc. This software may only be used in accordance with the terms and conditions
              /c  of a written license agreement with Synopsys, Inc. All other use, reproduction,
              /c             or distribution of this software is strictly prohibited.
              /c 
              /c Build  (OPT) Config 4182185 compiled on Wed May 16 15:20:56 2018 for RHEL64 6.6
              /c Invocation: /usr/synopsys/customcompiler/N-2017.12-SP1-2/linux64/platform/bin/custom_compiler
              /c Execution time: Mon Apr 20 20:12:26 2026
              /c Host: localhost.localdomain
              /c Working directory: /root/Excercise/Noise_Margins/nmos/nmos_nm
              /c 
[20:12:38.58] /w Warning: In file /root/lib.defs: Unable to open library inv at path /root/inv : No access permission. (DATA_MANAGEMENT-014)
[20:12:38.65] /r giShowFrameTabs true
[20:12:38.65] /r giWindowId 1
[20:12:38.65] /r giWindowGeometry 1040x800
[20:12:42.81] /# gi::pressButton {/scroll/scrollArea/scrollAreaInnerWidget/applications/dmLibraryManager} -in [gi::getWindows 1]
[20:12:42.81] /# 
[20:12:42.81] /i dm::openLibraryManager
[20:12:42.82] /r giWindowId 2
[20:12:42.82] /r giWindowGeometry 660x600+50+84
[20:12:42.88] /o oa:0x18541250
[20:12:44.36] /i gi::setCurrentIndex {libs} -index {sample} -in [gi::getWindows 2]
[20:12:44.41] /i gi::setItemSelection {libs} -index {sample} -in [gi::getWindows 2]
[20:12:44.83] /i gi::setCurrentIndex {libs} -index {snpsDefTechLib} -in [gi::getWindows 2]
[20:12:44.84] /i gi::setItemSelection {libs} -index {snpsDefTechLib} -in [gi::getWindows 2]
[20:12:45.27] /i gi::setCurrentIndex {libs} -index {verilogaLib} -in [gi::getWindows 2]
[20:12:45.29] /i gi::setItemSelection {libs} -index {verilogaLib} -in [gi::getWindows 2]
[20:12:45.70] /i gi::setCurrentIndex {libs} -index {snpsDefTechLib} -in [gi::getWindows 2]
[20:12:45.70] /i gi::setItemSelection {libs} -index {snpsDefTechLib} -in [gi::getWindows 2]
[20:12:46.03] /i gi::setCurrentIndex {libs} -index {sheets} -in [gi::getWindows 2]
[20:12:46.04] /i gi::setItemSelection {libs} -index {sheets} -in [gi::getWindows 2]
[20:12:46.42] /i gi::setCurrentIndex {libs} -index {parasitics} -in [gi::getWindows 2]
[20:12:46.43] /i gi::setItemSelection {libs} -index {parasitics} -in [gi::getWindows 2]
[20:12:46.72] /i gi::setCurrentIndex {libs} -index {analogLib} -in [gi::getWindows 2]
[20:12:46.84] /i gi::setItemSelection {libs} -index {analogLib} -in [gi::getWindows 2]
[20:12:47.41] /i gi::setCurrentIndex {libs} -index {basic} -in [gi::getWindows 2]
[20:12:47.43] /i gi::setItemSelection {libs} -index {basic} -in [gi::getWindows 2]
[20:12:47.82] /i gi::setCurrentIndex {libs} -index {parasitics} -in [gi::getWindows 2]
[20:12:47.83] /i gi::setItemSelection {libs} -index {parasitics} -in [gi::getWindows 2]
[20:12:49.37] /i exit
[20:12:49.47] /r giDialog gi::setActiveDialog [gi::getDialogs {deExitDialog}]
[20:12:49.67] /r giDialog db::setAttr geometry -of [gi::getDialogs {deExitDialog}] -value 419x181+741+375
[20:12:50.68] /r giDialog gi::pressButton {ok} -in [gi::getDialogs {deExitDialog}]
[20:12:50.69] /i gi::setActiveWindow 1
[20:12:50.69] /i gi::setActiveWindow 1 -raise true
[20:12:50.82] /o Shutdown time: Mon Apr 20 20:12:50 2026
[20:12:50.82] /o Elapsed session real time: 0.31 minutes
[20:12:50.82] /o Session terminated. Log is at /root/Excercise/Noise_Margins/nmos/nmos_nm/synopsys_custom/logs/ccompiler.root.2026_4_20_201226_3424.log
