### Custom WaveView ADV log file, revision N-2017.12-SP2 (build May 31, ) ###
### created at 00:03:20 on Mon Apr 27 2026 (Linux AMD64) ###
### Host Name: localhost.localdomain   User ID: root   PID: 21565   ###
wv_start_log
# (0) running in waveview only mode
# (0) HOME defined
wv_resize_window {Custom WaveView} 842 586
wv_move_window {Custom WaveView} {} -10 20
wv_resize_window {Custom WaveView} 800 400
wv_resize_window {Custom WaveView} 842 586
wv_move_window {Custom WaveView} {} 130 160
wv_resize_window {Custom WaveView} 842 586
wv_select_window {Custom WaveView} 
wv_move_window {Custom WaveView} {} -10 20
wv_resize_window {Custom WaveView} 1920 872
wv_press_tool_button {Custom WaveView} {} {OpenWaveform0} 
wv_move_window {FileDialog} {} 756 137
wv_select_dialog {FileDialog} 
wv_select_list_item {FileDialog} {} {FileList} {tb_netlist.tr0} 10
wv_dclick_list_item {FileDialog} {} {FileList} {tb_netlist.tr0} 10
wv_expand_tree_item {Custom WaveView} {} {hierview} {D0:tb_netlist.tr0(0)} {+sep=@}
wv_select_tree_item {Custom WaveView} {} {hierview} {D0:tb_netlist.tr0(0)@toplevel(0)} {0} {+sep=@}
wv_select_list_item {Custom WaveView} {} {sigview} {v(y)} 7
wv_dclick_list_item {Custom WaveView} {} {sigview} {v(y)} 7
wv_select_waveview 1 {waveview 1}
wv_select_wv_item WV1.PANEL1:1.LEGEND
wv_drag_item_to WV1 42 158
wv_select_panel WV1.PANEL1:1.LEGEND
wv_press_key Delete 300 322
wv_select_dialog {Confirmation} 
wv_press_button {Confirmation} {} {Ok} 
wv_select_list_item {Custom WaveView} {} {sigview} {v(a)} 4
wv_dclick_list_item {Custom WaveView} {} {sigview} {v(a)} 4
wv_select_list_item {Custom WaveView} {} {sigview} {v(b)} 5
wv_dclick_list_item {Custom WaveView} {} {sigview} {v(b)} 5
wv_select_list_item {Custom WaveView} {} {sigview} {v(y)} 7
wv_dclick_list_item {Custom WaveView} {} {sigview} {v(y)} 7
wv_select_window {Custom WaveView} 
wv_close_window {Custom WaveView} 
wv_select_dialog {Confirmation} 
#wv_press_button {Confirmation} {} {Ok} 
#*WARNING* Can not remove '/root/.cx_hostport/.cx_hostport_localhost.localdomain_21565'.
