[22:52:21.72] /m Information: License 'SAE' checked out. (LICENSE-003)
[22:52:30.29] /o sae_shell Version Custom Compiler N-2017.12-SP1-2
              /c Build  (OPT) compiled on Wed May 16 15:20:56 2018 for RHEL64 6.6
              /c Execution time: Thu Mar 19 22:52:16 2026
              /c Host: localhost.localdomain
              /c 
              /c Copyright © 2004-2018 Synopsys, Inc.
              /c This software and the associated documentation are proprietary to Synopsys, Inc. This software may only be used in accordance with the terms and conditions of a written license agreement with Synopsys, Inc. All other use, reproduction, or distribution of this software is strictly prohibited.
              /c 
              /c 
[22:52:30.34] /w Warning: Preference 'leActiveLPP' is deprecated and scheduled for removal in a future release with no replacement. For migration assistance, see the Custom Compiler Tcl Reference Manual. (PREFERENCE-058)
[22:52:30.35] /o 	#######################################
[22:52:30.35] /o 	PDK Library Name	: reference90RF
[22:52:30.35] /o 	PDK Version		: 2.0
[22:52:30.35] /o 	PDK Release Date	: 25-March-2010 
[22:52:30.35] /o 	#######################################
[22:52:30.35] /o 
[22:52:30.37] /i ::sa::_backgroundSaeShell::signalProcessReady 1773935534
[22:52:30.38] /o saeInterBGSaeShell:  ::sa::_backgroundSaeShell::processReady 16
[22:57:31.40] /o saeInterBGSaeShell:  ::sa::_backgroundSaeShell::pingBack
[22:57:31.46] /i ::sa::_backgroundSaeShell::parentRunning
[22:57:31.47] /o 1773935851
[23:01:28.81] /i ::wf::viewerExited
[23:01:41.35] /i ::sa::_backgroundSaeShell::exit
[23:01:41.35] /o saeInterBGSaeShell:  ::sa::_backgroundSaeShell::childFormallyExiting
