[22:52:16.17] /m Information: License 'SAE' checked out. (LICENSE-003)
[22:52:24.19] /o sae_shell Version Custom Compiler N-2017.12-SP1-2
              /c Build  (OPT) compiled on Wed May 16 15:20:56 2018 for RHEL64 6.6
              /c Execution time: Thu Mar 19 22:52:06 2026
              /c Host: localhost.localdomain
              /c 
              /c Copyright © 2004-2018 Synopsys, Inc.
              /c This software and the associated documentation are proprietary to Synopsys, Inc. This software may only be used in accordance with the terms and conditions of a written license agreement with Synopsys, Inc. All other use, reproduction, or distribution of this software is strictly prohibited.
              /c 
              /c 
[22:52:24.24] /w Warning: Preference 'leActiveLPP' is deprecated and scheduled for removal in a future release with no replacement. For migration assistance, see the Custom Compiler Tcl Reference Manual. (PREFERENCE-058)
[22:52:24.25] /o 	#######################################
[22:52:24.25] /o 	PDK Library Name	: reference90RF
[22:52:24.25] /o 	PDK Version		: 2.0
[22:52:24.25] /o 	PDK Release Date	: 25-March-2010 
[22:52:24.25] /o 	#######################################
[22:52:24.25] /o 
[22:52:24.27] /i ::sa::_backgroundSaeShell::signalProcessReady 1773935523
[22:52:24.27] /o saeInterBGSaeShell:  ::sa::_backgroundSaeShell::processReady 21
[22:52:24.34] /i ::sa::_backgroundSaeShell::runScript /root/simulation/inv,inv_test,schematic/history_1/simulation/default/HSPICE/nominal/.bg_measurement_script.tcl sa::_resultsDatabase::saeShellProcessingCompletedProc testSuiteName saeSession0 testbenchName default resultsDir /root/simulation/inv,inv_test,schematic/history_1/simulation/default/HSPICE/nominal/results testSuiteDir /root/simulation/inv,inv_test,schematic/history_1/simulation/default/HSPICE/nominal databaseName /root/simulation/inv,inv_test,schematic/history_1/simulation/default/HSPICE/nominal/resultsDatabase remoteRun {} testbenchId 1 saveImages true
[22:52:25.76] /o saeInterBGSaeShell:  ::sa::_backgroundSaeShell::scriptFinished 1.4 {} sa::_resultsDatabase::saeShellProcessingCompletedProc testSuiteName saeSession0 testbenchName default resultsDir /root/simulation/inv,inv_test,schematic/history_1/simulation/default/HSPICE/nominal/results testSuiteDir /root/simulation/inv,inv_test,schematic/history_1/simulation/default/HSPICE/nominal databaseName /root/simulation/inv,inv_test,schematic/history_1/simulation/default/HSPICE/nominal/resultsDatabase remoteRun {} testbenchId 1 saveImages true
[22:52:25.76] /o false
[22:55:44.00] /i ::sa::_backgroundSaeShell::runScript /root/simulation/inv,inv_test,schematic/history_1/simulation/default/HSPICE/nominal/.bg_measurement_script.tcl sa::_resultsDatabase::saeShellProcessingCompletedProc testSuiteName saeSession0 testbenchName default resultsDir /root/simulation/inv,inv_test,schematic/history_1/simulation/default/HSPICE/nominal/results testSuiteDir /root/simulation/inv,inv_test,schematic/history_1/simulation/default/HSPICE/nominal databaseName /root/simulation/inv,inv_test,schematic/history_1/simulation/default/HSPICE/nominal/resultsDatabase remoteRun {} testbenchId 1 saveImages true
[22:55:45.17] /w Warning: Some integration features may not operate correctly because no valid manifest file for tool 'wv' was found in the searched location(s):
              /c     /usr/synopsys/wv/N-2017.12-SP2/platforms/linux64/bin/wv.manifest
              /c     /usr/synopsys/wv/N-2017.12-SP2/platforms/linux64/packages/SX-SNPSCUST-Link
              /c     /usr/synopsys/customcompiler/N-2017.12-SP1-2/auxx/waveform
              /c If you are using a wrapper script, create /usr/synopsys/wv/N-2017.12-SP2/platforms/linux64/bin/wv.manifest as a symbolic link targeted at the tool's original manifest file.
[22:55:45.47] /m Information: Started sharing "Custom WaveView" license. (WAVEFORM-110)
[22:55:45.75] /o saeInterBGSaeShell:  ::sa::_backgroundSaeShell::scriptFinished 1.7 {} sa::_resultsDatabase::saeShellProcessingCompletedProc testSuiteName saeSession0 testbenchName default resultsDir /root/simulation/inv,inv_test,schematic/history_1/simulation/default/HSPICE/nominal/results testSuiteDir /root/simulation/inv,inv_test,schematic/history_1/simulation/default/HSPICE/nominal databaseName /root/simulation/inv,inv_test,schematic/history_1/simulation/default/HSPICE/nominal/resultsDatabase remoteRun {} testbenchId 1 saveImages true
[22:55:45.75] /o false
[23:00:46.31] /o saeInterBGSaeShell:  ::sa::_backgroundSaeShell::pingBack
[23:00:46.36] /i ::sa::_backgroundSaeShell::parentRunning
[23:00:46.37] /o 1773936046
[23:00:50.82] /m Information: Stopped sharing "Custom WaveView" license. (WAVEFORM-111)
[23:01:28.80] /i ::wf::viewerExited
[23:01:41.34] /i ::sa::_backgroundSaeShell::exit
[23:01:41.34] /o saeInterBGSaeShell:  ::sa::_backgroundSaeShell::childFormallyExiting
