[14:32:02.44] /m Information: License 'SAE' checked out. (LICENSE-003)
[14:32:08.56] /o sae_shell Version Custom Compiler N-2017.12-SP1-2
              /c Build  (OPT) compiled on Wed May 16 15:20:56 2018 for RHEL64 6.6
              /c Execution time: Sun Mar 15 14:31:56 2026
              /c Host: localhost.localdomain
              /c 
              /c Copyright © 2004-2018 Synopsys, Inc.
              /c This software and the associated documentation are proprietary to Synopsys, Inc. This software may only be used in accordance with the terms and conditions of a written license agreement with Synopsys, Inc. All other use, reproduction, or distribution of this software is strictly prohibited.
              /c 
              /c 
[14:32:08.66] /w Warning: Preference 'leActiveLPP' is deprecated and scheduled for removal in a future release with no replacement. For migration assistance, see the Custom Compiler Tcl Reference Manual. (PREFERENCE-058)
[14:32:08.67] /o 	#######################################
[14:32:08.67] /o 	PDK Library Name	: reference90RF
[14:32:08.67] /o 	PDK Version		: 2.0
[14:32:08.67] /o 	PDK Release Date	: 25-March-2010 
[14:32:08.67] /o 	#######################################
[14:32:08.67] /o 
[14:32:08.69] /i ::sa::_backgroundSaeShell::signalProcessReady 1773559913
[14:32:08.70] /o saeInterBGSaeShell:  ::sa::_backgroundSaeShell::processReady 15
[14:33:21.17] /i ::wf::viewerExited
[14:34:38.61] /i ::sa::_backgroundSaeShell::exit
[14:34:38.61] /o saeInterBGSaeShell:  ::sa::_backgroundSaeShell::childFormallyExiting
