
                                  StarRC (TM)

               Version O-2018.06-SP1 for linux64 - Jul 19, 2018 

                    Copyright (c) 1999 - 2018 Synopsys, Inc.
   This software and the associated documentation are proprietary to Synopsys,
 Inc. This software may only be used in accordance with the terms and conditions
 of a written license agreement with Synopsys, Inc. All other use, reproduction,
            or distribution of this software is strictly prohibited.

ExecName: /usr/synopsys/starrc/O-2018.06-SP1/linux64_starrc/bin/StarXtract
Version: O-2018.06-SP1
Built on: Jul 19 2018 21:37:47
Start Time: Mon Jun  8 10:28:43 2026

Host ............ localhost.localdomain

xTractorName: /usr/synopsys/starrc/O-2018.06-SP1/linux64_starrc/bin/xTractor
Version: O-2018.06-SP1
Built on: Jul 19 2018 21:37:30
INFORMATION: TCAD_GRD_FILE (nxtgrd file) generated by >4 years older version than the StarRC
             version is used for this extraction. (SX-3595)
WARNING: MODE is no longer required for this type of extraction.  Ignoring MODE in StarRC command
         file. (SX-0499)
WARNING: Schematic device 'cmim_3t' equates to undefined layout device 'cmim_3t'. (SX-2284)
WARNING: Schematic device 'MOSVAR_1V2' equates to undefined layout device 'MOSVAR_1V2'. (SX-2284)
WARNING: Following option "DETECT_PERMUTABLE_PORTS" detected in Hercules/ICV runset is not supported
         in StarXtract. (SX-2775)
WARNING: Following option "PUSH_DOWN_PINS" detected in Hercules/ICV runset is not supported in
         StarXtract. (SX-2776)
WARNING: Following option "PUSH_DOWN_DEVICES" detected in Hercules/ICV runset is not supported in
         StarXtract. (SX-2777)
WARNING: Hercules COMPARE option MEMORY_ARRAY_COMPARISON is not supported for XREF extractions. (SX-2274)
WARNING: Command -clean is obsoleted for GATE level extraction and turned on by default. (SX-3582)
WARNING: Schematic device 'cmim_3t' equates to undefined layout device 'cmim_3t'. (SX-2284)
WARNING: Schematic device 'MOSVAR_1V2' equates to undefined layout device 'MOSVAR_1V2'. (SX-2284)
WARNING: Following option "DETECT_PERMUTABLE_PORTS" detected in Hercules/ICV runset is not supported
         in StarXtract. (SX-2775)
WARNING: Following option "PUSH_DOWN_PINS" detected in Hercules/ICV runset is not supported in
         StarXtract. (SX-2776)
WARNING: Following option "PUSH_DOWN_DEVICES" detected in Hercules/ICV runset is not supported in
         StarXtract. (SX-2777)
WARNING: Hercules COMPARE option MEMORY_ARRAY_COMPARISON is not supported for XREF extractions. (SX-2274)
WARNING: OBSERVATION_POINT cell pattern "*" does not match any non SKIP_CELL EQUIV points and will
         be ignored. (SX-1768)

Block ........... dff
Star Directory .. /root/Excercise/DFlipFlop/synopsys_custom/dff.starrc.lpe/star
Milkyway DB ..... /root/Excercise/DFlipFlop/synopsys_custom/dff.hercules.lvs/EXTRACT_VIEW
 Ref Libs Report is skipped.
  Setup         Elp=00:00:02 Cpu=00:00:01 Usr=1.3    Sys=0.0    Mem=429.2 
Done

Map Layers:  Mon Jun  8 10:28:45 2026
WARNING: Device terminal layer 'coll_dnw_pnp' used by "'DNWPNP':'COLL'" is removed in MAPPING_FILE
         or is the BULK terminal of another device. (SX-2250)
WARNING: Device terminal layer 'mom_cap_123_term' used by "'cmom_123':'T1'" is removed in
         MAPPING_FILE or is the BULK terminal of another device. (SX-2250)
WARNING: Device terminal layer 'mom_cap_123_term' used by "'cmom_123':'T2'" is removed in
         MAPPING_FILE or is the BULK terminal of another device. (SX-2250)
WARNING: Device terminal layer 'mom_cap_1234_term' used by "'cmom_1234':'T1'" is removed in
         MAPPING_FILE or is the BULK terminal of another device. (SX-2250)
WARNING: Device terminal layer 'mom_cap_1234_term' used by "'cmom_1234':'T2'" is removed in
         MAPPING_FILE or is the BULK terminal of another device. (SX-2250)
WARNING: Device terminal layer 'mom_cap_234_term' used by "'cmom_234':'T1'" is removed in
         MAPPING_FILE or is the BULK terminal of another device. (SX-2250)
WARNING: Device terminal layer 'mom_cap_234_term' used by "'cmom_234':'T2'" is removed in
         MAPPING_FILE or is the BULK terminal of another device. (SX-2250)
WARNING: Layer "M3S" has no connections. (SX-1851)
WARNING: Layer "M4S" has no connections. (SX-1851)
WARNING: The precedence is not set for ignored cap layer: psub (SX-1794)
WARNING: The precedence is not set for ignored cap layer: nxwell (SX-1794)
WARNING: The precedence is not set for ignored cap layer: nxwell_NWDIODE (SX-1794)
WARNING: The precedence is not set for ignored cap layer: nxwell_NWDIODE18 (SX-1794)
WARNING: The precedence is not set for ignored cap layer: nxwell_NWDIODE25 (SX-1794)
WARNING: The precedence is not set for ignored cap layer: nxwell_NWDIODE33 (SX-1794)
WARNING: The precedence is not set for layers mapped to substrate in the mapping file when
         TRANSLATE_RETAIN_BULK_LAYERS:YES or CONLY is specified in your command file. Accuracy can
         be affected. Check the order of substrate layer and set precedence for them in your
 mapping
         file whenever the TRANSLATE_RETAIN_BULK_LAYERS:YES or CONLY command is used. (SX-1790)
  Warnings: 16    Errors: 0    (See file summary/layers.sum)
  Layers        Elp=00:00:00 Cpu=00:00:00 Usr=0.1    Sys=0.1    Mem=429.2 
Done

Create Models:  Mon Jun  8 10:28:46 2026
  Warnings: 0    Errors: 0
  Models        Elp=00:00:00 Cpu=00:00:00 Usr=0.0    Sys=0.0    Mem=429.2 
Done

Build HN:  Mon Jun  8 10:28:46 2026
  Warnings: 0    Errors: 0
  HN            Elp=00:00:01 Cpu=00:00:00 Usr=0.1    Sys=0.1    Mem=445.2 
Done

Build XrefHN:  Mon Jun  8 10:28:47 2026
  Warnings: 0    Errors: 0
  XrefHN        Elp=00:00:00 Cpu=00:00:00 Usr=0.0    Sys=0.0    Mem=335.4 
Done

Process Cells:  Mon Jun  8 10:28:47 2026
  Warnings: 0    Errors: 0
  Cells         Elp=00:00:00 Cpu=00:00:00 Usr=0.1    Sys=0.0    Mem=429.2 
Done

Translate DB:  Mon Jun  8 10:28:47 2026
  Warnings: 0    Errors: 0
  Translate     Elp=00:00:00 Cpu=00:00:00 Usr=0.0    Sys=0.0    Mem=429.2 
Done

Netlist Setup:  Mon Jun  8 10:28:47 2026
  Warnings: 0    Errors: 0
  NetlistSetup  Elp=00:00:00 Cpu=00:00:00 Usr=0.0    Sys=0.0    Mem=331.3 
Done

xTract DB:  Mon Jun  8 10:28:47 2026
Completed   1%  Time=00:00:00  RemainingTime=00:00:00  Mem=356.27
WARNING: Two Overlapping rectangles with different cap_levels and same picture levels Layer POLS
         overlaps with ngate Suggested Fix in Transistor Level: Use Boolean Not in runset to remove
         the overlap r1= R0,  x(-76400,-75400)  ; y(-12050,3350) ideal=2 act_level=106 pic_level=2
         cap_level=3 r2= R0,  x(-76400,-75400)  ; y(-10750,-7150) ideal=2 act_level=40 pic_level=2
         cap_level=2 (EX-78)
WARNING: Two Overlapping rectangles with different cap_levels and same picture levels Layer POLS
         overlaps with ngate Suggested Fix in Transistor Level: Use Boolean Not in runset to remove
         the overlap r1= R0,  x(-76400,-75400)  ; y(-12050,3350) ideal=2 act_level=106 pic_level=2
         cap_level=3 r2= R0,  x(-75900,-75900)  ; y(-8950,-8950) ideal=2 act_level=40 pic_level=2
         cap_level=2 (EX-78)
WARNING: Two Overlapping rectangles with different cap_levels and same picture levels Layer POLS
         overlaps with pgate Suggested Fix in Transistor Level: Use Boolean Not in runset to remove
         the overlap r1= R0,  x(-76400,-75400)  ; y(5050,20800) ideal=2 act_level=106 pic_level=2
         cap_level=3 r2= R0,  x(-76400,-75400)  ; y(12300,19500) ideal=2 act_level=57 pic_level=2
         cap_level=2 (EX-78)
WARNING: Two Overlapping rectangles with different cap_levels and same picture levels Layer POLS
         overlaps with pgate Suggested Fix in Transistor Level: Use Boolean Not in runset to remove
         the overlap r1= R0,  x(-76400,-75400)  ; y(5050,20800) ideal=2 act_level=106 pic_level=2
         cap_level=3 r2= R0,  x(-75900,-75900)  ; y(15900,15900) ideal=2 act_level=57 pic_level=2
         cap_level=2 (EX-78)
WARNING: Two Overlapping rectangles with different cap_levels and same picture levels Layer pgate
         overlaps with POLS Suggested Fix in Transistor Level: Use Boolean Not in runset to remove
         the overlap r1= R0,  x(-67300,-66300)  ; y(12300,19500) ideal=2 act_level=57 pic_level=2
         cap_level=2 r2= R0,  x(-67300,-66300)  ; y(5550,20800) ideal=44 act_level=106 pic_level=2
         cap_level=3 (EX-78)
WARNING: Two Overlapping rectangles with different cap_levels and same picture levels Layer pgate
         overlaps with POLS Suggested Fix in Transistor Level: Use Boolean Not in runset to remove
         the overlap r1= R0,  x(-67300,-66300)  ; y(12300,19500) ideal=2 act_level=57 pic_level=2
         cap_level=2 r2= R0,  x(-67300,-66300)  ; y(5550,20800) ideal=44 act_level=106 pic_level=2
         cap_level=3 (EX-78)
WARNING: Two Overlapping rectangles with different cap_levels and same picture levels Layer pgate
         overlaps with POLS Suggested Fix in Transistor Level: Use Boolean Not in runset to remove
         the overlap r1= R0,  x(-67300,-66300)  ; y(12300,19500) ideal=2 act_level=57 pic_level=2
         cap_level=2 r2= R0,  x(-67300,-66300)  ; y(5550,20800) ideal=44 act_level=106 pic_level=2
         cap_level=3 (EX-78)
WARNING: Two Overlapping rectangles with different cap_levels and same picture levels Layer pgate
         overlaps with POLS Suggested Fix in Transistor Level: Use Boolean Not in runset to remove
         the overlap r1= R0,  x(-66800,-66800)  ; y(15900,15900) ideal=2 act_level=57 pic_level=2
         cap_level=2 r2= R0,  x(-67300,-66300)  ; y(5550,20800) ideal=44 act_level=106 pic_level=2
         cap_level=3 (EX-78)
WARNING: Two Overlapping rectangles with different cap_levels and same picture levels Layer pgate
         overlaps with POLS Suggested Fix in Transistor Level: Use Boolean Not in runset to remove
         the overlap r1= R0,  x(-66800,-66800)  ; y(15900,15900) ideal=2 act_level=57 pic_level=2
         cap_level=2 r2= R0,  x(-67300,-66300)  ; y(5550,20800) ideal=44 act_level=106 pic_level=2
         cap_level=3 (EX-78)
WARNING: Two Overlapping rectangles with different cap_levels and same picture levels Layer ngate
         overlaps with POLS Suggested Fix in Transistor Level: Use Boolean Not in runset to remove
         the overlap r1= R0,  x(-40000,-39000)  ; y(-10400,-6800) ideal=2 act_level=40 pic_level=2
         cap_level=2 r2= R0,  x(-40000,-39000)  ; y(-11700,-6350) ideal=51 act_level=106
 pic_level=2
         cap_level=3 (EX-78)
WARNING: Two Overlapping rectangles with different cap_levels and same picture levels Layer ngate
         overlaps with POLS Suggested Fix in Transistor Level: Use Boolean Not in runset to remove
         the overlap r1= R0,  x(-40000,-39000)  ; y(-10400,-6800) ideal=2 act_level=40 pic_level=2
         cap_level=2 r2= R0,  x(-40000,-39000)  ; y(-11700,-6350) ideal=51 act_level=106
 pic_level=2
         cap_level=3 (EX-78)
WARNING: Two Overlapping rectangles with different cap_levels and same picture levels Layer ngate
         overlaps with POLS Suggested Fix in Transistor Level: Use Boolean Not in runset to remove
         the overlap r1= R0,  x(-40000,-39000)  ; y(-10400,-6800) ideal=2 act_level=40 pic_level=2
         cap_level=2 r2= R0,  x(-40000,-39000)  ; y(-11700,-6350) ideal=51 act_level=106
 pic_level=2
         cap_level=3 (EX-78)
WARNING: Two Overlapping rectangles with different cap_levels and same picture levels Layer ngate
         overlaps with POLS Suggested Fix in Transistor Level: Use Boolean Not in runset to remove
         the overlap r1= R0,  x(-40000,-39000)  ; y(-10400,-6800) ideal=2 act_level=40 pic_level=2
         cap_level=2 r2= R0,  x(-40000,-39000)  ; y(-11700,-6350) ideal=51 act_level=106
 pic_level=2
         cap_level=3 (EX-78)
WARNING: Two Overlapping rectangles with different cap_levels and same picture levels Layer ngate
         overlaps with POLS Suggested Fix in Transistor Level: Use Boolean Not in runset to remove
         the overlap r1= R0,  x(-40000,-39000)  ; y(-10400,-6800) ideal=2 act_level=40 pic_level=2
         cap_level=2 r2= R0,  x(-40000,-39000)  ; y(-11700,-6350) ideal=51 act_level=106
 pic_level=2
         cap_level=3 (EX-78)
WARNING: Two Overlapping rectangles with different cap_levels and same picture levels Layer ngate
         overlaps with POLS Suggested Fix in Transistor Level: Use Boolean Not in runset to remove
         the overlap r1= R0,  x(-39500,-39500)  ; y(-8600,-8600) ideal=2 act_level=40 pic_level=2
         cap_level=2 r2= R0,  x(-40000,-39000)  ; y(-11700,-6350) ideal=51 act_level=106
 pic_level=2
         cap_level=3 (EX-78)
WARNING: Two Overlapping rectangles with different cap_levels and same picture levels Layer ngate
         overlaps with POLS Suggested Fix in Transistor Level: Use Boolean Not in runset to remove
         the overlap r1= R0,  x(-39500,-39500)  ; y(-8600,-8600) ideal=2 act_level=40 pic_level=2
         cap_level=2 r2= R0,  x(-40000,-39000)  ; y(-11700,-6350) ideal=51 act_level=106
 pic_level=2
         cap_level=3 (EX-78)
WARNING: Two Overlapping rectangles with different cap_levels and same picture levels Layer ngate
         overlaps with POLS Suggested Fix in Transistor Level: Use Boolean Not in runset to remove
         the overlap r1= R0,  x(-30900,-29900)  ; y(-10600,-7000) ideal=2 act_level=40 pic_level=2
         cap_level=2 r2= R0,  x(-30900,-29900)  ; y(-11900,-6550) ideal=50 act_level=106
 pic_level=2
         cap_level=3 (EX-78)
WARNING: Two Overlapping rectangles with different cap_levels and same picture levels Layer ngate
         overlaps with POLS Suggested Fix in Transistor Level: Use Boolean Not in runset to remove
         the overlap r1= R0,  x(-30900,-29900)  ; y(-10600,-7000) ideal=2 act_level=40 pic_level=2
         cap_level=2 r2= R0,  x(-30900,-29900)  ; y(-11900,-6550) ideal=50 act_level=106
 pic_level=2
         cap_level=3 (EX-78)
WARNING: Two Overlapping rectangles with different cap_levels and same picture levels Layer ngate
         overlaps with POLS Suggested Fix in Transistor Level: Use Boolean Not in runset to remove
         the overlap r1= R0,  x(-30900,-29900)  ; y(-10600,-7000) ideal=2 act_level=40 pic_level=2
         cap_level=2 r2= R0,  x(-30900,-29900)  ; y(-11900,-6550) ideal=50 act_level=106
 pic_level=2
         cap_level=3 (EX-78)
WARNING: Two Overlapping rectangles with different cap_levels and same picture levels Layer ngate
         overlaps with POLS Suggested Fix in Transistor Level: Use Boolean Not in runset to remove
         the overlap r1= R0,  x(-30400,-30400)  ; y(-8800,-8800) ideal=2 act_level=40 pic_level=2
         cap_level=2 r2= R0,  x(-30900,-29900)  ; y(-11900,-6550) ideal=50 act_level=106
 pic_level=2
         cap_level=3 (EX-78)
WARNING: Two Overlapping rectangles with different cap_levels and same picture levels Layer ngate
         overlaps with POLS Suggested Fix in Transistor Level: Use Boolean Not in runset to remove
         the overlap r1= R0,  x(-30400,-30400)  ; y(-8800,-8800) ideal=2 act_level=40 pic_level=2
         cap_level=2 r2= R0,  x(-30900,-29900)  ; y(-11900,-6550) ideal=50 act_level=106
 pic_level=2
         cap_level=3 (EX-78)
WARNING: Two Overlapping rectangles with different cap_levels and same picture levels Layer pgate
         overlaps with POLS Suggested Fix in Transistor Level: Use Boolean Not in runset to remove
         the overlap r1= R0,  x(-3600,-2600)  ; y(12300,19500) ideal=2 act_level=57 pic_level=2
         cap_level=2 r2= R0,  x(-3600,-2600)  ; y(11850,20800) ideal=54 act_level=106 pic_level=2
         cap_level=3 (EX-78)
WARNING: Two Overlapping rectangles with different cap_levels and same picture levels Layer pgate
         overlaps with POLS Suggested Fix in Transistor Level: Use Boolean Not in runset to remove
         the overlap r1= R0,  x(-3600,-2600)  ; y(12300,19500) ideal=2 act_level=57 pic_level=2
         cap_level=2 r2= R0,  x(-3600,-2600)  ; y(11850,20800) ideal=54 act_level=106 pic_level=2
         cap_level=3 (EX-78)
WARNING: Two Overlapping rectangles with different cap_levels and same picture levels Layer pgate
         overlaps with POLS Suggested Fix in Transistor Level: Use Boolean Not in runset to remove
         the overlap r1= R0,  x(-3600,-2600)  ; y(12300,19500) ideal=2 act_level=57 pic_level=2
         cap_level=2 r2= R0,  x(-3600,-2600)  ; y(11850,20800) ideal=54 act_level=106 pic_level=2
         cap_level=3 (EX-78)
WARNING: Two Overlapping rectangles with different cap_levels and same picture levels Layer pgate
         overlaps with POLS Suggested Fix in Transistor Level: Use Boolean Not in runset to remove
         the overlap r1= R0,  x(-3100,-3100)  ; y(15900,15900) ideal=2 act_level=57 pic_level=2
         cap_level=2 r2= R0,  x(-3600,-2600)  ; y(11850,20800) ideal=54 act_level=106 pic_level=2
         cap_level=3 (EX-78)
WARNING: Two Overlapping rectangles with different cap_levels and same picture levels Layer pgate
         overlaps with POLS Suggested Fix in Transistor Level: Use Boolean Not in runset to remove
         the overlap r1= R0,  x(-3100,-3100)  ; y(15900,15900) ideal=2 act_level=57 pic_level=2
         cap_level=2 r2= R0,  x(-3600,-2600)  ; y(11850,20800) ideal=54 act_level=106 pic_level=2
         cap_level=3 (EX-78)
Completed   5%  Time=00:00:00  RemainingTime=00:00:00  Mem=356.27
WARNING: Two Overlapping rectangles with different cap_levels and same picture levels Layer ngate
         overlaps with POLS Suggested Fix in Transistor Level: Use Boolean Not in runset to remove
         the overlap r1= R0,  x(-12700,-11700)  ; y(-10350,-6750) ideal=5 act_level=40 pic_level=2
         cap_level=2 r2= R0,  x(-12700,-11700)  ; y(-11650,10850) ideal=53 act_level=106
 pic_level=2
         cap_level=3 (EX-78)
WARNING: Two Overlapping rectangles with different cap_levels and same picture levels Layer ngate
         overlaps with POLS Suggested Fix in Transistor Level: Use Boolean Not in runset to remove
         the overlap r1= R0,  x(-12700,-11700)  ; y(-10350,-6750) ideal=5 act_level=40 pic_level=2
         cap_level=2 r2= R0,  x(-12700,-11700)  ; y(-11650,10850) ideal=53 act_level=106
 pic_level=2
         cap_level=3 (EX-78)
WARNING: Two Overlapping rectangles with different cap_levels and same picture levels Layer ngate
         overlaps with POLS Suggested Fix in Transistor Level: Use Boolean Not in runset to remove
         the overlap r1= R0,  x(-12700,-11700)  ; y(-10350,-6750) ideal=5 act_level=40 pic_level=2
         cap_level=2 r2= R0,  x(-12700,-11700)  ; y(-11650,10850) ideal=53 act_level=106
 pic_level=2
         cap_level=3 (EX-78)
WARNING: Two Overlapping rectangles with different cap_levels and same picture levels Layer pgate
         overlaps with POLS Suggested Fix in Transistor Level: Use Boolean Not in runset to remove
         the overlap r1= R0,  x(-12700,-11700)  ; y(12300,19500) ideal=5 act_level=57 pic_level=2
         cap_level=2 r2= R0,  x(-12700,-11700)  ; y(11850,20800) ideal=53 act_level=106 pic_level=2
         cap_level=3 (EX-78)
WARNING: Two Overlapping rectangles with different cap_levels and same picture levels Layer pgate
         overlaps with POLS Suggested Fix in Transistor Level: Use Boolean Not in runset to remove
         the overlap r1= R0,  x(-12700,-11700)  ; y(12300,19500) ideal=5 act_level=57 pic_level=2
         cap_level=2 r2= R0,  x(-12700,-11700)  ; y(11850,20800) ideal=53 act_level=106 pic_level=2
         cap_level=3 (EX-78)
WARNING: Two Overlapping rectangles with different cap_levels and same picture levels Layer pgate
         overlaps with POLS Suggested Fix in Transistor Level: Use Boolean Not in runset to remove
         the overlap r1= R0,  x(-12700,-11700)  ; y(12300,19500) ideal=5 act_level=57 pic_level=2
         cap_level=2 r2= R0,  x(-12700,-11700)  ; y(11850,20800) ideal=53 act_level=106 pic_level=2
         cap_level=3 (EX-78)
WARNING: Two Overlapping rectangles with different cap_levels and same picture levels Layer ngate
         overlaps with POLS Suggested Fix in Transistor Level: Use Boolean Not in runset to remove
         the overlap r1= R0,  x(-12200,-12200)  ; y(-8550,-8550) ideal=5 act_level=40 pic_level=2
         cap_level=2 r2= R0,  x(-12700,-11700)  ; y(-11650,10850) ideal=53 act_level=106
 pic_level=2
         cap_level=3 (EX-78)
WARNING: Two Overlapping rectangles with different cap_levels and same picture levels Layer ngate
         overlaps with POLS Suggested Fix in Transistor Level: Use Boolean Not in runset to remove
         the overlap r1= R0,  x(-12200,-12200)  ; y(-8550,-8550) ideal=5 act_level=40 pic_level=2
         cap_level=2 r2= R0,  x(-12700,-11700)  ; y(-11650,10850) ideal=53 act_level=106
 pic_level=2
         cap_level=3 (EX-78)
WARNING: Two Overlapping rectangles with different cap_levels and same picture levels Layer pgate
         overlaps with POLS Suggested Fix in Transistor Level: Use Boolean Not in runset to remove
         the overlap r1= R0,  x(-12200,-12200)  ; y(15900,15900) ideal=5 act_level=57 pic_level=2
         cap_level=2 r2= R0,  x(-12700,-11700)  ; y(11850,20800) ideal=53 act_level=106 pic_level=2
         cap_level=3 (EX-78)
WARNING: Two Overlapping rectangles with different cap_levels and same picture levels Layer pgate
         overlaps with POLS Suggested Fix in Transistor Level: Use Boolean Not in runset to remove
         the overlap r1= R0,  x(-12200,-12200)  ; y(15900,15900) ideal=5 act_level=57 pic_level=2
         cap_level=2 r2= R0,  x(-12700,-11700)  ; y(11850,20800) ideal=53 act_level=106 pic_level=2
         cap_level=3 (EX-78)
Completed   8%  Time=00:00:00  RemainingTime=00:00:00  Mem=356.27
WARNING: Two Overlapping rectangles with different cap_levels and same picture levels Layer ngate
         overlaps with POLS Suggested Fix in Transistor Level: Use Boolean Not in runset to remove
         the overlap r1= R0,  x(-58200,-57200)  ; y(-10750,-7150) ideal=8 act_level=40 pic_level=2
         cap_level=2 r2= R0,  x(-58200,-57200)  ; y(-12050,7500) ideal=46 act_level=106 pic_level=2
         cap_level=3 (EX-78)
WARNING: Two Overlapping rectangles with different cap_levels and same picture levels Layer ngate
         overlaps with POLS Suggested Fix in Transistor Level: Use Boolean Not in runset to remove
         the overlap r1= R0,  x(-58200,-57200)  ; y(-10750,-7150) ideal=8 act_level=40 pic_level=2
         cap_level=2 r2= R0,  x(-58200,-57200)  ; y(-12050,7500) ideal=46 act_level=106 pic_level=2
         cap_level=3 (EX-78)
WARNING: Two Overlapping rectangles with different cap_levels and same picture levels Layer ngate
         overlaps with POLS Suggested Fix in Transistor Level: Use Boolean Not in runset to remove
         the overlap r1= R0,  x(-58200,-57200)  ; y(-10750,-7150) ideal=8 act_level=40 pic_level=2
         cap_level=2 r2= R0,  x(-58200,-57200)  ; y(-12050,7500) ideal=46 act_level=106 pic_level=2
         cap_level=3 (EX-78)
WARNING: Two Overlapping rectangles with different cap_levels and same picture levels Layer ngate
         overlaps with POLS Suggested Fix in Transistor Level: Use Boolean Not in runset to remove
         the overlap r1= R0,  x(-58200,-57200)  ; y(-10750,-7150) ideal=8 act_level=40 pic_level=2
         cap_level=2 r2= R0,  x(-58200,-57200)  ; y(-12050,7500) ideal=46 act_level=106 pic_level=2
         cap_level=3 (EX-78)
WARNING: Two Overlapping rectangles with different cap_levels and same picture levels Layer ngate
         overlaps with POLS Suggested Fix in Transistor Level: Use Boolean Not in runset to remove
         the overlap r1= R0,  x(-58200,-57200)  ; y(-10750,-7150) ideal=8 act_level=40 pic_level=2
         cap_level=2 r2= R0,  x(-58200,-57200)  ; y(-12050,7500) ideal=46 act_level=106 pic_level=2
         cap_level=3 (EX-78)
WARNING: Two Overlapping rectangles with different cap_levels and same picture levels Layer pgate
         overlaps with POLS Suggested Fix in Transistor Level: Use Boolean Not in runset to remove
         the overlap r1= R0,  x(-58200,-57200)  ; y(12300,19500) ideal=8 act_level=57 pic_level=2
         cap_level=2 r2= R0,  x(-58200,-57200)  ; y(9000,20800) ideal=46 act_level=106 pic_level=2
         cap_level=3 (EX-78)
WARNING: Two Overlapping rectangles with different cap_levels and same picture levels Layer pgate
         overlaps with POLS Suggested Fix in Transistor Level: Use Boolean Not in runset to remove
         the overlap r1= R0,  x(-58200,-57200)  ; y(12300,19500) ideal=8 act_level=57 pic_level=2
         cap_level=2 r2= R0,  x(-58200,-57200)  ; y(9000,20800) ideal=46 act_level=106 pic_level=2
         cap_level=3 (EX-78)
WARNING: Two Overlapping rectangles with different cap_levels and same picture levels Layer pgate
         overlaps with POLS Suggested Fix in Transistor Level: Use Boolean Not in runset to remove
         the overlap r1= R0,  x(-58200,-57200)  ; y(12300,19500) ideal=8 act_level=57 pic_level=2
         cap_level=2 r2= R0,  x(-58200,-57200)  ; y(9000,20800) ideal=46 act_level=106 pic_level=2
         cap_level=3 (EX-78)
WARNING: Two Overlapping rectangles with different cap_levels and same picture levels Layer pgate
         overlaps with POLS Suggested Fix in Transistor Level: Use Boolean Not in runset to remove
         the overlap r1= R0,  x(-58200,-57200)  ; y(12300,19500) ideal=8 act_level=57 pic_level=2
         cap_level=2 r2= R0,  x(-58200,-57200)  ; y(9000,20800) ideal=46 act_level=106 pic_level=2
         cap_level=3 (EX-78)
WARNING: Two Overlapping rectangles with different cap_levels and same picture levels Layer pgate
         overlaps with POLS Suggested Fix in Transistor Level: Use Boolean Not in runset to remove
         the overlap r1= R0,  x(-58200,-57200)  ; y(12300,19500) ideal=8 act_level=57 pic_level=2
         cap_level=2 r2= R0,  x(-58200,-57200)  ; y(9000,20800) ideal=46 act_level=106 pic_level=2
         cap_level=3 (EX-78)
WARNING: Two Overlapping rectangles with different cap_levels and same picture levels Layer ngate
         overlaps with POLS Suggested Fix in Transistor Level: Use Boolean Not in runset to remove
         the overlap r1= R0,  x(-57700,-57700)  ; y(-8950,-8950) ideal=8 act_level=40 pic_level=2
         cap_level=2 r2= R0,  x(-58200,-57200)  ; y(-12050,7500) ideal=46 act_level=106 pic_level=2
         cap_level=3 (EX-78)
WARNING: Two Overlapping rectangles with different cap_levels and same picture levels Layer ngate
         overlaps with POLS Suggested Fix in Transistor Level: Use Boolean Not in runset to remove
         the overlap r1= R0,  x(-57700,-57700)  ; y(-8950,-8950) ideal=8 act_level=40 pic_level=2
         cap_level=2 r2= R0,  x(-58200,-57200)  ; y(-12050,7500) ideal=46 act_level=106 pic_level=2
         cap_level=3 (EX-78)
WARNING: Two Overlapping rectangles with different cap_levels and same picture levels Layer pgate
         overlaps with POLS Suggested Fix in Transistor Level: Use Boolean Not in runset to remove
         the overlap r1= R0,  x(-57700,-57700)  ; y(15900,15900) ideal=8 act_level=57 pic_level=2
         cap_level=2 r2= R0,  x(-58200,-57200)  ; y(9000,20800) ideal=46 act_level=106 pic_level=2
         cap_level=3 (EX-78)
WARNING: Two Overlapping rectangles with different cap_levels and same picture levels Layer pgate
         overlaps with POLS Suggested Fix in Transistor Level: Use Boolean Not in runset to remove
         the overlap r1= R0,  x(-57700,-57700)  ; y(15900,15900) ideal=8 act_level=57 pic_level=2
         cap_level=2 r2= R0,  x(-58200,-57200)  ; y(9000,20800) ideal=46 act_level=106 pic_level=2
         cap_level=3 (EX-78)
Completed  12%  Time=00:00:00  RemainingTime=00:00:00  Mem=356.27
WARNING: Two Overlapping rectangles with different cap_levels and same picture levels Layer ngate
         overlaps with POLS Suggested Fix in Transistor Level: Use Boolean Not in runset to remove
         the overlap r1= R0,  x(-49100,-48100)  ; y(-10800,-7200) ideal=9 act_level=40 pic_level=2
         cap_level=2 r2= R0,  x(-49100,-48100)  ; y(-12100,7550) ideal=47 act_level=106 pic_level=2
         cap_level=3 (EX-78)
WARNING: Two Overlapping rectangles with different cap_levels and same picture levels Layer ngate
         overlaps with POLS Suggested Fix in Transistor Level: Use Boolean Not in runset to remove
         the overlap r1= R0,  x(-49100,-48100)  ; y(-10800,-7200) ideal=9 act_level=40 pic_level=2
         cap_level=2 r2= R0,  x(-49100,-48100)  ; y(-12100,7550) ideal=47 act_level=106 pic_level=2
         cap_level=3 (EX-78)
WARNING: Two Overlapping rectangles with different cap_levels and same picture levels Layer ngate
         overlaps with POLS Suggested Fix in Transistor Level: Use Boolean Not in runset to remove
         the overlap r1= R0,  x(-49100,-48100)  ; y(-10800,-7200) ideal=9 act_level=40 pic_level=2
         cap_level=2 r2= R0,  x(-49100,-48100)  ; y(-12100,7550) ideal=47 act_level=106 pic_level=2
         cap_level=3 (EX-78)
WARNING: Two Overlapping rectangles with different cap_levels and same picture levels Layer pgate
         overlaps with POLS Suggested Fix in Transistor Level: Use Boolean Not in runset to remove
         the overlap r1= R0,  x(-49100,-48100)  ; y(12300,19500) ideal=9 act_level=57 pic_level=2
         cap_level=2 r2= R0,  x(-49100,-48100)  ; y(9000,20800) ideal=47 act_level=106 pic_level=2
         cap_level=3 (EX-78)
WARNING: Two Overlapping rectangles with different cap_levels and same picture levels Layer pgate
         overlaps with POLS Suggested Fix in Transistor Level: Use Boolean Not in runset to remove
         the overlap r1= R0,  x(-49100,-48100)  ; y(12300,19500) ideal=9 act_level=57 pic_level=2
         cap_level=2 r2= R0,  x(-49100,-48100)  ; y(9000,20800) ideal=47 act_level=106 pic_level=2
         cap_level=3 (EX-78)
WARNING: Two Overlapping rectangles with different cap_levels and same picture levels Layer pgate
         overlaps with POLS Suggested Fix in Transistor Level: Use Boolean Not in runset to remove
         the overlap r1= R0,  x(-49100,-48100)  ; y(12300,19500) ideal=9 act_level=57 pic_level=2
         cap_level=2 r2= R0,  x(-49100,-48100)  ; y(9000,20800) ideal=47 act_level=106 pic_level=2
         cap_level=3 (EX-78)
WARNING: Two Overlapping rectangles with different cap_levels and same picture levels Layer ngate
         overlaps with POLS Suggested Fix in Transistor Level: Use Boolean Not in runset to remove
         the overlap r1= R0,  x(-48600,-48600)  ; y(-9000,-9000) ideal=9 act_level=40 pic_level=2
         cap_level=2 r2= R0,  x(-49100,-48100)  ; y(-12100,7550) ideal=47 act_level=106 pic_level=2
         cap_level=3 (EX-78)
WARNING: Two Overlapping rectangles with different cap_levels and same picture levels Layer ngate
         overlaps with POLS Suggested Fix in Transistor Level: Use Boolean Not in runset to remove
         the overlap r1= R0,  x(-48600,-48600)  ; y(-9000,-9000) ideal=9 act_level=40 pic_level=2
         cap_level=2 r2= R0,  x(-49100,-48100)  ; y(-12100,7550) ideal=47 act_level=106 pic_level=2
         cap_level=3 (EX-78)
WARNING: Two Overlapping rectangles with different cap_levels and same picture levels Layer pgate
         overlaps with POLS Suggested Fix in Transistor Level: Use Boolean Not in runset to remove
         the overlap r1= R0,  x(-48600,-48600)  ; y(15900,15900) ideal=9 act_level=57 pic_level=2
         cap_level=2 r2= R0,  x(-49100,-48100)  ; y(9000,20800) ideal=47 act_level=106 pic_level=2
         cap_level=3 (EX-78)
WARNING: Two Overlapping rectangles with different cap_levels and same picture levels Layer pgate
         overlaps with POLS Suggested Fix in Transistor Level: Use Boolean Not in runset to remove
         the overlap r1= R0,  x(-48600,-48600)  ; y(15900,15900) ideal=9 act_level=57 pic_level=2
         cap_level=2 r2= R0,  x(-49100,-48100)  ; y(9000,20800) ideal=47 act_level=106 pic_level=2
         cap_level=3 (EX-78)
Completed  16%  Time=00:00:00  RemainingTime=00:00:00  Mem=356.27
Completed  19%  Time=00:00:00  RemainingTime=00:00:00  Mem=356.27
Completed  23%  Time=00:00:00  RemainingTime=00:00:00  Mem=356.27
Completed  26%  Time=00:00:00  RemainingTime=00:00:00  Mem=356.27
Completed  30%  Time=00:00:00  RemainingTime=00:00:00  Mem=356.27
Completed  33%  Time=00:00:00  RemainingTime=00:00:00  Mem=356.27
Completed  37%  Time=00:00:00  RemainingTime=00:00:00  Mem=356.27
Completed  41%  Time=00:00:00  RemainingTime=00:00:00  Mem=356.27
Completed  44%  Time=00:00:00  RemainingTime=00:00:00  Mem=356.27
Completed  48%  Time=00:00:00  RemainingTime=00:00:00  Mem=356.27
Completed  51%  Time=00:00:00  RemainingTime=00:00:00  Mem=356.27
Completed  55%  Time=00:00:00  RemainingTime=00:00:00  Mem=356.27
Completed  58%  Time=00:00:00  RemainingTime=00:00:00  Mem=356.27
Completed  62%  Time=00:00:00  RemainingTime=00:00:00  Mem=356.27
Completed  66%  Time=00:00:00  RemainingTime=00:00:00  Mem=356.27
Completed  69%  Time=00:00:00  RemainingTime=00:00:00  Mem=356.27
Completed  73%  Time=00:00:00  RemainingTime=00:00:00  Mem=356.27
WARNING: Two Overlapping rectangles with different cap_levels and same picture levels Layer POLS
         overlaps with pgate Suggested Fix in Transistor Level: Use Boolean Not in runset to remove
         the overlap r1= R0,  x(-67300,-66300)  ; y(5550,20800) ideal=44 act_level=106 pic_level=2
         cap_level=3 r2= R0,  x(-67300,-66300)  ; y(12300,19500) ideal=2 act_level=57 pic_level=2
         cap_level=2 (EX-78)
WARNING: Two Overlapping rectangles with different cap_levels and same picture levels Layer POLS
         overlaps with pgate Suggested Fix in Transistor Level: Use Boolean Not in runset to remove
         the overlap r1= R0,  x(-67300,-66300)  ; y(5550,20800) ideal=44 act_level=106 pic_level=2
         cap_level=3 r2= R0,  x(-67300,-66300)  ; y(12300,19500) ideal=2 act_level=57 pic_level=2
         cap_level=2 (EX-78)
Completed  76%  Time=00:00:00  RemainingTime=00:00:00  Mem=356.27
WARNING: Two Overlapping rectangles with different cap_levels and same picture levels Layer POLS
         overlaps with ngate Suggested Fix in Transistor Level: Use Boolean Not in runset to remove
         the overlap r1= R0,  x(-67300,-66300)  ; y(-11950,-6600) ideal=45 act_level=106
 pic_level=2
         cap_level=3 r2= R0,  x(-67300,-66300)  ; y(-10650,-7050) ideal=57 act_level=40 pic_level=2
         cap_level=2 (EX-78)
WARNING: Two Overlapping rectangles with different cap_levels and same picture levels Layer POLS
         overlaps with ngate Suggested Fix in Transistor Level: Use Boolean Not in runset to remove
         the overlap r1= R0,  x(-67300,-66300)  ; y(-11950,-6600) ideal=45 act_level=106
 pic_level=2
         cap_level=3 r2= R0,  x(-67300,-66300)  ; y(-10650,-7050) ideal=57 act_level=40 pic_level=2
         cap_level=2 (EX-78)
WARNING: Two Overlapping rectangles with different cap_levels and same picture levels Layer POLS
         overlaps with ngate Suggested Fix in Transistor Level: Use Boolean Not in runset to remove
         the overlap r1= R0,  x(-67300,-66300)  ; y(-11950,-6600) ideal=45 act_level=106
 pic_level=2
         cap_level=3 r2= R0,  x(-67300,-66300)  ; y(-10650,-7050) ideal=57 act_level=40 pic_level=2
         cap_level=2 (EX-78)
WARNING: Two Overlapping rectangles with different cap_levels and same picture levels Layer POLS
         overlaps with ngate Suggested Fix in Transistor Level: Use Boolean Not in runset to remove
         the overlap r1= R0,  x(-67300,-66300)  ; y(-11950,-6600) ideal=45 act_level=106
 pic_level=2
         cap_level=3 r2= R0,  x(-66800,-66800)  ; y(-8850,-8850) ideal=57 act_level=40 pic_level=2
         cap_level=2 (EX-78)
WARNING: Two Overlapping rectangles with different cap_levels and same picture levels Layer POLS
         overlaps with ngate Suggested Fix in Transistor Level: Use Boolean Not in runset to remove
         the overlap r1= R0,  x(-58200,-57200)  ; y(-12050,7500) ideal=46 act_level=106 pic_level=2
         cap_level=3 r2= R0,  x(-58200,-57200)  ; y(-10750,-7150) ideal=8 act_level=40 pic_level=2
         cap_level=2 (EX-78)
WARNING: Two Overlapping rectangles with different cap_levels and same picture levels Layer POLS
         overlaps with ngate Suggested Fix in Transistor Level: Use Boolean Not in runset to remove
         the overlap r1= R0,  x(-58200,-57200)  ; y(-12050,7500) ideal=46 act_level=106 pic_level=2
         cap_level=3 r2= R0,  x(-58200,-57200)  ; y(-10750,-7150) ideal=8 act_level=40 pic_level=2
         cap_level=2 (EX-78)
WARNING: Two Overlapping rectangles with different cap_levels and same picture levels Layer POLS
         overlaps with ngate Suggested Fix in Transistor Level: Use Boolean Not in runset to remove
         the overlap r1= R0,  x(-58200,-57200)  ; y(-12050,7500) ideal=46 act_level=106 pic_level=2
         cap_level=3 r2= R0,  x(-58200,-57200)  ; y(-10750,-7150) ideal=8 act_level=40 pic_level=2
         cap_level=2 (EX-78)
WARNING: Two Overlapping rectangles with different cap_levels and same picture levels Layer POLS
         overlaps with ngate Suggested Fix in Transistor Level: Use Boolean Not in runset to remove
         the overlap r1= R0,  x(-58200,-57200)  ; y(-12050,7500) ideal=46 act_level=106 pic_level=2
         cap_level=3 r2= R0,  x(-58200,-57200)  ; y(-10750,-7150) ideal=8 act_level=40 pic_level=2
         cap_level=2 (EX-78)
WARNING: Two Overlapping rectangles with different cap_levels and same picture levels Layer POLS
         overlaps with ngate Suggested Fix in Transistor Level: Use Boolean Not in runset to remove
         the overlap r1= R0,  x(-58200,-57200)  ; y(-12050,7500) ideal=46 act_level=106 pic_level=2
         cap_level=3 r2= R0,  x(-58200,-57200)  ; y(-10750,-7150) ideal=8 act_level=40 pic_level=2
         cap_level=2 (EX-78)
WARNING: Two Overlapping rectangles with different cap_levels and same picture levels Layer POLS
         overlaps with pgate Suggested Fix in Transistor Level: Use Boolean Not in runset to remove
         the overlap r1= R0,  x(-58200,-57200)  ; y(9000,20800) ideal=46 act_level=106 pic_level=2
         cap_level=3 r2= R0,  x(-58200,-57200)  ; y(12300,19500) ideal=8 act_level=57 pic_level=2
         cap_level=2 (EX-78)
WARNING: Two Overlapping rectangles with different cap_levels and same picture levels Layer POLS
         overlaps with pgate Suggested Fix in Transistor Level: Use Boolean Not in runset to remove
         the overlap r1= R0,  x(-58200,-57200)  ; y(9000,20800) ideal=46 act_level=106 pic_level=2
         cap_level=3 r2= R0,  x(-58200,-57200)  ; y(12300,19500) ideal=8 act_level=57 pic_level=2
         cap_level=2 (EX-78)
WARNING: Two Overlapping rectangles with different cap_levels and same picture levels Layer POLS
         overlaps with pgate Suggested Fix in Transistor Level: Use Boolean Not in runset to remove
         the overlap r1= R0,  x(-58200,-57200)  ; y(9000,20800) ideal=46 act_level=106 pic_level=2
         cap_level=3 r2= R0,  x(-58200,-57200)  ; y(12300,19500) ideal=8 act_level=57 pic_level=2
         cap_level=2 (EX-78)
WARNING: Two Overlapping rectangles with different cap_levels and same picture levels Layer POLS
         overlaps with pgate Suggested Fix in Transistor Level: Use Boolean Not in runset to remove
         the overlap r1= R0,  x(-58200,-57200)  ; y(9000,20800) ideal=46 act_level=106 pic_level=2
         cap_level=3 r2= R0,  x(-58200,-57200)  ; y(12300,19500) ideal=8 act_level=57 pic_level=2
         cap_level=2 (EX-78)
WARNING: Two Overlapping rectangles with different cap_levels and same picture levels Layer POLS
         overlaps with pgate Suggested Fix in Transistor Level: Use Boolean Not in runset to remove
         the overlap r1= R0,  x(-58200,-57200)  ; y(9000,20800) ideal=46 act_level=106 pic_level=2
         cap_level=3 r2= R0,  x(-58200,-57200)  ; y(12300,19500) ideal=8 act_level=57 pic_level=2
         cap_level=2 (EX-78)
Completed  80%  Time=00:00:00  RemainingTime=00:00:00  Mem=356.27
WARNING: Two Overlapping rectangles with different cap_levels and same picture levels Layer POLS
         overlaps with ngate Suggested Fix in Transistor Level: Use Boolean Not in runset to remove
         the overlap r1= R0,  x(-49100,-48100)  ; y(-12100,7550) ideal=47 act_level=106 pic_level=2
         cap_level=3 r2= R0,  x(-49100,-48100)  ; y(-10800,-7200) ideal=9 act_level=40 pic_level=2
         cap_level=2 (EX-78)
WARNING: Two Overlapping rectangles with different cap_levels and same picture levels Layer POLS
         overlaps with ngate Suggested Fix in Transistor Level: Use Boolean Not in runset to remove
         the overlap r1= R0,  x(-49100,-48100)  ; y(-12100,7550) ideal=47 act_level=106 pic_level=2
         cap_level=3 r2= R0,  x(-49100,-48100)  ; y(-10800,-7200) ideal=9 act_level=40 pic_level=2
         cap_level=2 (EX-78)
WARNING: Two Overlapping rectangles with different cap_levels and same picture levels Layer POLS
         overlaps with ngate Suggested Fix in Transistor Level: Use Boolean Not in runset to remove
         the overlap r1= R0,  x(-49100,-48100)  ; y(-12100,7550) ideal=47 act_level=106 pic_level=2
         cap_level=3 r2= R0,  x(-49100,-48100)  ; y(-10800,-7200) ideal=9 act_level=40 pic_level=2
         cap_level=2 (EX-78)
WARNING: Two Overlapping rectangles with different cap_levels and same picture levels Layer POLS
         overlaps with pgate Suggested Fix in Transistor Level: Use Boolean Not in runset to remove
         the overlap r1= R0,  x(-49100,-48100)  ; y(9000,20800) ideal=47 act_level=106 pic_level=2
         cap_level=3 r2= R0,  x(-49100,-48100)  ; y(12300,19500) ideal=9 act_level=57 pic_level=2
         cap_level=2 (EX-78)
WARNING: Two Overlapping rectangles with different cap_levels and same picture levels Layer POLS
         overlaps with pgate Suggested Fix in Transistor Level: Use Boolean Not in runset to remove
         the overlap r1= R0,  x(-49100,-48100)  ; y(9000,20800) ideal=47 act_level=106 pic_level=2
         cap_level=3 r2= R0,  x(-49100,-48100)  ; y(12300,19500) ideal=9 act_level=57 pic_level=2
         cap_level=2 (EX-78)
WARNING: Two Overlapping rectangles with different cap_levels and same picture levels Layer POLS
         overlaps with pgate Suggested Fix in Transistor Level: Use Boolean Not in runset to remove
         the overlap r1= R0,  x(-49100,-48100)  ; y(9000,20800) ideal=47 act_level=106 pic_level=2
         cap_level=3 r2= R0,  x(-49100,-48100)  ; y(12300,19500) ideal=9 act_level=57 pic_level=2
         cap_level=2 (EX-78)
WARNING: Two Overlapping rectangles with different cap_levels and same picture levels Layer POLS
         overlaps with pgate Suggested Fix in Transistor Level: Use Boolean Not in runset to remove
         the overlap r1= R0,  x(-40000,-39000)  ; y(11850,20800) ideal=48 act_level=106 pic_level=2
         cap_level=3 r2= R0,  x(-40000,-39000)  ; y(12300,19500) ideal=57 act_level=57 pic_level=2
         cap_level=2 (EX-78)
WARNING: Two Overlapping rectangles with different cap_levels and same picture levels Layer POLS
         overlaps with pgate Suggested Fix in Transistor Level: Use Boolean Not in runset to remove
         the overlap r1= R0,  x(-40000,-39000)  ; y(11850,20800) ideal=48 act_level=106 pic_level=2
         cap_level=3 r2= R0,  x(-40000,-39000)  ; y(12300,19500) ideal=57 act_level=57 pic_level=2
         cap_level=2 (EX-78)
WARNING: Two Overlapping rectangles with different cap_levels and same picture levels Layer POLS
         overlaps with pgate Suggested Fix in Transistor Level: Use Boolean Not in runset to remove
         the overlap r1= R0,  x(-40000,-39000)  ; y(11850,20800) ideal=48 act_level=106 pic_level=2
         cap_level=3 r2= R0,  x(-40000,-39000)  ; y(12300,19500) ideal=57 act_level=57 pic_level=2
         cap_level=2 (EX-78)
WARNING: Two Overlapping rectangles with different cap_levels and same picture levels Layer POLS
         overlaps with pgate Suggested Fix in Transistor Level: Use Boolean Not in runset to remove
         the overlap r1= R0,  x(-40000,-39000)  ; y(11850,20800) ideal=48 act_level=106 pic_level=2
         cap_level=3 r2= R0,  x(-39500,-39500)  ; y(15900,15900) ideal=57 act_level=57 pic_level=2
         cap_level=2 (EX-78)
WARNING: Two Overlapping rectangles with different cap_levels and same picture levels Layer POLS
         overlaps with pgate Suggested Fix in Transistor Level: Use Boolean Not in runset to remove
         the overlap r1= R0,  x(-40000,-39000)  ; y(11850,20800) ideal=48 act_level=106 pic_level=2
         cap_level=3 r2= R0,  x(-40000,-39000)  ; y(12300,19500) ideal=57 act_level=57 pic_level=2
         cap_level=2 (EX-78)
WARNING: Two Overlapping rectangles with different cap_levels and same picture levels Layer POLS
         overlaps with pgate Suggested Fix in Transistor Level: Use Boolean Not in runset to remove
         the overlap r1= R0,  x(-40000,-39000)  ; y(11850,20800) ideal=48 act_level=106 pic_level=2
         cap_level=3 r2= R0,  x(-40000,-39000)  ; y(12300,19500) ideal=57 act_level=57 pic_level=2
         cap_level=2 (EX-78)
Completed  83%  Time=00:00:00  RemainingTime=00:00:00  Mem=356.27
WARNING: Two Overlapping rectangles with different cap_levels and same picture levels Layer POLS
         overlaps with pgate Suggested Fix in Transistor Level: Use Boolean Not in runset to remove
         the overlap r1= R0,  x(-30900,-29900)  ; y(11850,20800) ideal=49 act_level=106 pic_level=2
         cap_level=3 r2= R0,  x(-30900,-29900)  ; y(12300,19500) ideal=57 act_level=57 pic_level=2
         cap_level=2 (EX-78)
WARNING: Two Overlapping rectangles with different cap_levels and same picture levels Layer POLS
         overlaps with pgate Suggested Fix in Transistor Level: Use Boolean Not in runset to remove
         the overlap r1= R0,  x(-30900,-29900)  ; y(11850,20800) ideal=49 act_level=106 pic_level=2
         cap_level=3 r2= R0,  x(-30900,-29900)  ; y(12300,19500) ideal=57 act_level=57 pic_level=2
         cap_level=2 (EX-78)
WARNING: Two Overlapping rectangles with different cap_levels and same picture levels Layer POLS
         overlaps with pgate Suggested Fix in Transistor Level: Use Boolean Not in runset to remove
         the overlap r1= R0,  x(-30900,-29900)  ; y(11850,20800) ideal=49 act_level=106 pic_level=2
         cap_level=3 r2= R0,  x(-30900,-29900)  ; y(12300,19500) ideal=57 act_level=57 pic_level=2
         cap_level=2 (EX-78)
WARNING: Two Overlapping rectangles with different cap_levels and same picture levels Layer POLS
         overlaps with pgate Suggested Fix in Transistor Level: Use Boolean Not in runset to remove
         the overlap r1= R0,  x(-30900,-29900)  ; y(11850,20800) ideal=49 act_level=106 pic_level=2
         cap_level=3 r2= R0,  x(-30400,-30400)  ; y(15900,15900) ideal=57 act_level=57 pic_level=2
         cap_level=2 (EX-78)
WARNING: Two Overlapping rectangles with different cap_levels and same picture levels Layer POLS
         overlaps with ngate Suggested Fix in Transistor Level: Use Boolean Not in runset to remove
         the overlap r1= R0,  x(-30900,-29900)  ; y(-11900,-6550) ideal=50 act_level=106
 pic_level=2
         cap_level=3 r2= R0,  x(-30900,-29900)  ; y(-10600,-7000) ideal=2 act_level=40 pic_level=2
         cap_level=2 (EX-78)
WARNING: Two Overlapping rectangles with different cap_levels and same picture levels Layer POLS
         overlaps with ngate Suggested Fix in Transistor Level: Use Boolean Not in runset to remove
         the overlap r1= R0,  x(-30900,-29900)  ; y(-11900,-6550) ideal=50 act_level=106
 pic_level=2
         cap_level=3 r2= R0,  x(-30900,-29900)  ; y(-10600,-7000) ideal=2 act_level=40 pic_level=2
         cap_level=2 (EX-78)
WARNING: Two Overlapping rectangles with different cap_levels and same picture levels Layer POLS
         overlaps with ngate Suggested Fix in Transistor Level: Use Boolean Not in runset to remove
         the overlap r1= R0,  x(-30900,-29900)  ; y(-11900,-6550) ideal=50 act_level=106
 pic_level=2
         cap_level=3 r2= R0,  x(-30900,-29900)  ; y(-10600,-7000) ideal=2 act_level=40 pic_level=2
         cap_level=2 (EX-78)
Completed  87%  Time=00:00:00  RemainingTime=00:00:00  Mem=356.27
WARNING: Two Overlapping rectangles with different cap_levels and same picture levels Layer POLS
         overlaps with ngate Suggested Fix in Transistor Level: Use Boolean Not in runset to remove
         the overlap r1= R0,  x(-40000,-39000)  ; y(-11700,-6350) ideal=51 act_level=106
 pic_level=2
         cap_level=3 r2= R0,  x(-40000,-39000)  ; y(-10400,-6800) ideal=2 act_level=40 pic_level=2
         cap_level=2 (EX-78)
WARNING: Two Overlapping rectangles with different cap_levels and same picture levels Layer POLS
         overlaps with ngate Suggested Fix in Transistor Level: Use Boolean Not in runset to remove
         the overlap r1= R0,  x(-40000,-39000)  ; y(-11700,-6350) ideal=51 act_level=106
 pic_level=2
         cap_level=3 r2= R0,  x(-40000,-39000)  ; y(-10400,-6800) ideal=2 act_level=40 pic_level=2
         cap_level=2 (EX-78)
WARNING: Two Overlapping rectangles with different cap_levels and same picture levels Layer POLS
         overlaps with ngate Suggested Fix in Transistor Level: Use Boolean Not in runset to remove
         the overlap r1= R0,  x(-40000,-39000)  ; y(-11700,-6350) ideal=51 act_level=106
 pic_level=2
         cap_level=3 r2= R0,  x(-40000,-39000)  ; y(-10400,-6800) ideal=2 act_level=40 pic_level=2
         cap_level=2 (EX-78)
WARNING: Two Overlapping rectangles with different cap_levels and same picture levels Layer POLS
         overlaps with ngate Suggested Fix in Transistor Level: Use Boolean Not in runset to remove
         the overlap r1= R0,  x(-40000,-39000)  ; y(-11700,-6350) ideal=51 act_level=106
 pic_level=2
         cap_level=3 r2= R0,  x(-40000,-39000)  ; y(-10400,-6800) ideal=2 act_level=40 pic_level=2
         cap_level=2 (EX-78)
WARNING: Two Overlapping rectangles with different cap_levels and same picture levels Layer POLS
         overlaps with ngate Suggested Fix in Transistor Level: Use Boolean Not in runset to remove
         the overlap r1= R0,  x(-40000,-39000)  ; y(-11700,-6350) ideal=51 act_level=106
 pic_level=2
         cap_level=3 r2= R0,  x(-40000,-39000)  ; y(-10400,-6800) ideal=2 act_level=40 pic_level=2
         cap_level=2 (EX-78)
Suppression: Message (EX-78) suppressed beyond 100 times
Completed  91%  Time=00:00:00  RemainingTime=00:00:00  Mem=356.27
Completed  94%  Time=00:00:00  RemainingTime=00:00:00  Mem=356.27
Completed  98%  Time=00:00:00  RemainingTime=00:00:00  Mem=356.27
Completed 100%  Time=00:00:00  RemainingTime=00:00:00  Mem=356.27
Extracted 1818 capacitors, 2449 resistors, 1480 nodes
Reduced to 738 nodes,  (50.1351%)
Reduced to 738 resistors,  (69.8653%)
Reduced to 1801 capacitors: 1610 Cc and 191 Cg (0.935094%)
  Warnings: 100    Errors: 0    (See file summary/xtract.sum)
  xTract        Elp=00:00:00 Cpu=00:00:00 Usr=0.1    Sys=0.1    Mem=356.3 
Done

xTract Post Process DB:  Mon Jun  8 10:28:47 2026
Completed   1%  Time=00:00:00  RemainingTime=00:00:00  Mem=225.973
Completed  10%  Time=00:00:00  RemainingTime=00:00:00  Mem=225.973
Completed  19%  Time=00:00:00  RemainingTime=00:00:00  Mem=225.973
Completed  28%  Time=00:00:00  RemainingTime=00:00:00  Mem=225.973
Completed  48%  Time=00:00:00  RemainingTime=00:00:00  Mem=225.973
Completed  67%  Time=00:00:00  RemainingTime=00:00:00  Mem=225.973
Completed  87%  Time=00:00:00  RemainingTime=00:00:00  Mem=225.973
Completed 100%  Time=00:00:00  RemainingTime=00:00:00  Mem=225.973
  Warnings: 0    Errors: 0
  xTractPP      Elp=00:00:00 Cpu=00:00:00 Usr=0.0    Sys=0.0    Mem=226.0 
Done

Report Violations:  Mon Jun  8 10:28:47 2026
WARNING: Found shorted nets (see file shorts_all.sum). The capacitances of these nets may be
         unreliable due to the shorts. (SX-0955)
  Warnings: 1    Errors: 0    (See file summary/report_violations.sum)
  ReportViolations Elp=00:00:00 Cpu=00:00:00 Usr=0.0    Sys=0.0    Mem=331.7 
Done

Netlist DB:  Mon Jun  8 10:28:48 2026
Completed   0%  Time=00:00:00  RemainingTime=00:00:00  Mem=257.309
Completed   2%  Time=00:00:00  RemainingTime=00:00:00  Mem=257.371
Completed   4%  Time=00:00:00  RemainingTime=00:00:00  Mem=257.371
Completed   6%  Time=00:00:00  RemainingTime=00:00:00  Mem=257.371
Completed   8%  Time=00:00:00  RemainingTime=00:00:00  Mem=257.434
Completed  10%  Time=00:00:00  RemainingTime=00:00:00  Mem=257.434
Completed  20%  Time=00:00:00  RemainingTime=00:00:00  Mem=257.559
Completed  30%  Time=00:00:00  RemainingTime=00:00:00  Mem=257.625
Completed  40%  Time=00:00:00  RemainingTime=00:00:00  Mem=257.688
Completed  50%  Time=00:00:00  RemainingTime=00:00:00  Mem=257.688
Completed  59%  Time=00:00:00  RemainingTime=00:00:00  Mem=257.75
Completed  69%  Time=00:00:00  RemainingTime=00:00:00  Mem=257.75
Completed  79%  Time=00:00:00  RemainingTime=00:00:00  Mem=257.75
Completed  89%  Time=00:00:00  RemainingTime=00:00:00  Mem=257.812
Completed  99%  Time=00:00:00  RemainingTime=00:00:00  Mem=257.812
Completed 100%  Time=00:00:00  RemainingTime=00:00:00  Mem=257.812
  Warnings: 0    Errors: 0
  Netlist       Elp=00:00:01 Cpu=00:00:00 Usr=0.0    Sys=0.0    Mem=257.8 
Done
  
Setup            Elp=00:00:02 Cpu=00:00:01 Usr=1.3    Sys=0.0    Mem=429.2 
Layers           Elp=00:00:00 Cpu=00:00:00 Usr=0.1    Sys=0.1    Mem=429.2 
Models           Elp=00:00:00 Cpu=00:00:00 Usr=0.0    Sys=0.0    Mem=429.2 
HN               Elp=00:00:01 Cpu=00:00:00 Usr=0.1    Sys=0.1    Mem=445.2 
XrefHN           Elp=00:00:00 Cpu=00:00:00 Usr=0.0    Sys=0.0    Mem=335.4 
Cells            Elp=00:00:00 Cpu=00:00:00 Usr=0.1    Sys=0.0    Mem=429.2 
Translate        Elp=00:00:00 Cpu=00:00:00 Usr=0.0    Sys=0.0    Mem=429.2 
NetlistSetup     Elp=00:00:00 Cpu=00:00:00 Usr=0.0    Sys=0.0    Mem=331.3 
xTract           Elp=00:00:00 Cpu=00:00:00 Usr=0.1    Sys=0.1    Mem=356.3 
xTractPP         Elp=00:00:00 Cpu=00:00:00 Usr=0.0    Sys=0.0    Mem=226.0 
ReportViolations Elp=00:00:00 Cpu=00:00:00 Usr=0.0    Sys=0.0    Mem=331.7 
Netlist          Elp=00:00:01 Cpu=00:00:00 Usr=0.0    Sys=0.0    Mem=257.8 
  
Done          Elp=00:00:04 Cpu=00:00:02 Usr=1.7    Sys=0.3    Mem=445.2 
