
                                  StarRC (TM)

               Version O-2018.06-SP1 for linux64 - Jul 19, 2018 

                    Copyright (c) 1999 - 2018 Synopsys, Inc.
   This software and the associated documentation are proprietary to Synopsys,
 Inc. This software may only be used in accordance with the terms and conditions
 of a written license agreement with Synopsys, Inc. All other use, reproduction,
            or distribution of this software is strictly prohibited.

ExecName: /usr/synopsys/starrc/O-2018.06-SP1/linux64_starrc/bin/StarXtract
Version: O-2018.06-SP1
Built on: Jul 19 2018 21:37:47
Start Time: Tue Jun  2 14:08:25 2026

Host ............ localhost.localdomain

xTractorName: /usr/synopsys/starrc/O-2018.06-SP1/linux64_starrc/bin/xTractor
Version: O-2018.06-SP1
Built on: Jul 19 2018 21:37:30
INFORMATION: TCAD_GRD_FILE (nxtgrd file) generated by >4 years older version than the StarRC
             version is used for this extraction. (SX-3595)
WARNING: MODE is no longer required for this type of extraction.  Ignoring MODE in StarRC command
         file. (SX-0499)
WARNING: Schematic device 'cmim_3t' equates to undefined layout device 'cmim_3t'. (SX-2284)
WARNING: Schematic device 'MOSVAR_1V2' equates to undefined layout device 'MOSVAR_1V2'. (SX-2284)
WARNING: Following option "DETECT_PERMUTABLE_PORTS" detected in Hercules/ICV runset is not supported
         in StarXtract. (SX-2775)
WARNING: Following option "PUSH_DOWN_PINS" detected in Hercules/ICV runset is not supported in
         StarXtract. (SX-2776)
WARNING: Following option "PUSH_DOWN_DEVICES" detected in Hercules/ICV runset is not supported in
         StarXtract. (SX-2777)
WARNING: Hercules COMPARE option MEMORY_ARRAY_COMPARISON is not supported for XREF extractions. (SX-2274)
WARNING: Command -clean is obsoleted for GATE level extraction and turned on by default. (SX-3582)
WARNING: Schematic device 'cmim_3t' equates to undefined layout device 'cmim_3t'. (SX-2284)
WARNING: Schematic device 'MOSVAR_1V2' equates to undefined layout device 'MOSVAR_1V2'. (SX-2284)
WARNING: Following option "DETECT_PERMUTABLE_PORTS" detected in Hercules/ICV runset is not supported
         in StarXtract. (SX-2775)
WARNING: Following option "PUSH_DOWN_PINS" detected in Hercules/ICV runset is not supported in
         StarXtract. (SX-2776)
WARNING: Following option "PUSH_DOWN_DEVICES" detected in Hercules/ICV runset is not supported in
         StarXtract. (SX-2777)
WARNING: Hercules COMPARE option MEMORY_ARRAY_COMPARISON is not supported for XREF extractions. (SX-2274)
WARNING: OBSERVATION_POINT cell pattern "*" does not match any non SKIP_CELL EQUIV points and will
         be ignored. (SX-1768)

Block ........... inv
Star Directory .. /root/Excercise/ring_oscillator/synopsys_custom/inv.starrc.lpe/star
Milkyway DB ..... /root/Excercise/ring_oscillator/synopsys_custom/inv.hercules.lvs/EXTRACT_VIEW
 Ref Libs Report is skipped.
  Setup         Elp=00:00:06 Cpu=00:00:01 Usr=1.9    Sys=0.0    Mem=429.0 
Done

Map Layers:  Tue Jun  2 14:08:31 2026
WARNING: Device terminal layer 'coll_dnw_pnp' used by "'DNWPNP':'COLL'" is removed in MAPPING_FILE
         or is the BULK terminal of another device. (SX-2250)
WARNING: Device terminal layer 'mom_cap_123_term' used by "'cmom_123':'T1'" is removed in
         MAPPING_FILE or is the BULK terminal of another device. (SX-2250)
WARNING: Device terminal layer 'mom_cap_123_term' used by "'cmom_123':'T2'" is removed in
         MAPPING_FILE or is the BULK terminal of another device. (SX-2250)
WARNING: Device terminal layer 'mom_cap_1234_term' used by "'cmom_1234':'T1'" is removed in
         MAPPING_FILE or is the BULK terminal of another device. (SX-2250)
WARNING: Device terminal layer 'mom_cap_1234_term' used by "'cmom_1234':'T2'" is removed in
         MAPPING_FILE or is the BULK terminal of another device. (SX-2250)
WARNING: Device terminal layer 'mom_cap_234_term' used by "'cmom_234':'T1'" is removed in
         MAPPING_FILE or is the BULK terminal of another device. (SX-2250)
WARNING: Device terminal layer 'mom_cap_234_term' used by "'cmom_234':'T2'" is removed in
         MAPPING_FILE or is the BULK terminal of another device. (SX-2250)
WARNING: The precedence is not set for ignored cap layer: psub (SX-1794)
WARNING: The precedence is not set for ignored cap layer: nxwell (SX-1794)
WARNING: The precedence is not set for layers mapped to substrate in the mapping file when
         TRANSLATE_RETAIN_BULK_LAYERS:YES or CONLY is specified in your command file. Accuracy can
         be affected. Check the order of substrate layer and set precedence for them in your
 mapping
         file whenever the TRANSLATE_RETAIN_BULK_LAYERS:YES or CONLY command is used. (SX-1790)
  Warnings: 10    Errors: 0    (See file summary/layers.sum)
  Layers        Elp=00:00:01 Cpu=00:00:00 Usr=0.1    Sys=0.7    Mem=429.1 
Done

Create Models:  Tue Jun  2 14:08:32 2026
  Warnings: 0    Errors: 0
  Models        Elp=00:00:00 Cpu=00:00:00 Usr=0.0    Sys=0.0    Mem=429.0 
Done

Build HN:  Tue Jun  2 14:08:32 2026
  Warnings: 0    Errors: 0
  HN            Elp=00:00:00 Cpu=00:00:00 Usr=0.0    Sys=0.3    Mem=445.1 
Done

Build XrefHN:  Tue Jun  2 14:08:32 2026
  Warnings: 0    Errors: 0
  XrefHN        Elp=00:00:00 Cpu=00:00:00 Usr=0.0    Sys=0.0    Mem=335.4 
Done

Process Cells:  Tue Jun  2 14:08:33 2026
  Warnings: 0    Errors: 0
  Cells         Elp=00:00:00 Cpu=00:00:00 Usr=0.1    Sys=0.1    Mem=429.1 
Done

Translate DB:  Tue Jun  2 14:08:33 2026
  Warnings: 0    Errors: 0
  Translate     Elp=00:00:00 Cpu=00:00:00 Usr=0.0    Sys=0.0    Mem=429.1 
Done

Netlist Setup:  Tue Jun  2 14:08:33 2026
  Warnings: 0    Errors: 0
  NetlistSetup  Elp=00:00:00 Cpu=00:00:00 Usr=0.0    Sys=0.0    Mem=331.4 
Done

xTract DB:  Tue Jun  2 14:08:33 2026
Completed   9%  Time=00:00:00  RemainingTime=00:00:00  Mem=356.273
Completed  27%  Time=00:00:00  RemainingTime=00:00:00  Mem=356.273
WARNING: Two Overlapping rectangles with different cap_levels and same picture levels Layer POLS
         overlaps with ngate Suggested Fix in Transistor Level: Use Boolean Not in runset to remove
         the overlap r1= R0,  x(-31750,-30350)  ; y(-16600,-2650) ideal=4 act_level=106 pic_level=2
         cap_level=3 r2= R0,  x(-31750,-30350)  ; y(-15300,-13300) ideal=4 act_level=40 pic_level=2
         cap_level=2 (EX-78)
WARNING: Two Overlapping rectangles with different cap_levels and same picture levels Layer POLS
         overlaps with ngate Suggested Fix in Transistor Level: Use Boolean Not in runset to remove
         the overlap r1= R0,  x(-31750,-30350)  ; y(-16600,-2650) ideal=4 act_level=106 pic_level=2
         cap_level=3 r2= R0,  x(-31050,-31050)  ; y(-14300,-14300) ideal=4 act_level=40 pic_level=2
         cap_level=2 (EX-78)
WARNING: Two Overlapping rectangles with different cap_levels and same picture levels Layer POLS
         overlaps with pgate Suggested Fix in Transistor Level: Use Boolean Not in runset to remove
         the overlap r1= R0,  x(-31750,-30350)  ; y(-16600,-2650) ideal=4 act_level=106 pic_level=2
         cap_level=3 r2= R0,  x(-31750,-30350)  ; y(-8450,-3950) ideal=4 act_level=57 pic_level=2
         cap_level=2 (EX-78)
WARNING: Two Overlapping rectangles with different cap_levels and same picture levels Layer POLS
         overlaps with pgate Suggested Fix in Transistor Level: Use Boolean Not in runset to remove
         the overlap r1= R0,  x(-31750,-30350)  ; y(-16600,-2650) ideal=4 act_level=106 pic_level=2
         cap_level=3 r2= R0,  x(-31050,-31050)  ; y(-6200,-6200) ideal=4 act_level=57 pic_level=2
         cap_level=2 (EX-78)
Completed  45%  Time=00:00:00  RemainingTime=00:00:00  Mem=356.273
Completed  63%  Time=00:00:00  RemainingTime=00:00:00  Mem=356.273
Completed  81%  Time=00:00:00  RemainingTime=00:00:00  Mem=356.273
Completed 100%  Time=00:00:00  RemainingTime=00:00:00  Mem=356.273
Extracted 94 capacitors, 381 resistors, 225 nodes
Reduced to 101 nodes,  (55.1111%)
Reduced to 99 resistors,  (74.0157%)
  Warnings: 4    Errors: 0    (See file summary/xtract.sum)
  xTract        Elp=00:00:01 Cpu=00:00:01 Usr=0.4    Sys=0.8    Mem=356.3 
Done

xTract Post Process DB:  Tue Jun  2 14:08:34 2026
Completed   9%  Time=00:00:00  RemainingTime=00:00:00  Mem=225.973
Completed  18%  Time=00:00:00  RemainingTime=00:00:00  Mem=225.973
Completed  27%  Time=00:00:00  RemainingTime=00:00:00  Mem=225.973
Completed  45%  Time=00:00:00  RemainingTime=00:00:00  Mem=225.973
Completed  63%  Time=00:00:00  RemainingTime=00:00:00  Mem=225.973
Completed  81%  Time=00:00:00  RemainingTime=00:00:00  Mem=225.973
Completed 100%  Time=00:00:00  RemainingTime=00:00:00  Mem=225.973
  Warnings: 0    Errors: 0
  xTractPP      Elp=00:00:00 Cpu=00:00:00 Usr=0.0    Sys=0.0    Mem=226.0 
Done

Report Violations:  Tue Jun  2 14:08:34 2026
WARNING: Found shorted nets (see file shorts_all.sum). The capacitances of these nets may be
         unreliable due to the shorts. (SX-0955)
  Warnings: 1    Errors: 0    (See file summary/report_violations.sum)
  ReportViolations Elp=00:00:00 Cpu=00:00:00 Usr=0.0    Sys=0.0    Mem=331.5 
Done

Netlist DB:  Tue Jun  2 14:08:34 2026
WARNING: INTERNAL Warning: unknown layer has been referenced: hrppoly_psub (EX-202)
WARNING: INTERNAL Warning: unknown layer has been referenced: hrpoly_psub (EX-202)
WARNING: INTERNAL Warning: unknown layer has been referenced: hrppoly_nxwell (EX-202)
WARNING: INTERNAL Warning: unknown layer has been referenced: rppolywo_nS_nxwell (EX-202)
WARNING: INTERNAL Warning: unknown layer has been referenced: rppolywo_r_nxwell (EX-202)
WARNING: INTERNAL Warning: unknown layer has been referenced: hrpoly_nxwell (EX-202)
WARNING: INTERNAL Warning: unknown layer has been referenced: rnpolywo_nS_nxwell (EX-202)
WARNING: INTERNAL Warning: unknown layer has been referenced: tndiff_dnwell25 (EX-202)
WARNING: INTERNAL Warning: unknown layer has been referenced: mom_cap_123_term (EX-202)
WARNING: 'In layer mapping file line 187 'layer 'cbm' undefined in technology library. (EX-1993)
WARNING: 'In layer mapping file line 187 'layer 'cbm' undefined in technology library. (EX-1993)
WARNING: 'In layer mapping file line 187 'layer 'cbm' undefined in technology library. (EX-1993)
WARNING: INTERNAL Warning: unknown layer has been referenced: rnpoly3t_poly (EX-202)
WARNING: INTERNAL Warning: unknown layer has been referenced: rppoly3t_poly (EX-202)
Completed   0%  Time=00:00:00  RemainingTime=00:00:00  Mem=541.254
Completed   2%  Time=00:00:00  RemainingTime=00:00:00  Mem=541.254
Completed   4%  Time=00:00:00  RemainingTime=00:00:00  Mem=541.254
Completed   6%  Time=00:00:00  RemainingTime=00:00:00  Mem=541.254
WARNING: Physical shape and presistor of design layer 'M1S' ('77') is not available in parasitic
         view as there is no corresponding LPP in OA_LAYER_MAPPING_FILE. (EX-2000)
Completed   8%  Time=00:00:00  RemainingTime=00:00:00  Mem=541.254
Completed  10%  Time=00:00:00  RemainingTime=00:00:00  Mem=541.254
Completed  20%  Time=00:00:00  RemainingTime=00:00:00  Mem=541.316
Completed  30%  Time=00:00:00  RemainingTime=00:00:00  Mem=541.316
Completed  40%  Time=00:00:00  RemainingTime=00:00:00  Mem=541.316
Completed  50%  Time=00:00:00  RemainingTime=00:00:00  Mem=541.316
Completed  60%  Time=00:00:00  RemainingTime=00:00:00  Mem=541.316
Completed  70%  Time=00:00:00  RemainingTime=00:00:00  Mem=541.316
Completed  80%  Time=00:00:00  RemainingTime=00:00:00  Mem=541.379
Completed  90%  Time=00:00:00  RemainingTime=00:00:00  Mem=541.379
WARNING: Physical shape and presistor of design layer 'POLS' ('106') is not available in parasitic
         view as there is no corresponding LPP in OA_LAYER_MAPPING_FILE. (EX-2000)
Completed 100%  Time=00:00:00  RemainingTime=00:00:00  Mem=541.379
  Warnings: 16    Errors: 0    (See file summary/netlist.sum)
  Netlist       Elp=00:00:02 Cpu=00:00:00 Usr=0.5    Sys=0.3    Mem=541.4 
Done
  
Setup            Elp=00:00:06 Cpu=00:00:01 Usr=1.9    Sys=0.0    Mem=429.0 
Layers           Elp=00:00:01 Cpu=00:00:00 Usr=0.1    Sys=0.7    Mem=429.1 
Models           Elp=00:00:00 Cpu=00:00:00 Usr=0.0    Sys=0.0    Mem=429.0 
HN               Elp=00:00:00 Cpu=00:00:00 Usr=0.0    Sys=0.3    Mem=445.1 
XrefHN           Elp=00:00:00 Cpu=00:00:00 Usr=0.0    Sys=0.0    Mem=335.4 
Cells            Elp=00:00:00 Cpu=00:00:00 Usr=0.1    Sys=0.1    Mem=429.1 
Translate        Elp=00:00:00 Cpu=00:00:00 Usr=0.0    Sys=0.0    Mem=429.1 
NetlistSetup     Elp=00:00:00 Cpu=00:00:00 Usr=0.0    Sys=0.0    Mem=331.4 
xTract           Elp=00:00:01 Cpu=00:00:01 Usr=0.4    Sys=0.8    Mem=356.3 
xTractPP         Elp=00:00:00 Cpu=00:00:00 Usr=0.0    Sys=0.0    Mem=226.0 
ReportViolations Elp=00:00:00 Cpu=00:00:00 Usr=0.0    Sys=0.0    Mem=331.5 
Netlist          Elp=00:00:02 Cpu=00:00:00 Usr=0.5    Sys=0.3    Mem=541.4 
  
Done          Elp=00:00:10 Cpu=00:00:05 Usr=3.0    Sys=2.2    Mem=541.4 
