 ****** HSPICE -- N-2017.12-SP2 linux64 (May 24 2018) ******                    
  Copyright (c) 1986 - 2026 by Synopsys, Inc. All Rights Reserved.              
  This software and the associated documentation are proprietary
  to Synopsys, Inc. This software may only be used in accordance
  with the terms and conditions of a written license agreement with
  Synopsys, Inc. All other use, reproduction, or distribution of
  this software is strictly prohibited.
  Input File: tb_netlist                                                        
  Command line options: /usr/synopsys/hspice/N-2017.12-SP2/hspice/linux64/hspice tb_netlist -o tb_netlist.lis
 lic:  
 lic: FLEXlm: SDK_11.6.9.3 
 lic: USER:   root                 HOSTNAME: localhost.localdomain 
 lic: HOSTID: 1234567890ab         PID:      12219 
 lic: Using FLEXlm license file: 
 lic: 27000@localhost 
 lic: Checkout 1 hspice 
 lic: License/Maintenance for hspice will expire on 30-dec-2030/2019.2019 
 lic: 1(in_use)/99(total) FLOATING license(s) on SERVER 27000@localhost 
 lic:   
1****** HSPICE -- N-2017.12-SP2 linux64 (May 24 2018) ******                    
 ******  
 *******************************************************

 ****** circuit name directory
 circuit number to circuit name directory
   number circuitname                     definition         multiplier
        0 main circuit
        1 x1.                             full_adder         1.00 
        2 x1.xi8.                         nand2              1.00 
        3 x1.xi7.                         nand2              1.00 
        4 x1.xi6.                         nand2              1.00 
        5 x1.xi5.                         nand2              1.00 
        6 x1.xi4.                         nand2              1.00 
        7 x1.xi3.                         nand2              1.00 
        8 x1.xi2.                         nand2              1.00 
        9 x1.xi1.                         nand2              1.00 
       10 x1.xi0.                         nand2              1.00 
  **info** (tb_netlist:32) DC voltage reset to initial transient source value in source 0:va. new dc=0.0000D+00
  **warning** (tb_netlist:21) Both nodes of element vss are connected together; Line ignored.
  
      
 **info** set option symb=1 internally to help for convergence.
 *****************************************************************
 ******  option summary
 ******
 runlvl  = 3         bypass  = 2.0000    
  Opening plot unit= 15
 file=tb_netlist.pa0

 **info** dc convergence successful at Newton-Raphson method 
 ******  
 *******************************************************

 ****** operating point information tnom=  25.000 temp=  25.000 ******
 ****** operating point status is voltage   simulation time is     0.     
     node    =voltage       node    =voltage       node    =voltage

 + 0:a       =   0.       0:b       =   0.       0:cin     =   0.     
 + 0:cout    =  86.9427u  0:s       =  87.1192u  0:vdd!    =   1.2000 
 + 1:net32   =   1.1997   1:net33   =   1.1998   1:net34   =   1.1999 
 + 1:net35   =  98.5149u  1:net36   =   1.1999   1:net37   =   1.1997 
 + 1:net38   =   1.1998   2:net32   =  98.2552m  3:net32   =  51.4988u
 + 4:net32   =  51.5799u  5:net32   =  98.3225m  6:net32   = 975.8042m
 + 7:net32   =  79.3046u  8:net32   =  57.2775u  9:net32   = 975.8042m
 +10:net32   =  79.1625u

 ******
 *******************************************************

 ****** transient analysis tnom=  25.000 temp=  25.000 ******
 trise_s= 200.5943p  targ= 245.3667p   trig=  44.7723p
 tfall_s= 115.1436p  targ=   5.1819n   trig=   5.0668n
 trise_cout= 201.8143p  targ= 254.8846p   trig=  53.0703p
 tfall_cout=   5.1168n  targ=  15.1937n   trig=  10.0768n

          ***** job concluded
 ******  
 *******************************************************

 ****** job statistics summary tnom=  25.000 temp=  25.000 ******
  
  
 ******  Machine Information  ******
 CPU:
 model name	: 13th Gen Intel(R) Core(TM) i5-13500H
 cpu MHz	: 3187.190
  
 OS:
 Linux version 3.10.0-1160.59.1.el7.x86_64 (mockbuild@kbuilder.bsys.centos.org) (gcc version 4.8.5 20150623 (Red Hat 4.8.5-44) (GCC) ) #1 SMP Wed Feb 23 16:47:03 UTC 2022


  ******  HSPICE Threads Information  ******

  Command Line Threads Count :     1
  Available CPU Count        :     4
  Actual Threads Count       :     1


  ****** Statistics of Ignored Elements ******
  Voltage Sources :       1

  ******  Circuit Statistics  ******
  # nodes       =      95 # elements   =      42
  # resistors   =       0 # capacitors =       2 # inductors   =       0
  # mutual_inds =       0 # vccs       =       0 # vcvs        =       0
  # cccs        =       0 # ccvs       =       0 # volt_srcs   =       4
  # curr_srcs   =       0 # diodes     =       0 # bjts        =       0
  # jfets       =       0 # mosfets    =      36 # U elements  =       0
  # T elements  =       0 # W elements =       0 # B elements  =       0
  # S elements  =       0 # P elements =       0 # va device   =       0
  # vector_srcs =       0 # N elements =       0


  ******  Runtime Statistics (seconds)  ******

  analysis           time    # points   tot. iter  conv.iter
  op point           0.00           1          13
  transient          0.08       45001        1138         420 rev=        37
  readin             0.01
  errchk             0.00
  setup              0.01
  output             0.00


           peak memory used        261.81 megabytes
           total cpu time            0.10 seconds
           total elapsed time        0.24 seconds
           job started at     22:26:48 04/27/2026
           job ended   at     22:26:48 04/27/2026


 lic: Release hspice token(s) 
 lic: total license checkout elapse time:        0.17(s)
