Using: /usr/synopsys/hspice/N-2017.12-SP2/hspice/linux64/hspice tb_h1.sp
 ****** HSPICE -- N-2017.12-SP2 linux64 (May 24 2018) ******                    
  Copyright (c) 1986 - 2026 by Synopsys, Inc. All Rights Reserved.              
  This software and the associated documentation are proprietary
  to Synopsys, Inc. This software may only be used in accordance
  with the terms and conditions of a written license agreement with
  Synopsys, Inc. All other use, reproduction, or distribution of
  this software is strictly prohibited.
  Input File: tb_h1.sp                                                          
  Command line options: /usr/synopsys/hspice/N-2017.12-SP2/hspice/linux64/hspice tb_h1.sp
 lic:  
 lic: FLEXlm: SDK_11.6.9.3 
 lic: USER:   root                 HOSTNAME: localhost.localdomain 
 lic: HOSTID: 1234567890ab         PID:      4905 
 lic: Using FLEXlm license file: 
 lic: 27000@localhost 
 lic: Checkout 1 hspice 
 lic: License/Maintenance for hspice will expire on 30-dec-2030/2019.2019 
 lic: 1(in_use)/99(total) FLOATING license(s) on SERVER 27000@localhost 
 lic:   
1****** HSPICE -- N-2017.12-SP2 linux64 (May 24 2018) ******                    
 ******  
 *=======================================================

 ****** circuit name directory
 circuit number to circuit name directory
   number circuitname                     definition         multiplier
        0 main circuit
        1 xi0.                            nmos_dc            1.00 
  **warning** (tb_h1.sp:19) Both nodes of element v_gnd are connected together; Line ignored.
  
             
 Warning:'No DC path nodes' occurs 4 times
 No DC path from the following nodes,connected with gdcpath:
 --------------------------
 |Node         |Subckt    |
 |-------------+----------|
 |xi0.2:ln_n_13|nmos_dc   |
 |xi0.4:ln_n_12|nmos_dc   |
 |xi0.6:ln_n_11|nmos_dc   |
 |xi0.7:ln_n_15|nmos_dc   |
 --------------------------
              
             
 Warning:'1 connection nodes' occurs 19 times
 Summary of 1 connection from the following nodes:
 --------------------------
 |Node         |Subckt    |
 |-------------+----------|
 |xi0.15:gnd!  |nmos_dc   |
 |xi0.16:gnd!  |nmos_dc   |
 |xi0.20:gnd!  |nmos_dc   |
 |xi0.21:gnd!  |nmos_dc   |
 |xi0.25:outs  |nmos_dc   |
 |xi0.41:vdd!  |nmos_dc   |
 |xi0.53:vdd!  |nmos_dc   |
 |xi0.56:vdd!  |nmos_dc   |
 |xi0.58:vdd!  |nmos_dc   |
 |xi0.1:ln_n_13|nmos_dc   |
 --------------------------
              
             
 Warning:'No Tran path ' occurs 3 times
 Summary of No Tran path from the following nodes:
 --------------------------
 |Node         |Subckt    |
 |-------------+----------|
 |xi0.2:ln_n_13|nmos_dc   |
 |xi0.4:ln_n_12|nmos_dc   |
 |xi0.6:ln_n_11|nmos_dc   |
 --------------------------
              
      
 *****************************************************************
 ******  option summary
 ******
 runlvl  = 3         bypass  = 2.0000    
             
 Summary of Linear Res Distribution Info
 ---------------------------------------
 |Range          |Total     |Percent(%)|
 |---------------+----------+----------|
 |0e+00  ~  1e-05|1         |1.1236    |
 |1e-03  ~  1e-02|1         |1.1236    |
 |1e-02  ~  1e-01|9         |10.1124   |
 |1e-01  ~  1e+00|34        |38.2022   |
 |1e+00  ~  1e+03|43        |48.3146   |
 |1e+05  ~  1e+06|1         |1.1236    |
 ---------------------------------------
              
             
 Summary of Linear Cap Distribution Info
 ---------------------------------------
 |Range          |Total     |Percent(%)|
 |---------------+----------+----------|
 |0e+00  ~  1e-24|1         |1.9608    |
 |1e-20  ~  1e-19|2         |3.9216    |
 |1e-19  ~  1e-18|6         |11.7647   |
 |1e-18  ~  1e-17|22        |43.1373   |
 |1e-17  ~  1e-16|16        |31.3725   |
 |1e-16  ~  1e-15|4         |7.8431    |
 ---------------------------------------
              
             
 Summary of Detailed RC Type Statistics
 -------------------------
 |Element Type|Number    |
 |------------+----------|
 |Constant Res|89        |
 |            |          |
 |Constant Cap|51        |
 -------------------------
              
  Opening plot unit= 15
 file=tb_h1.pa0


 **info** rebuilding matrix with pivot option


 **info** rebuilding matrix without pivot option


          ***** job concluded
 ******  
 *=======================================================

 ****** job statistics summary tnom=  25.000 temp=  25.000 ******
  
  
 ******  Machine Information  ******
 CPU:
 model name	: Intel(R) Core(TM) i7-8550U CPU @ 1.80GHz
 cpu MHz	: 1991.999
  
 OS:
 Linux version 3.10.0-1160.59.1.el7.x86_64 (mockbuild@kbuilder.bsys.centos.org) (gcc version 4.8.5 20150623 (Red Hat 4.8.5-44) (GCC) ) #1 SMP Wed Feb 23 16:47:03 UTC 2022


  ******  HSPICE Threads Information  ******

  Command Line Threads Count :     1
  Available CPU Count        :     4
  Actual Threads Count       :     1


  ****** Statistics of Ignored Elements ******
  Capacitors      :       1
  Voltage Sources :       1

  ******  Circuit Statistics  ******
  # nodes       =      77 # elements   =     142
  # resistors   =      89 # capacitors =      51 # inductors   =       0
  # mutual_inds =       0 # vccs       =       0 # vcvs        =       0
  # cccs        =       0 # ccvs       =       0 # volt_srcs   =       1
  # curr_srcs   =       0 # diodes     =       0 # bjts        =       0
  # jfets       =       0 # mosfets    =       1 # U elements  =       0
  # T elements  =       0 # W elements =       0 # B elements  =       0
  # S elements  =       0 # P elements =       0 # va device   =       0
  # vector_srcs =       0 # N elements =       0


  ******  Runtime Statistics (seconds)  ******

  analysis           time    # points   tot. iter  conv.iter
  op point           0.00           1           0
  dc sweep           0.00         121         256
  readin             0.00
  errchk             0.00
  setup              0.00
  output             0.00


           peak memory used        261.82 megabytes
           total cpu time            0.00 seconds
           total elapsed time        0.72 seconds
           job started at     19:47:39 04/21/2026
           job ended   at     19:47:40 04/21/2026



>info:         ***** hspice job concluded
 lic: Release hspice token(s) 
 lic: total license checkout elapse time:        0.61(s)
