 ****** HSPICE -- N-2017.12-SP2 linux64 (May 24 2018) ******                    
  Copyright (c) 1986 - 2026 by Synopsys, Inc. All Rights Reserved.              
  This software and the associated documentation are proprietary
  to Synopsys, Inc. This software may only be used in accordance
  with the terms and conditions of a written license agreement with
  Synopsys, Inc. All other use, reproduction, or distribution of
  this software is strictly prohibited.
  Input File: netlist.final                                                     
  Command line options: /usr/synopsys/hspice/N-2017.12-SP2/hspice/linux64/hspice netlist.final -o results/netlist
 lic:  
 lic: FLEXlm: SDK_11.6.9.3 
 lic: USER:   root                 HOSTNAME: localhost.localdomain 
 lic: HOSTID: 1234567890ab         PID:      16389 
 lic: Using FLEXlm license file: 
 lic: 27000@localhost 
 lic: Checkout 1 hspice 
 lic: License/Maintenance for hspice will expire on 30-dec-2030/2019.2019 
 lic: 1(in_use)/99(total) FLOATING license(s) on SERVER 27000@localhost 
 lic:   
  **warning** (netlist.final:29) Parameter nf is ignored
  **error** (netlist.final:47) Definition of model/subckt "n" is not found for the element "m7". Please specify a defined model/subckt name.
  **error** (netlist.final:49) Definition of model/subckt "n" is not found for the element "m6". Please specify a defined model/subckt name.
  **error** (netlist.final:51) Definition of model/subckt "n" is not found for the element "m5". Please specify a defined model/subckt name.
  **error** (netlist.final:53) Definition of model/subckt "n" is not found for the element "m4". Please specify a defined model/subckt name.
  **error** (netlist.final:55) Definition of model/subckt "p" is not found for the element "m11". Please specify a defined model/subckt name.
  **error** (netlist.final:57) Definition of model/subckt "p" is not found for the element "m10". Please specify a defined model/subckt name.
  **error** (netlist.final:59) Definition of model/subckt "p" is not found for the element "m9". Please specify a defined model/subckt name.
  **error** (netlist.final:61) Definition of model/subckt "p" is not found for the element "m8". Please specify a defined model/subckt name.

          ***** job aborted
1****** HSPICE -- N-2017.12-SP2 linux64 (May 24 2018) ******                    
 ******  
 * hspice netlist

 ****** job statistics summary tnom=  25.000 temp=  25.000 ******
  
  
 ******  Machine Information  ******
 CPU:
 model name	: Intel(R) Core(TM) i7-8550U CPU @ 1.80GHz
 cpu MHz	: 1991.999
  
 OS:
 Linux version 3.10.0-1160.59.1.el7.x86_64 (mockbuild@kbuilder.bsys.centos.org) (gcc version 4.8.5 20150623 (Red Hat 4.8.5-44) (GCC) ) #1 SMP Wed Feb 23 16:47:03 UTC 2022


  ******  HSPICE Threads Information  ******

  Command Line Threads Count :     1
  Available CPU Count        :     4
  Actual Threads Count       :     1


  ******  Circuit Statistics  ******
  # nodes       =       0 # elements   =       8
  # resistors   =       0 # capacitors =       0 # inductors   =       0
  # mutual_inds =       0 # vccs       =       0 # vcvs        =       0
  # cccs        =       0 # ccvs       =       0 # volt_srcs   =       0
  # curr_srcs   =       0 # diodes     =       0 # bjts        =       0
  # jfets       =       0 # mosfets    =       8 # U elements  =       0
  # T elements  =       0 # W elements =       0 # B elements  =       0
  # S elements  =       0 # P elements =       0 # va device   =       0
  # vector_srcs =       0 # N elements =       0


  ******  Runtime Statistics (seconds)  ******

  analysis           time    # points   tot. iter  conv.iter
  op point           0.00           1           0
  readin             0.18
  errchk             0.00
  setup              0.00
  output             0.00


           peak memory used        274.00 megabytes
           total cpu time            0.18 seconds
           total elapsed time        1.49 seconds
           job started at     23:27:18 03/13/2026
           job ended   at     23:27:19 03/13/2026


 lic: Release hspice token(s) 
 lic: total license checkout elapse time:        1.03(s)
