 ****** HSPICE -- N-2017.12-SP2 linux64 (May 24 2018) ******                    
  Copyright (c) 1986 - 2026 by Synopsys, Inc. All Rights Reserved.              
  This software and the associated documentation are proprietary
  to Synopsys, Inc. This software may only be used in accordance
  with the terms and conditions of a written license agreement with
  Synopsys, Inc. All other use, reproduction, or distribution of
  this software is strictly prohibited.
  Input File: tb_netlist_jkffp                                                  
  Command line options: /usr/synopsys/hspice/N-2017.12-SP2/hspice/linux64/hspice tb_netlist_jkffp -o tb_netlist_jkffp.lis
 lic:  
 lic: FLEXlm: SDK_11.6.9.3 
 lic: USER:   root                 HOSTNAME: localhost.localdomain 
 lic: HOSTID: 1234567890ab         PID:      22565 
 lic: Using FLEXlm license file: 
 lic: 27000@localhost 
 lic: Checkout 1 hspice 
 lic: License/Maintenance for hspice will expire on 30-dec-2030/2019.2019 
 lic: 1(in_use)/99(total) FLOATING license(s) on SERVER 27000@localhost 
 lic:   
1****** HSPICE -- N-2017.12-SP2 linux64 (May 24 2018) ******                    
 ******  
 *******************************************************

 ****** circuit name directory
 circuit number to circuit name directory
   number circuitname                     definition         multiplier
        0 main circuit
        1 x1.                             jkff               1.00 
  **info** (tb_netlist_jkffp:29) DC voltage reset to initial transient source value in source 0:vclk. new dc=0.0000D+00
  **warning** (tb_netlist_jkffp:24) Both nodes of element vss are connected together; Line ignored.
  
             
 Warning:'No DC path nodes' occurs 243 times
 No DC path from the following nodes,connected with gdcpath:
 -----------------------------
 |Node            |Subckt    |
 |----------------+----------|
 |x1.ln_i0|n_546:1|jkff      |
 |x1.ln_i0|n_546:2|jkff      |
 |x1.ln_i0|n_546:3|jkff      |
 |x1.ln_i0|n_547:1|jkff      |
 |x1.ln_i0|n_547:2|jkff      |
 |x1.ln_i0|n_547:3|jkff      |
 |x1.ln_i0|n_547:4|jkff      |
 |x1.ln_i0|n_548:2|jkff      |
 |x1.ln_i0|n_548:3|jkff      |
 |x1.ln_i0|n_548:4|jkff      |
 -----------------------------
              
             
 Warning:'1 connection nodes' occurs 405 times
 Summary of 1 connection from the following nodes:
 ------------------------
 |Node       |Subckt    |
 |-----------+----------|
 |x1.clk:5   |jkff      |
 |x1.gnd!:143|jkff      |
 |x1.gnd!:172|jkff      |
 |x1.gnd!:173|jkff      |
 |x1.gnd!:179|jkff      |
 |x1.gnd!:185|jkff      |
 |x1.gnd!:191|jkff      |
 |x1.gnd!:197|jkff      |
 |x1.gnd!:203|jkff      |
 |x1.gnd!:209|jkff      |
 ------------------------
              
             
 Warning:'No Tran path ' occurs 184 times
 Summary of No Tran path from the following nodes:
 -----------------------------
 |Node            |Subckt    |
 |----------------+----------|
 |x1.ln_i0|n_546:1|jkff      |
 |x1.ln_i0|n_546:2|jkff      |
 |x1.ln_i0|n_546:3|jkff      |
 |x1.ln_i0|n_547:1|jkff      |
 |x1.ln_i0|n_547:2|jkff      |
 |x1.ln_i0|n_547:3|jkff      |
 |x1.ln_i0|n_547:4|jkff      |
 |x1.ln_i0|n_548:2|jkff      |
 |x1.ln_i0|n_548:3|jkff      |
 |x1.ln_i0|n_548:4|jkff      |
 -----------------------------
              
      
             
 Warning:'Floating bulk' occurs 54 times
 Summary of floating bulk:
 ----------------------------------------------
 |Node                    |Device             |
 |------------------------+-------------------|
 |x1.xi0|xi10|mm0:bulk    |x1.mxi0|xi10|mm0   |
 |x1.xi0|xi10|mm1:bulk    |x1.mxi0|xi10|mm1   |
 |x1.xi0|xi11|mm0:bulk    |x1.mxi0|xi11|mm0   |
 |x1.xi0|xi11|mm1:bulk    |x1.mxi0|xi11|mm1   |
 |x1.xi0|xi8|xi3|mm10:bulk|x1.                |
 |x1.xi0|xi8|xi3|mm11:bulk|x1.                |
 |x1.xi0|xi8|xi3|mm8:bulk |x1.mxi0|xi8|xi3|mm8|
 |x1.xi0|xi8|xi3|mm9:bulk |x1.mxi0|xi8|xi3|mm9|
 |x1.xi0|xi8|xi4|mm10:bulk|x1.                |
 |x1.xi0|xi8|xi4|mm11:bulk|x1.                |
 ----------------------------------------------
              
 *****************************************************************
 ******  option summary
 ******
 runlvl  = 3         bypass  = 2.0000    
             
 Summary of Linear Res Distribution Info
 ---------------------------------------
 |Range          |Total     |Percent(%)|
 |---------------+----------+----------|
 |1e-04  ~  1e-03|88        |2.8241    |
 |1e-03  ~  1e-02|6         |0.1926    |
 |1e-02  ~  1e-01|349       |11.2003   |
 |1e-01  ~  1e+00|1197      |38.4146   |
 |1e+00  ~  1e+03|1476      |47.3684   |
 ---------------------------------------
              
             
 Summary of Linear Cap Distribution Info
 ---------------------------------------
 |Range          |Total     |Percent(%)|
 |---------------+----------+----------|
 |1e-24  ~  1e-23|5         |0.2009    |
 |1e-23  ~  1e-22|8         |0.3214    |
 |1e-22  ~  1e-21|13        |0.5223    |
 |1e-21  ~  1e-20|9         |0.3616    |
 |1e-20  ~  1e-19|135       |5.4239    |
 |1e-19  ~  1e-18|469       |18.8429   |
 |1e-18  ~  1e-17|856       |34.3913   |
 |1e-17  ~  1e-16|751       |30.1728   |
 |1e-16  ~  1e-15|241       |9.6826    |
 |1e-14  ~  1e-13|2         |0.0804    |
 ---------------------------------------
              
             
 Summary of Detailed RC Type Statistics
 -------------------------
 |Element Type|Number    |
 |------------+----------|
 |Constant Res|3116      |
 |            |          |
 |Constant Cap|2489      |
 -------------------------
              
  Opening plot unit= 15
 file=tb_netlist_jkffp.pa0

 no convergence with standard algorithm,  trying damped pseudo-transient

  *** pseudo tran succeeded *** 
 ******  
 *******************************************************

 ****** operating point information tnom=  25.000 temp=  25.000 ******
 ****** operating point status is voltage   simulation time is     0.     
    node    =voltage      node    =voltage      node    =voltage

 +0:clk     =   0.      0:j       =   0.      0:k       =   1.2000 
 +0:q       = 111.5396u 0:qn      =   1.1998  0:vdd!    =   1.2000 
 +1:clk:1   =   0.      1:clk:2   =   1.2960u 1:clk:3   =   1.4358u
 +1:clk:4   =   1.4160u 1:clk:5   =   0.      1:clk:6   =   1.4358u
 +1:gnd!:1  =   0.      1:gnd!:10 = 576.9024n 1:gnd!:100=   6.8060u
 +1:gnd!:101=   6.7805u 1:gnd!:102=   6.7418u 1:gnd!:103=   6.6894u
 +1:gnd!:104=   6.6224u 1:gnd!:105=   6.5399u 1:gnd!:106=   6.4406u
 +1:gnd!:107=   6.3230u 1:gnd!:108=   6.1855u 1:gnd!:109=   5.9812u
 +1:gnd!:11 = 573.1557n 1:gnd!:110=   5.9767u 1:gnd!:111=   5.9676u
 +1:gnd!:112=   5.9538u 1:gnd!:113=   5.9351u 1:gnd!:114=   5.9112u
 +1:gnd!:115=   5.8817u 1:gnd!:116=   5.8463u 1:gnd!:117=   5.8043u
 +1:gnd!:118=   5.7552u 1:gnd!:119=   6.0019u 1:gnd!:12 = 568.0743n
 +1:gnd!:120=   5.9979u 1:gnd!:121=   5.9899u 1:gnd!:122=   5.9778u
 +1:gnd!:123=   5.9614u 1:gnd!:124=   5.9404u 1:gnd!:125=   5.9145u
 +1:gnd!:126=   5.8834u 1:gnd!:127=   5.8466u 1:gnd!:128=   5.8035u
 +1:gnd!:129=   5.6851u 1:gnd!:13 = 561.5832n 1:gnd!:130=   5.6839u
 +1:gnd!:131=   5.6814u 1:gnd!:132=   5.6777u 1:gnd!:133=   5.6726u
 +1:gnd!:134=   5.6661u 1:gnd!:135=   5.6581u 1:gnd!:136=   5.6485u
 +1:gnd!:137=   5.6371u 1:gnd!:138=   5.6238u 1:gnd!:139= 449.0192n
 +1:gnd!:14 = 553.5865n 1:gnd!:140= 528.2891n 1:gnd!:141= 526.6089n
 +1:gnd!:142= 531.9510n 1:gnd!:143= 449.0192n 1:gnd!:144= 449.0192n
 +1:gnd!:145= 516.2255n 1:gnd!:146= 516.2255n 1:gnd!:147= 429.4890n
 +1:gnd!:148= 492.3630n 1:gnd!:149= 491.0304n 1:gnd!:15 = 543.9659n
 +1:gnd!:150= 495.2675n 1:gnd!:151= 429.4890n 1:gnd!:152= 482.7947n
 +1:gnd!:153= 482.7947n 1:gnd!:154= 382.2110n 1:gnd!:155= 797.6780n
 +1:gnd!:156= 788.8720n 1:gnd!:157= 816.8707n 1:gnd!:158= 382.2110n
 +1:gnd!:159= 734.4509n 1:gnd!:16 = 532.5794n 1:gnd!:160= 734.4509n
 +1:gnd!:161= 196.7457n 1:gnd!:162= 414.4346n 1:gnd!:163= 409.8206n
 +1:gnd!:164= 196.7457n 1:gnd!:165= 381.3060n 1:gnd!:166= 381.3060n
 +1:gnd!:167= 910.6731n 1:gnd!:168= 924.4302n 1:gnd!:169= 954.4137n
 +1:gnd!:17 = 519.2586n 1:gnd!:170= 275.3718n 1:gnd!:171= 825.6544n
 +1:gnd!:172= 825.6544n 1:gnd!:173= 275.3718n 1:gnd!:174=   1.6281u
 +1:gnd!:175=   1.6370u 1:gnd!:176=   1.2212u 1:gnd!:177=   1.5737u
 +1:gnd!:178=   1.5737u 1:gnd!:179=   1.2212u 1:gnd!:18 =   1.3807u
 +1:gnd!:180=   2.2414u 1:gnd!:181=   2.2460u 1:gnd!:182=   2.0288u
 +1:gnd!:183=   2.2130u 1:gnd!:184=   2.2130u 1:gnd!:185=   2.0288u
 +1:gnd!:186=   2.8256u 1:gnd!:187=   2.8269u 1:gnd!:188=   2.7641u
 +1:gnd!:189=   2.8173u 1:gnd!:19 =   1.3726u 1:gnd!:190=   2.8173u
 +1:gnd!:191=   2.7641u 1:gnd!:192=   3.7754u 1:gnd!:193=   3.7818u
 +1:gnd!:194=   3.4785u 1:gnd!:195=   3.7357u 1:gnd!:196=   3.7357u
 +1:gnd!:197=   3.4785u 1:gnd!:198=   4.0230u 1:gnd!:199=   4.0249u
 +1:gnd!:2  =   2.6908u 1:gnd!:20 =   1.3563u 1:gnd!:200=   3.9330u
 +1:gnd!:201=   4.0109u 1:gnd!:202=   4.0109u 1:gnd!:203=   3.9330u
 +1:gnd!:204=   4.8164u 1:gnd!:205=   4.8228u 1:gnd!:206=   4.5202u
 +1:gnd!:207=   4.7768u 1:gnd!:208=   4.7768u 1:gnd!:209=   4.5202u
 +1:gnd!:21 =   1.3316u 1:gnd!:210=   5.1743u 1:gnd!:211=   5.1807u
 +1:gnd!:212=   4.8775u 1:gnd!:213=   5.1346u 1:gnd!:214=   5.1346u
 +1:gnd!:215=   4.8775u 1:gnd!:216=   5.8942u 1:gnd!:217=   5.9079u
 +1:gnd!:218=   5.2589u 1:gnd!:219=   5.8092u 1:gnd!:22 =   1.2980u
 +1:gnd!:220=   5.8092u 1:gnd!:221=   5.2589u 1:gnd!:222=   5.6512u
 +1:gnd!:223=   5.6562u 1:gnd!:224=   5.4245u 1:gnd!:225=   5.6209u
 +1:gnd!:226=   5.6209u 1:gnd!:227=   5.4245u 1:gnd!:228=   5.7122u
 +1:gnd!:229=   5.7165u 1:gnd!:23 =   1.2551u 1:gnd!:230=   5.5131u
 +1:gnd!:231=   5.6855u 1:gnd!:232=   5.6855u 1:gnd!:233=   5.5131u
 +1:gnd!:234=   5.5956u 1:gnd!:235=   5.5969u 1:gnd!:236=   5.5873u
 +1:gnd!:237=   5.5873u 1:gnd!:238=   5.5340u 1:gnd!:239=   5.5340u
 +1:gnd!:24 =   1.2022u 1:gnd!:240=   5.5340u 1:gnd!:241= 839.4115n
 +1:gnd!:242= 424.4909n 1:gnd!:243=   5.9379u 1:gnd!:244=   5.6669u
 +1:gnd!:245=   5.1947u 1:gnd!:246=   3.7958u 1:gnd!:247=   2.2561u
 +1:gnd!:248=   4.0292u 1:gnd!:249=   1.6562u 1:gnd!:25 =   1.1387u
 +1:gnd!:250=   2.8298u 1:gnd!:251=   4.8368u 1:gnd!:252=   5.5998u
 +1:gnd!:253=   5.7259u 1:gnd!:254= 517.9057n 1:gnd!:255= 484.1273n
 +1:gnd!:256= 743.2569n 1:gnd!:257= 385.9201n 1:gnd!:258=   1.5825u
 +1:gnd!:259=   2.2176u 1:gnd!:26 =   1.0634u 1:gnd!:260=   2.8187u
 +1:gnd!:261=   3.7421u 1:gnd!:262=   4.0129u 1:gnd!:263=   4.7832u
 +1:gnd!:264=   5.1410u 1:gnd!:265=   5.8229u 1:gnd!:266=   5.6258u
 +1:gnd!:267=   5.6898u 1:gnd!:268=   5.5887u 1:gnd!:269= 597.2114n
 +1:gnd!:27 = 975.4022n 1:gnd!:270=   4.1049u 1:gnd!:271=   5.0859u
 +1:gnd!:272=   5.4444u 1:gnd!:273= 580.5946n 1:gnd!:274=   1.3807u
 +1:gnd!:275= 719.9193n 1:gnd!:276=   2.2204u 1:gnd!:277=   2.5509u
 +1:gnd!:278=   2.9150u 1:gnd!:279=   4.0456u 1:gnd!:28 = 719.9193n
 +1:gnd!:280=   6.8186u 1:gnd!:281=   5.9812u 1:gnd!:282=   6.0019u
 +1:gnd!:283=   5.6851u 1:gnd!:29 = 715.6790n 1:gnd!:3  = 597.2114n
 +1:gnd!:30 = 707.1358n 1:gnd!:31 = 694.1634n 1:gnd!:32 = 676.5702n
 +1:gnd!:33 = 654.0960n 1:gnd!:34 = 626.4089n 1:gnd!:35 = 593.0996n
 +1:gnd!:36 = 553.6760n 1:gnd!:37 = 507.5554n 1:gnd!:38 =   1.8353u
 +1:gnd!:39 =   1.8353u 1:gnd!:4  = 593.5358n 1:gnd!:40 =   1.8226u
 +1:gnd!:41 =   1.7971u 1:gnd!:42 =   1.7585u 1:gnd!:43 =   1.7060u
 +1:gnd!:44 =   1.6390u 1:gnd!:45 =   1.5564u 1:gnd!:46 =   1.4571u
 +1:gnd!:47 =   1.3396u 1:gnd!:48 =   1.2021u 1:gnd!:49 =   2.2204u
 +1:gnd!:5  = 586.1303n 1:gnd!:50 =   2.2123u 1:gnd!:51 =   2.1960u
 +1:gnd!:52 =   2.1712u 1:gnd!:53 =   2.1376u 1:gnd!:54 =   2.0947u
 +1:gnd!:55 =   2.0418u 1:gnd!:56 =   1.9782u 1:gnd!:57 =   1.9029u
 +1:gnd!:58 =   1.8148u 1:gnd!:59 =   2.5509u 1:gnd!:6  = 574.8854n
 +1:gnd!:60 =   2.5467u 1:gnd!:61 =   2.5381u 1:gnd!:62 =   2.5252u
 +1:gnd!:63 =   2.5076u 1:gnd!:64 =   2.4852u 1:gnd!:65 =   2.4576u
 +1:gnd!:66 =   2.4243u 1:gnd!:67 =   2.3850u 1:gnd!:68 =   2.3390u
 +1:gnd!:69 =   2.9150u 1:gnd!:7  = 559.6350n 1:gnd!:70 =   2.9138u
 +1:gnd!:71 =   2.9113u 1:gnd!:72 =   2.9076u 1:gnd!:73 =   2.9025u
 +1:gnd!:74 =   2.8960u 1:gnd!:75 =   2.8880u 1:gnd!:76 =   2.8784u
 +1:gnd!:77 =   2.8671u 1:gnd!:78 =   2.8538u 1:gnd!:79 =   4.0456u
 +1:gnd!:8  = 580.5946n 1:gnd!:80 =   4.0315u 1:gnd!:81 =   4.0032u
 +1:gnd!:82 =   3.9601u 1:gnd!:83 =   3.9018u 1:gnd!:84 =   4.1049u
 +1:gnd!:85 =   4.1006u 1:gnd!:86 =   4.0920u 1:gnd!:87 =   4.0790u
 +1:gnd!:88 =   4.0613u 1:gnd!:89 =   5.0859u 1:gnd!:9  = 579.3699n
 +1:gnd!:90 =   5.0719u 1:gnd!:91 =   5.0436u 1:gnd!:92 =   5.0007u
 +1:gnd!:93 =   4.9425u 1:gnd!:94 =   5.4444u 1:gnd!:95 =   5.4303u
 +1:gnd!:96 =   5.4020u 1:gnd!:97 =   5.3590u 1:gnd!:98 =   5.3006u
 +1:gnd!:99 =   6.8186u 1:j:1     =   0.      1:j:2     =   1.3073u
 +1:j:3     =   1.4423u 1:j:4     =   1.3975u 1:j:5     =   0.     
 +1:j:6     =   1.4423u 1:k:1     =   1.2000  1:k:2     =   1.2000 
 +1:k:3     =   1.2000  1:k:4     =   1.2000  1:k:5     =   1.2000 
 +1:k:6     =   1.2000  1:ln_i0|n_=   0.      1:ln_i0|n_=   0.     
 +1:ln_i0|n_=   0.      1:ln_i0|n_=   0.      1:ln_i0|n_=   0.     
 +1:ln_i0|n_=   0.      1:ln_i0|n_=   0.      1:ln_i0|n_=   0.     
 +1:ln_i0|n_=   0.      1:ln_i0|n_=   0.      1:ln_i0|n_=   0.     
 +1:ln_i0|n_=   0.      1:ln_i0|n_=   0.      1:ln_i0|n_=   0.     
 +1:ln_i0|n_=   0.      1:ln_i0|n_=   0.      1:ln_i0|n_=   0.     
 +1:ln_i0|n_=   0.      1:ln_i0|n_=   0.      1:ln_i0|n_=   0.     
 +1:ln_i0|n_=   0.      1:ln_i0|n_=   0.      1:ln_i0|n_=   0.     
 +1:ln_i0|n_=   0.      1:ln_i0|n_=   0.      1:ln_i0|n_=   0.     
 +1:ln_i0|n_=   0.      1:ln_i0|n_=   0.      1:ln_i0|n_=   0.     
 +1:ln_i0|n_=   0.      1:ln_i0|n_=   0.      1:ln_i0|n_=   0.     
 +1:ln_i0|n_=   0.      1:ln_i0|n_=   0.      1:ln_i0|n_=   0.     
 +1:ln_i0|n_=   0.      1:ln_i0|n_=   0.      1:ln_i0|n_=   0.     
 +1:ln_i0|n_=   0.      1:ln_i0|n_=   0.      1:ln_i0|n_=   0.     
 +1:ln_i0|n_=   0.      1:ln_i0|n_=   0.      1:ln_i0|n_=   0.     
 +1:ln_i0|n_=   0.      1:ln_i0|n_=   0.      1:ln_i0|n_=   0.     
 +1:ln_i0|n_=   0.      1:ln_i0|n_=   0.      1:ln_i0|n_=   0.     
 +1:ln_i0|n_=   0.      1:ln_i0|n_=   0.      1:ln_i0|n_=   0.     
 +1:ln_i0|n_=   0.      1:ln_i0|n_=   0.      1:ln_i0|n_=   0.     
 +1:ln_i0|n_=   0.      1:ln_i0|n_=   0.      1:ln_i0|n_=   0.     
 +1:ln_i0|n_=   0.      1:ln_i0|n_=   0.      1:ln_i0|n_=   0.     
 +1:ln_i0|n_=   0.      1:ln_i0|n_=   0.      1:ln_i0|n_=   0.     
 +1:ln_i0|n_=   0.      1:ln_i0|n_=   0.      1:ln_i0|n_=   0.     
 +1:ln_i0|n_=   0.      1:ln_i0|n_=   0.      1:ln_i0|n_=   0.     
 +1:ln_i0|n_=   0.      1:ln_i0|n_=   0.      1:ln_i0|n_=   0.     
 +1:ln_i0|n_=   0.      1:ln_i0|n_=   0.      1:ln_i0|n_=   0.     
 +1:ln_i0|n_=   0.      1:ln_i0|n_=   0.      1:ln_i0|n_=   0.     
 +1:ln_i0|n_=   0.      1:ln_i0|n_=   0.      1:ln_i0|n_=   0.     
 +1:ln_i0|n_=   0.      1:ln_i0|n_=   0.      1:ln_i0|n_=   0.     
 +1:ln_i0|n_=   0.      1:ln_i0|n_=   0.      1:ln_i0|n_=   0.     
 +1:ln_i0|n_=   0.      1:ln_i0|n_=   0.      1:ln_i0|n_=   0.     
 +1:ln_i0|n_=   0.      1:ln_i0|n_=   0.      1:ln_i0|n_=   0.     
 +1:ln_i0|n_=   0.      1:ln_i0|n_=   0.      1:ln_i0|n_=   0.     
 +1:ln_i0|n_=   0.      1:ln_i0|n_=   0.      1:ln_i0|n_=   0.     
 +1:ln_i0|n_=   0.      1:ln_i0|n_=   0.      1:ln_i0|n_=   0.     
 +1:ln_i0|n_=   0.      1:ln_i0|n_=   0.      1:ln_i0|n_=   0.     
 +1:ln_i0|n_=   0.      1:ln_i0|n_=   0.      1:ln_i0|n_=   0.     
 +1:ln_i0|n_=   0.      1:ln_i0|n_=   0.      1:ln_i0|n_=   0.     
 +1:ln_i0|n_=   0.      1:ln_i0|n_=   0.      1:ln_i0|n_=   0.     
 +1:ln_i0|n_=   0.      1:ln_i0|n_=   0.      1:ln_i0|n_=   0.     
 +1:ln_i0|n_=   0.      1:ln_i0|n_=   0.      1:ln_i0|n_=   0.     
 +1:ln_i0|n_=   0.      1:ln_i0|n_=   0.      1:ln_i0|n_=   0.     
 +1:ln_i0|n_=   0.      1:ln_i0|n_=   0.      1:ln_i0|n_=   0.     
 +1:ln_i0|n_=   0.      1:ln_i0|n_=   0.      1:ln_i0|n_=   0.     
 +1:ln_i0|n_=   0.      1:ln_i0|n_=   0.      1:ln_i0|n_=   0.     
 +1:ln_i0|n_=   0.      1:ln_i0|n_=   0.      1:ln_i0|n_=   0.     
 +1:ln_i0|n_=   0.      1:ln_i0|n_=   0.      1:ln_i0|n_=   0.     
 +1:ln_i0|n_=   0.      1:ln_i0|n_=   0.      1:ln_i0|n_=   0.     
 +1:ln_i0|n_=   0.      1:ln_i0|n_=   0.      1:ln_i0|n_=   0.     
 +1:ln_i0|n_=   0.      1:ln_i0|n_=   0.      1:ln_i0|n_=   0.     
 +1:ln_i0|n_=   0.      1:ln_i0|n_=   0.      1:ln_i0|n_=   0.     
 +1:ln_i0|n_=   0.      1:ln_i0|n_=   0.      1:ln_i0|n_=   0.     
 +1:ln_i0|n_=   0.      1:ln_i0|n_=   0.      1:ln_i0|n_=   0.     
 +1:ln_i0|n_=   0.      1:ln_i0|n_=   0.      1:ln_i0|n_=   0.     
 +1:ln_i0|n_=   0.      1:ln_i0|n_=   0.      1:ln_i0|n_=   0.     
 +1:ln_i0|n_=   0.      1:ln_i0|n_=   0.      1:ln_i0|n_=   0.     
 +1:ln_i0|n_=   0.      1:ln_i0|n_=   0.      1:ln_i0|n_=   0.     
 +1:ln_i0|n_=   0.      1:ln_i0|n_=   0.      1:ln_i0|n_=   0.     
 +1:ln_i0|n_=   0.      1:ln_i0|n_=   0.      1:ln_i0|n_=   0.     
 +1:ln_i0|n_=   0.      1:ln_i0|n_=   0.      1:ln_i0|n_=   0.     
 +1:ln_i0|n_=   0.      1:ln_i0|n_=   0.      1:ln_i0|n_=   0.     
 +1:ln_i0|n_=   0.      1:ln_i0|n_=   0.      1:ln_i0|n_=   0.     
 +1:ln_i0|n_=   0.      1:ln_i0|n_=   0.      1:ln_i0|n_=   0.     
 +1:ln_i0|n_=   0.      1:ln_i0|n_=   0.      1:ln_i0|n_=   0.     
 +1:ln_i0|n_=   0.      1:ln_i0|n_=   0.      1:ln_i0|n_=   0.     
 +1:ln_i0|n_=   0.      1:ln_i0|n_=   0.      1:ln_i0|n_=   0.     
 +1:ln_i0|n_=   0.      1:ln_i0|n_=   0.      1:ln_i0|n_=   0.     
 +1:ln_i0|n_=   0.      1:ln_i0|n_=   0.      1:ln_i0|n_=   0.     
 +1:ln_i0|n_=   0.      1:ln_i0|n_=   0.      1:ln_i0|n_=   0.     
 +1:ln_i0|n_=   0.      1:ln_i0|n_=   0.      1:ln_i0|n_=   0.     
 +1:ln_i0|n_=   0.      1:ln_i0|n_=   0.      1:ln_i0|n_=   0.     
 +1:ln_i0|n_=   0.      1:ln_i0|n_=   0.      1:ln_i0|n_=   0.     
 +1:ln_i0|n_=   0.      1:ln_i0|n_=   0.      1:ln_i0|n_=   0.     
 +1:ln_i0|n_=   0.      1:ln_i0|n_=   0.      1:ln_i0|n_=   0.     
 +1:ln_i0|n_=   0.      1:ln_i0|n_=   0.      1:ln_i0|n_=   0.     
 +1:ln_i0|n_=   0.      1:ln_i0|n_=   0.      1:ln_i0|n_=   0.     
 +1:ln_i0|n_=   0.      1:ln_i0|n_=   0.      1:ln_i0|n_=   0.     
 +1:ln_i0|n_=   0.      1:ln_i0|n_=   0.      1:ln_i0|n_=   0.     
 +1:ln_i0|n_=   0.      1:ln_i0|n_=   0.      1:ln_i0|n_=   0.     
 +1:ln_i0|n_=   0.      1:ln_i0|n_=   0.      1:ln_i0|n_=   0.     
 +1:ln_i0|n_=   0.      1:ln_i0|n_=   0.      1:ln_i0|n_=   0.     
 +1:ln_i0|n_=   0.      1:ln_i0|n_=   0.      1:ln_i0|n_=   0.     
 +1:ln_i0|n_=   0.      1:ln_i0|n_=   0.      1:ln_i0|n_=   0.     
 +1:ln_i0|n_=   0.      1:ln_i0|n_=   0.      1:ln_i0|n_=   0.     
 +1:ln_i0|n_=   0.      1:ln_i0|n_=   0.      1:ln_i0|n_=   0.     
 +1:ln_i0|n_=   0.      1:ln_i0|n_=   0.      1:ln_i0|n_=   0.     
 +1:ln_i0|n_=   0.      1:ln_i0|n_=   0.      1:ln_i0|n_=   0.     
 +1:ln_i0|n_=   0.      1:ln_i0|n_=   0.      1:ln_i0|n_=   0.     
 +1:ln_i0|n_=   0.      1:ln_i0|n_=   0.      1:ln_i0|n_=   0.     
 +1:ln_i0|n_=   0.      1:ln_i0|n_=   0.      1:ln_i0|n_=   0.     
 +1:ln_i0|n_=   0.      1:ln_i0|n_=   0.      1:ln_i0|n_=   0.     
 +1:ln_i0|n_=   0.      1:ln_i0|n_=   0.      1:ln_i0|n_=   0.     
 +1:ln_i0|n_=   0.      1:ln_i0|n_=   0.      1:ln_i0|n_=   0.     
 +1:ln_i0|n_=   0.      1:ln_i0|n_=   0.      1:ln_i0|n_=   0.     
 +1:ln_i0|n_=   0.      1:ln_i0|n_=   0.      1:ln_i0|n_=   0.     
 +1:ln_i0|n_=   0.      1:ln_i0|n_=   0.      1:ln_i0|n_=   0.     
 +1:ln_i0|n_=   0.      1:ln_i0|n_=   0.      1:ln_i0|n_=   0.     
 +1:ln_i0|n_=   0.      1:ln_i0|n_=   0.      1:ln_i0|n_=   0.     
 +1:ln_i0|n_=   0.      1:ln_i0|n_=   0.      1:ln_i0|n_=   0.     
 +1:ln_i0|n_=   0.      1:ln_i0|n_=   0.      1:ln_i0|n_=   0.     
 +1:ln_i0|n_=   0.      1:ln_i0|n_=   0.      1:ln_i0|n_=   0.     
 +1:ln_i0|n_=   0.      1:ln_i0|n_=   0.      1:ln_i0|n_=   0.     
 +1:ln_i0|n_=   0.      1:ln_i0|n_=   0.      1:ln_i0|n_=   0.     
 +1:ln_i0|n_=   0.      1:ln_i0|n_=   0.      1:ln_i0|n_=   0.     
 +1:ln_i0|n_=   0.      1:ln_i0|n_=   0.      1:ln_i0|n_=   0.     
 +1:ln_i0|n_=   0.      1:ln_i0|n_=   0.      1:ln_i0|n_=   0.     
 +1:ln_i0|n_=   0.      1:ln_i0|n_=   0.      1:ln_i0|n_=   0.     
 +1:ln_i0|n_=   0.      1:ln_i0|n_=   0.      1:ln_i0|n_=   0.     
 +1:ln_i0|n_=   0.      1:ln_i0|n_=   0.      1:ln_i0|n_=   0.     
 +1:ln_i0|n_=   0.      1:ln_i0|n_=   0.      1:ln_i0|n_=   0.     
 +1:ln_i0|n_=   0.      1:ln_i0|n_=   0.      1:ln_i0|n_=   0.     
 +1:ln_i0|n_=   0.      1:ln_i0|n_=   0.      1:ln_i0|n_=   0.     
 +1:ln_i0|n_=   0.      1:ln_i0|n_=   0.      1:ln_i0|n_=   0.     
 +1:ln_i0|n_=   0.      1:ln_i0|n_=   0.      1:ln_i0|n_=   0.     
 +1:ln_i0|n_=   0.      1:ln_i0|n_=   0.      1:ln_i0|n_=   0.     
 +1:ln_i0|n_=   0.      1:ln_i0|n_=   0.      1:ln_i0|n_=   0.     
 +1:ln_i0|n_=   0.      1:ln_i0|n_=   0.      1:ln_i0|n_=   0.     
 +1:ln_i0|n_=   0.      1:ln_i0|n_=   0.      1:ln_i0|n_=   0.     
 +1:ln_i0|n_=   0.      1:ln_i0|n_=   0.      1:ln_i0|n_=   0.     
 +1:ln_i0|n_=   0.      1:ln_i0|n_=   0.      1:ln_i0|n_=   0.     
 +1:ln_i0|n_=   0.      1:ln_i0|n_=   0.      1:ln_i0|n_=   0.     
 +1:ln_n_184= 368.1242m 1:ln_n_185=   0.      1:ln_n_187= 971.4394m
 +1:ln_n_196=   0.      1:ln_n_196=   0.      1:ln_n_196=   0.     
 +1:ln_n_196=   0.      1:ln_n_196=   0.      1:ln_n_197=   0.     
 +1:ln_n_197=   0.      1:ln_n_197=   0.      1:ln_n_197=   0.     
 +1:ln_n_197=   0.      1:ln_n_198=   0.      1:ln_n_198=   0.     
 +1:ln_n_198=   0.      1:ln_n_198=   0.      1:ln_n_198=   0.     
 +1:ln_n_199=   0.      1:ln_n_199=   0.      1:ln_n_199=   0.     
 +1:ln_n_199=   0.      1:ln_n_199=   0.      1:ln_n_200=   0.     
 +1:ln_n_200=   0.      1:ln_n_200=   0.      1:ln_n_200=   0.     
 +1:ln_n_200=   0.      1:ln_n_200=   0.      1:ln_n_201=   0.     
 +1:ln_n_201=   0.      1:ln_n_201=   0.      1:ln_n_201=   0.     
 +1:ln_n_201=   0.      1:ln_n_202=   0.      1:ln_n_202=   0.     
 +1:ln_n_203=   0.      1:ln_n_203=   0.      1:ln_n_204=   0.     
 +1:ln_n_204=   0.      1:ln_n_205=   0.      1:ln_n_205=   0.     
 +1:ln_n_205=   0.      1:ln_n_205=   0.      1:ln_n_205=   0.     
 +1:ln_n_206=   0.      1:ln_n_206=   0.      1:ln_n_206=   0.     
 +1:ln_n_206=   0.      1:ln_n_206=   0.      1:ln_n_206=   0.     
 +1:ln_n_207=   0.      1:ln_n_207=   0.      1:ln_n_207=   0.     
 +1:ln_n_207=   0.      1:ln_n_207=   0.      1:ln_n_208=   0.     
 +1:ln_n_208=   0.      1:ln_n_209=   0.      1:ln_n_209=   0.     
 +1:ln_n_210=   0.      1:ln_n_210=   0.      1:ln_n_210=   0.     
 +1:ln_n_210=   0.      1:ln_n_210=   0.      1:ln_n_211=   0.     
 +1:ln_n_211=   0.      1:ln_n_211=   0.      1:ln_n_211=   0.     
 +1:ln_n_211=   0.      1:ln_n_211=   0.      1:ln_n_212=   0.     
 +1:ln_n_212=   0.      1:ln_n_212=   0.      1:ln_n_212=   0.     
 +1:ln_n_212=   0.      1:ln_n_213=   0.      1:ln_n_213=   0.     
 +1:ln_n_214=   0.      1:ln_n_214=   0.      1:ln_n_215=   0.     
 +1:ln_n_215=   0.      1:ln_n_215=   0.      1:ln_n_215=   0.     
 +1:ln_n_215=   0.      1:ln_n_216=   0.      1:ln_n_216=   0.     
 +1:ln_n_216=   0.      1:ln_n_216=   0.      1:ln_n_216=   0.     
 +1:ln_n_216=   0.      1:ln_n_217=   0.      1:ln_n_217=   0.     
 +1:ln_n_217=   0.      1:ln_n_217=   0.      1:ln_n_218=   0.     
 +1:ln_n_218=   0.      1:ln_n_221=   0.      1:ln_n_221=   0.     
 +1:ln_n_221=   0.      1:ln_n_221=   0.      1:ln_n_222=   0.     
 +1:ln_n_222=   0.      1:ln_n_222=   0.      1:ln_n_222=   0.     
 +1:ln_n_223=   0.      1:ln_n_223=   0.      1:ln_n_223=   0.     
 +1:ln_n_223=   0.      1:ln_n_224=   0.      1:ln_n_224=   0.     
 +1:ln_n_224=   0.      1:ln_n_224=   0.      1:ln_n_225=   0.     
 +1:ln_n_225=   0.      1:ln_n_225=   0.      1:ln_n_225=   0.     
 +1:net12:1 =   1.2000  1:net12:10=   1.2000  1:net12:11=   1.2000 
 +1:net12:12=   1.2000  1:net12:13=   1.2000  1:net12:14=   1.2000 
 +1:net12:15=   1.2000  1:net12:16=   1.2000  1:net12:17=   1.2000 
 +1:net12:18=   1.2000  1:net12:19=   1.2000  1:net12:2 =   1.2000 
 +1:net12:20=   1.2000  1:net12:21=   1.2000  1:net12:22=   1.2000 
 +1:net12:23=   1.2000  1:net12:24=   1.2000  1:net12:25=   1.2000 
 +1:net12:26=   1.2000  1:net12:27=   1.2000  1:net12:28=   1.2000 
 +1:net12:29=   1.2000  1:net12:3 =   1.2000  1:net12:30=   1.2000 
 +1:net12:31=   1.2000  1:net12:32=   1.2000  1:net12:33=   1.2000 
 +1:net12:34=   1.2000  1:net12:35=   1.2000  1:net12:36=   1.2000 
 +1:net12:37=   1.2000  1:net12:38=   1.2000  1:net12:39=   1.2000 
 +1:net12:4 =   1.2000  1:net12:40=   1.2000  1:net12:41=   1.2000 
 +1:net12:42=   1.2000  1:net12:43=   1.2000  1:net12:44=   1.2000 
 +1:net12:5 =   1.2000  1:net12:6 =   1.2000  1:net12:7 =   1.2000 
 +1:net12:8 =   1.2000  1:net12:9 =   1.2000  1:net15:1 =   1.1998 
 +1:net15:10=   1.1998  1:net15:11=   1.1998  1:net15:12=   1.1998 
 +1:net15:13=   1.1998  1:net15:14=   1.1998  1:net15:15=   1.1998 
 +1:net15:16=   1.1998  1:net15:17=   1.1998  1:net15:18=   1.1998 
 +1:net15:19=   1.1998  1:net15:2 =   1.1998  1:net15:20=   1.1998 
 +1:net15:21=   1.1998  1:net15:22=   1.1998  1:net15:23=   1.1998 
 +1:net15:24=   1.1998  1:net15:25=   1.1998  1:net15:26=   1.1998 
 +1:net15:27=   1.1998  1:net15:28=   1.1998  1:net15:29=   1.1998 
 +1:net15:3 =   1.1998  1:net15:30=   1.1998  1:net15:31=   1.1998 
 +1:net15:32=   1.1998  1:net15:33=   1.1998  1:net15:34=   1.1998 
 +1:net15:35=   1.1998  1:net15:36=   1.1998  1:net15:37=   1.1998 
 +1:net15:38=   1.1998  1:net15:39=   1.1998  1:net15:4 =   1.1998 
 +1:net15:40=   1.1998  1:net15:41=   1.1998  1:net15:42=   1.1998 
 +1:net15:43=   1.1998  1:net15:44=   1.1998  1:net15:5 =   1.1998 
 +1:net15:6 =   1.1998  1:net15:7 =   1.1998  1:net15:8 =   1.1998 
 +1:net15:9 =   1.1998  1:net18:1 =  24.6616u 1:net18:10=  21.8846u
 +1:net18:11=  21.8829u 1:net18:12=  21.8806u 1:net18:13=  21.8777u
 +1:net18:14=  21.8740u 1:net18:15=  21.8697u 1:net18:16=  21.8645u
 +1:net18:17=  21.8585u 1:net18:18=  21.8514u 1:net18:19=  21.6825u
 +1:net18:2 =  23.4547u 1:net18:20=  21.6735u 1:net18:21=  21.6668u
 +1:net18:22=  21.6625u 1:net18:23=  21.6603u 1:net18:24=  21.6603u
 +1:net18:25=  21.8143u 1:net18:26=  21.7886u 1:net18:27=  21.7845u
 +1:net18:28=  21.7915u 1:net18:29=  21.8143u 1:net18:3 =  22.2116u
 +1:net18:30=  21.8297u 1:net18:31=  22.0897u 1:net18:32=  24.6616u
 +1:net18:33=  22.2116u 1:net18:34=  21.8554u 1:net18:35=  21.8554u
 +1:net18:36=  21.8297u 1:net18:37=  21.8863u 1:net18:4 =  22.1332u
 +1:net18:5 =  21.8554u 1:net18:6 =  22.0866u 1:net18:7 =  22.1293u
 +1:net18:8 =  21.8863u 1:net18:9 =  21.8857u 1:net9:1  = 107.5187u
 +1:net9:10 = 107.9086u 1:net9:11 = 107.9285u 1:net9:12 = 110.3904u
 +1:net9:13 = 107.9996u 1:net9:14 = 109.1839u 1:net9:15 = 107.5252u
 +1:net9:16 = 107.5244u 1:net9:17 = 107.8697u 1:net9:18 = 107.7667u
 +1:net9:19 = 107.7562u 1:net9:2  = 107.5187u 1:net9:20 = 107.9216u
 +1:net9:21 = 107.4928u 1:net9:22 = 107.4987u 1:net9:23 = 107.4977u
 +1:net9:24 = 107.4987u 1:net9:25 = 109.1673u 1:net9:26 = 107.5252u
 +1:net9:27 = 107.7421u 1:net9:28 = 107.7562u 1:net9:29 = 107.5095u
 +1:net9:3  = 107.7421u 1:net9:30 = 107.5083u 1:net9:31 = 107.5061u
 +1:net9:32 = 107.5027u 1:net9:33 = 107.4981u 1:net9:34 = 107.4922u
 +1:net9:35 = 107.4849u 1:net9:36 = 107.4761u 1:net9:37 = 107.4658u
 +1:net9:38 = 107.4536u 1:net9:39 = 107.4396u 1:net9:4  = 107.5187u
 +1:net9:40 = 107.2110u 1:net9:41 = 107.1977u 1:net9:42 = 107.1884u
 +1:net9:43 = 107.1873u 1:net9:44 = 107.1785u 1:net9:45 = 107.1663u
 +1:net9:46 = 107.1565u 1:net9:47 = 107.1487u 1:net9:48 = 107.1431u
 +1:net9:49 = 107.1393u 1:net9:5  = 107.4939u 1:net9:50 = 107.1374u
 +1:net9:51 = 107.1374u 1:net9:52 = 107.2378u 1:net9:53 = 107.2378u
 +1:net9:54 = 107.4630u 1:net9:55 = 107.4939u 1:net9:56 = 107.1819u
 +1:net9:57 = 107.1908u 1:net9:58 = 110.3738u 1:net9:59 = 107.9285u
 +1:net9:6  = 107.8423u 1:net9:60 = 110.3904u 1:net9:61 = 107.9996u
 +1:net9:62 = 107.2707u 1:net9:63 = 107.2408u 1:net9:64 = 107.5095u
 +1:net9:7  = 107.5244u 1:net9:8  = 107.5252u 1:net9:9  = 110.3738u
 +1:q:1     = 111.5396u 1:q:10    = 109.1377u 1:q:11    = 109.3532u
 +1:q:12    = 109.3959u 1:q:13    = 109.0863u 1:q:14    = 109.3173u
 +1:q:15    = 109.0861u 1:q:16    = 109.0863u 1:q:17    = 109.1244u
 +1:q:18    = 109.1233u 1:q:19    = 109.1210u 1:q:2     = 110.3331u
 +1:q:20    = 109.1176u 1:q:21    = 109.1130u 1:q:22    = 109.1071u
 +1:q:23    = 109.0998u 1:q:24    = 109.0910u 1:q:25    = 109.0806u
 +1:q:26    = 109.0685u 1:q:27    = 109.0544u 1:q:28    = 108.7799u
 +1:q:29    = 108.7602u 1:q:3     = 109.3535u 1:q:30    = 108.7434u
 +1:q:31    = 108.7292u 1:q:32    = 108.7174u 1:q:33    = 108.7078u
 +1:q:34    = 108.7003u 1:q:35    = 108.6948u 1:q:36    = 108.6911u
 +1:q:37    = 108.6893u 1:q:38    = 108.6893u 1:q:39    = 109.1137u
 +1:q:4     = 109.3538u 1:q:40    = 109.1137u 1:q:41    = 109.0861u
 +1:q:42    = 109.0604u 1:q:43    = 109.0085u 1:q:44    = 108.9588u
 +1:q:45    = 109.0085u 1:q:46    = 109.0584u 1:q:47    = 109.3532u
 +1:q:48    = 109.3491u 1:q:49    = 109.3196u 1:q:5     = 111.5197u
 +1:q:50    = 111.5396u 1:q:51    = 109.3538u 1:q:52    = 111.5197u
 +1:q:53    = 109.4671u 1:q:54    = 108.9648u 1:q:55    = 109.1377u
 +1:q:56    = 108.9504u 1:q:57    = 108.8616u 1:q:58    = 108.8195u
 +1:q:59    = 109.1377u 1:q:6     = 109.4671u 1:q:60    = 109.1244u
 +1:q:7     = 110.3132u 1:q:8     = 109.0614u 1:q:9     = 109.3891u
 +1:qn:1    =   1.1998  1:qn:10   =   1.1997  1:qn:11   =   1.1997 
 +1:qn:12   =   1.1997  1:qn:13   =   1.1997  1:qn:14   =   1.1997 
 +1:qn:15   =   1.1997  1:qn:16   =   1.1997  1:qn:17   =   1.1997 
 +1:qn:18   =   1.1997  1:qn:19   =   1.1997  1:qn:2    =   1.1997 
 +1:qn:20   =   1.1997  1:qn:21   =   1.1997  1:qn:22   =   1.1997 
 +1:qn:23   =   1.1997  1:qn:24   =   1.1997  1:qn:25   =   1.1997 
 +1:qn:26   =   1.1997  1:qn:27   =   1.1997  1:qn:28   =   1.1997 
 +1:qn:29   =   1.1997  1:qn:3    =   1.1997  1:qn:30   =   1.1997 
 +1:qn:31   =   1.1997  1:qn:32   =   1.1997  1:qn:33   =   1.1997 
 +1:qn:34   =   1.1997  1:qn:35   =   1.1997  1:qn:36   =   1.1997 
 +1:qn:37   =   1.1997  1:qn:38   =   1.1997  1:qn:39   =   1.1997 
 +1:qn:4    =   1.1997  1:qn:40   =   1.1997  1:qn:41   =   1.1997 
 +1:qn:42   =   1.1997  1:qn:43   =   1.1997  1:qn:44   =   1.1997 
 +1:qn:45   =   1.1997  1:qn:46   =   1.1997  1:qn:47   =   1.1997 
 +1:qn:48   =   1.1997  1:qn:49   =   1.1997  1:qn:5    =   1.1997 
 +1:qn:50   =   1.1997  1:qn:51   =   1.1997  1:qn:52   =   1.1997 
 +1:qn:53   =   1.1997  1:qn:54   =   1.1997  1:qn:55   =   1.1997 
 +1:qn:56   =   1.1997  1:qn:57   =   1.1997  1:qn:58   =   1.1997 
 +1:qn:59   =   1.1997  1:qn:6    =   1.1997  1:qn:60   =   1.1997 
 +1:qn:61   =   1.1997  1:qn:62   =   1.1997  1:qn:63   =   1.1997 
 +1:qn:7    =   1.1997  1:qn:8    =   1.1997  1:qn:9    =   1.1997 
 +1:vdd!:1  =   1.2000  1:vdd!:10 =   1.2000  1:vdd!:100=   1.2000 
 +1:vdd!:101=   1.2000  1:vdd!:102=   1.2000  1:vdd!:103=   1.2000 
 +1:vdd!:104=   1.2000  1:vdd!:105=   1.2000  1:vdd!:106=   1.2000 
 +1:vdd!:107=   1.2000  1:vdd!:108=   1.2000  1:vdd!:109=   1.2000 
 +1:vdd!:11 =   1.2000  1:vdd!:110=   1.2000  1:vdd!:111=   1.2000 
 +1:vdd!:112=   1.2000  1:vdd!:113=   1.2000  1:vdd!:114=   1.2000 
 +1:vdd!:115=   1.2000  1:vdd!:116=   1.2000  1:vdd!:117=   1.2000 
 +1:vdd!:118=   1.2000  1:vdd!:119=   1.2000  1:vdd!:12 =   1.2000 
 +1:vdd!:120=   1.2000  1:vdd!:121=   1.2000  1:vdd!:122=   1.2000 
 +1:vdd!:123=   1.2000  1:vdd!:124=   1.2000  1:vdd!:125=   1.2000 
 +1:vdd!:126=   1.2000  1:vdd!:127=   1.2000  1:vdd!:128=   1.2000 
 +1:vdd!:129=   1.2000  1:vdd!:13 =   1.2000  1:vdd!:130=   1.2000 
 +1:vdd!:131=   1.2000  1:vdd!:132=   1.2000  1:vdd!:133=   1.2000 
 +1:vdd!:134=   1.2000  1:vdd!:135=   1.2000  1:vdd!:136=   1.2000 
 +1:vdd!:137=   1.2000  1:vdd!:138=   1.2000  1:vdd!:139=   1.2000 
 +1:vdd!:14 =   1.2000  1:vdd!:140=   1.2000  1:vdd!:141=   1.2000 
 +1:vdd!:142=   1.2000  1:vdd!:143=   1.2000  1:vdd!:144=   1.2000 
 +1:vdd!:145=   1.2000  1:vdd!:146=   1.2000  1:vdd!:147=   1.2000 
 +1:vdd!:148=   1.2000  1:vdd!:149=   1.2000  1:vdd!:15 =   1.2000 
 +1:vdd!:150=   1.2000  1:vdd!:151=   1.2000  1:vdd!:152=   1.2000 
 +1:vdd!:153=   1.2000  1:vdd!:154=   1.2000  1:vdd!:155=   1.2000 
 +1:vdd!:156=   1.2000  1:vdd!:157=   1.2000  1:vdd!:158=   1.2000 
 +1:vdd!:159=   1.2000  1:vdd!:16 =   1.2000  1:vdd!:160=   1.2000 
 +1:vdd!:161=   1.2000  1:vdd!:162=   1.2000  1:vdd!:163=   1.2000 
 +1:vdd!:164=   1.2000  1:vdd!:165=   1.2000  1:vdd!:166=   1.2000 
 +1:vdd!:167=   1.2000  1:vdd!:168=   1.2000  1:vdd!:169=   1.2000 
 +1:vdd!:17 =   1.2000  1:vdd!:170=   1.2000  1:vdd!:171=   1.2000 
 +1:vdd!:172=   1.2000  1:vdd!:173=   1.2000  1:vdd!:174=   1.2000 
 +1:vdd!:175=   1.2000  1:vdd!:176=   1.2000  1:vdd!:177=   1.2000 
 +1:vdd!:178=   1.2000  1:vdd!:179=   1.2000  1:vdd!:18 =   1.2000 
 +1:vdd!:180=   1.2000  1:vdd!:181=   1.2000  1:vdd!:182=   1.2000 
 +1:vdd!:183=   1.2000  1:vdd!:184=   1.2000  1:vdd!:185=   1.2000 
 +1:vdd!:186=   1.2000  1:vdd!:187=   1.2000  1:vdd!:188=   1.2000 
 +1:vdd!:189=   1.2000  1:vdd!:19 =   1.2000  1:vdd!:190=   1.2000 
 +1:vdd!:191=   1.2000  1:vdd!:192=   1.2000  1:vdd!:193=   1.2000 
 +1:vdd!:194=   1.2000  1:vdd!:195=   1.2000  1:vdd!:196=   1.2000 
 +1:vdd!:197=   1.2000  1:vdd!:198=   1.2000  1:vdd!:199=   1.2000 
 +1:vdd!:2  =   1.2000  1:vdd!:20 =   1.2000  1:vdd!:200=   1.2000 
 +1:vdd!:201=   1.2000  1:vdd!:202=   1.2000  1:vdd!:203=   1.2000 
 +1:vdd!:204=   1.2000  1:vdd!:205=   1.2000  1:vdd!:206=   1.2000 
 +1:vdd!:207=   1.2000  1:vdd!:208=   1.2000  1:vdd!:209=   1.2000 
 +1:vdd!:21 =   1.2000  1:vdd!:210=   1.2000  1:vdd!:211=   1.2000 
 +1:vdd!:212=   1.2000  1:vdd!:213=   1.2000  1:vdd!:214=   1.2000 
 +1:vdd!:215=   1.2000  1:vdd!:216=   1.2000  1:vdd!:217=   1.2000 
 +1:vdd!:218=   1.2000  1:vdd!:219=   1.2000  1:vdd!:22 =   1.2000 
 +1:vdd!:220=   1.2000  1:vdd!:221=   1.2000  1:vdd!:222=   1.2000 
 +1:vdd!:223=   1.2000  1:vdd!:224=   1.2000  1:vdd!:225=   1.2000 
 +1:vdd!:226=   1.2000  1:vdd!:227=   1.2000  1:vdd!:228=   1.2000 
 +1:vdd!:229=   1.2000  1:vdd!:23 =   1.2000  1:vdd!:230=   1.2000 
 +1:vdd!:231=   1.2000  1:vdd!:232=   1.2000  1:vdd!:233=   1.2000 
 +1:vdd!:234=   1.2000  1:vdd!:235=   1.2000  1:vdd!:236=   1.2000 
 +1:vdd!:237=   1.2000  1:vdd!:238=   1.2000  1:vdd!:239=   1.2000 
 +1:vdd!:24 =   1.2000  1:vdd!:240=   1.2000  1:vdd!:241=   1.2000 
 +1:vdd!:242=   1.2000  1:vdd!:243=   1.2000  1:vdd!:244=   1.2000 
 +1:vdd!:245=   1.2000  1:vdd!:246=   1.2000  1:vdd!:247=   1.2000 
 +1:vdd!:248=   1.2000  1:vdd!:249=   1.2000  1:vdd!:25 =   1.2000 
 +1:vdd!:250=   1.2000  1:vdd!:251=   1.2000  1:vdd!:252=   1.2000 
 +1:vdd!:253=   1.2000  1:vdd!:254=   1.2000  1:vdd!:255=   1.2000 
 +1:vdd!:256=   1.2000  1:vdd!:257=   1.2000  1:vdd!:258=   1.2000 
 +1:vdd!:259=   1.2000  1:vdd!:26 =   1.2000  1:vdd!:260=   1.2000 
 +1:vdd!:261=   1.2000  1:vdd!:262=   1.2000  1:vdd!:263=   1.2000 
 +1:vdd!:264=   1.2000  1:vdd!:265=   1.2000  1:vdd!:266=   1.2000 
 +1:vdd!:267=   1.2000  1:vdd!:268=   1.2000  1:vdd!:269=   1.2000 
 +1:vdd!:27 =   1.2000  1:vdd!:270=   1.2000  1:vdd!:271=   1.2000 
 +1:vdd!:272=   1.2000  1:vdd!:273=   1.2000  1:vdd!:274=   1.2000 
 +1:vdd!:275=   1.2000  1:vdd!:276=   1.2000  1:vdd!:277=   1.2000 
 +1:vdd!:278=   1.2000  1:vdd!:279=   1.2000  1:vdd!:28 =   1.2000 
 +1:vdd!:280=   1.2000  1:vdd!:281=   1.2000  1:vdd!:282=   1.2000 
 +1:vdd!:283=   1.2000  1:vdd!:284=   1.2000  1:vdd!:285=   1.2000 
 +1:vdd!:286=   1.2000  1:vdd!:287=   1.2000  1:vdd!:288=   1.2000 
 +1:vdd!:289=   1.2000  1:vdd!:29 =   1.2000  1:vdd!:290=   1.2000 
 +1:vdd!:291=   1.2000  1:vdd!:292=   1.2000  1:vdd!:293=   1.2000 
 +1:vdd!:294=   1.2000  1:vdd!:295=   1.2000  1:vdd!:296=   1.2000 
 +1:vdd!:297=   1.2000  1:vdd!:298=   1.2000  1:vdd!:299=   1.2000 
 +1:vdd!:3  =   1.2000  1:vdd!:30 =   1.2000  1:vdd!:300=   1.2000 
 +1:vdd!:301=   1.2000  1:vdd!:302=   1.2000  1:vdd!:303=   1.2000 
 +1:vdd!:304=   1.2000  1:vdd!:305=   1.2000  1:vdd!:306=   1.2000 
 +1:vdd!:307=   1.2000  1:vdd!:308=   1.2000  1:vdd!:309=   1.2000 
 +1:vdd!:31 =   1.2000  1:vdd!:310=   1.2000  1:vdd!:311=   1.2000 
 +1:vdd!:312=   1.2000  1:vdd!:313=   1.2000  1:vdd!:314=   1.2000 
 +1:vdd!:315=   1.2000  1:vdd!:316=   1.2000  1:vdd!:317=   1.2000 
 +1:vdd!:318=   1.2000  1:vdd!:319=   1.2000  1:vdd!:32 =   1.2000 
 +1:vdd!:320=   1.2000  1:vdd!:321=   1.2000  1:vdd!:322=   1.2000 
 +1:vdd!:323=   1.2000  1:vdd!:324=   1.2000  1:vdd!:325=   1.2000 
 +1:vdd!:326=   1.2000  1:vdd!:327=   1.2000  1:vdd!:328=   1.2000 
 +1:vdd!:329=   1.2000  1:vdd!:33 =   1.2000  1:vdd!:330=   1.2000 
 +1:vdd!:331=   1.2000  1:vdd!:332=   1.2000  1:vdd!:333=   1.2000 
 +1:vdd!:334=   1.2000  1:vdd!:335=   1.2000  1:vdd!:336=   1.2000 
 +1:vdd!:337=   1.2000  1:vdd!:338=   1.2000  1:vdd!:339=   1.2000 
 +1:vdd!:34 =   1.2000  1:vdd!:340=   1.2000  1:vdd!:341=   1.2000 
 +1:vdd!:342=   1.2000  1:vdd!:343=   1.2000  1:vdd!:344=   1.2000 
 +1:vdd!:345=   1.2000  1:vdd!:346=   1.2000  1:vdd!:347=   1.2000 
 +1:vdd!:348=   1.2000  1:vdd!:349=   1.2000  1:vdd!:35 =   1.2000 
 +1:vdd!:350=   1.2000  1:vdd!:351=   1.2000  1:vdd!:352=   1.2000 
 +1:vdd!:353=   1.2000  1:vdd!:354=   1.2000  1:vdd!:355=   1.2000 
 +1:vdd!:356=   1.2000  1:vdd!:357=   1.2000  1:vdd!:358=   1.2000 
 +1:vdd!:359=   1.2000  1:vdd!:36 =   1.2000  1:vdd!:360=   1.2000 
 +1:vdd!:361=   1.2000  1:vdd!:362=   1.2000  1:vdd!:363=   1.2000 
 +1:vdd!:364=   1.2000  1:vdd!:365=   1.2000  1:vdd!:366=   1.2000 
 +1:vdd!:367=   1.2000  1:vdd!:368=   1.2000  1:vdd!:369=   1.2000 
 +1:vdd!:37 =   1.2000  1:vdd!:370=   1.2000  1:vdd!:371=   1.2000 
 +1:vdd!:372=   1.2000  1:vdd!:373=   1.2000  1:vdd!:374=   1.2000 
 +1:vdd!:375=   1.2000  1:vdd!:376=   1.2000  1:vdd!:377=   1.2000 
 +1:vdd!:378=   1.2000  1:vdd!:379=   1.2000  1:vdd!:38 =   1.2000 
 +1:vdd!:380=   1.2000  1:vdd!:381=   1.2000  1:vdd!:382=   1.2000 
 +1:vdd!:383=   1.2000  1:vdd!:384=   1.2000  1:vdd!:385=   1.2000 
 +1:vdd!:386=   1.2000  1:vdd!:387=   1.2000  1:vdd!:388=   1.2000 
 +1:vdd!:389=   1.2000  1:vdd!:39 =   1.2000  1:vdd!:390=   1.2000 
 +1:vdd!:391=   1.2000  1:vdd!:392=   1.2000  1:vdd!:393=   1.2000 
 +1:vdd!:394=   1.2000  1:vdd!:395=   1.2000  1:vdd!:396=   1.2000 
 +1:vdd!:397=   1.2000  1:vdd!:398=   1.2000  1:vdd!:399=   1.2000 
 +1:vdd!:4  =   1.2000  1:vdd!:40 =   1.2000  1:vdd!:400=   1.2000 
 +1:vdd!:401=   1.2000  1:vdd!:402=   1.2000  1:vdd!:403=   1.2000 
 +1:vdd!:404=   1.2000  1:vdd!:405=   1.2000  1:vdd!:406=   1.2000 
 +1:vdd!:407=   1.2000  1:vdd!:408=   1.2000  1:vdd!:409=   1.2000 
 +1:vdd!:41 =   1.2000  1:vdd!:410=   1.2000  1:vdd!:411=   1.2000 
 +1:vdd!:412=   1.2000  1:vdd!:413=   1.2000  1:vdd!:414=   1.2000 
 +1:vdd!:415=   1.2000  1:vdd!:416=   1.2000  1:vdd!:417=   1.2000 
 +1:vdd!:418=   1.2000  1:vdd!:419=   1.2000  1:vdd!:42 =   1.2000 
 +1:vdd!:420=   1.2000  1:vdd!:421=   1.2000  1:vdd!:422=   1.2000 
 +1:vdd!:423=   1.2000  1:vdd!:424=   1.2000  1:vdd!:425=   1.2000 
 +1:vdd!:426=   1.2000  1:vdd!:427=   1.2000  1:vdd!:428=   1.2000 
 +1:vdd!:429=   1.2000  1:vdd!:43 =   1.2000  1:vdd!:430=   1.2000 
 +1:vdd!:431=   1.2000  1:vdd!:432=   1.2000  1:vdd!:433=   1.2000 
 +1:vdd!:434=   1.2000  1:vdd!:435=   1.2000  1:vdd!:436=   1.2000 
 +1:vdd!:437=   1.2000  1:vdd!:438=   1.2000  1:vdd!:439=   1.2000 
 +1:vdd!:44 =   1.2000  1:vdd!:440=   1.2000  1:vdd!:441=   1.2000 
 +1:vdd!:442=   1.2000  1:vdd!:443=   1.2000  1:vdd!:444=   1.2000 
 +1:vdd!:445=   1.2000  1:vdd!:446=   1.2000  1:vdd!:447=   1.2000 
 +1:vdd!:448=   1.2000  1:vdd!:449=   1.2000  1:vdd!:45 =   1.2000 
 +1:vdd!:450=   1.2000  1:vdd!:451=   1.2000  1:vdd!:452=   1.2000 
 +1:vdd!:453=   1.2000  1:vdd!:454=   1.2000  1:vdd!:455=   1.2000 
 +1:vdd!:456=   1.2000  1:vdd!:457=   1.2000  1:vdd!:458=   1.2000 
 +1:vdd!:459=   1.2000  1:vdd!:46 =   1.2000  1:vdd!:460=   1.2000 
 +1:vdd!:461=   1.2000  1:vdd!:462=   1.2000  1:vdd!:463=   1.2000 
 +1:vdd!:464=   1.2000  1:vdd!:465=   1.2000  1:vdd!:466=   1.2000 
 +1:vdd!:467=   1.2000  1:vdd!:468=   1.2000  1:vdd!:469=   1.2000 
 +1:vdd!:47 =   1.2000  1:vdd!:470=   1.2000  1:vdd!:471=   1.2000 
 +1:vdd!:472=   1.2000  1:vdd!:473=   1.2000  1:vdd!:474=   1.2000 
 +1:vdd!:475=   1.2000  1:vdd!:476=   1.2000  1:vdd!:477=   1.2000 
 +1:vdd!:478=   1.2000  1:vdd!:479=   1.2000  1:vdd!:48 =   1.2000 
 +1:vdd!:480=   1.2000  1:vdd!:481=   1.2000  1:vdd!:482=   1.2000 
 +1:vdd!:483=   1.2000  1:vdd!:484=   1.2000  1:vdd!:485=   1.2000 
 +1:vdd!:486=   1.2000  1:vdd!:487=   1.2000  1:vdd!:488=   1.2000 
 +1:vdd!:489=   1.2000  1:vdd!:49 =   1.2000  1:vdd!:490=   1.2000 
 +1:vdd!:491=   1.2000  1:vdd!:492=   1.2000  1:vdd!:493=   1.2000 
 +1:vdd!:494=   1.2000  1:vdd!:495=   1.2000  1:vdd!:496=   1.2000 
 +1:vdd!:497=   1.2000  1:vdd!:498=   1.2000  1:vdd!:499=   1.2000 
 +1:vdd!:5  =   1.2000  1:vdd!:50 =   1.2000  1:vdd!:500=   1.2000 
 +1:vdd!:501=   1.2000  1:vdd!:502=   1.2000  1:vdd!:503=   1.2000 
 +1:vdd!:504=   1.2000  1:vdd!:505=   1.2000  1:vdd!:506=   1.2000 
 +1:vdd!:507=   1.2000  1:vdd!:508=   1.2000  1:vdd!:509=   1.2000 
 +1:vdd!:51 =   1.2000  1:vdd!:510=   1.2000  1:vdd!:511=   1.2000 
 +1:vdd!:512=   1.2000  1:vdd!:513=   1.2000  1:vdd!:514=   1.2000 
 +1:vdd!:515=   1.2000  1:vdd!:516=   1.2000  1:vdd!:517=   1.2000 
 +1:vdd!:518=   1.2000  1:vdd!:52 =   1.2000  1:vdd!:53 =   1.2000 
 +1:vdd!:54 =   1.2000  1:vdd!:55 =   1.2000  1:vdd!:56 =   1.2000 
 +1:vdd!:57 =   1.2000  1:vdd!:58 =   1.2000  1:vdd!:59 =   1.2000 
 +1:vdd!:6  =   1.2000  1:vdd!:60 =   1.2000  1:vdd!:61 =   1.2000 
 +1:vdd!:62 =   1.2000  1:vdd!:63 =   1.2000  1:vdd!:64 =   1.2000 
 +1:vdd!:65 =   1.2000  1:vdd!:66 =   1.2000  1:vdd!:67 =   1.2000 
 +1:vdd!:68 =   1.2000  1:vdd!:69 =   1.2000  1:vdd!:7  =   1.2000 
 +1:vdd!:70 =   1.2000  1:vdd!:71 =   1.2000  1:vdd!:72 =   1.2000 
 +1:vdd!:73 =   1.2000  1:vdd!:74 =   1.2000  1:vdd!:75 =   1.2000 
 +1:vdd!:76 =   1.2000  1:vdd!:77 =   1.2000  1:vdd!:78 =   1.2000 
 +1:vdd!:79 =   1.2000  1:vdd!:8  =   1.2000  1:vdd!:80 =   1.2000 
 +1:vdd!:81 =   1.2000  1:vdd!:82 =   1.2000  1:vdd!:83 =   1.2000 
 +1:vdd!:84 =   1.2000  1:vdd!:85 =   1.2000  1:vdd!:86 =   1.2000 
 +1:vdd!:87 =   1.2000  1:vdd!:88 =   1.2000  1:vdd!:89 =   1.2000 
 +1:vdd!:9  =   1.2000  1:vdd!:90 =   1.2000  1:vdd!:91 =   1.2000 
 +1:vdd!:92 =   1.2000  1:vdd!:93 =   1.2000  1:vdd!:94 =   1.2000 
 +1:vdd!:95 =   1.2000  1:vdd!:96 =   1.2000  1:vdd!:97 =   1.2000 
 +1:vdd!:98 =   1.2000  1:vdd!:99 =   1.2000  1:xi0|xi8|=  74.6426u
 +1:xi0|xi8|=  74.6426u 1:xi0|xi8|=  74.6426u 1:xi0|xi8|=  74.6426u
 +1:xi0|xi8|=  74.6426u 1:xi0|xi8|=  74.6426u 1:xi0|xi8|=  74.6426u
 +1:xi0|xi8|=  74.6426u 1:xi0|xi8|=  74.6426u 1:xi0|xi8|=  74.6426u
 +1:xi0|xi8|=  74.6426u 1:xi0|xi8|=  74.6426u 1:xi0|xi8|=  74.6426u
 +1:xi0|xi8|= 218.3527u 1:xi0|xi8|= 218.3527u 1:xi0|xi8|= 218.3527u
 +1:xi0|xi8|= 218.3527u 1:xi0|xi8|= 218.3527u 1:xi0|xi8|= 218.3527u
 +1:xi0|xi8|= 218.3527u 1:xi0|xi8|= 218.3527u 1:xi0|xi8|= 218.3527u
 +1:xi0|xi8|= 218.3527u 1:xi0|xi8|= 218.3527u 1:xi0|xi8|= 218.3527u
 +1:xi0|xi8|= 218.3527u 1:xi0|xi8|= 218.3527u 1:xi0|xi8|=   1.2000 
 +1:xi0|xi8|=   1.2000  1:xi0|xi8|=   1.2000  1:xi0|xi8|=   1.2000 
 +1:xi0|xi8|=   1.2000  1:xi0|xi9|=  31.6708u 1:xi0|xi9|=  30.2739u
 +1:xi0|xi9|=  31.5501u 1:xi0|xi9|=  30.1124u 1:xi0|xi9|=   2.7684u
 +1:xi0|xi9|=   2.8373u 1:xi0|xi9|=   2.9978u 1:xi0|xi9|=   4.9973u
 +1:xi0|xi8|=   6.3958u 1:xi0|xi8|=   7.6740u 1:xi0|xi8|=   6.2865u
 +1:xi0|xi8|=   6.2699u 1:xi0|xi8|=   5.7680u 1:xi0|xi9|=   2.6908u
 +1:xi0|xi9|=   1.2000  1:xi0|xi9|=   1.2000  1:xi0|xi9|=   1.2000 
 +1:xi0|xi9|=   1.2000  1:xi0|xi9|=   1.2000  1:xi0|xi9|=   1.2000 
 +1:xi0|xi9|=   1.2000  1:xi0|xi8|=   1.2000  1:xi0|xi8|=   1.2000 
 +1:xi0|xi8|=   1.2000  1:xi0|xi8|=   1.2000  1:xi0|xi8|=   1.2000 
 +1:xi0|xi8|=   1.2000  1:xi0|xi8|=   1.2000  1:xi0|xi8|=   1.2000 
 +1:xi0|xi8|=   1.2000  1:xi0|xi9|=   1.2000  1:xi0|xi9|=   1.2000 
 +1:xi0|xi9|=   1.1999  1:xi0|xi9|=   1.1999  1:xi0|xi9|=   1.1999 
 +1:xi0|xi9|=   1.1999  1:xi0|xi11= 971.4394m 1:xi0|xi8|= 971.4394m
 +1:xi0|xi10= 971.4394m 1:xi0|xi8|= 971.4394m 1:xi0|xi8|= 971.4394m
 +1:xi0|xi8|= 971.4394m 1:xi0|xi8|= 971.4394m 1:xi0|xi8|= 971.4394m
 +1:xi0|xi8|= 971.4394m 1:xi0|xi8|= 971.4394m 1:xi0|xi8|= 971.4394m
 +1:xi0|xi9|= 971.4394m 1:xi0|xi9|= 971.4394m 1:xi0|xi9|= 971.4394m
 +1:xi0|xi9|= 971.4394m 1:xi0|xi9|= 971.4394m 1:xi0|xi9|= 971.4394m
 +1:xi0|xi9|=   1.1997  1:xi0|xi9|= 971.4394m 1:xi0|xi9|= 971.4394m
 +1:xi0|xi9|= 971.4394m 1:xi0|xi9|=   1.2000  1:xi0|xi9|=   1.2000 
 +1:xi0|xi9|=   1.2000  1:xi0|xi9|=   1.2000  1:xi0|xi9|=   1.2000 
 +1:xi0|xi9|=  95.5787m 1:xi0|xi9|=  95.5787m 1:xi0|xi9|=   1.1998 
 +1:xi0|xi9|=  95.5787m 1:xi0|xi9|=  95.5787m 1:xi0|xi9|=  95.5787m
 +1:xi0|xi9|=  95.5787m 1:xi0|xi9|=  95.5787m 1:xi0|xi9|=  95.5787m
 +1:xi0|xi9|=  95.5787m 1:xi0|xi9|=  95.5787m 1:xi0|xi9|=  95.5787m
 +1:xi0|xi9|=  95.5787m 1:xi0|xi9|=   1.1998  1:xi0|xi9|=  95.5787m
 +1:xi0|xi9|=  95.5787m 1:xi0|xi8|=  95.5310m 1:xi0|xi8|=  95.5310m
 +1:xi0|xi8|=  95.5310m 1:xi0|xi8|=  95.5310m 1:xi0|xi8|=  95.5310m
 +1:xi0|xi8|=  95.5310m 1:xi0|xi8|=  95.5310m 1:xi0|xi8|=  95.5310m
 +1:xi0|xi9|=   1.1997  1:xi0|xi8|=  95.5310m 1:xi0|xi8|=  95.5310m
 +1:xi0|xi8|=  95.5310m 1:xi0|xi8|=  95.5310m 1:xi0|xi8|=  95.5310m
 +1:xi0|xi8|=  95.5310m 1:xi0|xi9|=  66.3085u 1:xi0|xi9|=  66.3085u
 +1:xi0|xi9|=  66.3085u 1:xi0|xi9|=  66.3085u 1:xi0|xi9|=   1.1997 
 +1:xi0|xi9|=  66.3085u 1:xi0|xi9|=  66.3085u 1:xi0|xi9|=  66.3085u
 +1:xi0|xi9|=  66.3085u 1:xi0|xi9|=  66.3085u 1:xi0|xi9|=  66.3085u
 +1:xi0|xi9|=  66.3085u 1:xi0|xi9|=  66.3085u 1:xi0|xi9|=  66.3085u
 +1:xi0|xi9|=  66.3085u 1:xi0|xi9|= 109.1998u 1:xi0|xi8|= 368.1242m
 +1:xi0|xi9|= 368.1242m 1:xi0|xi9|= 368.1242m 1:xi0|xi8|= 368.1242m
 +1:xi0|xi11= 368.1242m 1:xi0|xi8|= 368.1242m 1:xi0|xi10= 368.1242m
 +1:xi0|xi9|= 368.1242m 1:xi0|xi9|= 368.1242m 1:xi0|xi9|= 368.1242m
 +1:xi0|xi9|= 108.5669u 1:xi0|xi9|= 368.1242m 1:xi0|xi9|= 368.1242m
 +1:xi0|xi9|= 368.1242m 1:xi0|xi8|= 368.1242m 1:xi0|xi8|= 368.1242m
 +1:xi0|xi8|= 368.1242m 1:xi0|xi8|= 368.1242m 1:xi0|xi8|= 368.1242m
 +1:xi0|xi8|= 368.1242m 1:xi0|xi9|= 368.1242m 1:xi0|xi9|= 111.5197u
 +1:xi0|xi9|=   1.1998  1:xi0|xi9|=   1.1998  1:xi0|xi9|=   1.1998 
 +1:xi0|xi9|=   1.1998  1:xi0|xi9|=   1.1998  1:xi0|xi9|= 977.2157m
 +1:xi0|xi9|= 977.2157m 1:xi0|xi9|= 977.2157m 1:xi0|xi9|= 977.2157m
 +1:xi0|xi9|= 977.2157m 1:xi0|xi9|= 109.4671u 1:xi0|xi9|= 977.2157m
 +1:xi0|xi9|= 977.2157m 1:xi0|xi9|= 977.2157m 1:xi0|xi9|= 977.2157m
 +1:xi0|xi9|= 977.2157m 1:xi0|xi9|= 977.2157m 1:xi0|xi9|= 977.2157m
 +1:xi0|xi9|= 977.2157m 1:xi0|xi9|= 977.2157m 1:xi0|xi9|= 213.3990u
 +1:xi0|xi9|= 109.1998u 1:xi0|xi9|= 213.3990u 1:xi0|xi9|= 213.3990u
 +1:xi0|xi9|= 213.3990u 1:xi0|xi9|= 213.3990u 1:xi0|xi9|= 213.3990u
 +1:xi0|xi9|= 213.3990u 1:xi0|xi9|= 213.3990u 1:xi0|xi9|= 213.3990u
 +1:xi0|xi9|= 213.3990u 1:xi0|xi9|= 213.3990u 1:xi0|xi10=   1.2515u
 +1:xi0|xi9|= 213.3990u 1:xi0|xi9|= 213.3990u 1:xi0|xi9|= 213.3990u
 +1:xi0|xi8|= 102.5351u 1:xi0|xi8|= 103.0894u 1:xi0|xi8|= 106.2078u
 +1:xi0|xi8|= 103.0894u 1:xi0|xi8|= 103.1596u 1:xi0|xi8|= 122.4869u
 +1:xi0|xi8|= 121.7934u 1:xi0|xi10=   1.4358u 1:xi0|xi9|= 125.3539u
 +1:xi0|xi9|= 122.9638u 1:xi0|xi9|= 125.3706u 1:xi0|xi9|= 122.9253u
 +1:xi0|xi8|= 124.8082u 1:xi0|xi8|= 122.7564u 1:xi0|xi8|= 122.4869u
 +1:xi0|xi8|=   1.1997  1:xi0|xi8|=   1.1997  1:xi0|xi8|=   1.1997 
 +1:xi0|xi8|=  65.0059u 1:xi0|xi8|=   1.1997  1:xi0|xi8|=   1.1997 
 +1:xi0|xi8|= 110.3738u 1:xi0|xi8|= 107.9285u 1:xi0|xi8|= 110.3904u
 +1:xi0|xi8|= 107.9996u 1:xi0|xi8|=  65.0059u 1:xi0|xi8|=  65.0059u
 +1:xi0|xi8|=  65.0059u 1:xi0|xi8|=  65.0059u 1:xi0|xi8|=  65.0059u
 +1:xi0|xi8|=  65.0059u 1:xi0|xi8|=  65.0059u 1:xi0|xi8|=  65.0059u
 +1:xi0|xi8|=  65.0059u 1:xi0|xi8|=  65.0059u 1:xi0|xi8|=  65.0059u
 +1:xi0|xi8|=  65.0059u 1:xi0|xi8|=  65.0059u 1:xi0|xi8|=   1.1999 
 +1:xi0|xi8|=   1.1999  1:xi0|xi8|=   1.1999  1:xi0|xi8|=   1.1998 
 +1:xi0|xi11=   1.1998  1:xi0|xi11=   1.1998  1:xi0|xi8|=   1.1998 
 +1:xi0|xi8|=   1.1998  1:xi0|xi8|=   1.1998  1:xi0|xi8|=   1.1998 
 +1:xi0|xi8|=  74.6426u 1:xi0|net2=   1.2000  1:xi0|net2=   1.2000 
 +1:xi0|net2=   1.2000  1:xi0|net2=   1.2000  1:xi0|net2=   1.2000 
 +1:xi0|net2=   1.2000  1:xi0|net2=   1.2000  1:xi0|net2=   1.2000 
 +1:xi0|net2=   1.2000  1:xi0|net2=   1.2000  1:xi0|net2=   1.2000 
 +1:xi0|net2=   1.2000  1:xi0|net2=   1.2000  1:xi0|net2=   1.2000 
 +1:xi0|net2=   1.2000  1:xi0|net2=   1.2000  1:xi0|net2=   1.2000 
 +1:xi0|net2=   1.2000  1:xi0|net2=   1.2000  1:xi0|net2=   1.2000 
 +1:xi0|net2=   1.2000  1:xi0|net2=   1.2000  1:xi0|net2=   1.2000 
 +1:xi0|net2=   1.2000  1:xi0|net2=   1.2000  1:xi0|net2=   1.2000 
 +1:xi0|net2=   1.2000  1:xi0|net2=   1.2000  1:xi0|net2=   1.2000 
 +1:xi0|net2=   1.2000  1:xi0|net2=   1.2000  1:xi0|net2=   1.2000 
 +1:xi0|net2=   1.2000  1:xi0|net2=   1.2000  1:xi0|net2=   1.2000 
 +1:xi0|net2=   1.2000  1:xi0|net2=   1.2000  1:xi0|net2=   1.2000 
 +1:xi0|net2=   1.2000  1:xi0|net2=   1.2000  1:xi0|net2=   1.2000 
 +1:xi0|net2=   1.2000  1:xi0|net2=   1.2000  1:xi0|net2=   1.2000 
 +1:xi0|net2=   1.2000  1:xi0|net2=   1.2000  1:xi0|net2=   1.2000 
 +1:xi0|net2=   1.2000  1:xi0|net3= 122.5009u 1:xi0|net3= 122.7564u
 +1:xi0|net3= 124.1642u 1:xi0|net3= 122.7445u 1:xi0|net3= 122.7340u
 +1:xi0|net3= 122.8392u 1:xi0|net3= 122.9055u 1:xi0|net3= 122.7250u
 +1:xi0|net3= 122.6780u 1:xi0|net3= 123.6018u 1:xi0|net3= 122.4722u
 +1:xi0|net3= 122.5016u 1:xi0|net3= 122.8854u 1:xi0|net3= 122.5016u
 +1:xi0|net3= 122.5016u 1:xi0|net3= 122.5029u 1:xi0|net3= 122.7340u
 +1:xi0|net3= 122.5021u 1:xi0|net3= 122.7250u 1:xi0|net3= 122.3749u
 +1:xi0|net3= 122.6060u 1:xi0|net3= 122.6377u 1:xi0|net3= 124.1474u
 +1:xi0|net3= 122.3747u 1:xi0|net3= 122.0393u 1:xi0|net3= 122.0166u
 +1:xi0|net3= 121.9971u 1:xi0|net3= 121.9807u 1:xi0|net3= 121.9671u
 +1:xi0|net3= 121.9560u 1:xi0|net3= 121.9474u 1:xi0|net3= 121.9410u
 +1:xi0|net3= 121.9368u 1:xi0|net3= 122.8332u 1:xi0|net3= 121.9347u
 +1:xi0|net3= 122.4114u 1:xi0|net3= 122.4103u 1:xi0|net3= 122.4081u
 +1:xi0|net3= 122.4047u 1:xi0|net3= 122.4000u 1:xi0|net3= 122.3941u
 +1:xi0|net3= 122.3869u 1:xi0|net3= 122.3781u 1:xi0|net3= 122.3677u
 +1:xi0|net3= 125.3539u 1:xi0|net3= 122.3556u 1:xi0|net3= 122.3415u
 +1:xi0|net3= 122.4764u 1:xi0|net3= 122.4764u 1:xi0|net3= 122.4760u
 +1:xi0|net3= 122.4760u 1:xi0|net3= 122.3221u 1:xi0|net3= 122.2459u
 +1:xi0|net3= 122.3490u 1:xi0|net3= 122.3490u 1:xi0|net3= 122.9638u
 +1:xi0|net3= 122.3479u 1:xi0|net3= 122.6083u 1:xi0|net3= 125.3539u
 +1:xi0|net3= 122.9638u 1:xi0|net3= 125.3706u 1:xi0|net3= 122.9253u
 +1:xi0|net3= 124.8082u 1:xi0|net3= 122.7564u 1:xi0|net3= 122.2519u
 +1:xi0|net3= 122.4644u 1:xi0|net3= 125.3706u 1:xi0|net3= 122.5029u
 +1:xi0|net3= 122.5029u 1:xi0|net3= 122.5009u 1:xi0|net3= 122.2362u
 +1:xi0|net3= 122.1336u 1:xi0|net3= 122.0850u 1:xi0|net3= 122.3749u
 +1:xi0|net3= 122.3747u 1:xi0|net3= 122.5021u 1:xi0|net3= 121.9347u
 +1:xi0|net3= 122.9253u 1:xi0|net3= 122.4114u 1:xi0|net3= 124.8082u
 +1:xi0|net3=  31.6708u 1:xi0|net3=  30.0014u 1:xi0|net3=  29.7916u
 +1:xi0|net3=  29.7618u 1:xi0|net3=  30.2291u 1:xi0|net3=  30.1121u
 +1:xi0|net3=  29.8177u 1:xi0|net3=  30.0422u 1:xi0|net3=  29.8177u
 +1:xi0|net3=  29.7858u 1:xi0|net3=  30.0014u 1:xi0|net3=  30.2739u
 +1:xi0|net3=  29.7857u 1:xi0|net3=  29.7052u 1:xi0|net3=  29.7046u
 +1:xi0|net3=  29.7035u 1:xi0|net3=  29.7018u 1:xi0|net3=  29.6995u
 +1:xi0|net3=  29.6965u 1:xi0|net3=  29.6929u 1:xi0|net3=  29.6885u
 +1:xi0|net3=  29.6833u 1:xi0|net3=  31.5501u 1:xi0|net3=  29.6772u
 +1:xi0|net3=  29.6702u 1:xi0|net3=  29.4366u 1:xi0|net3=  29.4252u
 +1:xi0|net3=  29.4168u 1:xi0|net3=  29.4112u 1:xi0|net3=  29.4084u
 +1:xi0|net3=  29.4084u 1:xi0|net3=  29.7927u 1:xi0|net3=  29.7618u
 +1:xi0|net3=  30.1124u 1:xi0|net3=  29.6998u 1:xi0|net3=  29.6509u
 +1:xi0|net3=  29.6998u 1:xi0|net3=  31.6708u 1:xi0|net3=  30.2739u
 +1:xi0|net3=  31.5501u 1:xi0|net3=  30.1124u 1:xi0|net3=  29.6539u
 +1:xi0|net3=  29.8177u 1:xi0|net3=  29.6456u 1:xi0|net3=  30.4640u
 +1:xi0|net3=  29.8177u 1:xi0|net3=  29.7927u 1:xi0|net3=  29.7858u
 +1:xi0|net3=  29.7857u 1:xi0|net3=  29.7052u 1:xi0|net3=  30.1570u
 +1:xi0|net3=  30.0422u 1:xi0|net3=  30.3433u 1:xi0|net3=  30.1116u
 +1:xi0|net3=   1.1998  1:xi0|net3=   1.1998  1:xi0|net3=   1.1998 
 +1:xi0|net3=   1.1998  1:xi0|net3=   1.1998  1:xi0|net3=   1.1998 
 +1:xi0|net3=   1.1998  1:xi0|net3=   1.1998  1:xi0|net3=   1.1998 
 +1:xi0|net3=   1.1998  1:xi0|net3=   1.1998  1:xi0|net3=   1.1998 
 +1:xi0|net3=   1.1998  1:xi0|net3=   1.1998  1:xi0|net3=   1.1998 
 +1:xi0|net3=   1.1998  1:xi0|net3=   1.1998  1:xi0|net3=   1.1998 
 +1:xi0|net3=   1.1998  1:xi0|net3=   1.1998  1:xi0|net3=   1.1998 
 +1:xi0|net3=   1.1998  1:xi0|net3=   1.1998  1:xi0|net3=   1.1998 
 +1:xi0|net3=   1.1998  1:xi0|net3=   1.1998  1:xi0|net3=   1.1998 
 +1:xi0|net3=   1.1998  1:xi0|net3=   1.1998  1:xi0|net3=   1.1998 
 +1:xi0|net3=   1.1998  1:xi0|net3=   1.1998  1:xi0|net3=   1.1998 
 +1:xi0|net3=   1.1998  1:xi0|net3=   1.1998  1:xi0|net3=   1.1998 
 +1:xi0|net3=   1.1998  1:xi0|net3=   1.1998  1:xi0|net3=   1.1998 
 +1:xi0|net3=   1.1998  1:xi0|net3=   1.1998  1:xi0|net3=   1.1998 
 +1:xi0|net3=   1.1998  1:xi0|net3=   1.1998  1:xi0|net3=   1.1998 
 +1:xi0|net3=   1.1998  1:xi0|net3=   1.1998  1:xi0|net3=   1.1998 
 +1:xi0|net3=   1.1998  1:xi0|net3=   1.1998  1:xi0|net3=   1.1998 
 +1:xi0|net3=   1.1998  1:xi0|net3=   1.1998  1:xi0|net3=   1.1998 
 +1:xi0|net3=   1.1998  1:xi0|net3=   1.1998  1:xi0|net3=   1.1998 
 +1:xi0|net3=   1.1998  1:xi0|net3=   1.1998  1:xi0|net3=   1.1998 
 +1:xi0|net3=   1.1998  1:xi0|net3=   1.1998  1:xi0|net3=   1.1998 
 +1:xi0|net3=   1.1998  1:xi0|net3=   1.1998  1:xi0|net3=   1.1998 
 +1:xi0|net3=   1.1998  1:xi0|net3=   1.1998  1:xi0|net3=   1.1998 
 +1:xi0|net3=   1.1998  1:xi0|net3=   1.1998  1:xi0|net3=   1.1998 
 +1:xi0|net3=   1.1998  1:xi0|xi10=   1.1998  1:xi0|xi10=   6.0354u
 +1:xi0|xi10=   1.1998  1:xi0|xi10=   1.2000  1:xi0|xi11=  29.2218u
 +1:xi0|xi11=   4.3933u 1:xi0|xi11=  29.7429u 1:xi0|xi11=   1.2000 
 +1:xi0|xi8|=   1.1997  1:xi0|xi8|=   1.1997  1:xi0|xi8|=   1.1997 
 +1:xi0|xi8|=   1.1997  1:xi0|xi8|=   1.1997  1:xi0|xi8|=   1.1997 
 +1:xi0|xi8|=   1.1997  1:xi0|xi8|=   1.1997  1:xi0|xi8|=   1.1997 
 +1:xi0|xi8|=   1.1997  1:xi0|xi8|=   1.1997  1:xi0|xi8|=   1.1997 
 +1:xi0|xi8|=   1.1997  1:xi0|xi8|=   1.1997  1:xi0|xi8|=   1.1997 
 +1:xi0|xi8|=   1.1997  1:xi0|xi8|=   1.1997  1:xi0|xi8|=   1.1997 
 +1:xi0|xi8|=   1.1997  1:xi0|xi8|=   1.1997  1:xi0|xi8|=   1.1997 
 +1:xi0|xi8|=   1.1997  1:xi0|xi8|=   1.1997  1:xi0|xi8|=   1.1997 
 +1:xi0|xi8|=   1.1997  1:xi0|xi8|=   1.1997  1:xi0|xi8|=   1.1997 
 +1:xi0|xi8|=   1.1997  1:xi0|xi8|=   1.1997  1:xi0|xi8|=   1.1997 
 +1:xi0|xi8|=   1.1997  1:xi0|xi8|=   1.1997  1:xi0|xi8|=   1.1997 
 +1:xi0|xi8|=   1.1997  1:xi0|xi8|=   1.1997  1:xi0|xi8|=   1.1997 
 +1:xi0|xi8|= 105.0013u 1:xi0|xi8|= 102.7838u 1:xi0|xi8|= 102.8512u
 +1:xi0|xi8|= 103.0667u 1:xi0|xi8|= 102.7163u 1:xi0|xi8|= 102.6995u
 +1:xi0|xi8|= 102.6852u 1:xi0|xi8|= 102.6731u 1:xi0|xi8|= 102.6631u
 +1:xi0|xi8|= 102.6549u 1:xi0|xi8|= 102.6485u 1:xi0|xi8|= 103.1592u
 +1:xi0|xi8|= 102.6438u 1:xi0|xi8|= 102.6407u 1:xi0|xi8|= 102.6392u
 +1:xi0|xi8|= 103.0139u 1:xi0|xi8|= 103.0139u 1:xi0|xi8|= 103.0128u
 +1:xi0|xi8|= 103.0106u 1:xi0|xi8|= 103.0071u 1:xi0|xi8|= 103.0025u
 +1:xi0|xi8|= 102.9966u 1:xi0|xi8|= 106.2078u 1:xi0|xi8|= 102.9893u
 +1:xi0|xi8|= 102.9806u 1:xi0|xi8|= 102.9702u 1:xi0|xi8|= 102.9580u
 +1:xi0|xi8|= 102.9440u 1:xi0|xi8|= 102.8077u 1:xi0|xi8|= 102.8272u
 +1:xi0|xi8|= 106.2078u 1:xi0|xi8|= 102.8272u 1:xi0|xi8|= 102.7520u
 +1:xi0|xi8|= 103.1596u 1:xi0|xi8|= 102.7868u 1:xi0|xi8|= 102.8077u
 +1:xi0|xi8|= 102.8512u 1:xi0|xi8|= 102.8512u 1:xi0|xi8|= 102.6392u
 +1:xi0|xi8|= 103.1596u 1:xi0|xi8|= 103.1593u 1:xi0|xi8|= 103.0765u
 +1:xi0|xi8|= 103.0667u 1:xi0|xi8|= 102.7814u 1:xi0|xi8|=   1.1999 
 +1:xi0|xi8|=   1.1999  1:xi0|xi8|=   1.1999  1:xi0|xi8|=   1.1999 
 +1:xi0|xi8|=   1.1999  1:xi0|xi8|=   1.1999  1:xi0|xi8|=   1.1999 
 +1:xi0|xi8|=   1.1999  1:xi0|xi8|=   1.1999  1:xi0|xi8|=   1.1999 
 +1:xi0|xi8|=   1.1999  1:xi0|xi8|=   1.1999  1:xi0|xi8|=   1.1999 
 +1:xi0|xi8|=   1.1999  1:xi0|xi8|=   1.1999  1:xi0|xi8|=   1.1999 
 +1:xi0|xi8|=   1.1999  1:xi0|xi8|=   1.1999  1:xi0|xi8|=   1.1999 
 +1:xi0|xi8|=   1.1999  1:xi0|xi8|=   1.1999  1:xi0|xi8|=   1.1999 
 +1:xi0|xi8|=   1.1998  1:xi0|xi8|=   1.1999  1:xi0|xi8|=   1.1998 
 +1:xi0|xi8|=   1.1999  1:xi0|xi8|=   1.1999  1:xi0|xi8|=   1.1999 
 +1:xi0|xi8|=   1.1999  1:xi0|xi8|=   1.1999  1:xi0|xi8|=   1.1999 
 +1:xi0|xi8|=   1.1999  1:xi0|xi8|=   1.1998  1:xi0|xi8|=   1.1999 
 +1:xi0|xi8|=   1.1999  1:xi0|xi8|=   1.1999  1:xi0|xi8|=   1.1999 
 +1:xi0|xi8|=   1.1999  1:xi0|xi9|=   1.2000  1:xi0|xi9|=   1.2000 
 +1:xi0|xi9|=   1.2000  1:xi0|xi9|=   1.2000  1:xi0|xi9|=   1.2000 
 +1:xi0|xi9|=   1.2000  1:xi0|xi9|=   1.2000  1:xi0|xi9|=   1.2000 
 +1:xi0|xi9|=   1.2000  1:xi0|xi9|=   1.2000  1:xi0|xi9|=   1.2000 
 +1:xi0|xi9|=   1.2000  1:xi0|xi9|=   1.2000  1:xi0|xi9|=   1.2000 
 +1:xi0|xi9|=   1.2000  1:xi0|xi9|=   1.2000  1:xi0|xi9|=   1.2000 
 +1:xi0|xi9|=   1.2000  1:xi0|xi9|=   1.2000  1:xi0|xi9|=   1.2000 
 +1:xi0|xi9|=   1.2000  1:xi0|xi9|=   1.2000  1:xi0|xi9|=   1.2000 
 +1:xi0|xi9|=   1.2000  1:xi0|xi9|=   1.2000  1:xi0|xi9|=   1.2000 
 +1:xi0|xi9|=   1.2000  1:xi0|xi9|=   1.2000  1:xi0|xi9|=   1.2000 
 +1:xi0|xi9|=   1.2000  1:xi0|xi9|=   1.2000  1:xi0|xi9|=   1.2000 
 +1:xi0|xi9|=   1.2000  1:xi0|xi9|=   1.2000  1:xi0|xi9|=   1.2000 
 +1:xi0|xi9|=   1.2000  1:xi0|xi9|=   1.1998  1:xi0|xi9|=   1.1998 
 +1:xi0|xi9|=   1.1998  1:xi0|xi9|=   1.1998  1:xi0|xi9|=   1.1998 
 +1:xi0|xi9|=   1.1998  1:xi0|xi9|=   1.1998  1:xi0|xi9|=   1.1998 
 +1:xi0|xi9|=   1.1998  1:xi0|xi9|=   1.1998  1:xi0|xi9|=   1.1998 
 +1:xi0|xi9|=   1.1998  1:xi0|xi9|=   1.1998  1:xi0|xi9|=   1.1998 
 +1:xi0|xi9|=   1.1998  1:xi0|xi9|=   1.1998  1:xi0|xi9|=   1.1998 
 +1:xi0|xi9|=   1.1998  1:xi0|xi9|=   1.1998  1:xi0|xi9|=   1.1998 
 +1:xi0|xi9|=   1.1998  1:xi0|xi9|=   1.1998  1:xi0|xi9|=   1.1998 
 +1:xi0|xi9|=   1.1998  1:xi0|xi9|=   1.1998  1:xi0|xi9|=   1.1998 
 +1:xi0|xi9|=   1.1998  1:xi0|xi9|=   1.1998  1:xi0|xi9|=   1.1998 
 +1:xi0|xi9|=   1.1998  1:xi0|xi9|=   1.1998  1:xi0|xi9|=   1.1998 
 +1:xi0|xi9|=   1.1998  1:xi0|xi9|=   1.1998  1:xi0|xi9|=   1.1998 
 +1:xi0|xi9|=   1.1998  1:xi0|xi9|=   1.1998  1:xi0|xi9|=   1.1998 
 +1:xi0|xi9|=   1.1998  1:xi0|xi9|=   1.1998  1:xi0|xi9|=   1.1998 
 +1:xi0|xi9|=   1.1998  1:xi0|xi9|=   1.1998  1:xi0|xi9|=   1.1998 
 +1:xi0|xi9|=   1.1999  1:xi0|xi9|=   1.1999  1:xi0|xi9|=   1.1999 
 +1:xi0|xi9|=   1.1999  1:xi0|xi9|=   1.1999  1:xi0|xi9|=   1.1999 
 +1:xi0|xi9|=   1.1999  1:xi0|xi9|=   1.1999  1:xi0|xi9|=   1.1999 
 +1:xi0|xi9|=   1.1999  1:xi0|xi9|=   1.1999  1:xi0|xi9|=   1.1999 
 +1:xi0|xi9|=   1.1999  1:xi0|xi9|=   1.1999  1:xi0|xi9|=   1.1999 
 +1:xi0|xi9|=   1.1999  1:xi0|xi9|=   1.1999  1:xi0|xi9|=   1.1999 
 +1:xi0|xi9|=   1.1999  1:xi0|xi9|=   1.1999  1:xi0|xi9|=   1.1999 
 +1:xi0|xi9|=   1.1999  1:xi0|xi9|=   1.1999  1:xi0|xi9|=   1.1999 
 +1:xi0|xi9|=   1.1999  1:xi0|xi9|=   1.1999  1:xi0|xi9|=   1.1999 
 +1:xi0|xi9|=   1.1999  1:xi0|xi9|=   1.1999  1:xi0|xi9|=   1.1999 
 +1:xi0|xi9|=   1.1999  1:xi0|xi9|=   1.1999  1:xi0|xi9|=   1.1999 
 +1:xi0|xi9|=   1.1999  1:xi0|xi9|=   1.1999  1:xi0|xi9|=   1.1999 
 +1:xi0|xi9|=   1.1999  1:xi0|xi9|=   1.1999  1:xi1|mm10= 368.1242m
 +1:xi1|mm10= 107.0116u 1:xi1|mm10=   1.1998  1:xi1|mm10=  64.6140u
 +1:xi1|mm11= 368.1242m 1:xi1|mm11=  64.6140u 1:xi1|mm11=   1.2000 
 +1:xi1|mm11=   1.0069u 1:xi1|mm8:= 971.4394m 1:xi1|mm8:= 107.5849u
 +1:xi1|mm8:=   1.1998  1:xi1|mm8:=   1.2000  1:xi1|mm9:= 971.4394m
 +1:xi1|mm9:= 107.5849u 1:xi1|mm9:=   1.2000  1:xi1|mm9:=   1.2000 
 +1:xi1|net1=  64.6140u 1:xi1|net1=  64.6140u 1:xi1|net1=  64.6140u
 +1:xi1|net1=  64.6140u 1:xi1|net1=  64.6140u 1:xi1|net1=  64.6140u
 +1:xi1|net1=  64.6140u 1:xi1|net1=  64.6140u 1:xi1|net1=  64.6140u
 +1:xi1|net1=  64.6140u 1:xi1|net1=  64.6140u 1:xi1|net1=  64.6140u
 +1:xi2|mm10= 368.1242m 1:xi2|mm10=   1.2000  1:xi2|mm10=  22.2116u
 +1:xi2|mm10=  95.4516m 1:xi2|mm11= 368.1242m 1:xi2|mm11=  95.4516m
 +1:xi2|mm11= 109.3538u 1:xi2|mm11= 663.4687n 1:xi2|mm8:= 971.4394m
 +1:xi2|mm8:=   1.2000  1:xi2|mm8:=  24.6616u 1:xi2|mm8:=   1.2000 
 +1:xi2|mm9:= 971.4394m 1:xi2|mm9:=   1.2000  1:xi2|mm9:= 111.5396u
 +1:xi2|mm9:=   1.2000  1:xi2|net1=  95.4516m 1:xi2|net1=  95.4516m
 +1:xi2|net1=  95.4516m 1:xi2|net1=  95.4516m 1:xi2|net1=  95.4516m
 +1:xi2|net1=  95.4516m 1:xi2|net1=  95.4516m 1:xi2|net1=  95.4516m
 +1:xi2|net1=  95.4516m 1:xi2|net1=  95.4516m 1:xi2|net1=  95.4516m
 +1:xi2|net1=  95.4516m 1:xi3|mm10= 368.1242m 1:xi3|mm10=   1.1998 
 +1:xi3|mm10=   1.1997  1:xi3|mm10= 977.1363m 1:xi3|mm11= 368.1242m
 +1:xi3|mm11= 977.1363m 1:xi3|mm11=   1.4423u 1:xi3|mm11=   1.9283u
 +1:xi3|mm8:= 971.4394m 1:xi3|mm8:=   1.1998  1:xi3|mm8:=   1.1997 
 +1:xi3|mm8:=   1.2000  1:xi3|mm9:= 971.4394m 1:xi3|mm9:=   1.1998 
 +1:xi3|mm9:=   1.2571u 1:xi3|mm9:=   1.2000  1:xi3|net1= 977.1363m
 +1:xi3|net1= 977.1363m 1:xi3|net1= 977.1363m 1:xi3|net1= 977.1363m
 +1:xi3|net1= 977.1363m 1:xi3|net1= 977.1363m 1:xi3|net1= 977.1363m
 +1:xi3|net1= 977.1363m 1:xi3|net1= 977.1363m 1:xi3|net1= 977.1363m
 +1:xi3|net1= 977.1363m 1:xi3|net1= 977.1363m 1:xi4|mm0:= 368.1242m
 +1:xi4|mm0:=  21.5135u 1:xi4|mm0:=   1.2000  1:xi4|mm0:= 845.9367n
 +1:xi4|mm1:= 971.4394m 1:xi4|mm1:=  21.9239u 1:xi4|mm1:=   1.2000 
 +1:xi4|mm1:=   1.2000 

 ******
 *******************************************************

 ****** transient analysis tnom=  25.000 temp=  25.000 ******
 trise_q=  54.8516p  targ=  15.1402n   trig=  15.0853n
 tfall_q=  66.9968p  targ=  45.1907n   trig=  45.1237n
 trise_qn=  56.4600p  targ=  45.1403n   trig=  45.0838n
 tfall_qn=  69.6792p  targ=  15.1824n   trig=  15.1127n

          ***** job concluded
 ******  
 *******************************************************

 ****** job statistics summary tnom=  25.000 temp=  25.000 ******
  
  
 ******  Machine Information  ******
 CPU:
 model name	: 13th Gen Intel(R) Core(TM) i5-13500H
 cpu MHz	: 3187.212
  
 OS:
 Linux version 3.10.0-1160.59.1.el7.x86_64 (mockbuild@kbuilder.bsys.centos.org) (gcc version 4.8.5 20150623 (Red Hat 4.8.5-44) (GCC) ) #1 SMP Wed Feb 23 16:47:03 UTC 2022


  ******  HSPICE Threads Information  ******

  Command Line Threads Count :     1
  Available CPU Count        :     4
  Actual Threads Count       :     1


  ****** Statistics of Ignored Elements ******
  Voltage Sources :       1

  ******  Circuit Statistics  ******
  # nodes       =    2456 # elements   =    5663
  # resistors   =    3116 # capacitors =    2489 # inductors   =       0
  # mutual_inds =       0 # vccs       =       0 # vcvs        =       0
  # cccs        =       0 # ccvs       =       0 # volt_srcs   =       4
  # curr_srcs   =       0 # diodes     =       0 # bjts        =       0
  # jfets       =       0 # mosfets    =      54 # U elements  =       0
  # T elements  =       0 # W elements =       0 # B elements  =       0
  # S elements  =       0 # P elements =       0 # va device   =       0
  # vector_srcs =       0 # N elements =       0


  ******  Runtime Statistics (seconds)  ******

  analysis           time    # points   tot. iter  conv.iter
  op point           0.12           1         286
  transient          0.73       70001        1881         637 rev=        17
  readin             0.07
  errchk             0.02
  setup              0.05
  output             0.00


           peak memory used        274.91 megabytes
           total cpu time            1.00 seconds
           total elapsed time        1.13 seconds
           job started at     23:16:38 06/09/2026
           job ended   at     23:16:39 06/09/2026


 lic: Release hspice token(s) 
 lic: total license checkout elapse time:        0.12(s)
