 ****** HSPICE -- N-2017.12-SP2 linux64 (May 24 2018) ******                    
  Copyright (c) 1986 - 2026 by Synopsys, Inc. All Rights Reserved.              
  This software and the associated documentation are proprietary
  to Synopsys, Inc. This software may only be used in accordance
  with the terms and conditions of a written license agreement with
  Synopsys, Inc. All other use, reproduction, or distribution of
  this software is strictly prohibited.
  Input File: tb.sp                                                             
  Command line options: /usr/synopsys/hspice/N-2017.12-SP2/hspice/linux64/hspice -i tb.sp -o tb.lis
 lic:  
 lic: FLEXlm: SDK_11.6.9.3 
 lic: USER:   root                 HOSTNAME: localhost.localdomain 
 lic: HOSTID: 1234567890ab         PID:      7729 
 lic: Using FLEXlm license file: 
 lic: 27000@localhost 
 lic: Checkout 1 hspice 
 lic: License/Maintenance for hspice will expire on 30-dec-2030/2019.2019 
 lic: 1(in_use)/99(total) FLOATING license(s) on SERVER 27000@localhost 
 lic:   
1****** HSPICE -- N-2017.12-SP2 linux64 (May 24 2018) ******                    
 ******  
 * hspice simulation for cmos inverter (post-layout)

 ****** circuit name directory
 circuit number to circuit name directory
   number circuitname                     definition         multiplier
        0 main circuit
        1 xi1.                            inv                1.00 
        2 x1.                             inv                1.00 
 ******  
 * hspice simulation for cmos inverter (post-layout)

 ****** mos   model parameters tnom=  25.000 temp=  25.000 ******
 Model file: reference_models.inc
 Model line:          346
 Model Name: n  
 BSIM4 Model (Level 54)
    MOBMOD = 0
    BINUNIT = 2
    PARAMCHK = 1
    CAPMOD = 2
    DIOMOD = 1
    RDSMOD = 0
    TRNQSMOD = 0
    ACNQSMOD = 0
    RBODYMOD = 0
    RGATEMOD = 0
    PERMOD = 1
    GEOMOD = 0
    RGEOMOD = 0
    FNOIMOD = 1
    TNOIMOD = 0
    IGCMOD = 1
    IGBMOD = 1
    STIMOD = 1
    VERSION =    4.2 
    TOXREF =  3e-09 
    TOXE = 2.33e-09 
    TOXP = 2.03e-09 
    TOXM = 2.33e-09 
    DTOX =  3e-10 
    EPSROX =    3.9 
    CDSC =      0 
    CDSCB =      0 
    CDSCD =      0 
    CIT =      0 
    NFACTOR = 0.3235 
    XJ = 1.5e-07 
    VSAT = 9.706e+04 
    A0 =  2.167 
    AGS = 0.8235 
    A1 = -0.5166 
    A2 = 0.9523 
    AT = 4.5e+04 
    KETA = -0.03675 
    NSUB =  6e+16 
    NDEP = 8.369e+17 
    NSD =  1e+20 
    NGATE =  4e+20 
    GAMMA1 =      0 
    GAMMA2 =      0 
    VBX =      0 
    VBM =     -3 
    XT = 1.55e-07 
    K1 = 0.3189 
    KT1 = -0.2081 
    KT1L =      0 
    KT2 = -0.04464 
    K2 = 0.009447 
    K3 = -2.212 
    K3B =  0.354 
    LPE0 = 1.222e-07 
    LPEB =      0 
    DVTP0 =  4e-07 
    DVTP1 =      2 
    W0 =      0 
    DVT0 =   13.9 
    DVT1 =  5.692 
    DVT2 = -1.143e-12 
    DVT0W = -99.96 
    DVT1W = 4.864e+06 
    DVT2W = -0.07826 
    DROUT =      0 
    DSUB = 0.4885 
    VTH0 = 0.2273 
    EU =   1.67 
    UA = -4.842e-10 
    UA1 = 2.684e-09 
    UB =  2e-18 
    UB1 = -3.673e-18 
    UC = 2.215e-10 
    UC1 = -6.421e-11 
    U0 = 0.04031 
    UTE =  -1.73 
    VOFF = -0.1061 
    VOFFL =      0 
    MINV = 0.0545 
    FPROUT =    200 
    PDITS =      0 
    PDITSD =      0 
    PDITSL =      0 
    DELTA = 0.0075 
    RDSW =    100 
    RDSWMIN =      0 
    RDWMIN =      0 
    RSWMIN =      0 
    RDW =    100 
    RSW =    100 
    PRWG =      0 
    PRWB =      0 
    PRT =      0 
    ETA0 = 6.345e+04 
    ETAB = 3.348e+04 
    PCLM = 0.8927 
    PDIBLC1 =      0 
    PDIBLC2 = 0.0001763 
    PDIBLCB =      0 
    PSCBE1 = 9.264e+08 
    PSCBE2 =  1e-20 
    PVAG = -0.05627 
    WR =      1 
    DWG = -5.051e-08 
    DWB = -8.395e-08 
    XW = 1.5e-08 
    XWREF = 1.5e-08 
    XL = -3.5e-08 
    XLREF = -3.5e-08 
    B0 = -6.833e-08 
    B1 = -1.218e-07 
    ALPHA0 =      0 
    ALPHA1 =   0.03 
    AGIDL =  9e-08 
    BGIDL = 2.3e+09 
    CGIDL =    0.5 
    PHIN =      0 
    EGIDL =   0.53 
    AIGC = 0.0103 
    BIGC = 0.001525 
    CIGC =      0 
    AIGSD = 0.00845 
    BIGSD = 0.0004021 
    CIGSD = 0.001463 
    AIGBACC = 0.01134 
    BIGBACC = 0.003249 
    CIGBACC = 0.1416 
    AIGBINV =   0.35 
    BIGBINV =   0.03 
    CIGBINV =  0.006 
    NIGC =      1 
    NIGBINV =      1 
    NIGBACC =   4.05 
    NTOX =      1 
    EIGBINV =    1.1 
    PIGCD =    2.3 
    POXEDGE =      1 
    XRCRG1 =     12 
    TNOIA =    1.5 
    TNOIB =    3.5 
    NTNOI =      1 
    XRCRG2 =      1 
    BETA0 =    8.7 
    IJTHDFWD =   0.01 
    IJTHSFWD =   0.01 
    IJTHDREV =   0.01 
    IJTHSREV =   0.01 
    XJBVD =      1 
    XJBVS =      1 
    BVD =     10 
    BVS =     10 
    VFB =     -1 
    GBMIN =  1e-12 
    RBDB =     50 
    RBPB =     50 
    RBSB =     50 
    RBPS =     50 
    RBPD =     50 
    CGSL = 6.514e-11 
    CGDL = 6.514e-11 
    CKAPPAS =    0.6 
    CKAPPAD =    0.6 
    CF = 1.38e-10 
    CLC =  1e-07 
    CLE =    0.6 
    DWC =      0 
    DLC = 1.172e-08 
    DLCIG = 2.5e-09 
    DWJ =      0 
    VFBCV =     -1 
    ACDE =    1.2 
    MOIN =   12.6 
    NOFF =  1.686 
    VOFFCV = -0.05472 
    DMCG = 9.25e-08 
    DMCI = 9.25e-08 
    DMDG =      0 
    DMCGT =      0 
    XGW =      0 
    XGL =      0 
    RSHG =    0.1 
    NGCON =      1 
    TCJ = 0.000732 
    TPB =  0.001 
    TCJSW = 0.000357 
    TPBSW = 0.0019 
    TCJSWG = 0.000357 
    TPBSWG = 0.0019 
    SK0 =      0 
    SK1 =      0 
    SK2 =      0 
    SL =  2e-06 
    SW =  2e-06 
    K =      0 
    LNFACTOR = 1.062e-06 
    LA1 = 5.819e-08 
    LKETA = 3.404e-08 
    LK1 = 7.948e-08 
    LK2 = -3.398e-08 
    LVTH0 = -2.235e-08 
    LUA = -6.01e-16 
    LUC = -8.463e-17 
    LU0 = 5.87e-09 
    LPRWG = 2.732e-06 
    LPRWB = -7.551e-07 
    LETA0 = -0.01995 
    LETAB = -0.01088 
    WKETA = -1.405e-08 
    WVTH0 = 2.468e-09 
    WUA = 4.058e-16 
    WUC = -4.983e-17 
    WU0 = -1.953e-09 
    WPRWB = 1.014e-05 
    PNFACTOR = 3.446e-14 
    PVSAT = -2.973e-09 
    PKETA = 1.896e-15 
    PK1 = 1.389e-15 
    PK2 = -1e-15 
    PVTH0 = -4.112e-15 
    PUA = -6.55e-24 
    PUB = 1.779e-31 
    PUC = -2.958e-34 
    PU0 = 2.289e-15 
    PVOFF = 1.447e-15 
    PRDSW = 3.812e-10 
    PPRWG = 8.224e-12 
    PPRWB = -2.572e-12 
    PWR = -1.046e-12 
    SA0 = 6.3e-07 
    SB0 = 6.3e-07 
    WLOD =  8e-07 
    KU0 = -7.36e-08 
    KVSAT =    0.2 
    KVTH0 = 3.5e-09 
    TKU0 =   0.01 
    LLODKU0 =      1 
    WLODKU0 =      1 
    LLODVTH =      1 
    WLODVTH =      1 
    LKU0 = 4.027e-07 
    WKU0 =  8e-07 
    PKU0 = -2e-13 
    LKVTH0 = -2.68e-11 
    WKVTH0 = 1.5e-06 
    PKVTH0 =      0 
    STK2 = 1.35e-09 
    LODK2 =    0.5 
    STETA0 =      0 
    LODETA0 =      1 
    TNOM =  298.1 
    CGSO = 1.209e-10 
    CGDO = 1.209e-10 
    CGBO =      0 
    XPART =      1 
    RSH =   10.5 
    JSS = 1.77e-07 
    JSWS = 4.23e-13 
    JSWGS =      0 
    PBS =    0.5 
    MJS =   0.25 
    PBSWS =    0.8 
    MJSWS =   0.01 
    CJS = 0.00098 
    CJSWS =  4e-11 
    NJS =      1 
    PBSWGS =   0.78 
    MJSWGS =   0.52 
    CJSWGS = 3.7e-10 
    XTIS =      3 
    JSD = 1.77e-07 
    JSWD = 4.23e-13 
    JSWGD =      0 
    PBD =    0.5 
    MJD =   0.25 
    PBSWD =    0.8 
    MJSWD =   0.01 
    CJD = 0.00098 
    CJSWD =  4e-11 
    NJD =      1 
    PBSWGD =   0.78 
    MJSWGD =   0.52 
    CJSWGD = 3.7e-10 
    XTID =      3 
    LMLT =      1 
    WMLT =      1 
    LINT = -1.287e-07 
    LL =      0 
    LLC =      0 
    LLN =      1 
    LW =      0 
    LWC =      0 
    LWN =      1 
    LWL =      0 
    LWLC =      0 
    LMIN =      0 
    LMAX =      1 
    WINT = -1.227e-08 
    WL =      0 
    WLC =      0 
    WLN =      1 
    WW =      0 
    WWC =      0 
    WWN =      1 
    WWL =      0 
    WWLC =      0 
    WMIN =      0 
    WMAX =      1 
    NOIA = 4.293e+24 
    NOIB = 1.612e+24 
    NOIC =   8.75 
    EM = 1.192e+07 
    EF = 0.8841 
    AF =      1 
    KF =      0 
    TRS =      0 
    TRD =      0 
 Model file: reference_models.inc
 Model line:          607
 Model Name: p  
 BSIM4 Model (Level 54)
    MOBMOD = 0
    BINUNIT = 2
    PARAMCHK = 1
    CAPMOD = 2
    DIOMOD = 1
    RDSMOD = 0
    TRNQSMOD = 0
    ACNQSMOD = 0
    RBODYMOD = 0
    RGATEMOD = 0
    PERMOD = 1
    GEOMOD = 0
    RGEOMOD = 0
    FNOIMOD = 1
    TNOIMOD = 0
    IGCMOD = 1
    IGBMOD = 1
    STIMOD = 1
    VERSION =    4.2 
    TOXREF =  3e-09 
    TOXE = 2.5e-09 
    TOXP = 1.975e-09 
    TOXM = 2.5e-09 
    DTOX = 5.25e-10 
    EPSROX =    3.9 
    CDSC =  1e-12 
    CDSCB =      0 
    CDSCD =      0 
    CIT = -0.0001318 
    NFACTOR =    0.5 
    XJ = 1.7e-07 
    VSAT = 3.77e+04 
    A0 =  5.506 
    AGS =  1.218 
    A1 = -1.139e-07 
    A2 =      1 
    AT = 2.8e+05 
    KETA = -0.02974 
    NSUB =  6e+16 
    NDEP = 1.72e+17 
    NSD =  1e+20 
    NGATE =  8e+19 
    GAMMA1 =      0 
    GAMMA2 =      0 
    VBX =      0 
    VBM =     -3 
    XT = 1.55e-07 
    K1 = 0.1623 
    KT1 = -0.2898 
    KT1L =      0 
    KT2 = -0.02958 
    K2 = 0.01058 
    K3 = -12.26 
    K3B =  1.146 
    LPE0 = 5.966e-07 
    LPEB =  1e-07 
    DVTP0 =      0 
    DVTP1 =      0 
    W0 = 4.976e-09 
    DVT0 = 0.1239 
    DVT1 = 0.1221 
    DVT2 = -0.5358 
    DVT0W =      0 
    DVT1W =      0 
    DVT2W =      0 
    DROUT =   0.05 
    DSUB = 0.1634 
    VTH0 = -0.1647 
    EU =      1 
    UA = -2.764e-10 
    UA1 = 4.215e-09 
    UB = 2.014e-18 
    UB1 = -8.025e-18 
    UC = 8.649e-11 
    UC1 = -6.421e-11 
    U0 = 0.008392 
    UTE = -1.198 
    VOFF = -0.09684 
    VOFFL =      0 
    MINV =      0 
    FPROUT =   1000 
    PDITS =      0 
    PDITSD =      0 
    PDITSL =      0 
    DELTA =   0.02 
    RDSW =    160 
    RDSWMIN =      0 
    RDWMIN =      0 
    RSWMIN =      0 
    RDW =    100 
    RSW =    100 
    PRWG =      0 
    PRWB = 1.896e-16 
    PRT =      0 
    ETA0 =  0.085 
    ETAB = -6.583e-10 
    PCLM = 0.09455 
    PDIBLC1 =      0 
    PDIBLC2 =  0.005 
    PDIBLCB =      0 
    PSCBE1 = 9.264e+08 
    PSCBE2 =  1e-20 
    PVAG =      0 
    WR =  4.853 
    DWG = -8.023e-08 
    DWB = -6.224e-08 
    XW = 1.5e-08 
    XWREF = 1.5e-08 
    XL = -3.5e-08 
    XLREF = -3.5e-08 
    B0 = -5.549e-42 
    B1 =      0 
    ALPHA0 =      0 
    ALPHA1 =   0.06 
    AGIDL =  9e-08 
    BGIDL = 2.3e+09 
    CGIDL =    0.5 
    PHIN =      0 
    EGIDL =   0.53 
    AIGC = 0.00606 
    BIGC = 0.0007625 
    CIGC =  1e-10 
    AIGSD = 0.00459 
    BIGSD =      0 
    CIGSD = 0.002267 
    AIGBACC = 0.01069 
    BIGBACC = 0.003132 
    CIGBACC = 0.1498 
    AIGBINV =   0.35 
    BIGBINV =   0.03 
    CIGBINV =  0.006 
    NIGC =      1 
    NIGBINV =      1 
    NIGBACC =  4.049 
    NTOX =      1 
    EIGBINV =    1.1 
    PIGCD =    2.3 
    POXEDGE =      1 
    XRCRG1 =     12 
    TNOIA =    1.5 
    TNOIB =    3.5 
    NTNOI =      1 
    XRCRG2 =      1 
    BETA0 =     12 
    IJTHDFWD =   0.01 
    IJTHSFWD =   0.01 
    IJTHDREV =   0.01 
    IJTHSREV =   0.01 
    XJBVD =      1 
    XJBVS =      1 
    BVD =     10 
    BVS =     10 
    VFB =     -1 
    GBMIN =  1e-12 
    RBDB =     50 
    RBPB =     50 
    RBSB =     50 
    RBPS =     50 
    RBPD =     50 
    CGSL = 1.896e-10 
    CGDL = 1.896e-10 
    CKAPPAS =    0.6 
    CKAPPAD =    0.6 
    CF = 1.69e-10 
    CLC =  1e-07 
    CLE =    0.6 
    DWC =      0 
    DLC = 1.525e-08 
    DLCIG = 2.5e-09 
    DWJ =      0 
    VFBCV =     -1 
    ACDE =    1.2 
    MOIN =  11.09 
    NOFF =  2.175 
    VOFFCV = -0.03885 
    DMCG = 9.25e-08 
    DMCI = 9.25e-08 
    DMDG =      0 
    DMCGT =      0 
    XGW =      0 
    XGL =      0 
    RSHG =    0.1 
    NGCON =      1 
    TCJ = 0.000854 
    TPB = 0.0019 
    TCJSW = 0.000357 
    TPBSW = 0.0019 
    TCJSWG = 0.00312 
    TPBSWG = 0.0019 
    SK0 =      0 
    SK1 =      0 
    SK2 =      0 
    SL =  2e-06 
    SW =  2e-06 
    K =      0 
    LCIT = 1.313e-09 
    LAGS = 8.468e-07 
    LKETA = -6.589e-08 
    LK1 = -1.194e-10 
    LK2 = 2.194e-08 
    LVTH0 = 2.402e-08 
    LUA = -2.621e-16 
    LUB = -1.05e-25 
    LUC = -6.27e-17 
    LU0 = 1.696e-09 
    LVOFF = 1.347e-08 
    LPRWB = -9.343e-07 
    LETAB = -2.045e-08 
    LPCLM = 1.05e-06 
    WVTH0 = -2.317e-08 
    WUA = 1.042e-15 
    WUC = -1.322e-16 
    WU0 = 1.146e-09 
    WPRWB = 4.937e-06 
    PNFACTOR = 2.733e-13 
    PVSAT = -9.545e-10 
    PK1 = -1.487e-16 
    PK2 =  1e-22 
    PVTH0 = 9.589e-15 
    PUA = 2.558e-23 
    PUB = -1.331e-31 
    PUC = 1.674e-23 
    PU0 = -3.644e-16 
    PVOFF = 5.229e-15 
    PPRWB = -1.549e-31 
    PWR = -6.867e-13 
    SA0 = 6.3e-07 
    SB0 = 6.3e-07 
    WLOD =  8e-07 
    KU0 = 1.325e-07 
    KVSAT =   -0.9 
    KVTH0 = -1.5e-09 
    TKU0 =    0.1 
    LLODKU0 =      1 
    WLODKU0 =      1 
    LLODVTH =      2 
    WLODVTH =      1 
    LKU0 = 1.33e-07 
    WKU0 = 6.5e-07 
    PKU0 =      0 
    LKVTH0 = -1.68e-15 
    WKVTH0 =  5e-07 
    PKVTH0 =      0 
    STK2 =  4e-10 
    LODK2 =      2 
    STETA0 =      0 
    LODETA0 =      1 
    TNOM =  298.1 
    CGSO = 2.568e-11 
    CGDO = 2.568e-11 
    CGBO =      0 
    XPART =      1 
    RSH =   9.68 
    JSS = 1.245e-07 
    JSWS = 3.77e-13 
    JSWGS =      0 
    PBS =    0.8 
    MJS =   0.36 
    PBSWS =    0.8 
    MJSWS =   0.01 
    CJS = 0.00114 
    CJSWS =  6e-11 
    NJS =      1 
    PBSWGS =      1 
    MJSWGS =   0.99 
    CJSWGS = 3.6e-10 
    XTIS =      3 
    JSD = 1.245e-07 
    JSWD = 3.77e-13 
    JSWGD =      0 
    PBD =    0.8 
    MJD =   0.36 
    PBSWD =    0.8 
    MJSWD =   0.01 
    CJD = 0.00114 
    CJSWD =  6e-11 
    NJD =      1 
    PBSWGD =      1 
    MJSWGD =   0.99 
    CJSWGD = 3.6e-10 
    XTID =      3 
    LMLT =      1 
    WMLT =      1 
    LINT = -9.028e-08 
    LL =      0 
    LLC =      0 
    LLN =      1 
    LW =      0 
    LWC =      0 
    LWN =      1 
    LWL =      0 
    LWLC =      0 
    LMIN =      0 
    LMAX =      1 
    WINT = 1.333e-10 
    WL =      0 
    WLC =      0 
    WLN =      1 
    WW =      0 
    WWC =      0 
    WWN =      1 
    WWL =      0 
    WWLC =      0 
    WMIN =      0 
    WMAX =      1 
    NOIA = 1.635e+24 
    NOIB = 7.241e+26 
    NOIC =   8.75 
    EM = 1.5e+08 
    EF =   1.19 
    AF =      1 
    KF =      0 
    TRS =      0 
    TRD =      0 
  **warning** (tb.sp:15) Both nodes of element vgnd are connected together; Line ignored.
  **info** (tb.sp:18) DC voltage reset to initial transient source value in source 0:vin. new dc=0.0000D+00
  
             
 Warning:'No DC path nodes' occurs 11 times
 No DC path from the following nodes,connected with gdcpath:
 ---------------------------
 |Node          |Subckt    |
 |--------------+----------|
 |xi1.2:ln_n_13 |inv       |
 |xi1.4:ln_n_13 |inv       |
 |xi1.5:ln_n_13 |inv       |
 |xi1.6:ln_n_13 |inv       |
 |xi1.7:ln_n_13 |inv       |
 |xi1.9:ln_n_14 |inv       |
 |xi1.11:ln_n_14|inv       |
 |xi1.12:ln_n_14|inv       |
 |xi1.13:ln_n_14|inv       |
 |xi1.14:ln_n_14|inv       |
 ---------------------------
              
             
 Warning:'1 connection nodes' occurs 15 times
 Summary of 1 connection from the following nodes:
 --------------------------
 |Node         |Subckt    |
 |-------------+----------|
 |xi1.51:in    |inv       |
 |xi1.52:in    |inv       |
 |xi1.16:out   |inv       |
 |xi1.20:out   |inv       |
 |xi1.26:vdd!  |inv       |
 |xi1.27:vdd!  |inv       |
 |xi1.38:gnd!  |inv       |
 |xi1.1:ln_n_13|inv       |
 |xi1.3:ln_n_13|inv       |
 |xi1.8:ln_n_14|inv       |
 --------------------------
              
             
 Warning:'No Tran path ' occurs 11 times
 Summary of No Tran path from the following nodes:
 ---------------------------
 |Node          |Subckt    |
 |--------------+----------|
 |xi1.2:ln_n_13 |inv       |
 |xi1.4:ln_n_13 |inv       |
 |xi1.5:ln_n_13 |inv       |
 |xi1.6:ln_n_13 |inv       |
 |xi1.7:ln_n_13 |inv       |
 |xi1.9:ln_n_14 |inv       |
 |xi1.11:ln_n_14|inv       |
 |xi1.12:ln_n_14|inv       |
 |xi1.13:ln_n_14|inv       |
 |xi1.14:ln_n_14|inv       |
 ---------------------------
              
      
             
 Warning:'Floating bulk' occurs 2 times
 Summary of floating bulk:
 -------------------------
 |Node        |Device    |
 |------------+----------|
 |xi1.mm2|bulk|xi1.mm2   |
 |xi1.mm3|bulk|xi1.mm3   |
 -------------------------
              
 *****************************************************************
 ******  option summary
 ******
 runlvl  = 3         bypass  = 2.0000    
             
 Summary of Linear Res Distribution Info
 ---------------------------------------
 |Range          |Total     |Percent(%)|
 |---------------+----------+----------|
 |1e-02  ~  1e-01|36        |27.2727   |
 |1e-01  ~  1e+00|48        |36.3636   |
 |1e+00  ~  1e+03|48        |36.3636   |
 ---------------------------------------
              
             
 Summary of Linear Cap Distribution Info
 ---------------------------------------
 |Range          |Total     |Percent(%)|
 |---------------+----------+----------|
 |1e-21  ~  1e-20|2         |1.2579    |
 |1e-20  ~  1e-19|10        |6.2893    |
 |1e-19  ~  1e-18|18        |11.3208   |
 |1e-18  ~  1e-17|76        |47.7987   |
 |1e-17  ~  1e-16|50        |31.4465   |
 |1e-16  ~  1e-15|2         |1.2579    |
 |1e-14  ~  1e-13|1         |0.6289    |
 ---------------------------------------
              
             
 Summary of Detailed RC Type Statistics
 -------------------------
 |Element Type|Number    |
 |------------+----------|
 |Constant Res|132       |
 |            |          |
 |Constant Cap|159       |
 -------------------------
              
  Opening plot unit= 15
 file=tb.pa0

 **info** dc convergence successful at GMINDC ramping method 
 ******  
 * hspice simulation for cmos inverter (post-layout)

 ****** operating point information tnom=  25.000 temp=  25.000 ******
 ****** operating point status is voltage   simulation time is     0.     
    node    =voltage      node    =voltage      node    =voltage

 +0:in      =   0.      0:out     =   1.7994  0:vdd!    =   1.8000 
 +1:47:in   = 540.8163n 1:48:in   =   8.9831n 1:49:in   = 266.9853n
 +1:50:in   =   5.9130n 1:51:in   = 540.8163n 1:52:in   =   8.9831n
 +1:15:out  =   1.7994  1:16:out  =   1.7994  1:17:out  =   1.7994 
 +1:18:out  =   1.7994  1:19:out  =   1.7994  1:20:out  =   1.7994 
 +1:21:out  =   1.7994  1:22:vdd! =   1.8000  1:23:vdd! =   1.8000 
 +1:24:vdd! =   1.8000  1:25:vdd! =   1.8000  1:26:vdd! =   1.8000 
 +1:27:vdd! =   1.8000  1:28:vdd! =   1.8000  1:29:vdd! =   1.8000 
 +1:30:vdd! =   1.8000  1:31:vdd! =   1.8000  1:32:vdd! =   1.8000 
 +1:33:vdd! =   1.8000  1:34:gnd! =   4.9547u 1:35:gnd! =   4.9547u
 +1:36:gnd! = 133.9877n 1:37:gnd! = 330.6818n 1:38:gnd! = 133.9877n
 +1:39:gnd! = 218.9356n 1:40:gnd! = 160.8522n 1:41:gnd! = 211.5646n
 +1:42:gnd! = 157.5025n 1:43:gnd! = 231.7800n 1:44:gnd! = 168.2232n
 +1:45:gnd! = 137.3373n 1:46:gnd! = 330.6818n 1:1:ln_n_1=   0.     
 +1:2:ln_n_1=   0.      1:3:ln_n_1=   0.      1:4:ln_n_1=   0.     
 +1:5:ln_n_1=   0.      1:6:ln_n_1=   0.      1:7:ln_n_1=   0.     
 +1:8:ln_n_1=   0.      1:9:ln_n_1=   0.      1:10:ln_n_=   0.     
 +1:11:ln_n_=   0.      1:12:ln_n_=   0.      1:13:ln_n_=   0.     
 +1:14:ln_n_=   0.      1:53:ln_n_=   0.      1:54:ln_n_=   0.     
 +1:ln_n_12 =   0.      1:ln_n_13 =   0.      1:ln_n_14 =   0.     
 +1:mm2|bulk=   1.7997  1:mm2|drn =   1.7994  1:mm2|gate= 540.8163n
 +1:mm2|src =   1.8000  1:mm3|bulk= 508.1271m 1:mm3|drn =   1.7994 
 +1:mm3|gate=   8.9831n 1:mm3|src =   6.8813u

 ******
 * hspice simulation for cmos inverter (post-layout)

 ****** transient analysis tnom=  25.000 temp=  25.000 ******
 rise_delay=  34.4915p  targ=   6.1845n   trig=   6.1500n
 fall_delay=  26.4852p  targ=   1.0765n   trig=   1.0500n
 rise_time=  47.2179p  targ=   6.2042n   trig=   6.1570n
 fall_time=  47.8314p  targ=   1.0956n   trig=   1.0477n
 avg_power=   5.9511u  from=   0.             to=  25.0000n
 avg_current=  -3.1030u  from=   0.             to=  25.0000n

          ***** job concluded
 ******  
 * hspice simulation for cmos inverter (post-layout)

 ****** job statistics summary tnom=  25.000 temp=  25.000 ******
  
  
 ******  Machine Information  ******
 CPU:
 model name	: Intel(R) Core(TM) i7-8550U CPU @ 1.80GHz
 cpu MHz	: 1991.999
  
 OS:
 Linux version 3.10.0-1160.59.1.el7.x86_64 (mockbuild@kbuilder.bsys.centos.org) (gcc version 4.8.5 20150623 (Red Hat 4.8.5-44) (GCC) ) #1 SMP Wed Feb 23 16:47:03 UTC 2022


  ******  HSPICE Threads Information  ******

  Command Line Threads Count :     1
  Available CPU Count        :     4
  Actual Threads Count       :     1


  ****** Statistics of Ignored Elements ******
  Capacitors      :       2
  Voltage Sources :       1

  ******  Circuit Statistics  ******
  # nodes       =     142 # elements   =     297
  # resistors   =     132 # capacitors =     159 # inductors   =       0
  # mutual_inds =       0 # vccs       =       0 # vcvs        =       0
  # cccs        =       0 # ccvs       =       0 # volt_srcs   =       2
  # curr_srcs   =       0 # diodes     =       0 # bjts        =       0
  # jfets       =       0 # mosfets    =       4 # U elements  =       0
  # T elements  =       0 # W elements =       0 # B elements  =       0
  # S elements  =       0 # P elements =       0 # va device   =       0
  # vector_srcs =       0 # N elements =       0


  ******  Runtime Statistics (seconds)  ******

  analysis           time    # points   tot. iter  conv.iter
  op point           0.03           1         242
  transient          0.02        2501         270         100 rev=         6
  readin             0.07
  errchk             0.02
  setup              0.00
  output             0.00


           peak memory used        261.82 megabytes
           total cpu time            0.13 seconds
           total elapsed time        1.87 seconds
           job started at     20:36:10 06/01/2026
           job ended   at     20:36:12 06/01/2026


 lic: Release hspice token(s) 
 lic: total license checkout elapse time:        1.61(s)
