DEBUG: ConnectToServer: localhost 47400
DEBUG: connect back to cdesigner: 'localhost:47400'

< LAYOUT: start_vue >
V SET_COLOR white       white
V SET_COLOR red         red
V SET_COLOR darkRed     maroon
V SET_COLOR green       lime
V SET_COLOR darkGreen   forest
V SET_COLOR blue        blue
V SET_COLOR darkBlue    navy
V SET_COLOR cyan        cyan
V SET_COLOR darkCyan    cadetBlue
V SET_COLOR magenta     magenta
V SET_COLOR darkMagenta purple
V SET_COLOR yellow      yellow
V SET_FILL  blank       blank
V SET_FILL  solid       solid
V SET_FILL  backSlash   backSlash
V SET_FILL  slash       slash
V SET_FILL  dot         dots
V SET_FILL  diagCross   X
V SET_FILL  brick       brick
V SET_FILL  horizontal  hLine
V SET_FILL  vertical    vLine
L CDESIGNER::StartFilter LAY
L set curLayCell ""
L set curLayView ""

< LAYOUT: start_filter >
  + INFO: Tcl-DP service had been loaded.
DEBUG: ConnectToServer: localhost 47400
DEBUG: return previous client localhost:47400

< SCHEMATIC: start_vue >
V SET_COLOR white       white
V SET_COLOR red         red
V SET_COLOR darkRed     maroon
V SET_COLOR green       lime
V SET_COLOR darkGreen   forest
V SET_COLOR blue        blue
V SET_COLOR darkBlue    navy
V SET_COLOR cyan        cyan
V SET_COLOR darkCyan    cadetBlue
V SET_COLOR magenta     magenta
V SET_COLOR darkMagenta purple
V SET_COLOR yellow      yellow
V SET_FILL  blank       blank
V SET_FILL  solid       solid
V SET_FILL  backSlash   backSlash
V SET_FILL  slash       slash
V SET_FILL  dot         dots
V SET_FILL  diagCross   X
V SET_FILL  brick       brick
V SET_FILL  horizontal  hLine
V SET_FILL  vertical    vLine
S CDESIGNER::StartFilter SCH
S set curSchCell ""
S set curSchView ""

< SCHEMATIC: start_filter >

< LAYOUT: load_hercules >
L set inlibPath  "/root/Excercise/DFlipFlop/synopsys_custom/dff.hercules.lvs/."
L set topLayLib  "dff"
L set topLayCell [lindex {"dff"} 0]
L set topLayView "layout"
L set curLayLib  "$topLayLib"
L set curLayCell "$topLayCell"
L set curLayView "$topLayView"
L CDESIGNER::SendCommand setInlibPath "$inlibPath"
L CDESIGNER::SendCommand setTopLayLCV "$topLayLib" "$topLayCell" "$topLayView"
L CDESIGNER::SendCommand openCell "$curLayLib" "$curLayCell" "$curLayView"
DEBUG: PushBackXprobeMessage{vueSetDbu 0.001
}

< SCHEMATIC: load_hercules >
S set topSchLib "dff"
S CDESIGNER::SendCommand setTopSchLib "$topSchLib"

< LAYOUT: remove_hilites >
L CDESIGNER::SendCommand clearAllHighlights "$curLayCell" "$curLayView"

< SCHEMATIC: remove_hilites >
S CDESIGNER::SendCommand clearAllHighlights "$curSchCell" "$curSchView"

< LAYOUT: remove_hilites >
L CDESIGNER::SendCommand clearAllHighlights "$curLayCell" "$curLayView"

< LAYOUT: edit_in_place >
V ZOOM_EXTENTS_RESET
L CDESIGNER::SendCommand clearAllHighlights "$curLayCell" "$curLayView"
L set curLayCell [lindex {"dff"} 0]
L set curLayView "layout"
L CDESIGNER::SendCommand openCellInstance "$topLayCell" "$topLayView" "$curLayCell" "$curLayView"

< SCHEMATIC: remove_hilites >
S CDESIGNER::SendCommand clearAllHighlights "$curSchCell" "$curSchView"

< SCHEMATIC: new_block >
S CDESIGNER::SendCommand clearAllHighlights "$curSchCell" "$curSchView"
S set curSchLib $topSchLib
S set curSchCell [lindex {"dff"} 0]
S set curSchView "schematic"
S CDESIGNER::SendCommand openCell "$curSchLib" "$curSchCell" "$curSchView"
DEBUG: PushBackXprobeMessage{vueSetDbu 0.00625
}

< LAYOUT: remove_hilites >
L CDESIGNER::SendCommand clearAllHighlights "$curLayCell" "$curLayView"

< LAYOUT: remove_hilites >
L CDESIGNER::SendCommand clearAllHighlights "$curLayCell" "$curLayView"

< LAYOUT: before_hilite >
V ZOOM_EXTENTS_RESET

< LAYOUT: primary_hilite >
L CDESIGNER::SendCommand setHighlightProperty "$curLayCell" "$curLayView" "lime" "brick"

< LAYOUT: poly_begin >
L CDESIGNER::SendCommandNB addPolygonBegin "7"

< LAYOUT: poly_point_set >
L CDESIGNER::AddPolygonPoints {-1.170 1.950 -1.170 1.230 -1.490 1.230 -1.490 1.265 -1.270 1.265 -1.270 1.950 -1.170 1.950 }

< LAYOUT: poly_end >
L CDESIGNER::SendCommandNB addPolygonEnd

< LAYOUT: after_hilite >
L CDESIGNER::SendCommand drawHighlights "$curLayCell" "$curLayView" all

< LAYOUT: zoom_extents >
L CDESIGNER::SendCommand setViewPort extents [list -1.530 1.140 -1.130 2.040] LAY

< SCHEMATIC: remove_hilites >
S CDESIGNER::SendCommand clearAllHighlights "$curSchCell" "$curSchView"

< SCHEMATIC: remove_hilites >
S CDESIGNER::SendCommand clearAllHighlights "$curSchCell" "$curSchView"

< SCHEMATIC: before_hilite >
S CDESIGNER::SendCommand clearAllHighlights "$curSchCell" "$curSchView"

< SCHEMATIC: dev_hilite >
S CDESIGNER::SendCommand setHighlightProperty "$curSchCell" "$curSchView" "lime" "brick"
S CDESIGNER::SendCommand drawSchHighlight "XI22/MM2" "device"

< SCHEMATIC: after_hilite >

< SCHEMATIC: remove_hilites >
S CDESIGNER::SendCommand clearAllHighlights "$curSchCell" "$curSchView"

< SCHEMATIC: remove_hilites >
S CDESIGNER::SendCommand clearAllHighlights "$curSchCell" "$curSchView"

< SCHEMATIC: before_hilite >
S CDESIGNER::SendCommand clearAllHighlights "$curSchCell" "$curSchView"

< SCHEMATIC: dev_hilite >
S CDESIGNER::SendCommand setHighlightProperty "$curSchCell" "$curSchView" "lime" "brick"
S CDESIGNER::SendCommand drawSchHighlight "XI22/MM2" "device"

< SCHEMATIC: after_hilite >

< LAYOUT: remove_hilites >
L CDESIGNER::SendCommand clearAllHighlights "$curLayCell" "$curLayView"

< LAYOUT: remove_hilites >
L CDESIGNER::SendCommand clearAllHighlights "$curLayCell" "$curLayView"

< LAYOUT: before_hilite >
V ZOOM_EXTENTS_RESET

< LAYOUT: primary_hilite >
L CDESIGNER::SendCommand setHighlightProperty "$curLayCell" "$curLayView" "lime" "brick"

< LAYOUT: poly_begin >
L CDESIGNER::SendCommandNB addPolygonBegin "7"

< LAYOUT: poly_point_set >
L CDESIGNER::AddPolygonPoints {-1.170 1.950 -1.170 1.230 -1.490 1.230 -1.490 1.265 -1.270 1.265 -1.270 1.950 -1.170 1.950 }

< LAYOUT: poly_end >
L CDESIGNER::SendCommandNB addPolygonEnd

< LAYOUT: after_hilite >
L CDESIGNER::SendCommand drawHighlights "$curLayCell" "$curLayView" all

< LAYOUT: zoom_extents >
L CDESIGNER::SendCommand setViewPort extents [list -1.530 1.140 -1.130 2.040] LAY

< LAYOUT: remove_hilites >
L CDESIGNER::SendCommand clearAllHighlights "$curLayCell" "$curLayView"

< SCHEMATIC: remove_hilites >
S CDESIGNER::SendCommand clearAllHighlights "$curSchCell" "$curSchView"
+ INFO: Filter has been loaded successfully.
        '/usr/synopsys/hercules/B-2008.09-SP5/lib-u/AMD.64/VUE/Layout/libhiCDesignerLE.so'
+ INFO: Filter has been loaded successfully.
        '/usr/synopsys/hercules/B-2008.09-SP5/lib-u/AMD.64/VUE/Schematic/libhiCDesignerSE.so'
