S ****** HSPICE -- N-2017.12-SP2 linux64 (May 24 2018) ******                    
  Copyright (c) 1986 - 2026 by Synopsys, Inc. All Rights Reserved.              
  This software and the associated documentation are proprietary
  to Synopsys, Inc. This software may only be used in accordance
  with the terms and conditions of a written license agreement with
  Synopsys, Inc. All other use, reproduction, or distribution of
  this software is strictly prohibited.
  Input File: tb_h4.sp                                                          
  Command line options: /usr/synopsys/hspice/N-2017.12-SP2/hspice/linux64/hspice tb_h4.sp -o tb.lis
 lic:  
 lic: FLEXlm: SDK_11.6.9.3 
 lic: USER:   root                 HOSTNAME: localhost.localdomain 
 lic: HOSTID: 1234567890ab         PID:      23201 
 lic: Using FLEXlm license file: 
 lic: 27000@localhost 
 lic: Checkout 1 hspice 
 lic: License/Maintenance for hspice will expire on 30-dec-2030/2019.2019 
 lic: 1(in_use)/99(total) FLOATING license(s) on SERVER 27000@localhost 
 lic:   
1****** HSPICE -- N-2017.12-SP2 linux64 (May 24 2018) ******                    
 ******  
 *=======================================================

 ****** circuit name directory
 circuit number to circuit name directory
   number circuitname                     definition         multiplier
        0 main circuit
        1 x1.                             h4                 1.00 
  **warning** (tb_h4.sp:15) Both nodes of element vgnd are connected together; Line ignored.
  
             
 Warning:'No DC path nodes' occurs 10 times
 No DC path from the following nodes,connected with gdcpath:
 -------------------------
 |Node        |Subckt    |
 |------------+----------|
 |x1.ln_n_13:2|h4        |
 |x1.ln_n_14:2|h4        |
 |x1.ln_n_15:2|h4        |
 |x1.ln_n_16:2|h4        |
 |x1.ln_n_17:2|h4        |
 |x1.ln_n_21:1|h4        |
 |x1.ln_n_21:2|h4        |
 |x1.ln_n_21:3|h4        |
 |x1.ln_n_22:1|h4        |
 |x1.ln_n_22:3|h4        |
 -------------------------
              
             
 Warning:'1 connection nodes' occurs 36 times
 Summary of 1 connection from the following nodes:
 ---------------------------------------------
 |Node                            |Subckt    |
 |--------------------------------+----------|
 |x1.gnd!:14                      |h4        |
 |x1.gnd!:16                      |h4        |
 |x1.gnd!:19                      |h4        |
 |x1.gnd!:21                      |h4        |
 |x1.gnd!:24                      |h4        |
 |x1.gnd!:26                      |h4        |
 |x1.gnd!:27                      |h4        |
 |x1.ln_n__hercules_generated_23:1|h4        |
 |x1.ln_n__hercules_generated_23:2|h4        |
 |x1.ln_n_13:1                    |h4        |
 ---------------------------------------------
              
             
 Warning:'No Tran path ' occurs 5 times
 Summary of No Tran path from the following nodes:
 -------------------------
 |Node        |Subckt    |
 |------------+----------|
 |x1.ln_n_13:2|h4        |
 |x1.ln_n_14:2|h4        |
 |x1.ln_n_15:2|h4        |
 |x1.ln_n_16:2|h4        |
 |x1.ln_n_17:2|h4        |
 -------------------------
              
      
 *****************************************************************
 ******  option summary
 ******
 runlvl  = 3         bypass  = 2.0000    
             
 Summary of Linear Res Distribution Info
 ---------------------------------------
 |Range          |Total     |Percent(%)|
 |---------------+----------+----------|
 |0e+00  ~  1e-05|2         |1.1111    |
 |1e-04  ~  1e-03|1         |0.5556    |
 |1e-02  ~  1e-01|23        |12.7778   |
 |1e-01  ~  1e+00|63        |35.0000   |
 |1e+00  ~  1e+03|91        |50.5556   |
 ---------------------------------------
              
             
 Summary of Linear Cap Distribution Info
 ---------------------------------------
 |Range          |Total     |Percent(%)|
 |---------------+----------+----------|
 |0e+00  ~  1e-24|1         |0.6061    |
 |1e-22  ~  1e-21|1         |0.6061    |
 |1e-20  ~  1e-19|6         |3.6364    |
 |1e-19  ~  1e-18|31        |18.7879   |
 |1e-18  ~  1e-17|85        |51.5152   |
 |1e-17  ~  1e-16|30        |18.1818   |
 |1e-16  ~  1e-15|11        |6.6667    |
 ---------------------------------------
              
             
 Summary of Detailed RC Type Statistics
 -------------------------
 |Element Type|Number    |
 |------------+----------|
 |Constant Res|180       |
 |            |          |
 |Constant Cap|165       |
 -------------------------
              
  Opening plot unit= 15
 file=tb.pa0

 ******
 *=======================================================

 ****** dc transfer curves tnom=  25.000 temp=  25.000 ******
 vout_tai_0_5ua= 907.4058m
 vout_tai_1_0ua= 878.6879m
 vout_tai_2_0ua= 848.9565m
 ids_tai_0_5ua=-500.0045n
 ids_tai_1_0ua=  -1.0000u
 ids_tai_2_0ua=  -2.0000u

          ***** job concluded
 ******  
 *=======================================================

 ****** job statistics summary tnom=  25.000 temp=  25.000 ******
  
  
 ******  Machine Information  ******
 CPU:
 model name	: Intel(R) Core(TM) i7-8550U CPU @ 1.80GHz
 cpu MHz	: 1991.999
  
 OS:
 Linux version 3.10.0-1160.59.1.el7.x86_64 (mockbuild@kbuilder.bsys.centos.org) (gcc version 4.8.5 20150623 (Red Hat 4.8.5-44) (GCC) ) #1 SMP Wed Feb 23 16:47:03 UTC 2022


  ******  HSPICE Threads Information  ******

  Command Line Threads Count :     1
  Available CPU Count        :     4
  Actual Threads Count       :     1


  ****** Statistics of Ignored Elements ******
  Capacitors      :       1
  Voltage Sources :       1

  ******  Circuit Statistics  ******
  # nodes       =     151 # elements   =     349
  # resistors   =     180 # capacitors =     165 # inductors   =       0
  # mutual_inds =       0 # vccs       =       0 # vcvs        =       0
  # cccs        =       0 # ccvs       =       0 # volt_srcs   =       1
  # curr_srcs   =       1 # diodes     =       0 # bjts        =       0
  # jfets       =       0 # mosfets    =       2 # U elements  =       0
  # T elements  =       0 # W elements =       0 # B elements  =       0
  # S elements  =       0 # P elements =       0 # va device   =       0
  # vector_srcs =       0 # N elements =       0


  ******  Runtime Statistics (seconds)  ******

  analysis           time    # points   tot. iter  conv.iter
  op point           0.00           1           0
  dc sweep           0.00           3          19
  readin             0.05
  errchk             0.02
  setup              0.00
  output             0.00


           peak memory used        261.81 megabytes
           total cpu time            0.08 seconds
           total elapsed time        0.40 seconds
           job started at     14:45:54 04/22/2026
           job ended   at     14:45:54 04/22/2026


 lic: Release hspice token(s) 
 lic: total license checkout elapse time:        0.33(s)
