[21:03:19.21] /r giWindowId 0
[21:03:19.21] /r giWindowGeometry 600x300
[21:03:19.22] /o 
              /c                                 Custom Compiler 
              /c 
              /c               Version N-2017.12-SP1-2 for linux64 - May 16, 2018 
              /c 
              /c                     Copyright (c) 2004 - 2018 Synopsys, Inc.
              /c    This software and the associated documentation are proprietary to Synopsys,
              /c  Inc. This software may only be used in accordance with the terms and conditions
              /c  of a written license agreement with Synopsys, Inc. All other use, reproduction,
              /c             or distribution of this software is strictly prohibited.
              /c 
              /c Build  (OPT) Config 4182185 compiled on Wed May 16 15:20:56 2018 for RHEL64 6.6
              /c Invocation: /usr/synopsys/customcompiler/N-2017.12-SP1-2/linux64/platform/bin/custom_compiler
              /c Execution time: Wed Mar 11 21:03:16 2026
              /c Host: localhost.localdomain
              /c Working directory: /root/Excercise/lab1vlsi/inverter/inv
              /c 
[21:03:21.81] /w Warning: In file /root/Excercise/lab1vlsi/inverter/inv/lib.defs: Unable to open library reference90RF at path /root/Exercise/lab1vlsi/PDK/reference90RF : No access permission. (DATA_MANAGEMENT-014)
[21:03:21.84] /r giShowFrameTabs true
[21:03:21.84] /r giWindowId 1
[21:03:21.84] /r giWindowGeometry 1040x800
[21:03:24.16] /# gi::pressButton {/scroll/scrollArea/scrollAreaInnerWidget/applications/dmLibraryManager} -in [gi::getWindows 1]
[21:03:24.16] /# 
[21:03:24.17] /i dm::openLibraryManager
[21:03:24.17] /r giWindowId 2
[21:03:24.17] /r giWindowGeometry 660x600+50+84
[21:03:24.21] /o oa:0x1dcf3f10
[21:03:25.65] /i gi::setCurrentIndex {libs} -index {snpsDefTechLib} -in [gi::getWindows 2]
[21:03:25.66] /i gi::setItemSelection {libs} -index {snpsDefTechLib} -in [gi::getWindows 2]
[21:03:26.23] /i gi::setCurrentIndex {libs} -index {sample} -in [gi::getWindows 2]
[21:03:26.24] /i gi::setItemSelection {libs} -index {sample} -in [gi::getWindows 2]
[21:03:26.72] /i gi::setCurrentIndex {libs} -index {inv} -in [gi::getWindows 2]
[21:03:26.73] /i gi::setItemSelection {libs} -index {inv} -in [gi::getWindows 2]
[21:04:34.63] /i exit
[21:04:34.78] /r giDialog gi::setActiveDialog [gi::getDialogs {deExitDialog}]
[21:04:35.00] /r giDialog db::setAttr geometry -of [gi::getDialogs {deExitDialog}] -value 419x155+741+389
[21:04:36.15] /r giDialog gi::pressButton {ok} -in [gi::getDialogs {deExitDialog}]
[21:04:36.17] /i gi::setActiveWindow 1
[21:04:36.17] /i gi::setActiveWindow 1 -raise true
[21:04:36.55] /o Shutdown time: Wed Mar 11 21:04:36 2026
[21:04:36.55] /o Elapsed session real time: 1.3 minutes
[21:04:36.55] /o Session terminated. Log is at /root/Excercise/lab1vlsi/inverter/inv/synopsys_custom/logs/ccompiler.root.2026_3_11_210316_21669.log
