[21:10:42.10] /r giWindowId 0
[21:10:42.10] /r giWindowGeometry 600x300
[21:10:42.12] /o 
              /c                                 Custom Compiler 
              /c 
              /c               Version N-2017.12-SP1-2 for linux64 - May 16, 2018 
              /c 
              /c                     Copyright (c) 2004 - 2018 Synopsys, Inc.
              /c    This software and the associated documentation are proprietary to Synopsys,
              /c  Inc. This software may only be used in accordance with the terms and conditions
              /c  of a written license agreement with Synopsys, Inc. All other use, reproduction,
              /c             or distribution of this software is strictly prohibited.
              /c 
              /c Build  (OPT) Config 4182185 compiled on Wed May 16 15:20:56 2018 for RHEL64 6.6
              /c Invocation: /usr/synopsys/customcompiler/N-2017.12-SP1-2/linux64/platform/bin/custom_compiler
              /c Execution time: Wed Mar 11 21:10:39 2026
              /c Host: localhost.localdomain
              /c Working directory: /root/Excercise/lab1vlsi/inverter/inv
              /c 
[21:10:44.47] /r giShowFrameTabs true
[21:10:44.47] /r giWindowId 1
[21:10:44.48] /r giWindowGeometry 1040x800
[21:10:47.12] /# gi::pressButton {/scroll/scrollArea/scrollAreaInnerWidget/applications/dmLibraryManager} -in [gi::getWindows 1]
[21:10:47.12] /# 
[21:10:47.12] /i dm::openLibraryManager
[21:10:47.12] /r giWindowId 2
[21:10:47.12] /r giWindowGeometry 660x600+50+84
[21:10:47.18] /o oa:0x19845920
[21:10:48.55] /i gi::setCurrentIndex {libs} -index {reference90RF} -in [gi::getWindows 2]
[21:10:48.56] /i gi::setItemSelection {libs} -index {reference90RF} -in [gi::getWindows 2]
[21:10:49.04] /i gi::setCurrentIndex {libs} -index {basic} -in [gi::getWindows 2]
[21:10:49.05] /i gi::setItemSelection {libs} -index {basic} -in [gi::getWindows 2]
[21:10:49.56] /i gi::setCurrentIndex {libs} -index {inv} -in [gi::getWindows 2]
[21:10:49.57] /i gi::setItemSelection {libs} -index {inv} -in [gi::getWindows 2]
[21:10:50.33] /i gi::setCurrentIndex {cells} -index {inv} -in [gi::getWindows 2]
[21:10:50.34] /i gi::setItemSelection {cells} -index {inv} -in [gi::getWindows 2]
[21:10:51.19] /i gi::setCurrentIndex {views} -index {schematic} -in [gi::getWindows 2]
[21:10:51.19] /i gi::setItemSelection {views} -index {schematic} -in [gi::getWindows 2]
[21:10:51.34] /i gi::executeAction dmOpen -in [gi::getWindows 2]
[21:10:51.36] /w Warning: Preference 'leActiveLPP' is deprecated and scheduled for removal in a future release with no replacement. For migration assistance, see the Custom Compiler Tcl Reference Manual. (PREFERENCE-058)
[21:10:51.38] /o 	#######################################
[21:10:51.38] /o 	PDK Library Name	: reference90RF
[21:10:51.38] /o 	PDK Version		: 2.0
[21:10:51.38] /o 	PDK Release Date	: 25-March-2010 
[21:10:51.38] /o 	#######################################
[21:10:51.38] /o 
[21:10:51.39] /m Information: License 'Schematic' checked out. (LICENSE-003)
[21:10:51.45] /r giWindowId 3
[21:10:51.46] /r giWindowGeometry 1632x849
[21:10:51.78] /o "inv/inv/schematic" design does not need checking
[21:10:53.56] /i db::setAttr maximized -of [gi::getFrames 1] -value true
[21:10:54.00] /i db::setAttr geometry -of [gi::getFrames 1] -value 1910x911+5+62
[21:10:55.20] /# gi::executeAction deCanvasZoomInAtPoint -in [gi::getWindows 3]
[21:10:55.21] /i de::zoom -window [gi::getWindows 3] -factor 2.0 -center {2.24375 0.425}
[21:10:55.21] /o {0.70625 -0.89375} {5.2625 0.98125}
[21:12:09.85] /# gi::executeAction deCanvasZoomOutAtPoint -in [gi::getWindows 3]
[21:12:09.85] /i de::zoom -window [gi::getWindows 3] -factor 0.5 -center {3.18125 -0.675}
[21:12:09.87] /o {-1.76875 -1.11875} {7.34375 2.64375}
[21:12:11.98] /# gi::executeAction dePan -in [gi::getWindows 3]
[21:12:11.98] /i ide::pan [db::getNext [de::getContexts -window 3]]
[21:12:12.24] /# gi::executeAction deStartDrag -in [gi::getWindows 3]
[21:12:12.25] /i de::startDrag {2.88125 -0.275} -context [db::getNext [de::getContexts -window 3]]
[21:12:13.75] /# gi::executeAction deEndDrag -in [gi::getWindows 3]
[21:12:13.75] /i de::endDrag {2.8875 -0.275} -context [db::getNext [de::getContexts -window 3]]
[21:12:13.77] /r dePanToPoint {2.8 0.15625}
[21:12:34.66] /# gi::executeAction deAbortCommand -in [gi::getWindows 3]
[21:12:34.66] /i de::abortCommand -context [db::getNext [de::getContexts -window 3]]
[21:12:35.66] /# gi::executeAction deSelectActive -in [gi::getWindows 3]
[21:12:35.67] /i de::deselectAll [db::getNext [de::getContexts -window 3]]
[21:12:35.67] /i de::select [de::getActiveFigure [gi::getWindows 3] -point {1.975 0.2375} -index 0 -intent none]
[21:12:35.67] /o oa:0x1d52ff80
[21:12:36.06] /# gi::executeAction deSelectActive -in [gi::getWindows 3]
[21:12:36.06] /i de::cycleActiveFigure [gi::getWindows 3] -direction next
[21:12:36.06] /o oa:0x1e640de0
[21:12:36.24] /# gi::executeAction deDescend -in [gi::getWindows 3]
[21:12:36.24] /i ide::descend 3 -inPlace false -promptView false -readOnly auto
[21:12:36.28] /# Navigating to reference90RF/p_4t/symbol (M2)
[21:12:39.79] /# gi::executeAction giPostContextMenu -in [gi::getWindows 3]
[21:12:40.62] /# gi::executeAction deReturn -in [gi::getWindows 3]
[21:12:40.63] /i de::return [db::getNext [de::getContexts -window 3]]
[21:12:40.63] /# Navigating to inv/inv/schematic
[21:12:41.00] /o oa:0x1e6ff530
[21:12:42.18] /# gi::executeAction giPostContextMenu -in [gi::getWindows 3]
[21:12:42.19] /i gi::executeAction menuPreShow -in [gi::getWindows 3]
[21:12:42.19] /r giMenuAccess db::getNext [gi::getMenus seSchInstLabelContextMenu]
[21:12:43.07] /# gi::executeAction deEditCanvasText -in [gi::getWindows 3]
[21:12:43.07] /i ide::editCanvasText -object [de::getActiveFigure [gi::getWindows 3] -point {1.9875 0.2625} -index 0 -intent none]
[21:12:52.75] /i de::abortCommand
[21:12:53.99] /# gi::executeAction deSelectActive -in [gi::getWindows 3]
[21:12:53.99] /i de::cycleActiveFigure [gi::getWindows 3] -direction next
[21:12:53.99] /o oa:0x1de13d30
[21:12:54.80] /# gi::executeAction deSelectActive -in [gi::getWindows 3]
[21:12:54.80] /i de::cycleActiveFigure [gi::getWindows 3] -direction next
[21:12:54.81] /o oa:0x1e8d8050
[21:12:54.98] /# gi::executeAction deDescend -in [gi::getWindows 3]
[21:12:54.98] /i ide::descend 3 -inPlace false -promptView false -readOnly auto
[21:12:54.99] /# Navigating to reference90RF/p_4t/symbol (M2)
[21:12:56.78] /# gi::executeAction giPostContextMenu -in [gi::getWindows 3]
[21:12:57.70] /# gi::executeAction deReturn -in [gi::getWindows 3]
[21:12:57.70] /i de::return [db::getNext [de::getContexts -window 3]]
[21:12:57.71] /# Navigating to inv/inv/schematic
[21:12:58.20] /o oa:0x1e67e0d0
[21:12:59.13] /# gi::executeAction deCanvasZoomInAtPoint -in [gi::getWindows 3]
[21:12:59.13] /i de::zoom -window [gi::getWindows 3] -factor 2.0 -center {2.31875 0.3375}
[21:12:59.13] /o {0.28125 -0.69375} {4.8375 1.1875}
[21:13:00.00] /# gi::executeAction deCanvasZoomInAtPoint -in [gi::getWindows 3]
[21:13:00.00] /i de::zoom -window [gi::getWindows 3] -factor 2.0 -center {2.05625 0.2}
[21:13:00.00] /o {1.16875 -0.24375} {3.44375 0.69375}
[21:13:00.62] /# gi::executeAction deSelectActive -in [gi::getWindows 3]
[21:13:00.62] /i de::deselectAll [db::getNext [de::getContexts -window 3]]
[21:13:00.62] /i de::deselectAllLogic -context [db::getNext [de::getContexts -window 3]]
[21:13:06.05] /# gi::executeAction deSelectActive -in [gi::getWindows 3]
[21:13:06.05] /i de::deselectAll [db::getNext [de::getContexts -window 3]]
[21:13:06.05] /i de::select [de::getActiveFigure [gi::getWindows 3] -point {1.99375 0.25625} -index 0 -intent none]
[21:13:06.06] /o oa:0x1e654d20
[21:13:06.54] /# gi::executeAction giPostContextMenu -in [gi::getWindows 3]
[21:13:06.55] /i gi::executeAction menuPreShow -in [gi::getWindows 3]
[21:13:06.55] /r giMenuAccess db::getNext [gi::getMenus seSchInstLabelContextMenu]
[21:13:07.33] /# gi::executeAction deEditCanvasText -in [gi::getWindows 3]
[21:13:07.33] /i ide::editCanvasText -object [de::getActiveFigure [gi::getWindows 3] -point {1.99375 0.25625} -index 0 -intent none]
[21:13:10.52] /i de::commandOption {0.09u}
[21:13:10.56] /o 
              /c ************************ P **************************
[21:13:10.56] /o 
[21:13:10.56] /o WARNING 0006> "Length" 90n < Min value 0.1u
[21:13:10.56] /o               Resetting "Length" to Min value
[21:13:10.56] /o 
[21:14:47.13] /# gi::executeAction deSelectActive -in [gi::getWindows 3]
[21:14:47.13] /i de::deselectAll [db::getNext [de::getContexts -window 3]]
[21:14:47.13] /i de::select [de::getActiveFigure [gi::getWindows 3] -point {1.95625 0.43125} -index 0 -intent none]
[21:14:47.13] /o oa:0x1e54a340
[21:14:47.88] /# gi::executeAction deSelectActive -in [gi::getWindows 3]
[21:14:47.88] /i de::cycleActiveFigure [gi::getWindows 3] -direction next
[21:14:47.89] /o oa:0x1e69df60
[21:14:49.30] /# gi::executeAction deSelectActive -in [gi::getWindows 3]
[21:14:49.30] /i de::cycleActiveFigure [gi::getWindows 3] -direction next
[21:14:49.30] /o oa:0x1e9479d0
[21:14:49.52] /# gi::executeAction deDescend -in [gi::getWindows 3]
[21:14:49.52] /i ide::descend 3 -inPlace false -promptView false -readOnly auto
[21:14:49.52] /# Navigating to reference90RF/p_4t/symbol (M2)
[21:14:51.17] /# gi::executeAction giPostContextMenu -in [gi::getWindows 3]
[21:14:52.04] /# gi::executeAction deReturn -in [gi::getWindows 3]
[21:14:52.05] /i de::return [db::getNext [de::getContexts -window 3]]
[21:14:52.05] /# Navigating to inv/inv/schematic
[21:14:52.41] /o oa:0x1dca4030
[21:14:53.16] /# gi::executeAction giPostContextMenu -in [gi::getWindows 3]
[21:14:53.18] /i gi::executeAction menuPreShow -in [gi::getWindows 3]
[21:14:53.18] /r giMenuAccess db::getNext [gi::getMenus seSchInstLabelContextMenu]
[21:14:54.20] /# gi::executeAction deEditCanvasText -in [gi::getWindows 3]
[21:14:54.20] /i ide::editCanvasText -object [de::getActiveFigure [gi::getWindows 3] -point {1.925 0.4375} -index 0 -intent none]
[21:14:54.22] /o 1
[21:14:57.50] /i de::commandOption {0.72u}
[21:14:59.15] /# gi::executeAction dePan -in [gi::getWindows 3]
[21:14:59.15] /i ide::pan [db::getNext [de::getContexts -window 3]]
[21:14:59.53] /# gi::executeAction deStartDrag -in [gi::getWindows 3]
[21:14:59.53] /i de::startDrag {2.3 0.19375} -context [db::getNext [de::getContexts -window 3]]
[21:14:59.97] /# gi::executeAction deEndDrag -in [gi::getWindows 3]
[21:14:59.97] /i de::endDrag {2.30625 0.2} -context [db::getNext [de::getContexts -window 3]]
[21:14:59.97] /r dePanToPoint {2.2875 -0.1}
[21:15:00.44] /# gi::executeAction deStartDrag -in [gi::getWindows 3]
[21:15:00.44] /i de::startDrag {2.60625 -0.16875} -context [db::getNext [de::getContexts -window 3]]
[21:15:00.77] /# gi::executeAction deEndDrag -in [gi::getWindows 3]
[21:15:00.77] /i de::endDrag {2.6125 -0.1625} -context [db::getNext [de::getContexts -window 3]]
[21:15:00.77] /r dePanToPoint {2.30625 -0.4875}
[21:15:01.30] /# gi::executeAction deStartDrag -in [gi::getWindows 3]
[21:15:01.30] /i de::startDrag {2.54375 -0.70625} -context [db::getNext [de::getContexts -window 3]]
[21:15:01.75] /# gi::executeAction deEndDrag -in [gi::getWindows 3]
[21:15:01.75] /i de::endDrag {2.54375 -0.70625} -context [db::getNext [de::getContexts -window 3]]
[21:15:01.75] /r dePanToPoint {2.24375 -0.89375}
[21:15:03.36] /# gi::executeAction deAbortCommand -in [gi::getWindows 3]
[21:15:03.36] /i de::abortCommand -context [db::getNext [de::getContexts -window 3]]
[21:15:03.80] /# gi::executeAction deSelectActive -in [gi::getWindows 3]
[21:15:03.80] /i de::deselectAll [db::getNext [de::getContexts -window 3]]
[21:15:03.80] /i de::select [de::getActiveFigure [gi::getWindows 3] -point {2.0625 -1.0625} -index 0 -intent none]
[21:15:03.80] /o oa:0x1e148db0
[21:15:03.95] /# gi::executeAction deDescend -in [gi::getWindows 3]
[21:15:03.95] /i ide::descend 3 -inPlace false -promptView false -readOnly auto
[21:15:03.95] /# Navigating to reference90RF/n_4t/symbol (M3)
[21:15:05.48] /# gi::executeAction giPostContextMenu -in [gi::getWindows 3]
[21:15:06.09] /# gi::executeAction deReturn -in [gi::getWindows 3]
[21:15:06.09] /i de::return [db::getNext [de::getContexts -window 3]]
[21:15:06.09] /# Navigating to inv/inv/schematic
[21:15:06.73] /o oa:0x1deee970
[21:15:07.65] /# gi::executeAction giPostContextMenu -in [gi::getWindows 3]
[21:15:07.67] /i gi::executeAction menuPreShow -in [gi::getWindows 3]
[21:15:07.67] /r giMenuAccess db::getNext [gi::getMenus seSchInstLabelContextMenu]
[21:15:08.27] /# gi::executeAction deEditCanvasText -in [gi::getWindows 3]
[21:15:08.27] /i ide::editCanvasText -object [de::getActiveFigure [gi::getWindows 3] -point {2.06875 -1.05625} -index 0 -intent none]
[21:15:10.69] /i de::commandOption {0.1u}
[21:15:12.38] /# gi::executeAction deCanvasZoomOutAtPoint -in [gi::getWindows 3]
[21:15:12.38] /i de::zoom -window [gi::getWindows 3] -factor 0.5 -center {2.34375 -0.7}
[21:15:12.38] /o {-0.13125 -2.03125} {4.425 -0.15}
[21:15:13.02] /i gi::executeAction deCanvasDragSelect -in [gi::getWindows 3]
[21:15:13.02] /r deCanvasDragStart 2.35 -0.63125
[21:15:14.01] /# gi::executeAction deCanvasDragEnd -in [gi::getWindows 3]
[21:15:14.01] /i gi::executeAction deCanvasDragEnd -in [gi::getWindows 3]
[21:15:14.03] /r deCanvasDragEnd 2.55 -0.83125
[21:15:14.71] /# gi::executeAction dePan -in [gi::getWindows 3]
[21:15:14.71] /i ide::pan [db::getNext [de::getContexts -window 3]]
[21:15:14.99] /# gi::executeAction deStartDrag -in [gi::getWindows 3]
[21:15:14.99] /i de::startDrag {2.54375 -0.7875} -context [db::getNext [de::getContexts -window 3]]
[21:15:17.23] /# gi::executeAction deEndDrag -in [gi::getWindows 3]
[21:15:17.23] /i de::endDrag {2.54375 -0.78125} -context [db::getNext [de::getContexts -window 3]]
[21:15:17.23] /r dePanToPoint {2.24375 -0.725}
[21:15:36.86] /# gi::executeAction seSchCheckAndSave -in [gi::getWindows 3]
[21:15:36.86] /i ise::check
[21:15:36.90] /m Information: 
              /c Cross view checking for inv/inv/symbol with inv/inv/schematic
              /c No violations found. (DE_EDIT-007)
[21:15:36.90] /m Information: 
[21:15:36.90] /o Checking "inv/inv/schematic"
[21:15:36.91] /o No rule violations found in "inv/inv/schematic"
[21:15:36.91] /m Information: Checking process is completed: marking the design violations
[21:15:36.97] /m Information: Marking of designs is completed
[21:15:36.97] /o true
[21:15:40.68] /i gi::pressButton {ConsoleToggleButton} -in [db::getAttr statusbar -of [gi::getWindows 3]]
[21:15:43.16] /# gi::executeAction deAddPoint -in [gi::getWindows 3]
[21:15:43.16] /i de::addPoint {3.375 -0.54375} -context [db::getNext [de::getContexts -window 3]]
[21:15:44.30] /# gi::executeAction deCanvasZoomOutAtPoint -in [gi::getWindows 3]
[21:15:44.31] /i de::zoom -window [gi::getWindows 3] -factor 0.5 -center {3.35 -0.5125}
[21:15:44.31] /o {-1.15625 -1.925} {7.95625 0.775}
[21:15:45.32] /# gi::executeAction deStartDrag -in [gi::getWindows 3]
[21:15:45.32] /i de::startDrag {3.125 -0.08125} -context [db::getNext [de::getContexts -window 3]]
[21:15:45.74] /# gi::executeAction deEndDrag -in [gi::getWindows 3]
[21:15:45.74] /i de::endDrag {3.125 -0.0875} -context [db::getNext [de::getContexts -window 3]]
[21:15:45.74] /r dePanToPoint {3.36875 -0.28125}
[21:15:47.31] /i gi::setActiveWindow 2
[21:15:47.31] /i gi::setActiveWindow 2 -raise true
[21:15:49.10] /i gi::setCurrentIndex {cells} -index {inv_test} -in [gi::getWindows 2]
[21:15:49.11] /i gi::setItemSelection {cells} -index {inv_test} -in [gi::getWindows 2]
[21:15:50.84] /i gi::setCurrentIndex {cells} -index {inv} -in [gi::getWindows 2]
[21:15:50.84] /i gi::setItemSelection {cells} -index {inv} -in [gi::getWindows 2]
[21:15:53.20] /i gi::setCurrentIndex {views} -index {layout} -in [gi::getWindows 2]
[21:15:53.21] /i gi::setItemSelection {views} -index {layout} -in [gi::getWindows 2]
[21:15:53.50] /i gi::executeAction dmOpen -in [gi::getWindows 2]
[21:15:53.63] /m Information: License 'Basic' checked out. (LICENSE-003)
[21:15:53.63] /m Information: License 'Schematic' checked in. (LICENSE-004)
[21:15:54.59] /r giWindowId 4
[21:15:54.60] /r giWindowGeometry 1632x849
[21:15:54.73] /# de::setActiveLPP [de::getLPPs "exclude blockage" -from [db::getAttr editDesign -of [de::getContexts -window 4]]]
[21:15:59.50] /i gi::setField {stopLevel} -value {1} -in [gi::getToolbars {leHierarchy} -from [gi::getWindows 4]]
[21:16:00.17] /# gi::executeAction deSelectActive -in [gi::getWindows 4]
[21:16:00.17] /i de::deselectAllLogic -context [db::getNext [de::getContexts -window 4]]
[21:16:00.83] /# gi::executeAction deCanvasZoomInAtPoint -in [gi::getWindows 4]
[21:16:00.84] /i de::zoom -window [gi::getWindows 4] -factor 2.0 -center {-1.309 1.022}
[21:16:00.84] /o {-5.454 -1.076} {1.06 1.81}
[21:16:01.96] /# gi::executeAction deSelectActive -in [gi::getWindows 4]
[21:16:01.96] /i de::deselectAll [db::getNext [de::getContexts -window 4]]
[21:16:01.96] /i de::select [de::getActiveFigure [gi::getWindows 4] -point {-3.085 0.289} -index 0 -intent none]
[21:16:01.96] /o oa:0x1f9dd050
[21:16:03.19] /# gi::executeAction deSelectActive -in [gi::getWindows 4]
[21:16:03.19] /i de::cycleActiveFigure [gi::getWindows 4] -direction next
[21:16:03.19] /o oa:0x1fac6ae0
[21:16:03.19] /i de::deselectAll [db::getNext [de::getContexts -window 4]]
[21:16:03.19] /i de::select [de::getActiveFigure [gi::getWindows 4] -point {-3.085 0.289} -index 1 -intent none]
[21:16:03.19] /o oa:0x1f68d7e0
[21:16:03.44] /# gi::executeAction giPostContextMenu -in [gi::getWindows 4]
[21:16:03.45] /i gi::executeAction menuPreShow -in [gi::getWindows 4]
[21:16:03.45] /r giMenuAccess db::getNext [gi::getMenus leInstanceContextMenu]
[21:16:07.28] /# gi::executeAction deSelectActive -in [gi::getWindows 4]
[21:16:07.28] /i de::cycleActiveFigure [gi::getWindows 4] -direction next
[21:16:07.28] /o oa:0x1fb7d110
[21:16:07.28] /i de::deselectAll [db::getNext [de::getContexts -window 4]]
[21:16:07.28] /i de::select [de::getActiveFigure [gi::getWindows 4] -point {-3.022 0.446} -index 1 -intent none]
[21:16:07.28] /o oa:0x1f2a92b0
[21:16:07.59] /# gi::executeAction deSelectActive -in [gi::getWindows 4]
[21:16:07.59] /i de::cycleActiveFigure [gi::getWindows 4] -direction next
[21:16:07.59] /o oa:0x1fc3e4b0
[21:16:07.59] /i de::cycleActiveFigure [gi::getWindows 4] -direction next
[21:16:07.59] /o oa:0x1f38c080
[21:16:08.67] /# gi::executeAction deSelectActive -in [gi::getWindows 4]
[21:16:08.67] /i de::cycleActiveFigure [gi::getWindows 4] -direction next
[21:16:08.68] /o oa:0x1f3933d0
[21:16:08.68] /i de::deselectAll [db::getNext [de::getContexts -window 4]]
[21:16:08.68] /i de::select [de::getActiveFigure [gi::getWindows 4] -point {-3.081 0.446} -index 1 -intent none]
[21:16:08.68] /o oa:0x1fb8d9e0
[21:16:09.63] /# gi::executeAction deSelectActive -in [gi::getWindows 4]
[21:16:09.63] /i de::cycleActiveFigure [gi::getWindows 4] -direction next
[21:16:09.63] /o oa:0x1fac8f30
[21:16:09.63] /i de::cycleActiveFigure [gi::getWindows 4] -direction next
[21:16:09.63] /o oa:0x1fb61a30
[21:16:57.29] /# gi::executeAction xtLVSRun -in [gi::getWindows 4]
[21:16:57.29] /i xt::physicalVerification::executeRun lvs 4
[21:16:57.71] /# xt::physicalVerification::executePve lvs 4
[21:16:57.75] /e Error: xtLVSHerculesRunsetFile: preference value is empty in '/root/Excercise/lab1vlsi/inverter/inv/synopsys_custom/inv.hercules.lvs_pve' scope.
[21:16:58.44] /i gi::setActiveDialog [gi::getDialogs {xtLVSSetup} -parent [gi::getWindows 4]]
[21:16:58.71] /i db::setAttr geometry -of [gi::getDialogs {xtLVSSetup} -parent [gi::getWindows 4]] -value 704x454+787+330
[21:17:01.90] /i gi::pressButton {/ok} -in [gi::getDialogs {xtLVSSetup} -parent [gi::getWindows 4]]
[21:17:01.91] /e Error: The requested action could not be completed because one or more inputs are incomplete or invalid. (CUSTOM_WIDGETS-001)
[21:17:03.99] /i gi::pressButton {/tabGroup/mainTab/jobParametersGroup/runsetFile/browseButton} -in [gi::getDialogs {xtLVSSetup} -parent [gi::getWindows 4]]
[21:17:07.05] /r giFileDialog reject .
[21:17:30.14] /i gi::pressButton {/tabGroup/mainTab/jobParametersGroup/runsetFile/browseButton} -in [gi::getDialogs {xtLVSSetup} -parent [gi::getWindows 4]]
[21:17:50.84] /r giFileDialog accept ../../PDK/hercules/lvs/reference_lvs.ev
[21:17:51.01] /e Error: Error encountered parsing the runset '/root/Excercise/lab1vlsi/PDK/hercules/lvs/reference_lvs.ev': The binary 'evp' was not found in $PATH. (PHYSICAL_VERIFICATION-022)
[21:17:52.68] /i gi::pressButton {/ok} -in [gi::getDialogs {xtLVSSetup} -parent [gi::getWindows 4]]
[21:17:53.46] /# xt::physicalVerification::executePve lvs 4
[21:17:53.49] /e Error: Error encountered parsing the runset '/root/Excercise/lab1vlsi/PDK/hercules/lvs/reference_lvs.ev': The binary 'evp' was not found in $PATH. (PHYSICAL_VERIFICATION-022)
[21:17:53.50] /e Error: Error: Problem processing 'xt::hercules::_private::writeRunset' because: The binary 'evp' was not found in $PATH (PHYSICAL_VERIFICATION_COMMANDS-015)
[21:17:55.46] /i gi::pressButton {ConsoleToggleButton} -in [db::getAttr statusbar -of [gi::getWindows 4]]
[21:17:55.75] /i db::setAttr dockSize -of [gi::getAssistants leObjectLayerPanel -from [gi::getWindows 4]] -value 200x519
[21:18:12.64] /# gi::executeAction deSelectActive -in [gi::getWindows 4]
[21:18:12.64] /i de::deselectAll [db::getNext [de::getContexts -window 4]]
[21:18:12.64] /i de::deselectAllLogic -context [db::getNext [de::getContexts -window 4]]
[21:18:14.80] /i db::setAttr shown -of [gi::getAssistants giConsole -from [gi::getWindows 4]] -value false
[21:18:15.12] /i db::setAttr dockSize -of [gi::getAssistants leObjectLayerPanel -from [gi::getWindows 4]] -value 200x736
[21:18:16.43] /# gi::executeAction deSelectActive -in [gi::getWindows 4]
[21:18:16.43] /i de::deselectAll [db::getNext [de::getContexts -window 4]]
[21:18:16.44] /i de::select [de::getActiveFigure [gi::getWindows 4] -point {-3.066 0.297} -index 0 -intent none]
[21:18:16.44] /o oa:0x202b86f0
[21:18:17.74] /i gi::executeAction dePropertyEditorToggleExtended -in [gi::getWindows 4]
[21:18:17.74] /# db::setAttr shown -of [gi::getAssistants dePropertyEditor -from [gi::getWindows 4]] -value true
[21:18:18.03] /i db::setAttr dockSize -of [gi::getAssistants leObjectLayerPanel -from [gi::getWindows 4]] -value 200x710
[21:18:18.12] /i db::setAttr dockSize -of [gi::getAssistants dePropertyEditor -from [gi::getWindows 4]] -value 290x710
[21:18:25.01] /i gi::setActiveWindow 3
[21:18:25.01] /i gi::setActiveWindow 3 -raise true
[21:18:28.77] /i gi::setActiveWindow 4
[21:18:28.77] /i gi::setActiveWindow 4 -raise true
[21:18:33.43] /i gi::setItemSelection {parameters} -index {l,all} -in [gi::getAssistants dePropertyEditor -from [gi::getWindows 4]]
[21:18:33.44] /i gi::setCurrentIndex {parameters} -index {l,Value} -in [gi::getAssistants dePropertyEditor -from [gi::getWindows 4]]
[21:18:37.09] /i gi::setField {parameters} -value {0.1u} -index {l,Value} -in [gi::getAssistants dePropertyEditor -from [gi::getWindows 4]]
[21:18:37.09] /i gi::executeAction dePropertyEditorApplyChanges -in [gi::getAssistants dePropertyEditor -from [gi::getWindows 4]]
[21:18:38.60] /i gi::setItemSelection {parameters} -index {w,all} -in [gi::getAssistants dePropertyEditor -from [gi::getWindows 4]]
[21:18:38.60] /i gi::setCurrentIndex {parameters} -index {w,Value} -in [gi::getAssistants dePropertyEditor -from [gi::getWindows 4]]
[21:18:42.37] /i gi::setField {parameters} -value {0.72u} -index {w,Value} -in [gi::getAssistants dePropertyEditor -from [gi::getWindows 4]]
[21:18:42.37] /i gi::executeAction dePropertyEditorApplyChanges -in [gi::getAssistants dePropertyEditor -from [gi::getWindows 4]]
[21:18:45.12] /i gi::setActiveWindow 3
[21:18:45.12] /i gi::setActiveWindow 3 -raise true
[21:18:46.94] /i gi::setActiveWindow 4
[21:18:46.94] /i gi::setActiveWindow 4 -raise true
[21:18:47.99] /# gi::executeAction deCanvasZoomInAtPoint -in [gi::getWindows 4]
[21:18:47.99] /i de::zoom -window [gi::getWindows 4] -factor 2.0 -center {-2.415 1.297}
[21:18:47.99] /o {-3.934 0.111} {-0.854 1.554}
[21:18:48.60] /# gi::executeAction deCanvasZoomOutAtPoint -in [gi::getWindows 4]
[21:18:48.60] /i de::zoom -window [gi::getWindows 4] -factor 0.5 -center {-2.507 1.312}
[21:18:48.60] /o {-5.362 -1.091} {0.799 1.795}
[21:18:52.51] /# gi::executeAction deSelectActive -in [gi::getWindows 4]
[21:18:52.51] /i de::deselectAll [db::getNext [de::getContexts -window 4]]
[21:18:52.52] /i de::deselectAllLogic -context [db::getNext [de::getContexts -window 4]]
[21:18:53.35] /# gi::executeAction deSelectActive -in [gi::getWindows 4]
[21:18:53.36] /i de::deselectAll [db::getNext [de::getContexts -window 4]]
[21:18:53.36] /i de::select [de::getActiveFigure [gi::getWindows 4] -point {-2.942 -0.287} -index 0 -intent none]
[21:18:53.36] /o oa:0x1f0ecd10
[21:18:54.33] /# gi::executeAction deSelectActive -in [gi::getWindows 4]
[21:18:54.33] /i de::cycleActiveFigure [gi::getWindows 4] -direction next
[21:18:54.33] /o oa:0x1fbfcc30
[21:18:54.33] /i de::deselectAll [db::getNext [de::getContexts -window 4]]
[21:18:54.33] /i de::select [de::getActiveFigure [gi::getWindows 4] -point {-3.099 -0.377} -index 1 -intent none]
[21:18:54.33] /o oa:0x1fdd9410
[21:18:56.01] /# gi::executeAction deSelectActive -in [gi::getWindows 4]
[21:18:56.01] /i de::deselectAll [db::getNext [de::getContexts -window 4]]
[21:18:56.01] /i de::select [de::getActiveFigure [gi::getWindows 4] -point {-3.307 0.976} -index 0 -intent none]
[21:18:56.01] /o oa:0x202b9300
[21:18:56.85] /# gi::executeAction deCanvasZoomInAtPoint -in [gi::getWindows 4]
[21:18:56.85] /i de::zoom -window [gi::getWindows 4] -factor 2.0 -center {-3.307 0.976}
[21:18:56.85] /o {-4.334 -0.057} {-1.254 1.386}
[21:18:57.45] /# gi::executeAction deCanvasZoomOutAtPoint -in [gi::getWindows 4]
[21:18:57.45] /i de::zoom -window [gi::getWindows 4] -factor 0.5 -center {-3.307 0.976}
[21:18:57.45] /o {-5.362 -1.091} {0.799 1.795}
[21:18:57.51] /# gi::executeAction deCanvasZoomOutAtPoint -in [gi::getWindows 4]
[21:18:57.51] /i de::zoom -window [gi::getWindows 4] -factor 0.5 -center {-3.307 0.976}
[21:18:57.51] /o {-7.416 -3.158} {4.905 2.615}
[21:18:58.54] /# gi::executeAction deSelectActive -in [gi::getWindows 4]
[21:18:58.54] /i de::deselectAll [db::getNext [de::getContexts -window 4]]
[21:18:58.54] /i de::select [de::getActiveFigure [gi::getWindows 4] -point {-3.048 -1.095} -index 0 -intent none]
[21:18:58.54] /o oa:0x1f393d00
[21:18:59.31] /# gi::executeAction deSelectActive -in [gi::getWindows 4]
[21:18:59.31] /i de::deselectAll [db::getNext [de::getContexts -window 4]]
[21:18:59.31] /i de::select [de::getActiveFigure [gi::getWindows 4] -point {-3.111 -0.781} -index 0 -intent none]
[21:18:59.31] /o oa:0x1ffb0460
[21:19:00.04] /# gi::executeAction deCanvasZoomInAtPoint -in [gi::getWindows 4]
[21:19:00.04] /i de::zoom -window [gi::getWindows 4] -factor 2.0 -center {-3.001 -0.64}
[21:19:00.04] /o {-5.209 -1.899} {0.952 0.987}
[21:19:00.46] /# gi::executeAction deCanvasZoomOutAtPoint -in [gi::getWindows 4]
[21:19:00.46] /i de::zoom -window [gi::getWindows 4] -factor 0.5 -center {-3.001 -0.64}
[21:19:00.46] /o {-7.416 -3.158} {4.905 2.615}
[21:19:03.27] /i de::undoTransaction -design [db::getAttr editDesign -of [de::getContexts -window 4]] -steps 1
[21:19:03.47] /i de::undoTransaction -design [db::getAttr editDesign -of [de::getContexts -window 4]] -steps 1
[21:19:05.93] /# gi::executeAction deCanvasZoomInAtPoint -in [gi::getWindows 4]
[21:19:05.93] /i de::zoom -window [gi::getWindows 4] -factor 2.0 -center {-2.828 1.023}
[21:19:05.93] /o {-5.122 -1.067} {1.038 1.819}
[21:19:08.71] /i de::redoTransaction -design [db::getAttr editDesign -of [de::getContexts -window 4]] -steps 1
[21:19:09.28] /i de::redoTransaction -design [db::getAttr editDesign -of [de::getContexts -window 4]] -steps 1
[21:19:15.26] /# gi::executeAction dePan -in [gi::getWindows 4]
[21:19:15.26] /i ide::pan [db::getNext [de::getContexts -window 4]]
[21:19:15.52] /# gi::executeAction deStartDrag -in [gi::getWindows 4]
[21:19:15.52] /i de::startDrag {-2.205 -0.201} -context [db::getNext [de::getContexts -window 4]]
[21:19:16.37] /# gi::executeAction deEndDrag -in [gi::getWindows 4]
[21:19:16.37] /i de::endDrag {-2.205 -0.181} -context [db::getNext [de::getContexts -window 4]]
[21:19:16.39] /r dePanToPoint {-2.234 -0.977}
[21:19:20.60] /# gi::executeAction deAbortCommand -in [gi::getWindows 4]
[21:19:20.60] /i de::abortCommand -context [db::getNext [de::getContexts -window 4]]
[21:19:21.31] /# gi::executeAction deSelectActive -in [gi::getWindows 4]
[21:19:21.31] /i de::deselectAll [db::getNext [de::getContexts -window 4]]
[21:19:21.31] /i de::select [de::getActiveFigure [gi::getWindows 4] -point {-3.22 -1.357} -index 0 -intent none]
[21:19:21.31] /o oa:0x1fc71060
[21:19:22.11] /# gi::executeAction deSelectActive -in [gi::getWindows 4]
[21:19:22.11] /i de::cycleActiveFigure [gi::getWindows 4] -direction next
[21:19:22.11] /o oa:0x200844c0
[21:19:23.86] /# gi::executeAction giPostContextMenu -in [gi::getWindows 4]
[21:19:23.88] /i gi::executeAction menuPreShow -in [gi::getWindows 4]
[21:19:23.88] /r giMenuAccess db::getNext [gi::getMenus leInstanceContextMenu]
[21:19:26.35] /i gi::setItemSelection {parameters} -index {w,all} -in [gi::getAssistants dePropertyEditor -from [gi::getWindows 4]]
[21:19:26.35] /i gi::setCurrentIndex {parameters} -index {w,Value} -in [gi::getAssistants dePropertyEditor -from [gi::getWindows 4]]
[21:19:27.58] /i gi::setItemSelection {parameters} -index {l,all} -in [gi::getAssistants dePropertyEditor -from [gi::getWindows 4]]
[21:19:27.59] /i gi::setCurrentIndex {parameters} -index {l,Value} -in [gi::getAssistants dePropertyEditor -from [gi::getWindows 4]]
[21:19:30.86] /i gi::setField {parameters} -value {0.1u} -index {l,Value} -in [gi::getAssistants dePropertyEditor -from [gi::getWindows 4]]
[21:19:30.86] /i gi::executeAction dePropertyEditorApplyChanges -in [gi::getAssistants dePropertyEditor -from [gi::getWindows 4]]
[21:19:32.31] /# gi::executeAction deSelectActive -in [gi::getWindows 4]
[21:19:32.31] /i de::deselectAll [db::getNext [de::getContexts -window 4]]
[21:19:32.31] /i de::deselectAllLogic -context [db::getNext [de::getContexts -window 4]]
[21:19:37.66] /i db::setAttr shown -of [gi::getAssistants dePropertyEditor -from [gi::getWindows 4]] -value false
[21:19:37.96] /i db::setAttr dockSize -of [gi::getAssistants leObjectLayerPanel -from [gi::getWindows 4]] -value 290x736
[21:19:40.18] /# gi::setCurrentIndex {sets} -index {Base} -in [gi::getAssistants leObjectLayerPanel -from [gi::getWindows 4]]
[21:19:40.18] /# gi::setItemSelection {sets} -index {Base} -in [gi::getAssistants leObjectLayerPanel -from [gi::getWindows 4]]
[21:19:40.26] /# gi::executeAction leOLPApplySet -in [gi::getAssistants leObjectLayerPanel -from [gi::getWindows 4]]
[21:19:40.26] /i db::setPrefValue leLPPSet -value "{Base}" -scope [de::getContexts -window 4]
[21:19:40.27] /# gi::setItemSelection {sets} -index {Base} -in [gi::getAssistants leObjectLayerPanel -from [gi::getWindows 4]]
[21:19:40.27] /# gi::setItemSelection {lpps} -index {nwell subnode} -in [gi::getAssistants leObjectLayerPanel -from [gi::getWindows 4]]
[21:19:40.27] /# gi::setItemSelection {lpps} -index {nwell subnode} -in [gi::getAssistants leObjectLayerPanel -from [gi::getWindows 4]]
[21:19:40.27] /# de::setActiveLPP [de::getLPPs "nwell subnode" -from [db::getAttr editDesign -of [de::getContexts -window 4]]]
[21:19:40.27] /o oa:0x201aab70
[21:19:40.69] /# gi::setCurrentIndex {sets} -index {M1} -in [gi::getAssistants leObjectLayerPanel -from [gi::getWindows 4]]
[21:19:40.69] /# gi::setItemSelection {sets} -index {M1} -in [gi::getAssistants leObjectLayerPanel -from [gi::getWindows 4]]
[21:19:40.78] /# gi::executeAction leOLPApplySet -in [gi::getAssistants leObjectLayerPanel -from [gi::getWindows 4]]
[21:19:40.78] /i db::setPrefValue leLPPSet -value "{M1}" -scope [de::getContexts -window 4]
[21:19:40.79] /# gi::setItemSelection {sets} -index {M1} -in [gi::getAssistants leObjectLayerPanel -from [gi::getWindows 4]]
[21:19:40.79] /# gi::setItemSelection {lpps} -index {m1 drw} -in [gi::getAssistants leObjectLayerPanel -from [gi::getWindows 4]]
[21:19:40.79] /# gi::setItemSelection {lpps} -index {m1 drw} -in [gi::getAssistants leObjectLayerPanel -from [gi::getWindows 4]]
[21:19:40.79] /# de::setActiveLPP [de::getLPPs "m1 drawing" -from [db::getAttr editDesign -of [de::getContexts -window 4]]]
[21:19:40.79] /o oa:0x1e5a6220
[21:19:41.28] /# gi::setCurrentIndex {sets} -index {M2} -in [gi::getAssistants leObjectLayerPanel -from [gi::getWindows 4]]
[21:19:41.28] /# gi::setItemSelection {sets} -index {M2} -in [gi::getAssistants leObjectLayerPanel -from [gi::getWindows 4]]
[21:19:41.38] /# gi::executeAction leOLPApplySet -in [gi::getAssistants leObjectLayerPanel -from [gi::getWindows 4]]
[21:19:41.38] /i db::setPrefValue leLPPSet -value "{M2}" -scope [de::getContexts -window 4]
[21:19:41.38] /# gi::setItemSelection {sets} -index {M2} -in [gi::getAssistants leObjectLayerPanel -from [gi::getWindows 4]]
[21:19:41.38] /# gi::setItemSelection {lpps} -index {m2 drw} -in [gi::getAssistants leObjectLayerPanel -from [gi::getWindows 4]]
[21:19:41.38] /# gi::setItemSelection {lpps} -index {m2 drw} -in [gi::getAssistants leObjectLayerPanel -from [gi::getWindows 4]]
[21:19:41.38] /# de::setActiveLPP [de::getLPPs "m2 drawing" -from [db::getAttr editDesign -of [de::getContexts -window 4]]]
[21:19:41.38] /o oa:0x1f482410
[21:19:41.73] /# gi::setCurrentIndex {sets} -index {Base} -in [gi::getAssistants leObjectLayerPanel -from [gi::getWindows 4]]
[21:19:41.73] /# gi::setItemSelection {sets} -index {Base} -in [gi::getAssistants leObjectLayerPanel -from [gi::getWindows 4]]
[21:19:41.80] /# gi::executeAction leOLPApplySet -in [gi::getAssistants leObjectLayerPanel -from [gi::getWindows 4]]
[21:19:41.80] /i db::setPrefValue leLPPSet -value "{Base}" -scope [de::getContexts -window 4]
[21:19:41.81] /# gi::setItemSelection {sets} -index {Base} -in [gi::getAssistants leObjectLayerPanel -from [gi::getWindows 4]]
[21:19:41.81] /# gi::setItemSelection {lpps} -index {nwell subnode} -in [gi::getAssistants leObjectLayerPanel -from [gi::getWindows 4]]
[21:19:41.81] /# gi::setItemSelection {lpps} -index {nwell subnode} -in [gi::getAssistants leObjectLayerPanel -from [gi::getWindows 4]]
[21:19:41.81] /# de::setActiveLPP [de::getLPPs "nwell subnode" -from [db::getAttr editDesign -of [de::getContexts -window 4]]]
[21:19:41.82] /o oa:0x1eddd570
[21:19:46.41] /# gi::executeAction deCanvasZoomInAtPoint -in [gi::getWindows 4]
[21:19:46.41] /i de::zoom -window [gi::getWindows 4] -factor 2.0 -center {-2.797 -0.848}
[21:19:46.42] /o {-4.056 -1.634} {-0.975 -0.191}
[21:19:47.31] /# gi::executeAction deCanvasZoomOutAtPoint -in [gi::getWindows 4]
[21:19:47.31] /i de::zoom -window [gi::getWindows 4] -factor 0.5 -center {-2.836 -0.848}
[21:19:47.31] /o {-5.275 -2.42} {0.885 0.466}
[21:21:30.38] /i gi::setActiveWindow 2
[21:21:30.38] /i gi::setActiveWindow 2 -raise true
[21:21:44.49] /# gi::executeAction dbShowTechnologyManager -in [gi::getWindows 2]
[21:21:44.49] /i db::showManageTechnology
[21:21:44.49] /r giWindowId 5
[21:21:44.52] /r giWindowGeometry 350x400
[21:21:44.73] /# gi::setItemSelection {techTechnologyManagerLibWidget} -index {{analogLib}} -in [gi::getWindows 5]
[21:21:44.73] /# gi::setItemSelection {techTechnologyManagerLibWidget} -index {} -in [gi::getWindows 5]
[21:21:44.73] /# gi::setItemSelection {techTechnologyManagerLibWidget} -index {{inv}} -in [gi::getWindows 5]
[21:21:44.74] /o oa:0x1f3bdce0
[21:21:47.67] /i gi::setCurrentIndex {techTechnologyManagerLibWidget} -index {reference90RF} -in [gi::getWindows 5]
[21:21:47.67] /i gi::setItemSelection {techTechnologyManagerLibWidget} -index {{reference90RF}} -in [gi::getWindows 5]
[21:21:48.99] /i gi::setActiveWindow 2
[21:21:48.99] /i gi::setActiveWindow 2 -raise true
[21:21:50.10] /i gi::setCurrentIndex {libs} -index {parasitics} -in [gi::getWindows 2]
[21:21:50.11] /i gi::setItemSelection {cellCategories} -index {All} -in [gi::getWindows 2]
[21:21:50.12] /i gi::setItemSelection {libs} -index {parasitics} -in [gi::getWindows 2]
[21:21:58.90] /i gi::setCurrentIndex {libs} -index {reference90RF} -in [gi::getWindows 2]
[21:21:58.91] /i gi::setItemSelection {cellCategories} -index {All} -in [gi::getWindows 2]
[21:21:58.91] /i gi::setItemSelection {libs} -index {reference90RF} -in [gi::getWindows 2]
[21:22:38.12] /i gi::setItemSelection {libs} -index {} -in [gi::getWindows 2]
[21:22:44.26] /i gi::setActiveWindow 4
[21:22:44.26] /i gi::setActiveWindow 4 -raise true
[21:22:45.77] /i gi::setActiveWindow 3
[21:22:45.77] /i gi::setActiveWindow 3 -raise true
[21:22:48.84] /i gi::setActiveWindow 2
[21:22:48.84] /i gi::setActiveWindow 2 -raise true
[21:22:50.26] /i gi::setActiveWindow 4
[21:22:50.26] /i gi::setActiveWindow 4 -raise true
[21:22:51.70] /# gi::executeAction deCanvasZoomOutAtPoint -in [gi::getWindows 4]
[21:22:51.70] /i de::zoom -window [gi::getWindows 4] -factor 0.5 -center {-2.883 -0.216}
[21:22:51.70] /o {-7.668 -4.624} {4.653 1.148}
[21:22:52.33] /# gi::executeAction deCanvasZoomInAtPoint -in [gi::getWindows 4]
[21:22:52.33] /i de::zoom -window [gi::getWindows 4] -factor 2.0 -center {-2.884 -0.93}
[21:22:52.33] /o {-5.276 -2.777} {0.885 0.109}
[21:22:55.73] /# gi::executeAction deCanvasZoomOutAtPoint -in [gi::getWindows 4]
[21:22:55.73] /i de::zoom -window [gi::getWindows 4] -factor 0.5 -center {-2.864 -1.209}
[21:22:55.73] /o {-7.688 -4.345} {4.633 1.427}
[21:22:55.99] /# gi::executeAction deCanvasZoomInAtPoint -in [gi::getWindows 4]
[21:22:55.99] /i de::zoom -window [gi::getWindows 4] -factor 2.0 -center {-2.864 -1.208}
[21:22:55.99] /o {-5.276 -2.777} {0.885 0.109}
[21:22:56.08] /# gi::executeAction deCanvasZoomInAtPoint -in [gi::getWindows 4]
[21:22:56.08] /i de::zoom -window [gi::getWindows 4] -factor 2.0 -center {-2.876 -1.216}
[21:22:56.08] /o {-4.076 -1.996} {-0.996 -0.553}
[21:22:57.36] /# gi::executeAction deCanvasZoomOutAtPoint -in [gi::getWindows 4]
[21:22:57.36] /i de::zoom -window [gi::getWindows 4] -factor 0.5 -center {-2.901 -1.294}
[21:22:57.36] /o {-5.251 -2.699} {0.91 0.187}
[21:22:59.03] /i gi::setActiveWindow 2
[21:22:59.03] /i gi::setActiveWindow 2 -raise true
[21:23:21.27] /i gi::setActiveWindow 5
[21:23:21.27] /i gi::setActiveWindow 5 -raise true
[21:23:24.36] /i gi::setActiveWindow 4
[21:23:24.36] /i gi::setActiveWindow 4 -raise true
[21:23:25.34] /i gi::setActiveWindow 5
[21:23:25.34] /i gi::setActiveWindow 5 -raise true
[21:23:27.36] /i gi::setCurrentIndex {techTechnologyManagerLibWidget} -index {reference90RF , Attachment} -in [gi::getWindows 5]
[21:23:47.18] /i gi::setActiveWindow 2
[21:23:47.18] /i gi::setActiveWindow 2 -raise true
[21:24:07.91] /i gi::setActiveWindow 5
[21:24:07.91] /i gi::setActiveWindow 5 -raise true
[21:24:26.07] /i gi::setActiveWindow 3
[21:24:26.07] /i gi::setActiveWindow 3 -raise true
[21:24:27.95] /i gi::setActiveWindow 4
[21:24:27.95] /i gi::setActiveWindow 4 -raise true
[21:24:50.34] /i gi::setActiveWindow 5
[21:24:50.34] /i gi::setActiveWindow 5 -raise true
[21:24:53.67] /i gi::setCurrentIndex {techTechnologyManagerLibWidget} -index {inv , Attachment} -in [gi::getWindows 5]
[21:24:53.67] /i gi::setItemSelection {techTechnologyManagerLibWidget} -index {{inv}} -in [gi::getWindows 5]
[21:24:55.66] /i gi::setField {techTechnologyManagerLibWidget} -value {reference90RF} -index {inv,Attachment} -in [gi::getWindows 5]
[21:24:55.86] /r giDialog gi::setActiveDialog [gi::getDialogs {deCloseDesigns}]
[21:24:55.86] /r giDialog gi::setCurrentIndex {target} -index {0,1} -in [gi::getDialogs {deCloseDesigns}]
[21:24:55.99] /r giDialog db::setAttr geometry -of [gi::getDialogs {deCloseDesigns}] -value 347x280+777+326
[21:25:01.03] /r giDialog gi::pressButton {ok} -in [gi::getDialogs {deCloseDesigns}]
[21:25:01.03] /m Information: Saving design 'inv inv layout'. (DESIGN_WINDOW-004)
[21:25:01.29] /m Information: The context with top design inv/inv/layout was closed because all the designs in its hierarchy were unexpectedly purged. (DESIGN-113)
[21:25:01.31] /m Information: the active command ide::pan is cancelled from the window 3 Layout Editor inv/inv/schematic, due to its tech is being updated. (TECH-018)
[21:25:01.59] /m Information: The context with top design inv/inv/schematic was closed because all the designs in its hierarchy were unexpectedly purged. (DESIGN-113)
[21:25:08.79] /i gi::setActiveWindow 2
[21:25:08.79] /i gi::setActiveWindow 2 -raise true
[21:25:09.77] /i gi::setActiveWindow 5
[21:25:09.77] /i gi::setActiveWindow 5 -raise true
[21:25:10.55] /i gi::createWindow -windowType [gi::getWindowTypes giHomePage]
[21:25:10.55] /r giWindowId 6
[21:25:10.56] /r giWindowGeometry 1040x800
[21:25:11.90] /i gi::executeAction giCloseWindow -in [gi::getWindows 6]
[21:25:11.91] /i gi::setActiveWindow 5
[21:25:11.91] /i gi::setActiveWindow 5 -raise true
[21:25:12.84] /i gi::setActiveWindow 2
[21:25:12.84] /i gi::setActiveWindow 2 -raise true
[21:25:15.12] /i gi::setActiveWindow 1
[21:25:15.12] /i gi::setActiveWindow 1 -raise true
[21:25:16.50] /# gi::pressButton {/scroll/scrollArea/scrollAreaInnerWidget/recentDesigns/deOpeninvinvlayout} -in [gi::getWindows 1]
[21:25:16.50] /# 
[21:25:16.50] /i de::open inv/inv/layout
[21:25:16.60] /r giWindowId 7
[21:25:16.61] /r giWindowGeometry 1632x849
[21:25:16.65] /# de::setActiveLPP [de::getLPPs "exclude blockage" -from [db::getAttr editDesign -of [de::getContexts -window 7]]]
[21:25:17.13] /o oa:0x1f2c73d0
[21:25:24.18] /i gi::setField {stopLevel} -value {1} -in [gi::getToolbars {leHierarchy} -from [gi::getWindows 7]]
[21:25:45.72] /i gi::setActiveTab {tabs} -tabName {OLPLayerTab} -in [gi::getAssistants leObjectLayerPanel -from [gi::getWindows 7]]
[21:26:07.10] /i db::setAttr visible -of [de::getLPPs -from [de::getContexts -window 7]] -value true
[21:26:08.11] /i db::setAttr visible -of [de::getLPPs -from [de::getContexts -window 7]] -value false
[21:26:08.88] /i db::setAttr selectable -of [de::getLPPs -from [de::getContexts -window 7]] -value true
[21:26:09.66] /i db::setAttr selectable -of [de::getLPPs -from [de::getContexts -window 7]] -value false
[21:26:10.23] /i db::setAttr selectable -of [de::getLPPs -from [de::getContexts -window 7]] -value true
[21:26:29.07] /i gi::setActiveTab {tabs} -tabName {OLPLPPTab} -in [gi::getAssistants leObjectLayerPanel -from [gi::getWindows 7]]
[21:26:31.69] /i gi::setActiveTab {tabs} -tabName {OLPLayerTab} -in [gi::getAssistants leObjectLayerPanel -from [gi::getWindows 7]]
[21:26:35.59] /i gi::setActiveTab {tabs} -tabName {OLPObjectTab} -in [gi::getAssistants leObjectLayerPanel -from [gi::getWindows 7]]
[21:26:37.21] /i gi::setActiveTab {tabs} -tabName {OLPLayerTab} -in [gi::getAssistants leObjectLayerPanel -from [gi::getWindows 7]]
[21:28:02.25] /# gi::executeAction deSelectActive -in [gi::getWindows 7]
[21:28:02.25] /i de::deselectAllLogic -context [db::getNext [de::getContexts -window 7]]
[21:28:06.17] /# gi::executeAction leDisplayAllLevels -in [gi::getWindows 7]
[21:28:06.17] /i db::setPrefValue leStopLevel -value 32 -scope [db::getNext [de::getContexts -window 7]]
[21:28:06.19] /o oa:0x1fc50810
[21:28:07.78] /# gi::executeAction deSelectActive -in [gi::getWindows 7]
[21:28:07.78] /i de::deselectAllLogic -context [db::getNext [de::getContexts -window 7]]
[21:28:08.53] /# gi::executeAction leDisplayAllLevels -in [gi::getWindows 7]
[21:28:08.53] /i db::setPrefValue leStopLevel -value 32 -scope [db::getNext [de::getContexts -window 7]]
[21:28:08.53] /o oa:0x1f4afa60
[21:28:11.55] /# gi::executeAction deSelectActive -in [gi::getWindows 7]
[21:28:11.55] /i de::deselectAllLogic -context [db::getNext [de::getContexts -window 7]]
[21:28:13.08] /# gi::executeAction leDisplayAllLevels -in [gi::getWindows 7]
[21:28:13.08] /i db::setPrefValue leStopLevel -value 32 -scope [db::getNext [de::getContexts -window 7]]
[21:28:13.08] /o oa:0x1e1304f0
[21:29:53.55] /i gi::executeAction leLPPAbbreviations -in [gi::getAssistants leObjectLayerPanel -from [gi::getWindows 7]]
[21:29:56.38] /i gi::executeAction leLPPAbbreviations -in [gi::getAssistants leObjectLayerPanel -from [gi::getWindows 7]]
[21:30:00.11] /i gi::executeAction leOLPShowLayerBlockages -in [gi::getAssistants leObjectLayerPanel -from [gi::getWindows 7]]
[21:30:03.34] /i gi::executeAction leOLPShowLayerBlockages -in [gi::getAssistants leObjectLayerPanel -from [gi::getWindows 7]]
[21:30:04.96] /i gi::setActiveTab {tabs} -tabName {OLPObjectTab} -in [gi::getAssistants leObjectLayerPanel -from [gi::getWindows 7]]
[21:30:13.31] /i gi::setActiveTab {tabs} -tabName {OLPLayerTab} -in [gi::getAssistants leObjectLayerPanel -from [gi::getWindows 7]]
[21:30:14.11] /i gi::setActiveTab {tabs} -tabName {OLPLPPTab} -in [gi::getAssistants leObjectLayerPanel -from [gi::getWindows 7]]
[21:30:16.79] /i gi::setActiveTab {tabs} -tabName {OLPLayerTab} -in [gi::getAssistants leObjectLayerPanel -from [gi::getWindows 7]]
[21:30:24.95] /i gi::executeAction leOLPShowTrackPatterns -in [gi::getAssistants leObjectLayerPanel -from [gi::getWindows 7]]
[21:30:26.98] /i gi::executeAction leOLPShowTrackPatterns -in [gi::getAssistants leObjectLayerPanel -from [gi::getWindows 7]]
[21:30:28.32] /i gi::setActiveTab {tabs} -tabName {OLPLPPTab} -in [gi::getAssistants leObjectLayerPanel -from [gi::getWindows 7]]
[21:30:38.39] /# gi::executeAction leOLPShowAllLPPSets -in [gi::getAssistants leObjectLayerPanel -from [gi::getWindows 7]]
[21:30:38.39] /i db::setAttr shown -value true -of [de::getLPPSets]
              /c db::setPrefValue leShowMetalLPPSets -value true
[21:30:38.40] /o oa:0x1ee0e820
[21:31:12.32] /# gi::executeAction giPostContextMenu -in [gi::getWindows 7]
[21:31:21.69] /# gi::executeAction xtPVEOptions -in [gi::getWindows 7]
[21:31:21.69] /i xt::showPveOptions
[21:31:21.73] /o oa:0x1e5f84d0
[21:31:21.91] /i gi::setActiveDialog [gi::getDialogs {xtShowPveOptions}]
[21:31:22.20] /i db::setAttr geometry -of [gi::getDialogs {xtShowPveOptions}] -value 445x116+868+420
[21:31:24.06] /i gi::closeWindows [gi::getDialogs {xtShowPveOptions}]
[21:31:55.15] /# gi::executeAction leImportLayout -in [gi::getWindows 7]
[21:31:55.15] /i le::showImportLayout
[21:31:55.25] /o oa:0x201e2600
[21:31:55.32] /i gi::setActiveDialog [gi::getDialogs {leImportLayout} -parent [gi::getWindows 7]]
[21:31:55.62] /i db::setAttr geometry -of [gi::getDialogs {leImportLayout} -parent [gi::getWindows 7]] -value 366x243+777+292
[21:32:06.11] /i gi::setField {import_layout_lcvLib} -value {inv} -in [gi::getDialogs {leImportLayout} -parent [gi::getWindows 7]]
[21:32:08.59] /i gi::setField {import_layout_lcvCell} -value {inv} -in [gi::getDialogs {leImportLayout} -parent [gi::getWindows 7]]
[21:32:12.46] /i gi::setField {importVias} -value {true} -in [gi::getDialogs {leImportLayout} -parent [gi::getWindows 7]]
[21:32:14.70] /i gi::setField {importInstances} -value {true} -in [gi::getDialogs {leImportLayout} -parent [gi::getWindows 7]]
[21:32:15.15] /i gi::setField {importShapes} -value {true} -in [gi::getDialogs {leImportLayout} -parent [gi::getWindows 7]]
[21:32:15.78] /i gi::setField {importRows} -value {true} -in [gi::getDialogs {leImportLayout} -parent [gi::getWindows 7]]
[21:32:16.32] /i gi::setField {importMPPs} -value {true} -in [gi::getDialogs {leImportLayout} -parent [gi::getWindows 7]]
[21:32:17.33] /i gi::pressButton {ok} -in [gi::getDialogs {leImportLayout} -parent [gi::getWindows 7]]
[21:32:19.26] /i gi::pressButton {ok} -in [gi::getDialogs {leImportLayout} -parent [gi::getWindows 7]]
[21:32:19.26] /e Error: The requested action could not be completed because one or more inputs are incomplete or invalid. (CUSTOM_WIDGETS-001)
[21:32:19.44] /i gi::pressButton {ok} -in [gi::getDialogs {leImportLayout} -parent [gi::getWindows 7]]
[21:32:19.44] /e Error: The requested action could not be completed because one or more inputs are incomplete or invalid. (CUSTOM_WIDGETS-001)
[21:32:19.61] /i gi::pressButton {ok} -in [gi::getDialogs {leImportLayout} -parent [gi::getWindows 7]]
[21:32:19.61] /e Error: The requested action could not be completed because one or more inputs are incomplete or invalid. (CUSTOM_WIDGETS-001)
[21:32:20.26] /i gi::pressButton {ok} -in [gi::getDialogs {leImportLayout} -parent [gi::getWindows 7]]
[21:32:20.26] /e Error: The requested action could not be completed because one or more inputs are incomplete or invalid. (CUSTOM_WIDGETS-001)
[21:32:20.70] /i gi::pressButton {ok} -in [gi::getDialogs {leImportLayout} -parent [gi::getWindows 7]]
[21:32:20.71] /e Error: The requested action could not be completed because one or more inputs are incomplete or invalid. (CUSTOM_WIDGETS-001)
[21:32:21.54] /i gi::closeWindows [gi::getDialogs {leImportLayout} -parent [gi::getWindows 7]]
[21:32:57.52] /i gi::executeAction deManageHighlights -in [gi::getWindows 7]
[21:32:57.72] /i gi::setActiveDialog [gi::getDialogs {deManageHighlights}]
[21:32:57.84] /i db::setAttr geometry -of [gi::getDialogs {deManageHighlights}] -value 706x269+597+332
[21:32:59.31] /i gi::closeWindows [gi::getDialogs {deManageHighlights}]
[21:33:04.55] /# gi::executeAction deHighlightByName -in [gi::getWindows 7]
[21:33:04.55] /i ide::highlight -mode name
[21:33:12.94] /i db::setAttr visible -of [de::getLPPs -from [de::getContexts -window 7]] -value false
[21:33:14.46] /i db::setAttr visible -of [de::getLPPs -from [de::getContexts -window 7]] -value true
[21:33:15.58] /i db::setAttr selectable -of [de::getLPPs -from [de::getContexts -window 7] -filter {%valid }] -value true
[21:33:17.40] /i db::setAttr selectable -of [de::getLPPs -from [de::getContexts -window 7]] -value true
[21:33:20.55] /# gi::executeAction deCanvasZoomInAtPoint -in [gi::getWindows 7]
[21:33:20.55] /i de::zoom -window [gi::getWindows 7] -factor 2.0 -center {-1.141 0.285}
[21:33:20.55] /o {-5.372 -1.444} {1.141 1.442}
[21:33:20.63] /# gi::executeAction deCanvasZoomInAtPoint -in [gi::getWindows 7]
[21:33:20.64] /i de::zoom -window [gi::getWindows 7] -factor 2.0 -center {-1.141 0.285}
[21:33:20.64] /o {-3.257 -0.58} {0.0 0.863}
[21:33:21.19] /# gi::executeAction deCanvasZoomOutAtPoint -in [gi::getWindows 7]
[21:33:21.19] /i de::zoom -window [gi::getWindows 7] -factor 0.5 -center {-1.214 0.285}
[21:33:21.19] /o {-5.299 -1.444} {1.214 1.442}
[21:33:21.23] /# gi::executeAction deCanvasZoomOutAtPoint -in [gi::getWindows 7]
[21:33:21.23] /i de::zoom -window [gi::getWindows 7] -factor 0.5 -center {-1.535 0.246}
[21:33:21.23] /o {-9.063 -3.135} {3.963 2.638}
[21:33:32.32] /i gi::executeAction dbLoadPrefsFromFile -in [gi::getWindows 7]
[21:37:35.16] /r giFileDialog reject ../../prefs.xml
[21:37:58.85] /i gi::executeAction dbSavePrefsToFile -in [gi::getWindows 7]
[21:38:01.36] /r giFileDialog reject .
[21:38:02.15] /# gi::executeAction deAddPoint -in [gi::getWindows 7]
[21:38:02.15] /i de::addPoint {0.677 1.893} -context [db::getNext [de::getContexts -window 7]]
[21:38:03.20] /# gi::executeAction leSplit -in [gi::getWindows 7]
[21:38:03.20] /i ile::split
[21:38:03.60] /# gi::executeAction leSplit -in [gi::getWindows 7]
[21:38:03.60] /i ile::split
[21:38:03.80] /# gi::executeAction leSplit -in [gi::getWindows 7]
[21:38:03.80] /i ile::split
[21:38:05.97] /r giDialog gi::setActiveDialog [gi::getDialogs {giCloseFrame}]
[21:38:06.30] /r giDialog db::setAttr geometry -of [gi::getDialogs {giCloseFrame}] -value 299x108+811+471
[21:38:07.87] /r giDialog gi::pressButton {giCloseTabsButton} -in [gi::getDialogs {giCloseFrame}]
[21:38:07.89] /i exit
[21:38:08.11] /r giDialog gi::setActiveDialog [gi::getDialogs {deExitDialog}]
[21:38:08.22] /r giDialog db::setAttr geometry -of [gi::getDialogs {deExitDialog}] -value 419x181+741+376
[21:38:10.73] /r giDialog gi::pressButton {ok} -in [gi::getDialogs {deExitDialog}]
[21:38:10.89] /i gi::setActiveWindow 1
[21:38:10.90] /i gi::setActiveWindow 1 -raise true
[21:38:11.26] /i gi::setActiveWindow 2
[21:38:11.26] /i gi::setActiveWindow 2 -raise true
[21:38:11.30] /i gi::setActiveWindow 5
[21:38:11.30] /i gi::setActiveWindow 5 -raise true
[21:38:11.81] /o Shutdown time: Wed Mar 11 21:38:11 2026
[21:38:11.81] /o Elapsed session real time: 27.5 minutes
[21:38:11.81] /o Session terminated. Log is at /root/Excercise/lab1vlsi/inverter/inv/synopsys_custom/logs/ccompiler.root.2026_3_11_211039_23024.log
