[20:44:34.29] /r giWindowId 0
[20:44:34.29] /r giWindowGeometry 600x300
[20:44:34.31] /o 
              /c                                 Custom Compiler 
              /c 
              /c               Version N-2017.12-SP1-2 for linux64 - May 16, 2018 
              /c 
              /c                     Copyright (c) 2004 - 2018 Synopsys, Inc.
              /c    This software and the associated documentation are proprietary to Synopsys,
              /c  Inc. This software may only be used in accordance with the terms and conditions
              /c  of a written license agreement with Synopsys, Inc. All other use, reproduction,
              /c             or distribution of this software is strictly prohibited.
              /c 
              /c Build  (OPT) Config 4182185 compiled on Wed May 16 15:20:56 2018 for RHEL64 6.6
              /c Invocation: /usr/synopsys/customcompiler/N-2017.12-SP1-2/linux64/platform/bin/custom_compiler
              /c Execution time: Wed Mar 11 20:44:29 2026
              /c Host: localhost.localdomain
              /c Working directory: /root/Excercise/lab1vlsi/inverter/inv
              /c 
[20:44:38.60] /w Warning: In file /root/Excercise/lab1vlsi/inverter/inv/lib.defs: Unable to open library reference90RF at path /root/lab1vlsi/PDK/reference90RF : No access permission. (DATA_MANAGEMENT-014)
[20:44:38.61] /r giShowFrameTabs true
[20:44:38.61] /r giWindowId 1
[20:44:38.61] /r giWindowGeometry 1040x800
[20:44:43.63] /# gi::pressButton {/scroll/scrollArea/scrollAreaInnerWidget/applications/dmLibraryManager} -in [gi::getWindows 1]
[20:44:43.63] /# 
[20:44:43.63] /i dm::openLibraryManager
[20:44:43.63] /r giWindowId 2
[20:44:43.64] /r giWindowGeometry 660x600+50+84
[20:44:43.68] /o oa:0x1a4ccf80
[20:44:52.14] /i exit
[20:44:52.24] /r giDialog gi::setActiveDialog [gi::getDialogs {deExitDialog}]
[20:44:52.45] /r giDialog db::setAttr geometry -of [gi::getDialogs {deExitDialog}] -value 419x155+741+389
[20:44:54.76] /r giDialog gi::closeWindows [gi::getDialogs {deExitDialog}]
[20:44:56.52] /i gi::setActiveWindow 1
[20:44:56.52] /i gi::setActiveWindow 1 -raise true
[20:44:58.95] /# gi::pressButton {/scroll/scrollArea/scrollAreaInnerWidget/recentDesigns/dmNewCellView} -in [gi::getWindows 1]
[20:44:58.95] /# 
[20:44:58.95] /i dm::showNewCellView
[20:44:58.97] /o oa:0x1a097fa0
[20:44:59.03] /i gi::setActiveDialog [gi::getDialogs {dmNewCellView}]
[20:44:59.25] /i db::setAttr geometry -of [gi::getDialogs {dmNewCellView}] -value 588x285+656+324
[20:45:00.67] /i gi::closeWindows [gi::getDialogs {dmNewCellView}]
[20:45:01.95] /# gi::pressButton {/scroll/scrollArea/scrollAreaInnerWidget/applications/dmLibraryManager} -in [gi::getWindows 1]
[20:45:01.95] /# 
[20:45:01.95] /i dm::openLibraryManager
[20:45:01.95] /r giWindowId 3
[20:45:01.95] /r giWindowGeometry 1040x800+439+105
[20:45:01.99] /o oa:0x1e7225c0
[20:45:03.98] /r giDialog gi::setActiveDialog [gi::getDialogs {giCloseFrame}]
[20:45:04.23] /r giDialog db::setAttr geometry -of [gi::getDialogs {giCloseFrame}] -value 299x108+810+446
[20:45:05.60] /r giDialog gi::pressButton {giCloseTabsButton} -in [gi::getDialogs {giCloseFrame}]
[20:45:05.61] /i exit
[20:45:05.70] /r giDialog gi::setActiveDialog [gi::getDialogs {deExitDialog}]
[20:45:05.93] /r giDialog db::setAttr geometry -of [gi::getDialogs {deExitDialog}] -value 419x155+741+389
[20:45:07.10] /r giDialog gi::pressButton {ok} -in [gi::getDialogs {deExitDialog}]
[20:45:07.11] /i gi::setActiveWindow 1
[20:45:07.11] /i gi::setActiveWindow 1 -raise true
[20:45:07.12] /i gi::setActiveWindow 2
[20:45:07.12] /i gi::setActiveWindow 2 -raise true
[20:45:07.24] /o Shutdown time: Wed Mar 11 20:45:07 2026
[20:45:07.24] /o Elapsed session real time: 0.56 minutes
[20:45:07.24] /o Session terminated. Log is at /root/Excercise/lab1vlsi/inverter/inv/synopsys_custom/logs/ccompiler.root.2026_3_11_204429_17758.log
