[20:59:48.82] /r giWindowId 0
[20:59:48.82] /r giWindowGeometry 600x300
[20:59:48.83] /o 
              /c                                 Custom Compiler 
              /c 
              /c               Version N-2017.12-SP1-2 for linux64 - May 16, 2018 
              /c 
              /c                     Copyright (c) 2004 - 2018 Synopsys, Inc.
              /c    This software and the associated documentation are proprietary to Synopsys,
              /c  Inc. This software may only be used in accordance with the terms and conditions
              /c  of a written license agreement with Synopsys, Inc. All other use, reproduction,
              /c             or distribution of this software is strictly prohibited.
              /c 
              /c Build  (OPT) Config 4182185 compiled on Wed May 16 15:20:56 2018 for RHEL64 6.6
              /c Invocation: /usr/synopsys/customcompiler/N-2017.12-SP1-2/linux64/platform/bin/custom_compiler
              /c Execution time: Wed Mar 11 20:59:46 2026
              /c Host: localhost.localdomain
              /c Working directory: /root/Excercise/lab1vlsi/inverter/inv
              /c 
[20:59:50.82] /w Warning: In file /root/Excercise/lab1vlsi/inverter/inv/lib.defs: Unable to open library reference90RF at path /root/Excercise/lab1vlsi/inverter/lab1vlsi/PDK/reference90RF : No access permission. (DATA_MANAGEMENT-014)
[20:59:50.84] /r giShowFrameTabs true
[20:59:50.84] /r giWindowId 1
[20:59:50.84] /r giWindowGeometry 1040x800
[20:59:54.43] /# gi::pressButton {/scroll/scrollArea/scrollAreaInnerWidget/applications/dmLibraryManager} -in [gi::getWindows 1]
[20:59:54.44] /# 
[20:59:54.44] /i dm::openLibraryManager
[20:59:54.44] /r giWindowId 2
[20:59:54.44] /r giWindowGeometry 660x600+50+84
[20:59:54.49] /o oa:0x181f93e0
[20:59:55.93] /i gi::setCurrentIndex {libs} -index {analogLib} -in [gi::getWindows 2]
[20:59:55.95] /i gi::setItemSelection {libs} -index {analogLib} -in [gi::getWindows 2]
[20:59:56.60] /i gi::setCurrentIndex {libs} -index {inv} -in [gi::getWindows 2]
[20:59:56.60] /i gi::setItemSelection {libs} -index {inv} -in [gi::getWindows 2]
[20:59:57.14] /i gi::setCurrentIndex {libs} -index {basic} -in [gi::getWindows 2]
[20:59:57.15] /i gi::setItemSelection {libs} -index {basic} -in [gi::getWindows 2]
[20:59:57.68] /i gi::setCurrentIndex {libs} -index {inv} -in [gi::getWindows 2]
[20:59:57.69] /i gi::setItemSelection {libs} -index {inv} -in [gi::getWindows 2]
[20:59:58.59] /i gi::setCurrentIndex {libs} -index {parasitics} -in [gi::getWindows 2]
[20:59:58.59] /i gi::setItemSelection {libs} -index {parasitics} -in [gi::getWindows 2]
[20:59:59.06] /i gi::setCurrentIndex {libs} -index {sample} -in [gi::getWindows 2]
[20:59:59.07] /i gi::setItemSelection {libs} -index {sample} -in [gi::getWindows 2]
[20:59:59.66] /i gi::setCurrentIndex {libs} -index {sheets} -in [gi::getWindows 2]
[20:59:59.67] /i gi::setItemSelection {libs} -index {sheets} -in [gi::getWindows 2]
[21:00:00.08] /i gi::setCurrentIndex {libs} -index {snpsDefTechLib} -in [gi::getWindows 2]
[21:00:00.09] /i gi::setItemSelection {libs} -index {snpsDefTechLib} -in [gi::getWindows 2]
[21:00:00.48] /i gi::setCurrentIndex {libs} -index {verilogaLib} -in [gi::getWindows 2]
[21:00:00.49] /i gi::setItemSelection {libs} -index {verilogaLib} -in [gi::getWindows 2]
[21:00:01.08] /i gi::setItemSelection {libs} -index {} -in [gi::getWindows 2]
[21:00:01.71] /i gi::setCurrentIndex {libs} -index {snpsDefTechLib} -in [gi::getWindows 2]
[21:00:01.72] /i gi::setItemSelection {libs} -index {snpsDefTechLib} -in [gi::getWindows 2]
[21:00:02.15] /i gi::setCurrentIndex {libs} -index {sample} -in [gi::getWindows 2]
[21:00:02.16] /i gi::setItemSelection {libs} -index {sample} -in [gi::getWindows 2]
[21:00:02.55] /i gi::setCurrentIndex {libs} -index {inv} -in [gi::getWindows 2]
[21:00:02.55] /i gi::setItemSelection {libs} -index {inv} -in [gi::getWindows 2]
[21:00:48.14] /i exit
[21:00:48.22] /r giDialog gi::setActiveDialog [gi::getDialogs {deExitDialog}]
[21:00:48.44] /r giDialog db::setAttr geometry -of [gi::getDialogs {deExitDialog}] -value 419x155+741+389
[21:00:51.12] /r giDialog gi::pressButton {ok} -in [gi::getDialogs {deExitDialog}]
[21:00:51.14] /i gi::setActiveWindow 1
[21:00:51.14] /i gi::setActiveWindow 1 -raise true
[21:00:51.30] /o Shutdown time: Wed Mar 11 21:00:51 2026
[21:00:51.30] /o Elapsed session real time: 1.05 minutes
[21:00:51.30] /o Session terminated. Log is at /root/Excercise/lab1vlsi/inverter/inv/synopsys_custom/logs/ccompiler.root.2026_3_11_205946_20750.log
