[20:58:18.46] /r giWindowId 0
[20:58:18.46] /r giWindowGeometry 600x300
[20:58:18.47] /o 
              /c                                 Custom Compiler 
              /c 
              /c               Version N-2017.12-SP1-2 for linux64 - May 16, 2018 
              /c 
              /c                     Copyright (c) 2004 - 2018 Synopsys, Inc.
              /c    This software and the associated documentation are proprietary to Synopsys,
              /c  Inc. This software may only be used in accordance with the terms and conditions
              /c  of a written license agreement with Synopsys, Inc. All other use, reproduction,
              /c             or distribution of this software is strictly prohibited.
              /c 
              /c Build  (OPT) Config 4182185 compiled on Wed May 16 15:20:56 2018 for RHEL64 6.6
              /c Invocation: /usr/synopsys/customcompiler/N-2017.12-SP1-2/linux64/platform/bin/custom_compiler
              /c Execution time: Wed Mar 11 20:58:16 2026
              /c Host: localhost.localdomain
              /c Working directory: /root/Excercise/lab1vlsi/inverter/inv
              /c 
[20:58:20.57] /w Warning: In file /root/Excercise/lab1vlsi/inverter/inv/lib.defs: Unable to open library reference90RF at path /root/Excercise/lab1vlsi/inverter/lab1vlsi/PDK/reference90RF : No access permission. (DATA_MANAGEMENT-014)
[20:58:20.58] /r giShowFrameTabs true
[20:58:20.59] /r giWindowId 1
[20:58:20.59] /r giWindowGeometry 1040x800
[20:58:23.39] /# gi::pressButton {/scroll/scrollArea/scrollAreaInnerWidget/applications/dmLibraryManager} -in [gi::getWindows 1]
[20:58:23.40] /# 
[20:58:23.40] /i dm::openLibraryManager
[20:58:23.40] /r giWindowId 2
[20:58:23.40] /r giWindowGeometry 660x600+50+84
[20:58:23.44] /o oa:0x195507c0
[20:58:24.81] /i gi::setCurrentIndex {libs} -index {inv} -in [gi::getWindows 2]
[20:58:24.82] /i gi::setItemSelection {libs} -index {inv} -in [gi::getWindows 2]
[20:58:25.95] /i gi::setCurrentIndex {cellCategories} -index {Uncategorized} -in [gi::getWindows 2]
[20:58:25.95] /i gi::setItemSelection {cellCategories} -index {Uncategorized} -in [gi::getWindows 2]
[20:58:26.36] /i gi::setCurrentIndex {cellCategories} -index {All} -in [gi::getWindows 2]
[20:58:26.37] /i gi::setItemSelection {cellCategories} -index {All} -in [gi::getWindows 2]
[20:58:26.85] /i gi::setCurrentIndex {cells} -index {inv} -in [gi::getWindows 2]
[20:58:26.87] /i gi::setItemSelection {cells} -index {inv} -in [gi::getWindows 2]
[20:58:27.50] /i gi::setCurrentIndex {cells} -index {inv_test} -in [gi::getWindows 2]
[20:58:27.52] /i gi::setItemSelection {cells} -index {inv_test} -in [gi::getWindows 2]
[20:58:27.90] /i gi::setCurrentIndex {cells} -index {synopsys_custom} -in [gi::getWindows 2]
[20:58:27.91] /i gi::setItemSelection {cells} -index {synopsys_custom} -in [gi::getWindows 2]
[20:58:28.69] /i gi::setItemSelection {libs} -index {} -in [gi::getWindows 2]
[20:58:29.85] /i gi::setItemSelection {cells} -index {synopsys_custom} -in [gi::getWindows 2]
[20:58:29.85] /i gi::setItemSelection {libs} -index {inv} -in [gi::getWindows 2]
[20:58:30.61] /i gi::setCurrentIndex {cells} -index {inv} -in [gi::getWindows 2]
[20:58:30.61] /i gi::setItemSelection {cells} -index {inv} -in [gi::getWindows 2]
[20:58:31.15] /i gi::setCurrentIndex {cells} -index {inv_test} -in [gi::getWindows 2]
[20:58:31.15] /i gi::setItemSelection {cells} -index {inv_test} -in [gi::getWindows 2]
[20:58:31.56] /i gi::setCurrentIndex {cells} -index {synopsys_custom} -in [gi::getWindows 2]
[20:58:31.56] /i gi::setItemSelection {cells} -index {synopsys_custom} -in [gi::getWindows 2]
[20:58:32.20] /i gi::setCurrentIndex {cells} -index {inv} -in [gi::getWindows 2]
[20:58:32.21] /i gi::setItemSelection {cells} -index {inv} -in [gi::getWindows 2]
[20:58:32.58] /i gi::setCurrentIndex {cells} -index {inv_test} -in [gi::getWindows 2]
[20:58:32.59] /i gi::setItemSelection {cells} -index {inv_test} -in [gi::getWindows 2]
[20:58:32.94] /i gi::setCurrentIndex {cells} -index {synopsys_custom} -in [gi::getWindows 2]
[20:58:32.94] /i gi::setItemSelection {cells} -index {synopsys_custom} -in [gi::getWindows 2]
[20:58:33.28] /i gi::setCurrentIndex {cells} -index {inv} -in [gi::getWindows 2]
[20:58:33.29] /i gi::setItemSelection {cells} -index {inv} -in [gi::getWindows 2]
[20:58:33.62] /i gi::setCurrentIndex {cells} -index {inv_test} -in [gi::getWindows 2]
[20:58:33.62] /i gi::setItemSelection {cells} -index {inv_test} -in [gi::getWindows 2]
[20:58:34.02] /i gi::setCurrentIndex {cells} -index {synopsys_custom} -in [gi::getWindows 2]
[20:58:34.03] /i gi::setItemSelection {cells} -index {synopsys_custom} -in [gi::getWindows 2]
[20:58:34.35] /i gi::setCurrentIndex {cells} -index {inv} -in [gi::getWindows 2]
[20:58:34.35] /i gi::setItemSelection {cells} -index {inv} -in [gi::getWindows 2]
[20:58:34.69] /i gi::setCurrentIndex {cells} -index {inv_test} -in [gi::getWindows 2]
[20:58:34.70] /i gi::setItemSelection {cells} -index {inv_test} -in [gi::getWindows 2]
[20:58:35.03] /i gi::setCurrentIndex {cells} -index {synopsys_custom} -in [gi::getWindows 2]
[20:58:35.03] /i gi::setItemSelection {cells} -index {synopsys_custom} -in [gi::getWindows 2]
[20:58:35.59] /i gi::setItemSelection {cells} -index {} -in [gi::getWindows 2]
[20:58:36.19] /i gi::setItemSelection {libs} -index {} -in [gi::getWindows 2]
[20:58:37.46] /i gi::setItemSelection {cells} -index {synopsys_custom} -in [gi::getWindows 2]
[20:58:37.46] /i gi::setItemSelection {libs} -index {inv} -in [gi::getWindows 2]
[20:58:46.75] /i exit
[20:58:46.86] /r giDialog gi::setActiveDialog [gi::getDialogs {deExitDialog}]
[20:58:47.06] /r giDialog db::setAttr geometry -of [gi::getDialogs {deExitDialog}] -value 419x155+741+389
[20:58:48.07] /r giDialog gi::pressButton {ok} -in [gi::getDialogs {deExitDialog}]
[20:58:48.08] /i gi::setActiveWindow 1
[20:58:48.08] /i gi::setActiveWindow 1 -raise true
[20:58:48.20] /o Shutdown time: Wed Mar 11 20:58:48 2026
[20:58:48.20] /o Elapsed session real time: 0.5 minutes
[20:58:48.20] /o Session terminated. Log is at /root/Excercise/lab1vlsi/inverter/inv/synopsys_custom/logs/ccompiler.root.2026_3_11_205816_20360.log
