[20:13:04.15] /r giWindowId 0
[20:13:04.15] /r giWindowGeometry 600x300
[20:13:04.17] /o 
              /c                                 Custom Compiler 
              /c 
              /c               Version N-2017.12-SP1-2 for linux64 - May 16, 2018 
              /c 
              /c                     Copyright (c) 2004 - 2018 Synopsys, Inc.
              /c    This software and the associated documentation are proprietary to Synopsys,
              /c  Inc. This software may only be used in accordance with the terms and conditions
              /c  of a written license agreement with Synopsys, Inc. All other use, reproduction,
              /c             or distribution of this software is strictly prohibited.
              /c 
              /c Build  (OPT) Config 4182185 compiled on Wed May 16 15:20:56 2018 for RHEL64 6.6
              /c Invocation: /usr/synopsys/customcompiler/N-2017.12-SP1-2/linux64/platform/bin/custom_compiler
              /c Execution time: Mon Apr 20 20:13:00 2026
              /c Host: localhost.localdomain
              /c Working directory: /root/Excercise/Noise_Margins/nmos
              /c 
[20:13:08.39] /r giShowFrameTabs true
[20:13:08.39] /r giWindowId 1
[20:13:08.39] /r giWindowGeometry 1040x800
[20:13:30.80] /# gi::pressButton {/scroll/scrollArea/scrollAreaInnerWidget/applications/dmLibraryManager} -in [gi::getWindows 1]
[20:13:30.81] /# 
[20:13:30.81] /i dm::openLibraryManager
[20:13:30.81] /r giWindowId 2
[20:13:30.81] /r giWindowGeometry 660x600+50+84
[20:13:30.87] /o oa:0x1e70f070
[20:13:32.29] /i gi::setCurrentIndex {libs} -index {nmos_nm} -in [gi::getWindows 2]
[20:13:32.31] /i gi::setItemSelection {libs} -index {nmos_nm} -in [gi::getWindows 2]
[20:13:32.60] /i gi::setCurrentIndex {libs} -index {parasitics} -in [gi::getWindows 2]
[20:13:32.61] /i gi::setItemSelection {libs} -index {parasitics} -in [gi::getWindows 2]
[20:13:33.22] /i gi::setCurrentIndex {libs} -index {nmos_nm} -in [gi::getWindows 2]
[20:13:33.23] /i gi::setItemSelection {libs} -index {nmos_nm} -in [gi::getWindows 2]
[20:13:34.11] /i gi::setCurrentIndex {cells} -index {nmos_dc} -in [gi::getWindows 2]
[20:13:34.14] /i gi::setItemSelection {cells} -index {nmos_dc} -in [gi::getWindows 2]
[20:13:34.77] /i gi::setCurrentIndex {cells} -index {nmos_dc_test} -in [gi::getWindows 2]
[20:13:34.78] /i gi::setItemSelection {cells} -index {nmos_dc_test} -in [gi::getWindows 2]
[20:13:35.17] /i gi::setCurrentIndex {cells} -index {nmos_dc} -in [gi::getWindows 2]
[20:13:35.18] /i gi::setItemSelection {cells} -index {nmos_dc} -in [gi::getWindows 2]
[20:13:36.51] /i gi::setCurrentIndex {views} -index {layout} -in [gi::getWindows 2]
[20:13:36.51] /i gi::setItemSelection {views} -index {layout} -in [gi::getWindows 2]
[20:13:37.28] /i gi::setCurrentIndex {cells} -index {nmos_dc_test} -in [gi::getWindows 2]
[20:13:37.28] /i gi::setItemSelection {cells} -index {nmos_dc_test} -in [gi::getWindows 2]
[20:13:38.74] /i gi::sortItems {cells} -column {Cells} -order {descending} -in [gi::getWindows 2]
[20:13:40.09] /i gi::sortItems {cells} -column {Cells} -order {ascending} -in [gi::getWindows 2]
[20:13:40.89] /i gi::setCurrentIndex {cells} -index {nmos_dc} -in [gi::getWindows 2]
[20:13:40.89] /i gi::setItemSelection {cells} -index {nmos_dc} -in [gi::getWindows 2]
[20:13:41.99] /i gi::setCurrentIndex {views} -index {schematic} -in [gi::getWindows 2]
[20:13:42.00] /i gi::setItemSelection {views} -index {schematic} -in [gi::getWindows 2]
[20:13:42.13] /i gi::executeAction dmOpen -in [gi::getWindows 2]
[20:13:42.17] /w Warning: Preference 'leActiveLPP' is deprecated and scheduled for removal in a future release with no replacement. For migration assistance, see the Custom Compiler Tcl Reference Manual. (PREFERENCE-058)
[20:13:42.21] /o 	#######################################
[20:13:42.21] /o 	PDK Library Name	: reference90RF
[20:13:42.21] /o 	PDK Version		: 2.0
[20:13:42.21] /o 	PDK Release Date	: 25-March-2010 
[20:13:42.21] /o 	#######################################
[20:13:42.21] /o 
[20:13:42.46] /m Information: License 'Schematic' checked out. (LICENSE-003)
[20:13:42.68] /r giWindowId 3
[20:13:42.68] /r giWindowGeometry 1632x848
[20:13:43.25] /m Information: 
[20:13:43.25] /o Checking "nmos_nm/nmos_dc/schematic"
[20:13:43.25] /o No rule violations found in "nmos_nm/nmos_dc/schematic"
[20:13:43.25] /m Information: Checking process is completed: marking the design violations
[20:13:43.25] /m Information: Marking of designs is completed
[20:13:45.75] /i db::setAttr maximized -of [gi::getFrames 1] -value true
[20:13:46.25] /i db::setAttr geometry -of [gi::getFrames 1] -value 1910x910+5+62
[20:13:47.36] /i gi::executeAction deCanvasDragSelect -in [gi::getWindows 3]
[20:13:47.36] /r deCanvasDragStart -1.23125 2.00625
[20:13:47.78] /# gi::executeAction deCanvasDragEnd -in [gi::getWindows 3]
[20:13:47.78] /i gi::executeAction deCanvasDragEnd -in [gi::getWindows 3]
[20:13:47.79] /r deCanvasDragEnd -0.825 1.8125
[20:13:50.18] /# gi::executeAction dePan -in [gi::getWindows 3]
[20:13:50.18] /i ide::pan [db::getNext [de::getContexts -window 3]]
[20:13:50.55] /# gi::executeAction deStartDrag -in [gi::getWindows 3]
[20:13:50.55] /i de::startDrag {-1.2375 2} -context [db::getNext [de::getContexts -window 3]]
[20:13:52.22] /# gi::executeAction deEndDrag -in [gi::getWindows 3]
[20:13:52.22] /i de::endDrag {-1.2375 2} -context [db::getNext [de::getContexts -window 3]]
[20:13:52.22] /r dePanToPoint {-1.46875 1.8}
[20:14:04.37] /# gi::executeAction deAddPoint -in [gi::getWindows 3]
[20:14:04.37] /i de::addPoint {-1 2.1} -context [db::getNext [de::getContexts -window 3]]
[20:14:04.57] /# gi::executeAction giPostContextMenu -in [gi::getWindows 3]
[20:14:04.61] /i gi::executeAction menuPreShow -in [gi::getWindows 3]
[20:14:04.61] /r giMenuAccess db::getNext [gi::getMenus seSchCanvasContextMenu]
[20:14:05.96] /# gi::executeAction deStartDrag -in [gi::getWindows 3]
[20:14:05.96] /i de::startDrag {-0.98125 2.00625} -context [db::getNext [de::getContexts -window 3]]
[20:14:06.52] /# gi::executeAction deEndDrag -in [gi::getWindows 3]
[20:14:06.52] /i de::endDrag {-0.975 2.00625} -context [db::getNext [de::getContexts -window 3]]
[20:14:06.52] /r dePanToPoint {-1.3625 1.8375}
[20:14:07.15] /# gi::executeAction seCreateInst -in [gi::getWindows 3]
[20:14:07.15] /i ise::createInst
[20:14:07.28] /i gi::setActiveDialog [gi::getDialogs {seCreateInst} -parent [gi::getWindows 3]]
[20:14:07.54] /i db::setAttr geometry -of [gi::getDialogs {seCreateInst}] -value 359x337+0+71
[20:14:10.13] /i gi::closeWindows [gi::getDialogs {seCreateInst} -parent [gi::getWindows 3]]
[20:14:14.30] /i gi::setActiveWindow 2
[20:14:14.30] /i gi::setActiveWindow 2 -raise true
[20:14:15.62] /i gi::setActiveWindow 3
[20:14:15.62] /i gi::setActiveWindow 3 -raise true
[20:14:16.67] /# gi::executeAction deSelectActive -in [gi::getWindows 3]
[20:14:16.67] /i de::deselectAll [db::getNext [de::getContexts -window 3]]
[20:14:16.67] /i de::select [de::getActiveFigure [gi::getWindows 3] -point {-1.7 2.16875} -index 0 -intent none]
[20:14:16.67] /o oa:0x1f404740
[20:14:18.98] /# gi::executeAction giPostContextMenu -in [gi::getWindows 3]
[20:14:18.99] /i gi::executeAction menuPreShow -in [gi::getWindows 3]
[20:14:18.99] /r giMenuAccess db::getNext [gi::getMenus seSchCanvasContextMenu]
[20:14:22.96] /# gi::executeAction deSelectActive -in [gi::getWindows 3]
[20:14:22.96] /i de::deselectAll [db::getNext [de::getContexts -window 3]]
[20:14:22.97] /i de::deselectAllLogic -context [db::getNext [de::getContexts -window 3]]
[20:14:24.12] /i gi::setActiveWindow 2
[20:14:24.13] /i gi::setActiveWindow 2 -raise true
[20:14:27.22] /i gi::setCurrentIndex {cells} -index {nmos_dc_test} -in [gi::getWindows 2]
[20:14:27.23] /i gi::setItemSelection {cells} -index {nmos_dc_test} -in [gi::getWindows 2]
[20:14:28.73] /i gi::setCurrentIndex {views} -index {schematic} -in [gi::getWindows 2]
[20:14:28.74] /i gi::setItemSelection {views} -index {schematic} -in [gi::getWindows 2]
[20:14:28.87] /i gi::executeAction dmOpen -in [gi::getWindows 2]
[20:14:28.92] /r giWindowId 4
[20:14:28.93] /r giWindowGeometry 1632x848
[20:14:29.47] /m Information: 
[20:14:29.47] /o Checking "nmos_nm/nmos_dc_test/schematic"
[20:14:29.47] /o No rule violations found in "nmos_nm/nmos_dc_test/schematic"
[20:14:29.47] /m Information: Checking process is completed: marking the design violations
[20:14:29.47] /m Information: Marking of designs is completed
[20:14:33.09] /i gi::setActiveWindow 2
[20:14:33.09] /i gi::setActiveWindow 2 -raise true
[20:14:35.03] /i gi::setCurrentIndex {cells} -index {nmos_dc} -in [gi::getWindows 2]
[20:14:35.04] /i gi::setItemSelection {cells} -index {nmos_dc} -in [gi::getWindows 2]
[20:14:36.23] /i gi::setCurrentIndex {views} -index {layout} -in [gi::getWindows 2]
[20:14:36.23] /i gi::setItemSelection {views} -index {layout} -in [gi::getWindows 2]
[20:14:38.33] /i gi::executeAction dmOpen -in [gi::getWindows 2]
[20:14:38.50] /m Information: License 'Basic' checked out. (LICENSE-003)
[20:14:38.50] /m Information: License 'Schematic' checked in. (LICENSE-004)
[20:14:39.99] /r giWindowId 5
[20:14:40.01] /r giWindowGeometry 1632x848
[20:14:40.15] /# de::setActiveLPP [de::getLPPs "exclude blockage" -from [db::getAttr editDesign -of [de::getContexts -window 5]]]
[20:14:42.71] /i gi::setActiveWindow 4
[20:14:42.72] /i gi::setActiveWindow 4 -raise true
[20:14:47.54] /i gi::setActiveWindow 5
[20:14:47.54] /i gi::setActiveWindow 5 -raise true
[20:14:50.02] /i gi::setField {stopLevel} -value {1} -in [gi::getToolbars {leHierarchy} -from [gi::getWindows 5]]
[20:14:54.62] /# gi::executeAction deSelectActive -in [gi::getWindows 5]
[20:14:54.62] /i de::deselectAllLogic -context [db::getNext [de::getContexts -window 5]]
[20:15:00.23] /# gi::executeAction deSelectActive -in [gi::getWindows 5]
[20:15:00.23] /i de::deselectAll [db::getNext [de::getContexts -window 5]]
[20:15:00.23] /i de::select [de::getActiveFigure [gi::getWindows 5] -point {4.194 0.951} -index 0 -intent none]
[20:15:00.23] /o oa:0x20fe7a10
[20:15:01.01] /# gi::executeAction deSelectActive -in [gi::getWindows 5]
[20:15:01.01] /i de::deselectAll [db::getNext [de::getContexts -window 5]]
[20:15:01.01] /i de::deselectAllLogic -context [db::getNext [de::getContexts -window 5]]
[20:15:04.30] /i gi::setActiveWindow 2
[20:15:04.30] /i gi::setActiveWindow 2 -raise true
[20:15:11.18] /i db::setAttr maximized -of [gi::getFrames 1] -value false
[20:15:11.62] /i db::setAttr geometry -of [gi::getFrames 1] -value 1040x824+439+81
[20:15:12.87] /i db::setAttr maximized -of [gi::getFrames 1] -value true
[20:15:13.25] /i db::setAttr geometry -of [gi::getFrames 1] -value 1910x910+5+62
[20:18:42.95] /i gi::setActiveWindow 3
[20:18:42.95] /i gi::setActiveWindow 3 -raise true
[20:18:46.28] /w Warning: Nothing is bound to the 'Meta-Shift-s' in the current active set. (WINDOW-015)
[20:22:37.38] /i db::setAttr iconified -of [gi::getFrames 1] -value true
[20:22:37.57] /i db::setAttr iconified -of [gi::getFrames 1] -value false
[20:22:37.57] /i db::setAttr iconified -of [gi::getFrames 1] -value true
[20:22:37.79] /i db::setAttr geometry -of [gi::getFrames 1] -value 1040x824+439+81
[20:38:47.37] /i db::setAttr iconified -of [gi::getFrames 1] -value false
[20:38:56.05] /i db::setAttr maximized -of [gi::getFrames 1] -value true
[20:38:56.44] /i db::setAttr geometry -of [gi::getFrames 1] -value 1910x910+5+62
[20:38:58.69] /i db::setAttr maximized -of [gi::getFrames 1] -value false
[20:38:59.06] /i db::setAttr geometry -of [gi::getFrames 1] -value 1040x824+439+81
[20:39:00.25] /i db::setAttr maximized -of [gi::getFrames 1] -value true
[20:39:00.58] /i db::setAttr geometry -of [gi::getFrames 1] -value 1910x910+5+62
[20:39:01.92] /i gi::setActiveWindow 2
[20:39:01.95] /i gi::setActiveWindow 2 -raise true
[20:39:03.19] /i gi::setItemSelection {cells} -index {} -in [gi::getWindows 2]
[20:39:07.28] /i gi::setActiveWindow 3
[20:39:07.28] /i gi::setActiveWindow 3 -raise true
[20:39:16.72] /# gi::executeAction deSelectActive -in [gi::getWindows 3]
[20:39:16.73] /i de::deselectAll [db::getNext [de::getContexts -window 3]]
[20:39:16.77] /i de::select [de::getActiveFigure [gi::getWindows 3] -point {-1.4625 1.80625} -index 0 -intent none]
[20:39:16.79] /o oa:0x20fa2a30
[20:39:17.73] /# gi::executeAction deSelectActive -in [gi::getWindows 3]
[20:39:17.73] /i de::deselectAll [db::getNext [de::getContexts -window 3]]
[20:39:17.74] /i de::deselectAllLogic -context [db::getNext [de::getContexts -window 3]]
[20:39:19.24] /i gi::setActiveWindow 4
[20:39:19.25] /i gi::setActiveWindow 4 -raise true
[20:39:20.02] /i gi::setActiveWindow 3
[20:39:20.02] /i gi::setActiveWindow 3 -raise true
[20:39:26.11] /# gi::executeAction deSelectActive -in [gi::getWindows 3]
[20:39:26.11] /i de::deselectAll [db::getNext [de::getContexts -window 3]]
[20:39:26.12] /i de::select [de::getActiveFigure [gi::getWindows 3] -point {-1.425 1.8} -index 0 -intent none]
[20:39:26.12] /o oa:0x2060e360
[20:39:40.98] /i gi::setActiveWindow 4
[20:39:40.98] /i gi::setActiveWindow 4 -raise true
[20:39:43.04] /i gi::setActiveWindow 3
[20:39:43.05] /i gi::setActiveWindow 3 -raise true
[20:39:44.97] /# gi::executeAction deSelectActive -in [gi::getWindows 3]
[20:39:44.98] /i de::cycleActiveFigure [gi::getWindows 3] -direction next
[20:39:44.98] /o oa:0x1f42a9e0
[20:39:44.98] /i de::deselectAll [db::getNext [de::getContexts -window 3]]
[20:39:44.98] /i de::select [de::getActiveFigure [gi::getWindows 3] -point {-1.4375 1.79375} -index 1 -intent none]
[20:39:44.98] /o oa:0x204b70e0
[20:39:46.05] /# gi::executeAction deSelectActive -in [gi::getWindows 3]
[20:39:46.05] /i de::deselectAll [db::getNext [de::getContexts -window 3]]
[20:39:46.05] /i de::select [de::getActiveFigure [gi::getWindows 3] -point {-1.4375 1.8125} -index 0 -intent none]
[20:39:46.06] /o oa:0x1834e380
[20:39:49.68] /i gi::setActiveWindow 4
[20:39:49.68] /i gi::setActiveWindow 4 -raise true
[20:39:50.84] /i gi::setActiveWindow 3
[20:39:50.85] /i gi::setActiveWindow 3 -raise true
[20:40:11.44] /# gi::executeAction giPostContextMenu -in [gi::getWindows 3]
[20:40:11.51] /i gi::executeAction menuPreShow -in [gi::getWindows 3]
[20:40:11.51] /r giMenuAccess db::getNext [gi::getMenus seSchPinContextMenu]
[20:40:13.45] /# gi::executeAction giPostContextMenu -in [gi::getWindows 3]
[20:40:13.46] /i gi::executeAction menuPreShow -in [gi::getWindows 3]
[20:40:13.46] /r giMenuAccess db::getNext [gi::getMenus seSchPinContextMenu]
[20:40:15.43] /# gi::executeAction seDeleteActive -in [gi::getWindows 3]
[20:40:15.43] /i ise::delete -object [de::getActiveFigure [gi::getWindows 3] -point {-1.44375 1.81875} -index 0 -intent none]
[20:40:16.63] /# gi::executeAction deSelectActive -in [gi::getWindows 3]
[20:40:16.63] /i de::deselectAllLogic -context [db::getNext [de::getContexts -window 3]]
[20:40:17.40] /# gi::executeAction deSelectActive -in [gi::getWindows 3]
[20:40:17.40] /i de::deselectAllLogic -context [db::getNext [de::getContexts -window 3]]
[20:40:17.58] /# gi::executeAction deSelectActive -in [gi::getWindows 3]
[20:40:17.58] /i de::deselectAllLogic -context [db::getNext [de::getContexts -window 3]]
[20:40:18.29] /# gi::executeAction giPostContextMenu -in [gi::getWindows 3]
[20:40:18.32] /i gi::executeAction menuPreShow -in [gi::getWindows 3]
[20:40:18.32] /r giMenuAccess db::getNext [gi::getMenus seSchCanvasContextMenu]
[20:40:19.88] /# gi::executeAction seCreateInst -in [gi::getWindows 3]
[20:40:19.89] /i ise::createInst
[20:40:20.18] /i gi::setActiveDialog [gi::getDialogs {seCreateInst} -parent [gi::getWindows 3]]
[20:40:20.38] /i db::setAttr geometry -of [gi::getDialogs {seCreateInst}] -value 359x337+0+71
[20:40:24.15] /i gi::setField {instMasterLib} -value {analogLib} -in [gi::getDialogs {seCreateInst} -parent [gi::getWindows 3]]
[20:40:24.35] /i db::setAttr geometry -of [gi::getDialogs {seCreateInst}] -value 359x337+0+71
[20:40:27.93] /i gi::setField {instMasterCell} -value {gnd} -in [gi::getDialogs {seCreateInst} -parent [gi::getWindows 3]]
[20:40:28.24] /i db::setAttr geometry -of [gi::getDialogs {seCreateInst}] -value 359x337+0+71
[20:40:30.90] /# gi::executeAction deAddPoint -in [gi::getWindows 3]
[20:40:30.90] /i de::addPoint {-1.35625 1.54375} -context [db::getNext [de::getContexts -window 3]]
[20:40:32.10] /# gi::executeAction seSchCreateWire -in [gi::getWindows 3]
[20:40:32.10] /i ise::createWire
[20:40:33.47] /# gi::executeAction deAddPoint -in [gi::getWindows 3]
[20:40:33.47] /i de::addPoint {-1.36875 1.7875} -context [db::getNext [de::getContexts -window 3]]
[20:40:33.88] /i de::setCursor -point {-1.375 1.75 }
[20:40:35.27] /# gi::executeAction deAddPoint -in [gi::getWindows 3]
[20:40:35.27] /i de::addPoint {-1.38125 1.5625} -context [db::getNext [de::getContexts -window 3]]
[20:40:43.91] /# gi::executeAction deAddPoint -in [gi::getWindows 3]
[20:40:43.91] /i de::addPoint {-0.86875 1.9875} -context [db::getNext [de::getContexts -window 3]]
[20:40:44.49] /i de::setCursor -point {-0.9375 2 }
[20:40:44.54] /i de::setCursor -point {-0.9375 1.9375 }
[20:40:44.66] /i de::setCursor -point {-0.9375 1.875 }
[20:40:45.72] /# gi::executeAction deAbortCommand -in [gi::getWindows 3]
[20:40:45.72] /i de::abortCommand -context [db::getNext [de::getContexts -window 3]]
[20:40:47.36] /# gi::executeAction deSaveDesignAs -in [gi::getWindows 3]
[20:40:47.36] /i de::showSaveDesignAs -context [db::getNext [de::getContexts -window 3]]
[20:40:47.56] /r giDialog gi::setActiveDialog [gi::getDialogs {deSaveDesignAs} -parent [gi::getWindows 3]]
[20:40:47.83] /r giDialog db::setAttr geometry -of [gi::getDialogs {deSaveDesignAs} -parent [gi::getWindows 3]] -value 274x128+823+460
[20:40:52.22] /r giDialog gi::pressButton {ok} -in [gi::getDialogs {deSaveDesignAs} -parent [gi::getWindows 3]]
[20:40:52.23] /m Information: Saving design 'nmos_nm nmos_dc schematic'. (DESIGN_WINDOW-004)
[20:40:56.12] /i gi::setActiveWindow 5
[20:40:56.12] /i gi::setActiveWindow 5 -raise true
[20:40:56.57] /i gi::setActiveWindow 2
[20:40:56.57] /i gi::setActiveWindow 2 -raise true
[20:40:58.55] /i gi::setItemSelection {cells} -index {nmos_dc} -in [gi::getWindows 2]
[20:41:01.18] /i gi::setCurrentIndex {views} -index {symbol} -in [gi::getWindows 2]
[20:41:01.19] /i gi::setItemSelection {views} -index {symbol} -in [gi::getWindows 2]
[20:41:01.33] /i gi::executeAction dmOpen -in [gi::getWindows 2]
[20:41:01.66] /r giWindowId 6
[20:41:01.77] /r giWindowGeometry 1632x848
[20:41:06.01] /i gi::setActiveWindow 3
[20:41:06.02] /i gi::setActiveWindow 3 -raise true
[20:41:07.38] /i gi::setActiveWindow 2
[20:41:07.38] /i gi::setActiveWindow 2 -raise true
[20:41:10.12] /i gi::executeAction dmDeleteCellView -in [gi::getWindows 2]
[20:41:10.45] /r giDialog db::setAttr geometry -of [gi::getDialogs {dmDelete}] -value 354x92+773+419
[20:41:10.48] /r giDialog gi::setActiveDialog [gi::getDialogs {dmDelete}]
[20:41:12.55] /r giDialog gi::pressButton {delete} -in [gi::getDialogs {dmDelete}]
[20:41:12.59] /# db::destroy [dm::findCellView symbol -cell [dm::findCell nmos\_dc -lib [oa::LibFind [oa::ScalarName [oa::CdbaNS] nmos\_nm ]]]]
[20:41:12.87] /m Information: The context with top design nmos_nm/nmos_dc/symbol was closed because all the designs in its hierarchy were unexpectedly purged. (DESIGN-113)
[20:41:12.91] /# gi::setCurrentIndex {views} -index {starrc} -in [gi::getWindows 2]
[20:41:12.93] /# gi::setItemSelection {views} -index {} -in [gi::getWindows 2]
[20:41:14.39] /i gi::setActiveWindow 3
[20:41:14.39] /i gi::setActiveWindow 3 -raise true
[20:41:19.89] /# gi::executeAction seSchCheckAndSave -in [gi::getWindows 3]
[20:41:19.89] /i ise::check
[20:41:19.98] /m Information: 
[20:41:19.98] /o Checking "nmos_nm/nmos_dc/schematic"
[20:41:20.00] /o No rule violations found in "nmos_nm/nmos_dc/schematic"
[20:41:20.00] /m Information: Checking process is completed: marking the design violations
[20:41:20.24] /m Information: Marking of designs is completed
[20:41:20.24] /o true
[20:41:29.92] /# gi::executeAction deCellviewFromCellview -in [gi::getWindows 3]
[20:41:29.92] /i db::showCellViewFromCellView -src [db::getAttr container -of [db::getAttr editFile -of [db::getNext [de::getContexts -window 3]]]] 
[20:41:30.01] /o oa:0x20e41910
[20:41:30.27] /i gi::setActiveDialog [gi::getDialogs {dbCellViewFromCellView}]
[20:41:30.33] /i db::setAttr geometry -of [gi::getDialogs {dbCellViewFromCellView}] -value 628x339+636+319
[20:41:31.73] /i gi::pressButton {ok} -in [gi::getDialogs {dbCellViewFromCellView}]
[20:41:31.95] /r giWindowId 7
[20:41:32.00] /r giWindowGeometry 1632x848
[20:41:34.88] /# gi::executeAction deCanvasZoomInAtPoint -in [gi::getWindows 7]
[20:41:34.88] /i de::zoom -window [gi::getWindows 7] -factor 2.0 -center {0.65 -0.04375}
[20:41:34.88] /o {-0.99375 -0.625} {1.93125 0.58125}
[20:41:35.79] /# gi::executeAction deCanvasZoomOutAtPoint -in [gi::getWindows 7]
[20:41:35.79] /i de::zoom -window [gi::getWindows 7] -factor 0.5 -center {0.61875 -0.03125}
[20:41:35.79] /o {-2.60625 -1.2125} {3.25 1.19375}
[20:41:37.15] /# gi::executeAction deSelectActive -in [gi::getWindows 7]
[20:41:37.15] /i de::deselectAll [db::getNext [de::getContexts -window 7]]
[20:41:37.15] /i de::select [de::getActiveFigure [gi::getWindows 7] -point {0.525 0.4375} -index 0 -intent none]
[20:41:37.16] /o oa:0x208d8060
[20:41:41.05] /# gi::executeAction seDelete -in [gi::getWindows 7]
[20:41:41.05] /i ise::delete
[20:41:42.34] /# gi::executeAction deAddPoint -in [gi::getWindows 7]
[20:41:42.34] /i de::addPoint {0.11875 0.225} -context [db::getNext [de::getContexts -window 7]]
[20:41:42.67] /# gi::executeAction seDelete -in [gi::getWindows 7]
[20:41:42.68] /i ise::delete
[20:41:42.81] /# gi::executeAction deAddPoint -in [gi::getWindows 7]
[20:41:42.81] /i de::addPoint {0.11875 0.225} -context [db::getNext [de::getContexts -window 7]]
[20:41:43.95] /# gi::executeAction deAddPoint -in [gi::getWindows 7]
[20:41:43.95] /i de::addPoint {0.3875 0.49375} -context [db::getNext [de::getContexts -window 7]]
[20:41:45.54] /# gi::executeAction deAddPoint -in [gi::getWindows 7]
[20:41:45.54] /i de::addPoint {0.06875 0.00625} -context [db::getNext [de::getContexts -window 7]]
[20:41:47.42] /# gi::executeAction deAddPoint -in [gi::getWindows 7]
[20:41:47.42] /i de::addPoint {0.375 -0.50625} -context [db::getNext [de::getContexts -window 7]]
[20:41:49.65] /# gi::executeAction deAbortCommand -in [gi::getWindows 7]
[20:41:49.65] /i de::abortCommand -context [db::getNext [de::getContexts -window 7]]
[20:41:50.77] /# gi::executeAction seButton1DragStart -in [gi::getWindows 7]
[20:41:50.79] /i ise::stretch -object [de::getActiveFigure [gi::getWindows 7] -point {0.39375 0.00625} -index 0 -intent none] -point {0.375 0}
[20:41:51.69] /# gi::executeAction deEndDrag -in [gi::getWindows 7]
[20:41:51.69] /i de::endDrag {0.875 -0.0125} -context [db::getNext [de::getContexts -window 7]]
[20:41:52.51] /# gi::executeAction seButton1DragStart -in [gi::getWindows 7]
[20:41:52.51] /i ise::stretch -object [de::getActiveFigure [gi::getWindows 7] -point {0.43125 -0.13125} -index 0 -intent none] -point {0.4375 -0.125}
[20:41:53.79] /# gi::executeAction deEndDrag -in [gi::getWindows 7]
[20:41:53.79] /i de::endDrag {0.91875 -0.13125} -context [db::getNext [de::getContexts -window 7]]
[20:41:54.56] /# gi::executeAction seButton1DragStart -in [gi::getWindows 7]
[20:41:54.56] /i ise::stretch -object [de::getActiveFigure [gi::getWindows 7] -point {0.4125 -0.24375} -index 0 -intent none] -point {0.4375 -0.25}
[20:41:55.36] /# gi::executeAction deEndDrag -in [gi::getWindows 7]
[20:41:55.36] /i de::endDrag {0.9375 -0.23125} -context [db::getNext [de::getContexts -window 7]]
[20:41:56.15] /# gi::executeAction seButton1DragStart -in [gi::getWindows 7]
[20:41:56.16] /i ise::stretch -object [de::getActiveFigure [gi::getWindows 7] -point {0.375 -0.35} -index 0 -intent none] -point {0.375 -0.375}
[20:41:57.62] /# gi::executeAction deEndDrag -in [gi::getWindows 7]
[20:41:57.62] /i de::endDrag {0.8875 -0.3375} -context [db::getNext [de::getContexts -window 7]]
[20:41:58.11] /# gi::executeAction deSelectActive -in [gi::getWindows 7]
[20:41:58.11] /i de::deselectAllLogic -context [db::getNext [de::getContexts -window 7]]
[20:42:01.70] /# gi::executeAction seCreateShape -in [gi::getWindows 7]
[20:42:01.71] /i ise::createShape
[20:42:04.72] /i gi::pressButton {seShapeTypeArc} -in [gi::getToolbars {deCommandOptions} -from [gi::getWindows 7]]
[20:42:05.75] /i gi::pressButton {seShapeTypeLine} -in [gi::getToolbars {deCommandOptions} -from [gi::getWindows 7]]
[20:42:06.47] /# gi::executeAction deCanvasZoomInAtPoint -in [gi::getWindows 7]
[20:42:06.47] /i de::zoom -window [gi::getWindows 7] -factor 2.0 -center {0.11875 -0.05625}
[20:42:06.47] /o {-1.24375 -0.6375} {1.68125 0.56875}
[20:42:07.53] /# gi::executeAction deAddPoint -in [gi::getWindows 7]
[20:42:07.53] /i de::addPoint {0.00625 0.00625} -context [db::getNext [de::getContexts -window 7]]
[20:42:08.68] /# gi::executeAction deAddPoint -in [gi::getWindows 7]
[20:42:08.68] /i de::addPoint {0.125 0} -context [db::getNext [de::getContexts -window 7]]
[20:42:14.54] /# gi::executeAction deAddPoint -in [gi::getWindows 7]
[20:42:14.54] /i de::addPoint {0.11875 0.25625} -context [db::getNext [de::getContexts -window 7]]
[20:42:17.19] /# gi::executeAction deAddPoint -in [gi::getWindows 7]
[20:42:17.19] /i de::addPoint {0.2625 0.25} -context [db::getNext [de::getContexts -window 7]]
[20:42:21.44] /i gi::executeAction deObjectActivation -in [gi::getWindows 7]
[20:42:21.55] /# gi::executeAction deZoomIn -in [gi::getWindows 7]
[20:42:21.55] /i de::zoom -window 7 -factor 2.0
[20:42:21.55] /o {-0.5125 -0.33125} {0.95 0.26875}
[20:42:22.10] /i gi::executeAction deObjectActivation -in [gi::getWindows 7]
[20:42:22.74] /# gi::executeAction deCanvasZoomInAtPoint -in [gi::getWindows 7]
[20:42:22.74] /i de::zoom -window [gi::getWindows 7] -factor 2.0 -center {0.24375 0.15625}
[20:42:22.74] /o {-0.13125 -0.0875} {0.6 0.2125}
[20:42:22.74] /# gi::executeAction deCanvasZoomInAtPoint -in [gi::getWindows 7]
[20:42:22.74] /i de::zoom -window [gi::getWindows 7] -factor 2.0 -center {0.24375 0.15625}
[20:42:22.74] /o {0.05625 0.03125} {0.41875 0.18125}
[20:42:22.80] /# gi::executeAction deCanvasZoomInAtPoint -in [gi::getWindows 7]
[20:42:22.80] /i de::zoom -window [gi::getWindows 7] -factor 2.0 -center {0.24375 0.15625}
[20:42:22.80] /o {0.15 0.09375} {0.33125 0.16875}
[20:42:23.23] /# gi::executeAction deCanvasZoomOutAtPoint -in [gi::getWindows 7]
[20:42:23.23] /i de::zoom -window [gi::getWindows 7] -factor 0.5 -center {0.24375 0.15625}
[20:42:23.23] /o {0.05625 0.03125} {0.41875 0.18125}
[20:42:23.29] /# gi::executeAction deCanvasZoomOutAtPoint -in [gi::getWindows 7]
[20:42:23.29] /i de::zoom -window [gi::getWindows 7] -factor 0.5 -center {0.24375 0.15625}
[20:42:23.29] /o {-0.13125 -0.0875} {0.6 0.2125}
[20:42:23.34] /# gi::executeAction deCanvasZoomOutAtPoint -in [gi::getWindows 7]
[20:42:23.34] /i de::zoom -window [gi::getWindows 7] -factor 0.5 -center {0.24375 0.15625}
[20:42:23.34] /o {-0.5125 -0.33125} {0.95 0.26875}
[20:42:24.17] /# gi::executeAction deCanvasZoomOutAtPoint -in [gi::getWindows 7]
[20:42:24.17] /i de::zoom -window [gi::getWindows 7] -factor 0.5 -center {0.24375 0.15625}
[20:42:24.17] /o {-1.26875 -0.825} {1.6625 0.38125}
[20:42:28.96] /# gi::executeAction deAbortCommand -in [gi::getWindows 7]
[20:42:28.96] /i de::abortCommand -context [db::getNext [de::getContexts -window 7]]
[20:42:38.94] /# gi::executeAction dePan -in [gi::getWindows 7]
[20:42:38.94] /i ide::pan [db::getNext [de::getContexts -window 7]]
[20:42:39.20] /# gi::executeAction deStartDrag -in [gi::getWindows 7]
[20:42:39.20] /i de::startDrag {0.3875 0.0875} -context [db::getNext [de::getContexts -window 7]]
[20:42:40.03] /# gi::executeAction deEndDrag -in [gi::getWindows 7]
[20:42:40.03] /i de::endDrag {0.3875 0.08125} -context [db::getNext [de::getContexts -window 7]]
[20:42:40.03] /r dePanToPoint {0.3 0.08125}
[20:42:40.28] /# gi::executeAction deViewportPrevious -in [gi::getWindows 7]
[20:42:40.28] /i de::gotoViewport -window 7 -dir -1
[20:42:40.28] /o {-1.1625 -0.525} {1.7625 0.68125}
[20:42:41.11] /# gi::executeAction deAddPoint -in [gi::getWindows 7]
[20:42:41.11] /i de::addPoint {-0.0125 -0.03125} -context [db::getNext [de::getContexts -window 7]]
[20:42:42.58] /# gi::executeAction deAddPoint -in [gi::getWindows 7]
[20:42:42.58] /i de::addPoint {-0.00625 0} -context [db::getNext [de::getContexts -window 7]]
[20:42:43.52] /# gi::executeAction deViewportPrevious -in [gi::getWindows 7]
[20:42:43.52] /i de::gotoViewport -window 7 -dir -1
[20:42:43.52] /o {-1.475 -0.63125} {1.45 0.56875}
[20:42:46.79] /# gi::executeAction seCreateShape -in [gi::getWindows 7]
[20:42:46.79] /i ise::createShape
[20:42:48.06] /i gi::pressButton {seShapeTypeLine} -in [gi::getToolbars {deCommandOptions} -from [gi::getWindows 7]]
[20:42:49.09] /# gi::executeAction deAddPoint -in [gi::getWindows 7]
[20:42:49.09] /i de::addPoint {0.025 -0.00625} -context [db::getNext [de::getContexts -window 7]]
[20:42:50.01] /# gi::executeAction deAddPoint -in [gi::getWindows 7]
[20:42:50.01] /i de::addPoint {0.125 0} -context [db::getNext [de::getContexts -window 7]]
[20:42:52.08] /# gi::executeAction deAddPoint -in [gi::getWindows 7]
[20:42:52.08] /i de::addPoint {0.11875 0.2375} -context [db::getNext [de::getContexts -window 7]]
[20:42:54.24] /# gi::executeAction deAddPoint -in [gi::getWindows 7]
[20:42:54.24] /i de::addPoint {0.125 -0.25625} -context [db::getNext [de::getContexts -window 7]]
[20:42:55.54] /# gi::executeAction deAddPoint -in [gi::getWindows 7]
[20:42:55.54] /i de::addPoint {0.125 -0.25625} -context [db::getNext [de::getContexts -window 7]]
[20:42:55.68] /# gi::executeAction deCompleteShape -in [gi::getWindows 7]
[20:42:55.68] /i de::completeShape -context [db::getNext [de::getContexts -window 7]]
[20:42:57.09] /# gi::executeAction deAddPoint -in [gi::getWindows 7]
[20:42:57.09] /i de::addPoint {0.19375 -0.25625} -context [db::getNext [de::getContexts -window 7]]
[20:42:58.57] /# gi::executeAction deAddPoint -in [gi::getWindows 7]
[20:42:58.58] /i de::addPoint {0.19375 0.23125} -context [db::getNext [de::getContexts -window 7]]
[20:42:59.54] /# gi::executeAction deAddPoint -in [gi::getWindows 7]
[20:42:59.54] /i de::addPoint {0.38125 0.2375} -context [db::getNext [de::getContexts -window 7]]
[20:42:59.68] /# gi::executeAction deCompleteShape -in [gi::getWindows 7]
[20:42:59.68] /i de::completeShape -context [db::getNext [de::getContexts -window 7]]
[20:43:02.72] /# gi::executeAction deAddPoint -in [gi::getWindows 7]
[20:43:02.72] /i de::addPoint {0.375 0.24375} -context [db::getNext [de::getContexts -window 7]]
[20:43:05.78] /# gi::executeAction deAddPoint -in [gi::getWindows 7]
[20:43:05.78] /i de::addPoint {0.38125 0.3875} -context [db::getNext [de::getContexts -window 7]]
[20:43:07.68] /# gi::executeAction deAddPoint -in [gi::getWindows 7]
[20:43:07.68] /i de::addPoint {0.38125 0.375} -context [db::getNext [de::getContexts -window 7]]
[20:43:07.78] /# gi::executeAction deCompleteShape -in [gi::getWindows 7]
[20:43:07.78] /i de::completeShape -context [db::getNext [de::getContexts -window 7]]
[20:43:09.60] /# gi::executeAction deAddPoint -in [gi::getWindows 7]
[20:43:09.60] /i de::addPoint {0.19375 -0.24375} -context [db::getNext [de::getContexts -window 7]]
[20:43:10.51] /# gi::executeAction deAddPoint -in [gi::getWindows 7]
[20:43:10.51] /i de::addPoint {0.375 -0.24375} -context [db::getNext [de::getContexts -window 7]]
[20:43:11.32] /# gi::executeAction deAddPoint -in [gi::getWindows 7]
[20:43:11.32] /i de::addPoint {0.38125 -0.38125} -context [db::getNext [de::getContexts -window 7]]
[20:43:11.44] /# gi::executeAction deCompleteShape -in [gi::getWindows 7]
[20:43:11.45] /i de::completeShape -context [db::getNext [de::getContexts -window 7]]
[20:43:12.16] /# gi::executeAction deAbortCommand -in [gi::getWindows 7]
[20:43:12.16] /i de::abortCommand -context [db::getNext [de::getContexts -window 7]]
[20:43:13.25] /# gi::executeAction seButton1DragStart -in [gi::getWindows 7]
[20:43:13.26] /i ise::stretch -object [de::getActiveFigure [gi::getWindows 7] -point {0.38125 -0.5625} -index 0 -intent none] -point {0.375 -0.5625}
[20:43:14.45] /# gi::executeAction deEndDrag -in [gi::getWindows 7]
[20:43:14.45] /i de::endDrag {0.38125 -0.3875} -context [db::getNext [de::getContexts -window 7]]
[20:43:15.56] /# gi::executeAction dePan -in [gi::getWindows 7]
[20:43:15.56] /i ide::pan [db::getNext [de::getContexts -window 7]]
[20:43:15.86] /# gi::executeAction deStartDrag -in [gi::getWindows 7]
[20:43:15.86] /i de::startDrag {0.5625 0.15} -context [db::getNext [de::getContexts -window 7]]
[20:43:16.54] /# gi::executeAction deEndDrag -in [gi::getWindows 7]
[20:43:16.54] /i de::endDrag {0.55625 0.15} -context [db::getNext [de::getContexts -window 7]]
[20:43:16.54] /r dePanToPoint {0.09375 0.375}
[20:43:17.63] /# gi::executeAction deAbortCommand -in [gi::getWindows 7]
[20:43:17.63] /i de::abortCommand -context [db::getNext [de::getContexts -window 7]]
[20:43:18.54] /# gi::executeAction seButton1DragStart -in [gi::getWindows 7]
[20:43:18.54] /i ise::stretch -object [de::getActiveFigure [gi::getWindows 7] -point {0.3875 0.5625} -index 0 -intent none] -point {0.375 0.5625}
[20:43:20.82] /# gi::executeAction deEndDrag -in [gi::getWindows 7]
[20:43:20.82] /i de::endDrag {0.36875 0.35} -context [db::getNext [de::getContexts -window 7]]
[20:43:21.16] /# gi::executeAction deSelectActive -in [gi::getWindows 7]
[20:43:21.16] /i de::deselectAllLogic -context [db::getNext [de::getContexts -window 7]]
[20:43:22.05] /i gi::executeAction deCanvasDragSelect -in [gi::getWindows 7]
[20:43:22.05] /r deCanvasDragStart 0.775 0.2375
[20:43:23.32] /# gi::executeAction deCanvasDragEnd -in [gi::getWindows 7]
[20:43:23.32] /i gi::executeAction deCanvasDragEnd -in [gi::getWindows 7]
[20:43:23.33] /r deCanvasDragEnd 0.76875 0.275
[20:43:23.75] /# gi::executeAction dePan -in [gi::getWindows 7]
[20:43:23.75] /i ide::pan [db::getNext [de::getContexts -window 7]]
[20:43:24.03] /# gi::executeAction deStartDrag -in [gi::getWindows 7]
[20:43:24.03] /i de::startDrag {0.79375 0.21875} -context [db::getNext [de::getContexts -window 7]]
[20:43:24.86] /# gi::executeAction deEndDrag -in [gi::getWindows 7]
[20:43:24.86] /i de::endDrag {0.79375 0.21875} -context [db::getNext [de::getContexts -window 7]]
[20:43:24.86] /r dePanToPoint {0.15 -0.025}
[20:43:25.06] /# gi::executeAction deAbortCommand -in [gi::getWindows 7]
[20:43:25.06] /i de::abortCommand -context [db::getNext [de::getContexts -window 7]]
[20:43:26.05] /# gi::executeAction seButton1DragStart -in [gi::getWindows 7]
[20:43:26.05] /i ise::stretch -object [de::getActiveFigure [gi::getWindows 7] -point {0.88125 -0.01875} -index 0 -intent none] -point {0.875 0}
[20:43:27.83] /# gi::executeAction deEndDrag -in [gi::getWindows 7]
[20:43:27.83] /i de::endDrag {0.68125 0.1} -context [db::getNext [de::getContexts -window 7]]
[20:43:28.52] /# gi::executeAction seButton1DragStart -in [gi::getWindows 7]
[20:43:28.52] /i ise::stretch -object [de::getActiveFigure [gi::getWindows 7] -point {0.9 -0.1125} -index 0 -intent none] -point {0.875 -0.125}
[20:43:29.51] /# gi::executeAction deEndDrag -in [gi::getWindows 7]
[20:43:29.51] /i de::endDrag {0.7 0.0125} -context [db::getNext [de::getContexts -window 7]]
[20:43:30.89] /# gi::executeAction seButton1DragStart -in [gi::getWindows 7]
[20:43:30.89] /i ise::stretch -object [de::getActiveFigure [gi::getWindows 7] -point {0.8875 -0.21875} -index 0 -intent none] -point {0.875 -0.25}
[20:43:31.62] /# gi::executeAction deEndDrag -in [gi::getWindows 7]
[20:43:31.62] /i de::endDrag {0.7625 -0.175} -context [db::getNext [de::getContexts -window 7]]
[20:43:32.62] /# gi::executeAction seButton1DragStart -in [gi::getWindows 7]
[20:43:32.62] /i ise::stretch -object [de::getActiveFigure [gi::getWindows 7] -point {1.05 -0.24375} -index 0 -intent none] -point {1.0625 -0.25}
[20:43:34.05] /# gi::executeAction deEndDrag -in [gi::getWindows 7]
[20:43:34.05] /i de::endDrag {0.86875 -0.04375} -context [db::getNext [de::getContexts -window 7]]
[20:43:34.95] /# gi::executeAction seButton1DragStart -in [gi::getWindows 7]
[20:43:34.95] /i ise::stretch -object [de::getActiveFigure [gi::getWindows 7] -point {0.86875 -0.23125} -index 0 -intent none] -point {0.875 -0.25}
[20:43:35.76] /# gi::executeAction deEndDrag -in [gi::getWindows 7]
[20:43:35.76] /i de::endDrag {0.80625 -0.125} -context [db::getNext [de::getContexts -window 7]]
[20:43:36.85] /# gi::executeAction seButton1DragStart -in [gi::getWindows 7]
[20:43:36.85] /i ise::stretch -object [de::getActiveFigure [gi::getWindows 7] -point {0.91875 0.48125} -index 0 -intent none] -point {0.9375 0.5}
[20:43:38.90] /# gi::executeAction deEndDrag -in [gi::getWindows 7]
[20:43:38.90] /i de::endDrag {0.78125 0.3625} -context [db::getNext [de::getContexts -window 7]]
[20:43:43.52] /# gi::executeAction seCreateSelection -in [gi::getWindows 7]
[20:43:43.53] /i ise::createSelectionShape
[20:43:45.19] /i gi::pressButton {autoCreate} -in [gi::getToolbars {deCommandOptions} -from [gi::getWindows 7]]
[20:43:48.81] /i gi::executeAction deSaveDesign -in [gi::getWindows 7]
[20:43:48.81] /m Information: Saving design 'nmos_nm nmos_dc symbol'. (DESIGN_WINDOW-004)
[20:43:51.94] /i gi::executeAction giCloseWindow -in [gi::getWindows 7]
[20:43:52.00] /i gi::setActiveWindow 3
[20:43:52.00] /i gi::setActiveWindow 3 -raise true
[20:43:54.74] /i gi::executeAction giCloseWindow -in [gi::getWindows 3]
[20:43:54.86] /i gi::setActiveWindow 2
[20:43:54.86] /i gi::setActiveWindow 2 -raise true
[20:43:55.94] /i gi::setActiveWindow 4
[20:43:55.94] /i gi::setActiveWindow 4 -raise true
[20:43:58.07] /i gi::executeAction deCanvasDragSelect -in [gi::getWindows 4]
[20:43:58.08] /r deCanvasDragStart 3.6875 2.2125
[20:43:59.01] /# gi::executeAction deCanvasDragEnd -in [gi::getWindows 4]
[20:43:59.01] /i gi::executeAction deCanvasDragEnd -in [gi::getWindows 4]
[20:43:59.01] /r deCanvasDragEnd 3.45 2.40625
[20:44:00.17] /# gi::executeAction dePan -in [gi::getWindows 4]
[20:44:00.17] /i ide::pan [db::getNext [de::getContexts -window 4]]
[20:44:00.45] /# gi::executeAction deStartDrag -in [gi::getWindows 4]
[20:44:00.45] /i de::startDrag {3.6625 2.23125} -context [db::getNext [de::getContexts -window 4]]
[20:44:01.92] /# gi::executeAction deEndDrag -in [gi::getWindows 4]
[20:44:01.92] /i de::endDrag {3.6625 2.23125} -context [db::getNext [de::getContexts -window 4]]
[20:44:01.92] /r dePanToPoint {3.68125 1.98125}
[20:44:02.00] /# gi::executeAction deAbortCommand -in [gi::getWindows 4]
[20:44:02.00] /i de::abortCommand -context [db::getNext [de::getContexts -window 4]]
[20:44:03.76] /# gi::executeAction deSelectActive -in [gi::getWindows 4]
[20:44:03.76] /i de::deselectAll [db::getNext [de::getContexts -window 4]]
[20:44:03.76] /i de::select [de::getActiveFigure [gi::getWindows 4] -point {2.4625 2.30625} -index 0 -intent none]
[20:44:03.77] /o oa:0x1f70cf80
[20:44:05.14] /# gi::executeAction seButton1DragStart -in [gi::getWindows 4]
[20:44:05.14] /i ise::stretch -point {2.4375 2.3125}
[20:44:08.60] /# gi::executeAction deEndDrag -in [gi::getWindows 4]
[20:44:08.60] /i de::endDrag {2.45625 2.2875} -context [db::getNext [de::getContexts -window 4]]
[20:44:10.38] /# gi::executeAction seDelete -in [gi::getWindows 4]
[20:44:10.38] /i ise::delete
[20:44:12.41] /# gi::executeAction deZoomIn -in [gi::getWindows 4]
[20:44:12.41] /i de::zoom -window 4 -factor 2.0
[20:44:12.41] /o {2.64375 1.55625} {4.725 2.4125}
[20:44:13.45] /# gi::executeAction deCanvasPanEast -in [gi::getWindows 4]
[20:44:13.45] /i de::pan -window [gi::getWindows 4] -direction E -multiplier 0.5
[20:44:13.45] /o {3.68125 1.55625} {5.7625 2.4125}
[20:44:14.02] /# gi::executeAction deCanvasPanEast -in [gi::getWindows 4]
[20:44:14.02] /i de::pan -window [gi::getWindows 4] -direction E -multiplier 0.5
[20:44:14.02] /o {4.71875 1.55625} {6.8 2.4125}
[20:44:14.64] /# gi::executeAction deCanvasZoomOutAtPoint -in [gi::getWindows 4]
[20:44:14.64] /i de::zoom -window [gi::getWindows 4] -factor 0.5 -center {5.2625 2.125}
[20:44:14.64] /o {4.175 0.9875} {8.3375 2.70625}
[20:44:14.70] /# gi::executeAction deCanvasZoomOutAtPoint -in [gi::getWindows 4]
[20:44:14.70] /i de::zoom -window [gi::getWindows 4] -factor 0.5 -center {5.26875 2.13125}
[20:44:14.70] /o {3.08125 -0.15625} {11.40625 3.275}
[20:44:14.75] /# gi::executeAction deCanvasZoomOutAtPoint -in [gi::getWindows 4]
[20:44:14.75] /i de::zoom -window [gi::getWindows 4] -factor 0.5 -center {5.2625 2.125}
[20:44:14.75] /o {0.9 -2.43125} {17.55625 4.425}
[20:44:14.83] /# gi::executeAction deCanvasZoomOutAtPoint -in [gi::getWindows 4]
[20:44:14.83] /i de::zoom -window [gi::getWindows 4] -factor 0.5 -center {5.26875 2.125}
[20:44:14.83] /o {-3.475 -6.99375} {29.8375 6.73125}
[20:44:15.49] /# gi::executeAction deCanvasZoomInAtPoint -in [gi::getWindows 4]
[20:44:15.49] /i de::zoom -window [gi::getWindows 4] -factor 2.0 -center {3 2.2875}
[20:44:15.49] /o {-0.2375 -2.35} {16.41875 4.50625}
[20:44:15.49] /# gi::executeAction deCanvasZoomInAtPoint -in [gi::getWindows 4]
[20:44:15.49] /i de::zoom -window [gi::getWindows 4] -factor 2.0 -center {2.95625 2.30625}
[20:44:15.50] /o {1.3625 -0.025} {9.6875 3.40625}
[20:44:15.92] /# gi::executeAction deCanvasZoomInAtPoint -in [gi::getWindows 4]
[20:44:15.92] /i de::zoom -window [gi::getWindows 4] -factor 2.0 -center {2.6875 2.43125}
[20:44:15.92] /o {2.025 1.20625} {6.1875 2.91875}
[20:44:19.68] /i de::undoTransaction -design [db::getAttr editDesign -of [de::getContexts -window 4]] -steps 1
[20:44:21.17] /# gi::executeAction deSelectActive -in [gi::getWindows 4]
[20:44:21.17] /i de::deselectAll [db::getNext [de::getContexts -window 4]]
[20:44:21.17] /i de::deselectAllLogic -context [db::getNext [de::getContexts -window 4]]
[20:44:22.64] /# gi::executeAction seDelete -in [gi::getWindows 4]
[20:44:22.64] /i ise::delete
[20:44:23.26] /# gi::executeAction deAddPoint -in [gi::getWindows 4]
[20:44:23.26] /i de::addPoint {2.60625 2.2875} -context [db::getNext [de::getContexts -window 4]]
[20:44:24.50] /# gi::executeAction deAddPoint -in [gi::getWindows 4]
[20:44:24.50] /i de::addPoint {2.95625 2.5875} -context [db::getNext [de::getContexts -window 4]]
[20:44:25.37] /# gi::executeAction deAddPoint -in [gi::getWindows 4]
[20:44:25.37] /i de::addPoint {2.95625 2.30625} -context [db::getNext [de::getContexts -window 4]]
[20:44:26.50] /# gi::executeAction deAddPoint -in [gi::getWindows 4]
[20:44:26.50] /i de::addPoint {2.9375 2.05} -context [db::getNext [de::getContexts -window 4]]
[20:44:26.95] /# gi::executeAction deAddPoint -in [gi::getWindows 4]
[20:44:26.95] /i de::addPoint {3.05625 2.34375} -context [db::getNext [de::getContexts -window 4]]
[20:44:33.54] /# gi::executeAction deAbortCommand -in [gi::getWindows 4]
[20:44:33.54] /i de::abortCommand -context [db::getNext [de::getContexts -window 4]]
[20:44:34.93] /# gi::executeAction seButton1DragStart -in [gi::getWindows 4]
[20:44:34.93] /i ise::stretch -object [de::getActiveFigure [gi::getWindows 4] -point {2.44375 2.325} -index 0 -intent none] -point {2.4375 2.3125}
[20:44:38.62] /# gi::executeAction deEndDrag -in [gi::getWindows 4]
[20:44:38.62] /i de::endDrag {3.8625 1.68125} -context [db::getNext [de::getContexts -window 4]]
[20:44:40.11] /# gi::executeAction seButton1DragStart -in [gi::getWindows 4]
[20:44:40.12] /i ise::stretch -object [de::getActiveFigure [gi::getWindows 4] -point {2.88125 2.675} -index 0 -intent none] -point {2.875 2.6875}
[20:44:42.10] /# gi::executeAction deEndDrag -in [gi::getWindows 4]
[20:44:42.10] /i de::endDrag {4.2625 2.075} -context [db::getNext [de::getContexts -window 4]]
[20:44:43.43] /# gi::executeAction seButton1DragStart -in [gi::getWindows 4]
[20:44:43.43] /i ise::stretch -object [de::getActiveFigure [gi::getWindows 4] -point {2.93125 1.925} -index 0 -intent none] -point {2.9375 1.9375}
[20:44:45.55] /# gi::executeAction deEndDrag -in [gi::getWindows 4]
[20:44:45.55] /i de::endDrag {4.3125 1.325} -context [db::getNext [de::getContexts -window 4]]
[20:44:47.21] /# gi::executeAction deSelectActive -in [gi::getWindows 4]
[20:44:47.21] /i de::deselectAllLogic -context [db::getNext [de::getContexts -window 4]]
[20:44:47.54] /# gi::executeAction dePan -in [gi::getWindows 4]
[20:44:47.54] /i ide::pan [db::getNext [de::getContexts -window 4]]
[20:44:47.89] /# gi::executeAction deStartDrag -in [gi::getWindows 4]
[20:44:47.89] /i de::startDrag {4.75625 1.5375} -context [db::getNext [de::getContexts -window 4]]
[20:44:48.83] /# gi::executeAction deEndDrag -in [gi::getWindows 4]
[20:44:48.83] /i de::endDrag {4.75625 1.5375} -context [db::getNext [de::getContexts -window 4]]
[20:44:48.83] /r dePanToPoint {4.275 1.8375}
[20:44:50.05] /i gi::executeAction deObjectActivation -in [gi::getWindows 4]
[20:44:50.18] /# gi::executeAction deSaveDesignAs -in [gi::getWindows 4]
[20:44:50.18] /i de::showSaveDesignAs -context [db::getNext [de::getContexts -window 4]]
[20:44:50.31] /r giDialog gi::setActiveDialog [gi::getDialogs {deSaveDesignAs} -parent [gi::getWindows 4]]
[20:44:50.55] /r giDialog db::setAttr geometry -of [gi::getDialogs {deSaveDesignAs} -parent [gi::getWindows 4]] -value 274x128+823+460
[20:44:52.39] /r giDialog gi::pressButton {ok} -in [gi::getDialogs {deSaveDesignAs} -parent [gi::getWindows 4]]
[20:44:52.39] /m Information: Saving design 'nmos_nm nmos_dc_test schematic'. (DESIGN_WINDOW-004)
[20:44:58.53] /# gi::executeAction seSchCheckAndSave -in [gi::getWindows 4]
[20:44:58.53] /i ise::check
[20:44:58.57] /m Information: 
[20:44:58.57] /o Checking "nmos_nm/nmos_dc_test/schematic"
[20:44:58.57] /o No rule violations found in "nmos_nm/nmos_dc_test/schematic"
[20:44:58.57] /m Information: Checking process is completed: marking the design violations
[20:44:58.68] /m Information: Marking of designs is completed
[20:44:58.68] /o true
[20:45:23.42] /# gi::executeAction deSelectActive -in [gi::getWindows 4]
[20:45:23.42] /i de::deselectAll [db::getNext [de::getContexts -window 4]]
[20:45:23.42] /i de::select [de::getActiveFigure [gi::getWindows 4] -point {3.88125 1.6} -index 0 -intent none]
[20:45:23.42] /o oa:0x1f009e40
[20:45:27.50] /# gi::executeAction deSelectActive -in [gi::getWindows 4]
[20:45:27.50] /i de::deselectAll [db::getNext [de::getContexts -window 4]]
[20:45:27.50] /i de::deselectAllLogic -context [db::getNext [de::getContexts -window 4]]
[20:45:29.25] /# gi::executeAction deSelectActive -in [gi::getWindows 4]
[20:45:29.25] /i de::deselectAll [db::getNext [de::getContexts -window 4]]
[20:45:29.25] /i de::select [de::getActiveFigure [gi::getWindows 4] -point {3.9 1.675} -index 0 -intent none]
[20:45:29.25] /o oa:0x216bafd0
[20:45:39.50] /# gi::executeAction deSelectActive -in [gi::getWindows 4]
[20:45:39.50] /i de::deselectAll [db::getNext [de::getContexts -window 4]]
[20:45:39.50] /i de::deselectAllLogic -context [db::getNext [de::getContexts -window 4]]
[20:45:41.68] /# gi::executeAction deSelectActive -in [gi::getWindows 4]
[20:45:41.68] /i de::deselectAll [db::getNext [de::getContexts -window 4]]
[20:45:41.68] /i de::select [de::getActiveFigure [gi::getWindows 4] -point {3.925 1.68125} -index 0 -intent none]
[20:45:41.68] /o oa:0x204d5f00
[20:45:43.18] /# gi::executeAction deSelectActive -in [gi::getWindows 4]
[20:45:43.18] /i de::deselectAll [db::getNext [de::getContexts -window 4]]
[20:45:43.18] /i de::select [de::getActiveFigure [gi::getWindows 4] -point {4.30625 2.05} -index 0 -intent none]
[20:45:43.18] /o oa:0x1ef87b60
[20:45:46.00] /# gi::executeAction seDelete -in [gi::getWindows 4]
[20:45:46.00] /i ise::delete
[20:45:47.47] /# gi::executeAction deSelectActive -in [gi::getWindows 4]
[20:45:47.47] /i de::deselectAll [db::getNext [de::getContexts -window 4]]
[20:45:47.47] /i de::select [de::getActiveFigure [gi::getWindows 4] -point {3.88125 1.6875} -index 0 -intent none]
[20:45:47.48] /o oa:0x2104aff0
[20:45:47.67] /# gi::executeAction seDelete -in [gi::getWindows 4]
[20:45:47.67] /i ise::delete
[20:45:49.50] /# gi::executeAction seCreateInst -in [gi::getWindows 4]
[20:45:49.50] /i ise::createInst
[20:45:49.59] /i gi::setActiveDialog [gi::getDialogs {seCreateInst} -parent [gi::getWindows 4]]
[20:45:49.59] /i gi::executeAction deObjectActivation -in [gi::getWindows 4]
[20:45:49.86] /i db::setAttr geometry -of [gi::getDialogs {seCreateInst}] -value 359x337+0+71
[20:45:52.67] /i gi::setField {instMasterLib} -value {analogLib} -in [gi::getDialogs {seCreateInst} -parent [gi::getWindows 4]]
[20:45:52.98] /i db::setAttr geometry -of [gi::getDialogs {seCreateInst}] -value 359x337+0+71
[20:45:58.51] /i gi::setField {instMasterCell} -value {vdd} -in [gi::getDialogs {seCreateInst} -parent [gi::getWindows 4]]
[20:45:58.83] /i db::setAttr geometry -of [gi::getDialogs {seCreateInst}] -value 359x337+0+71
[20:46:02.73] /# gi::executeAction deAddPoint -in [gi::getWindows 4]
[20:46:02.73] /i de::addPoint {3.86875 2.1875} -context [db::getNext [de::getContexts -window 4]]
[20:46:03.82] /# gi::executeAction deAbortCommand -in [gi::getWindows 4]
[20:46:03.82] /i de::abortCommand -context [db::getNext [de::getContexts -window 4]]
[20:46:05.86] /i gi::setActiveWindow 2
[20:46:05.86] /i gi::setActiveWindow 2 -raise true
[20:46:07.52] /i gi::setCurrentIndex {views} -index {schematic} -in [gi::getWindows 2]
[20:46:07.53] /i gi::setItemSelection {views} -index {schematic} -in [gi::getWindows 2]
[20:46:07.68] /i gi::executeAction dmOpen -in [gi::getWindows 2]
[20:46:07.74] /r giWindowId 8
[20:46:07.77] /r giWindowGeometry 1632x848
[20:46:08.31] /o "nmos_nm/nmos_dc/schematic" design does not need checking
[20:46:14.59] /i gi::setActiveWindow 4
[20:46:14.59] /i gi::setActiveWindow 4 -raise true
[20:46:16.64] /i gi::executeAction giCloseWindow -in [gi::getWindows 8]
[20:46:18.90] /# gi::executeAction seSchCreateWire -in [gi::getWindows 4]
[20:46:18.90] /i ise::createWire
[20:46:20.10] /# gi::executeAction deAddPoint -in [gi::getWindows 4]
[20:46:20.10] /i de::addPoint {3.88125 2.175} -context [db::getNext [de::getContexts -window 4]]
[20:46:20.29] /i de::setCursor -point {3.9375 2.1875 }
[20:46:21.62] /# gi::executeAction deAddPoint -in [gi::getWindows 4]
[20:46:21.62] /i de::addPoint {4.38125 2.0625} -context [db::getNext [de::getContexts -window 4]]
[20:46:23.22] /# gi::executeAction deAddPoint -in [gi::getWindows 4]
[20:46:23.22] /i de::addPoint {4.0125 1.66875} -context [db::getNext [de::getContexts -window 4]]
[20:46:23.35] /i de::setCursor -point {3.9375 1.75 }
[20:46:23.43] /i de::setCursor -point {3.9375 1.8125 }
[20:46:24.96] /# gi::executeAction deAddPoint -in [gi::getWindows 4]
[20:46:24.96] /i de::addPoint {3.88125 2.1125} -context [db::getNext [de::getContexts -window 4]]
[20:46:26.35] /# gi::executeAction deAbortCommand -in [gi::getWindows 4]
[20:46:26.36] /i de::abortCommand -context [db::getNext [de::getContexts -window 4]]
[20:46:27.54] /# gi::executeAction deSelectActive -in [gi::getWindows 4]
[20:46:27.54] /i de::deselectAllLogic -context [db::getNext [de::getContexts -window 4]]
[20:46:40.07] /# gi::executeAction deSelectActive -in [gi::getWindows 4]
[20:46:40.08] /i de::deselectAll [db::getNext [de::getContexts -window 4]]
[20:46:40.08] /i de::select [de::getActiveFigure [gi::getWindows 4] -point {3.875 2.33125} -index 0 -intent none]
[20:46:40.08] /o oa:0x1f905280
[20:46:40.64] /# gi::executeAction deSelectActive -in [gi::getWindows 4]
[20:46:40.65] /i de::deselectAll [db::getNext [de::getContexts -window 4]]
[20:46:40.65] /i de::deselectAllLogic -context [db::getNext [de::getContexts -window 4]]
[20:46:41.35] /# gi::executeAction seCreateInst -in [gi::getWindows 4]
[20:46:41.35] /i ise::createInst
[20:46:41.40] /o seSchematic
[20:46:41.48] /i gi::setActiveDialog [gi::getDialogs {seCreateInst} -parent [gi::getWindows 4]]
[20:46:41.75] /i db::setAttr geometry -of [gi::getDialogs {seCreateInst}] -value 359x337+0+71
[20:46:47.89] /i gi::closeWindows [gi::getDialogs {seCreateInst} -parent [gi::getWindows 4]]
[20:46:53.94] /# gi::executeAction deSelectActive -in [gi::getWindows 4]
[20:46:53.94] /i de::deselectAll [db::getNext [de::getContexts -window 4]]
[20:46:53.94] /i de::select [de::getActiveFigure [gi::getWindows 4] -point {4.29375 1.49375} -index 0 -intent none]
[20:46:53.95] /o oa:0x1f17ec60
[20:46:54.11] /# gi::executeAction deDescend -in [gi::getWindows 4]
[20:46:54.11] /i ide::descend 4 -inPlace false -promptView false -readOnly auto
[20:46:54.15] /# Navigating to nmos_nm/nmos_dc/schematic (I0)
[20:46:54.27] /o true
[20:47:12.19] /i gi::setActiveWindow 5
[20:47:12.19] /i gi::setActiveWindow 5 -raise true
[20:47:14.02] /i gi::setActiveWindow 4
[20:47:14.02] /i gi::setActiveWindow 4 -raise true
[20:47:15.95] /# gi::executeAction giPostContextMenu -in [gi::getWindows 4]
[20:47:15.96] /i gi::executeAction menuPreShow -in [gi::getWindows 4]
[20:47:15.96] /r giMenuAccess db::getNext [gi::getMenus seSchCanvasContextMenu]
[20:47:17.39] /# gi::executeAction deReturnToTop -in [gi::getWindows 4]
[20:47:17.39] /i de::return [db::getNext [de::getContexts -window 4]] -levels -1
[20:47:17.40] /# Navigating to nmos_nm/nmos_dc_test/schematic
[20:47:17.54] /o oa:0x1f05e6c0
[20:47:18.78] /# gi::executeAction deSelectActive -in [gi::getWindows 4]
[20:47:18.79] /i de::deselectAll [db::getNext [de::getContexts -window 4]]
[20:47:18.79] /i de::deselectAllLogic -context [db::getNext [de::getContexts -window 4]]
[20:47:21.79] /i gi::setActiveWindow 5
[20:47:21.79] /i gi::setActiveWindow 5 -raise true
[20:47:23.44] /i gi::setActiveWindow 4
[20:47:23.44] /i gi::setActiveWindow 4 -raise true
[20:47:24.57] /# gi::executeAction deSelectActive -in [gi::getWindows 4]
[20:47:24.57] /i de::deselectAll [db::getNext [de::getContexts -window 4]]
[20:47:24.57] /i de::select [de::getActiveFigure [gi::getWindows 4] -point {3.875 2.4} -index 0 -intent none]
[20:47:24.57] /o oa:0x1ef02120
[20:47:24.97] /# gi::executeAction giPostContextMenu -in [gi::getWindows 4]
[20:47:24.99] /i gi::executeAction menuPreShow -in [gi::getWindows 4]
[20:47:24.99] /r giMenuAccess db::getNext [gi::getMenus seSchInstanceContextMenu]
[20:47:27.65] /# gi::executeAction giPostContextMenu -in [gi::getWindows 4]
[20:47:27.66] /i gi::executeAction menuPreShow -in [gi::getWindows 4]
[20:47:27.66] /r giMenuAccess db::getNext [gi::getMenus seSchInstanceContextMenu]
[20:47:30.93] /# gi::executeAction deSelectActive -in [gi::getWindows 4]
[20:47:30.93] /i de::cycleActiveFigure [gi::getWindows 4] -direction next
[20:47:30.94] /o oa:0x1f339c40
[20:47:31.62] /# gi::executeAction giPostContextMenu -in [gi::getWindows 4]
[20:47:31.66] /i gi::executeAction menuPreShow -in [gi::getWindows 4]
[20:47:31.66] /r giMenuAccess db::getNext [gi::getMenus seSchCanvasContextMenu]
[20:47:33.58] /# gi::executeAction seCreateInst -in [gi::getWindows 4]
[20:47:33.58] /i ise::createInst
[20:47:33.63] /o seSchematic
[20:47:33.71] /i gi::setActiveDialog [gi::getDialogs {seCreateInst} -parent [gi::getWindows 4]]
[20:47:33.97] /i db::setAttr geometry -of [gi::getDialogs {seCreateInst}] -value 359x337+0+71
[20:47:38.54] /i gi::closeWindows [gi::getDialogs {seCreateInst} -parent [gi::getWindows 4]]
[20:47:39.68] /i gi::setActiveWindow 5
[20:47:39.68] /i gi::setActiveWindow 5 -raise true
[20:47:41.93] /# gi::executeAction dePan -in [gi::getWindows 5]
[20:47:41.94] /i ide::pan [db::getNext [de::getContexts -window 5]]
[20:47:42.20] /# gi::executeAction deStartDrag -in [gi::getWindows 5]
[20:47:42.20] /i de::startDrag {4.713 1.153} -context [db::getNext [de::getContexts -window 5]]
[20:47:43.32] /# gi::executeAction deEndDrag -in [gi::getWindows 5]
[20:47:43.32] /i de::endDrag {4.713 1.149} -context [db::getNext [de::getContexts -window 5]]
[20:47:43.32] /r dePanToPoint {3.795 1.301}
[20:47:43.96] /# gi::executeAction deCanvasZoomInAtPoint -in [gi::getWindows 5]
[20:47:43.96] /i de::zoom -window [gi::getWindows 5] -factor 2.0 -center {3.787 1.737}
[20:47:43.96] /o {2.373 0.891} {5.21 2.147}
[20:47:46.57] /# gi::setCurrentIndex {lpps} -index {m2 drw} -in [gi::getAssistants leObjectLayerPanel -from [gi::getWindows 5]]
[20:47:46.57] /# gi::setItemSelection {lpps} -index {m2 drw} -in [gi::getAssistants leObjectLayerPanel -from [gi::getWindows 5]]
[20:47:46.64] /# gi::executeAction leOLPSetActiveLPP -in [gi::getAssistants leObjectLayerPanel -from [gi::getWindows 5]]
[20:47:46.64] /i de::setActiveLPP [de::getLPPs -from [oa::DesignFind nmos_nm nmos_dc layout] -filter {%lpp =="m2 drawing"}]
[20:47:49.68] /# gi::executeAction deCanvasZoomInAtPoint -in [gi::getWindows 5]
[20:47:49.68] /i de::zoom -window [gi::getWindows 5] -factor 2.0 -center {3.427 1.593}
[20:47:49.68] /o {2.9 1.242} {4.319 1.87}
[20:47:51.74] /# gi::executeAction deStartDrag -in [gi::getWindows 5]
[20:47:51.75] /i de::startDrag {3.432 1.584} -context [db::getNext [de::getContexts -window 5]]
[20:47:53.66] /# gi::executeAction deEndDrag -in [gi::getWindows 5]
[20:47:53.66] /i de::endDrag {3.432 1.584} -context [db::getNext [de::getContexts -window 5]]
[20:47:53.67] /r dePanToPoint {3.8 1.616}
[20:47:54.29] /i gi::executeAction deObjectActivation -in [gi::getWindows 5]
[20:47:54.42] /# gi::executeAction leBus -in [gi::getWindows 5]
[20:47:54.42] /i ile::createBus
[20:47:55.81] /# gi::executeAction deAddPoint -in [gi::getWindows 5]
[20:47:55.82] /i de::addPoint {3.432 1.584} -context [db::getNext [de::getContexts -window 5]]
[20:47:58.15] /i gi::executeAction deObjectActivation -in [gi::getWindows 5]
[20:47:58.15] /# gi::executeAction deAbortCommand -in [gi::getWindows 5]
[20:47:58.15] /i de::abortCommand -context [db::getNext [de::getContexts -window 5]]
[20:47:59.20] /# gi::executeAction lePin -in [gi::getWindows 5]
[20:47:59.20] /i ile::createPin
[20:48:01.63] /# gi::executeAction deStartDrag -in [gi::getWindows 5]
[20:48:01.63] /i de::startDrag {3.432 1.575} -context [db::getNext [de::getContexts -window 5]]
[20:48:02.24] /# gi::executeAction deEndDrag -in [gi::getWindows 5]
[20:48:02.24] /i de::endDrag {3.551 1.614} -context [db::getNext [de::getContexts -window 5]]
[20:48:03.00] /# gi::executeAction deAbortCommand -in [gi::getWindows 5]
[20:48:03.00] /i de::abortCommand -context [db::getNext [de::getContexts -window 5]]
[20:48:04.50] /# gi::executeAction leOLPSetActiveLPP -in [gi::getAssistants leObjectLayerPanel -from [gi::getWindows 5]]
[20:48:04.50] /i de::setActiveLPP [de::getLPPs -from [oa::DesignFind nmos_nm nmos_dc layout] -filter {%lpp =="m2 drawing"}]
[20:48:05.01] /# gi::executeAction leOLPSetActiveLPP -in [gi::getAssistants leObjectLayerPanel -from [gi::getWindows 5]]
[20:48:05.02] /i de::setActiveLPP [de::getLPPs -from [oa::DesignFind nmos_nm nmos_dc layout] -filter {%lpp =="m2 drawing"}]
[20:48:05.17] /# gi::executeAction leOLPSetActiveLPP -in [gi::getAssistants leObjectLayerPanel -from [gi::getWindows 5]]
[20:48:05.17] /i de::setActiveLPP [de::getLPPs -from [oa::DesignFind nmos_nm nmos_dc layout] -filter {%lpp =="m2 drawing"}]
[20:48:05.19] /# gi::executeAction leShowLPPInDisplayResourceEditor -in [gi::getAssistants leObjectLayerPanel -from [gi::getWindows 5]]
[20:48:05.19] /i dr::showDisplayResourceEditor -parent 5 -lpp [db::getAttr lpp -of [de::getLPPs -from [oa::DesignFind nmos_nm nmos_dc layout] -filter {%lpp =="m2 drawing"}]]
[20:48:05.20] /r giWindowId 9
[20:48:05.21] /r giWindowGeometry 100x100
[20:48:05.79] /# gi::setItemSelection {editorPackets} -index {active} -in [gi::getWindows 9]
[20:48:05.79] /# gi::setCurrentIndex {editorPackets} -index {active} -in [gi::getWindows 9]
[20:48:05.80] /# gi::setItemSelection {editorLPPView} -index {m2 drw} -in [gi::getWindows 9]
[20:48:05.81] /o oa:0x1f338820
[20:48:07.23] /i gi::setActiveWindow 5
[20:48:07.23] /i gi::setActiveWindow 5 -raise true
[20:48:08.31] /i gi::executeAction giCloseWindow -in [gi::getWindows 9]
[20:48:08.76] /# gi::executeAction leInterconnect -in [gi::getWindows 5]
[20:48:08.76] /i ile::createInterconnect
[20:48:11.27] /# gi::executeAction deAddPoint -in [gi::getWindows 5]
[20:48:11.27] /i de::addPoint {3.429 1.571} -context [db::getNext [de::getContexts -window 5]]
[20:48:13.51] /# gi::executeAction deAbortCommand -in [gi::getWindows 5]
[20:48:13.51] /i de::abortCommand -context [db::getNext [de::getContexts -window 5]]
[20:48:15.68] /# gi::executeAction leInterconnect -in [gi::getWindows 5]
[20:48:15.68] /i ile::createInterconnect
[20:48:23.41] /# gi::executeAction deAddPoint -in [gi::getWindows 5]
[20:48:23.41] /i de::addPoint {3.431 1.708} -context [db::getNext [de::getContexts -window 5]]
[20:48:24.78] /# gi::executeAction deAbortCommand -in [gi::getWindows 5]
[20:48:24.78] /i de::abortCommand -context [db::getNext [de::getContexts -window 5]]
[20:48:26.35] /# gi::executeAction leInterconnect -in [gi::getWindows 5]
[20:48:26.35] /i ile::createInterconnect
[20:48:27.05] /# gi::executeAction deAddPoint -in [gi::getWindows 5]
[20:48:27.05] /i de::addPoint {3.432 1.661} -context [db::getNext [de::getContexts -window 5]]
[20:48:29.04] /# gi::executeAction deAbortCommand -in [gi::getWindows 5]
[20:48:29.04] /i de::abortCommand -context [db::getNext [de::getContexts -window 5]]
[20:48:30.56] /# gi::executeAction leInterconnect -in [gi::getWindows 5]
[20:48:30.56] /i ile::createInterconnect
[20:48:30.93] /# gi::executeAction deAddPoint -in [gi::getWindows 5]
[20:48:30.93] /i de::addPoint {3.432 1.651} -context [db::getNext [de::getContexts -window 5]]
[20:48:41.27] /# gi::executeAction deAddPoint -in [gi::getWindows 5]
[20:48:41.27] /i de::addPoint {4.231 1.647} -context [db::getNext [de::getContexts -window 5]]
[20:48:51.76] /# gi::executeAction deAbortCommand -in [gi::getWindows 5]
[20:48:51.76] /i de::abortCommand -context [db::getNext [de::getContexts -window 5]]
[20:48:53.76] /# gi::executeAction lePin -in [gi::getWindows 5]
[20:48:53.76] /i ile::createPin
[20:48:58.14] /# gi::executeAction lePin -in [gi::getWindows 5]
[20:48:58.14] /i ile::createPin
[20:48:58.70] /# gi::executeAction lePin -in [gi::getWindows 5]
[20:48:58.70] /i ile::createPin
[20:48:59.14] /# gi::executeAction leInterconnect -in [gi::getWindows 5]
[20:48:59.14] /i ile::createInterconnect
[20:49:03.48] /i gi::setField {createAngleMode} -value {Any Angle} -in [gi::getToolbars {deCommandOptions} -from [gi::getWindows 5]]
[20:49:05.55] /# gi::executeAction deAddPoint -in [gi::getWindows 5]
[20:49:05.55] /i de::addPoint {3.431 1.573} -context [db::getNext [de::getContexts -window 5]]
[20:49:08.87] /# gi::executeAction deAbortCommand -in [gi::getWindows 5]
[20:49:08.88] /i de::abortCommand -context [db::getNext [de::getContexts -window 5]]
[20:49:11.58] /# gi::executeAction deSelectActive -in [gi::getWindows 5]
[20:49:11.58] /i de::deselectAllLogic -context [db::getNext [de::getContexts -window 5]]
[20:49:13.65] /# gi::executeAction leInterconnect -in [gi::getWindows 5]
[20:49:13.65] /i ile::createInterconnect
[20:49:16.87] /# gi::executeAction deAddPoint -in [gi::getWindows 5]
[20:49:16.87] /i de::addPoint {3.43 1.669} -context [db::getNext [de::getContexts -window 5]]
[20:49:21.49] /# gi::executeAction deAddPoint -in [gi::getWindows 5]
[20:49:21.49] /i de::addPoint {4.23 1.669} -context [db::getNext [de::getContexts -window 5]]
[20:49:27.29] /# gi::executeAction deAddPoint -in [gi::getWindows 5]
[20:49:27.29] /i de::addPoint {4.231 1.668} -context [db::getNext [de::getContexts -window 5]]
[20:49:27.43] /# gi::executeAction deCompleteShape -in [gi::getWindows 5]
[20:49:27.43] /i de::completeShape -context [db::getNext [de::getContexts -window 5]]
[20:49:28.98] /# gi::executeAction deAbortCommand -in [gi::getWindows 5]
[20:49:28.98] /i de::abortCommand -context [db::getNext [de::getContexts -window 5]]
[20:49:29.77] /# gi::executeAction deSelectActive -in [gi::getWindows 5]
[20:49:29.77] /i de::deselectAllLogic -context [db::getNext [de::getContexts -window 5]]
[20:49:32.02] /# gi::setCurrentIndex {lpps} -index {m2 pin} -in [gi::getAssistants leObjectLayerPanel -from [gi::getWindows 5]]
[20:49:32.02] /# gi::setItemSelection {lpps} -index {m2 pin} -in [gi::getAssistants leObjectLayerPanel -from [gi::getWindows 5]]
[20:49:32.10] /# gi::executeAction leOLPSetActiveLPP -in [gi::getAssistants leObjectLayerPanel -from [gi::getWindows 5]]
[20:49:32.10] /i de::setActiveLPP [de::getLPPs -from [oa::DesignFind nmos_nm nmos_dc layout] -filter {%lpp =="m2 pin"}]
[20:49:33.46] /# gi::executeAction leInterconnect -in [gi::getWindows 5]
[20:49:33.46] /i ile::createInterconnect
[20:49:35.83] /# gi::executeAction lePin -in [gi::getWindows 5]
[20:49:35.83] /i ile::createPin
[20:49:37.19] /# gi::executeAction deStartDrag -in [gi::getWindows 5]
[20:49:37.19] /i de::startDrag {3.474 1.708} -context [db::getNext [de::getContexts -window 5]]
[20:49:37.71] /# gi::executeAction deEndDrag -in [gi::getWindows 5]
[20:49:37.71] /i de::endDrag {3.543 1.661} -context [db::getNext [de::getContexts -window 5]]
[20:49:39.87] /# gi::executeAction leBus -in [gi::getWindows 5]
[20:49:39.87] /i ile::createBus
[20:49:41.23] /# gi::executeAction deStartDrag -in [gi::getWindows 5]
[20:49:41.23] /i de::startDrag {3.454 1.712} -context [db::getNext [de::getContexts -window 5]]
[20:49:41.24] /# gi::setItemSelection {lpps} -index {} -in [gi::getAssistants leObjectLayerPanel -from [gi::getWindows 5]]
[20:49:41.24] /# gi::setItemSelection {lpps} -index {m2 drw} -in [gi::getAssistants leObjectLayerPanel -from [gi::getWindows 5]]
[20:49:41.49] /# gi::executeAction deEndDrag -in [gi::getWindows 5]
[20:49:41.49] /i de::endDrag {3.573 1.6} -context [db::getNext [de::getContexts -window 5]]
[20:49:44.00] /# gi::executeAction deAbortCommand -in [gi::getWindows 5]
[20:49:44.00] /i de::abortCommand -context [db::getNext [de::getContexts -window 5]]
[20:49:44.59] /i gi::executeAction deCanvasDragCancel -in [gi::getWindows 5]
[20:49:44.98] /i gi::executeAction deCanvasDragCancel -in [gi::getWindows 5]
[20:49:45.39] /# gi::executeAction giPostContextMenu -in [gi::getWindows 5]
[20:49:45.42] /i gi::executeAction menuPreShow -in [gi::getWindows 5]
[20:49:45.42] /r giMenuAccess db::getNext [gi::getMenus lePathContextMenu]
[20:49:56.73] /# gi::executeAction deSelectActive -in [gi::getWindows 5]
[20:49:56.73] /i de::deselectAll [db::getNext [de::getContexts -window 5]]
[20:49:56.73] /i de::select [de::getActiveFigure [gi::getWindows 5] -point {4.166 1.651} -index 0 -intent none]
[20:49:56.73] /o oa:0x21728060
[20:49:57.78] /# gi::executeAction giPostContextMenu -in [gi::getWindows 5]
[20:49:57.80] /i gi::executeAction menuPreShow -in [gi::getWindows 5]
[20:49:57.80] /r giMenuAccess db::getNext [gi::getMenus lePathContextMenu]
[20:49:59.93] /# gi::executeAction leDelete -in [gi::getWindows 5]
[20:49:59.93] /i ile::delete
[20:50:02.12] /# gi::setCurrentIndex {lpps} -index {m2 drw} -in [gi::getAssistants leObjectLayerPanel -from [gi::getWindows 5]]
[20:50:02.19] /# gi::executeAction leOLPSetActiveLPP -in [gi::getAssistants leObjectLayerPanel -from [gi::getWindows 5]]
[20:50:02.19] /i de::setActiveLPP [de::getLPPs -from [oa::DesignFind nmos_nm nmos_dc layout] -filter {%lpp =="m2 drawing"}]
[20:50:02.75] /# gi::executeAction leOLPSetActiveLPP -in [gi::getAssistants leObjectLayerPanel -from [gi::getWindows 5]]
[20:50:02.75] /i de::setActiveLPP [de::getLPPs -from [oa::DesignFind nmos_nm nmos_dc layout] -filter {%lpp =="m2 drawing"}]
[20:50:02.92] /# gi::executeAction leOLPSetActiveLPP -in [gi::getAssistants leObjectLayerPanel -from [gi::getWindows 5]]
[20:50:02.92] /i de::setActiveLPP [de::getLPPs -from [oa::DesignFind nmos_nm nmos_dc layout] -filter {%lpp =="m2 drawing"}]
[20:50:02.92] /# gi::executeAction leShowLPPInDisplayResourceEditor -in [gi::getAssistants leObjectLayerPanel -from [gi::getWindows 5]]
[20:50:02.92] /i dr::showDisplayResourceEditor -parent 5 -lpp [db::getAttr lpp -of [de::getLPPs -from [oa::DesignFind nmos_nm nmos_dc layout] -filter {%lpp =="m2 drawing"}]]
[20:50:02.94] /r giWindowId 10
[20:50:02.95] /r giWindowGeometry 100x100
[20:50:03.19] /# gi::setItemSelection {editorPackets} -index {active} -in [gi::getWindows 10]
[20:50:03.19] /# gi::setCurrentIndex {editorPackets} -index {active} -in [gi::getWindows 10]
[20:50:03.20] /# gi::setItemSelection {editorLPPView} -index {m2 drw} -in [gi::getWindows 10]
[20:50:03.20] /o oa:0x2133a0d0
[20:50:05.53] /i gi::executeAction giCloseWindow -in [gi::getWindows 10]
[20:50:05.59] /i gi::setActiveWindow 5
[20:50:05.59] /i gi::setActiveWindow 5 -raise true
[20:50:07.35] /# gi::executeAction leOLPToggleSelectable -in [gi::getAssistants leObjectLayerPanel -from [gi::getWindows 5]]
[20:50:07.35] /i db::setAttr selectable -of [de::getLPPs -filter {%lpp == "m2 drawing"} -from [de::getActiveContext] ] -value false
[20:50:09.01] /# gi::executeAction giPostContextMenu -in [gi::getAssistants leObjectLayerPanel -from [gi::getWindows 5]]
[20:50:09.08] /# gi::executeAction leOLPSetActiveLPP -in [gi::getAssistants leObjectLayerPanel -from [gi::getWindows 5]]
[20:50:09.08] /i de::setActiveLPP [de::getLPPs -from [oa::DesignFind nmos_nm nmos_dc layout] -filter {%lpp =="m2 drawing"}]
[20:50:26.16] /# gi::executeAction leRectangle -in [gi::getWindows 5]
[20:50:26.16] /i ile::createRectangle
[20:50:27.74] /# gi::executeAction deAddPoint -in [gi::getWindows 5]
[20:50:27.74] /i de::addPoint {3.429 1.566} -context [db::getNext [de::getContexts -window 5]]
[20:50:31.29] /# gi::executeAction deAddPoint -in [gi::getWindows 5]
[20:50:31.29] /i de::addPoint {4.23 1.772} -context [db::getNext [de::getContexts -window 5]]
[20:50:33.33] /# gi::executeAction leVia -in [gi::getWindows 5]
[20:50:33.33] /i ile::createVia
[20:50:33.47] /o oa:0x1a82e240
[20:50:43.13] /# gi::executeAction deAddPoint -in [gi::getWindows 5]
[20:50:43.13] /i de::addPoint {3.658 1.687} -context [db::getNext [de::getContexts -window 5]]
[20:50:46.28] /# gi::executeAction deAddPoint -in [gi::getWindows 5]
[20:50:46.28] /i de::addPoint {4.003 1.682} -context [db::getNext [de::getContexts -window 5]]
[20:50:47.29] /# gi::executeAction deAbortCommand -in [gi::getWindows 5]
[20:50:47.29] /i de::abortCommand -context [db::getNext [de::getContexts -window 5]]
[20:50:49.02] /# gi::executeAction deSelectActive -in [gi::getWindows 5]
[20:50:49.02] /i de::deselectAll [db::getNext [de::getContexts -window 5]]
[20:50:49.02] /i de::select [de::getActiveFigure [gi::getWindows 5] -point {3.64 1.692} -index 0 -intent none]
[20:50:49.02] /o oa:0x1fe1e770
[20:50:49.34] /w Warning: Nothing is bound to the 'BackSpace' in the current active set. (WINDOW-015)
[20:50:50.19] /# gi::executeAction leDelete -in [gi::getWindows 5]
[20:50:50.19] /i ile::delete
[20:50:50.79] /# gi::executeAction deSelectActive -in [gi::getWindows 5]
[20:50:50.79] /i de::deselectAll [db::getNext [de::getContexts -window 5]]
[20:50:50.79] /i de::select [de::getActiveFigure [gi::getWindows 5] -point {3.979 1.686} -index 0 -intent none]
[20:50:50.79] /o oa:0x1eeee5f0
[20:50:50.87] /# gi::executeAction leDelete -in [gi::getWindows 5]
[20:50:50.87] /i ile::delete
[20:50:51.78] /# gi::executeAction leVia -in [gi::getWindows 5]
[20:50:51.78] /i ile::createVia
[20:50:51.85] /o oa:0x1e8c04a0
[20:50:55.96] /i gi::setField {viaDefName} -value {via12} -in [gi::getToolbars {deCommandOptions} -from [gi::getWindows 5]]
[20:50:58.58] /# gi::executeAction deAddPoint -in [gi::getWindows 5]
[20:50:58.58] /i de::addPoint {3.651 1.682} -context [db::getNext [de::getContexts -window 5]]
[20:51:01.02] /# gi::executeAction deAddPoint -in [gi::getWindows 5]
[20:51:01.02] /i de::addPoint {4 1.682} -context [db::getNext [de::getContexts -window 5]]
[20:51:04.15] /# gi::setCurrentIndex {lpps} -index {m1 drw} -in [gi::getAssistants leObjectLayerPanel -from [gi::getWindows 5]]
[20:51:04.15] /# gi::setItemSelection {lpps} -index {m1 drw} -in [gi::getAssistants leObjectLayerPanel -from [gi::getWindows 5]]
[20:51:04.21] /# gi::executeAction leOLPSetActiveLPP -in [gi::getAssistants leObjectLayerPanel -from [gi::getWindows 5]]
[20:51:04.21] /i de::setActiveLPP [de::getLPPs -from [oa::DesignFind nmos_nm nmos_dc layout] -filter {%lpp =="m1 drawing"}]
[20:51:05.93] /# gi::executeAction leRotate90 -in [gi::getWindows 5]
[20:51:05.93] /i de::commandOption R90 -point {3.688 1.399}
[20:51:06.75] /# gi::executeAction deAbortCommand -in [gi::getWindows 5]
[20:51:06.75] /i de::abortCommand -context [db::getNext [de::getContexts -window 5]]
[20:51:07.40] /# gi::executeAction leRectangle -in [gi::getWindows 5]
[20:51:07.40] /i ile::createRectangle
[20:51:09.86] /# gi::executeAction deAddPoint -in [gi::getWindows 5]
[20:51:09.86] /i de::addPoint {3.603 1.311} -context [db::getNext [de::getContexts -window 5]]
[20:51:14.11] /# gi::executeAction deAddPoint -in [gi::getWindows 5]
[20:51:14.11] /i de::addPoint {3.704 1.743} -context [db::getNext [de::getContexts -window 5]]
[20:51:16.41] /# gi::executeAction deAddPoint -in [gi::getWindows 5]
[20:51:16.41] /i de::addPoint {3.953 1.311} -context [db::getNext [de::getContexts -window 5]]
[20:51:19.65] /# gi::executeAction deAddPoint -in [gi::getWindows 5]
[20:51:19.65] /i de::addPoint {4.056 1.743} -context [db::getNext [de::getContexts -window 5]]
[20:51:20.66] /# gi::executeAction deAbortCommand -in [gi::getWindows 5]
[20:51:20.66] /i de::abortCommand -context [db::getNext [de::getContexts -window 5]]
[20:51:22.79] /# gi::setCurrentIndex {lpps} -index {m2 pin} -in [gi::getAssistants leObjectLayerPanel -from [gi::getWindows 5]]
[20:51:22.79] /# gi::setItemSelection {lpps} -index {m2 pin} -in [gi::getAssistants leObjectLayerPanel -from [gi::getWindows 5]]
[20:51:22.85] /# gi::executeAction leOLPSetActiveLPP -in [gi::getAssistants leObjectLayerPanel -from [gi::getWindows 5]]
[20:51:22.85] /i de::setActiveLPP [de::getLPPs -from [oa::DesignFind nmos_nm nmos_dc layout] -filter {%lpp =="m2 pin"}]
[20:51:23.72] /# gi::executeAction leRectangle -in [gi::getWindows 5]
[20:51:23.72] /i ile::createRectangle
[20:51:24.62] /# gi::executeAction deAddPoint -in [gi::getWindows 5]
[20:51:24.62] /i de::addPoint {3.786 1.695} -context [db::getNext [de::getContexts -window 5]]
[20:51:27.08] /# gi::executeAction deAddPoint -in [gi::getWindows 5]
[20:51:27.08] /i de::addPoint {3.872 1.62} -context [db::getNext [de::getContexts -window 5]]
[20:51:28.71] /# gi::executeAction deAbortCommand -in [gi::getWindows 5]
[20:51:28.71] /i de::abortCommand -context [db::getNext [de::getContexts -window 5]]
[20:51:31.52] /# gi::executeAction deSelectActive -in [gi::getWindows 5]
[20:51:31.52] /i de::deselectAllLogic -context [db::getNext [de::getContexts -window 5]]
[20:51:32.09] /# gi::executeAction leDelete -in [gi::getWindows 5]
[20:51:32.09] /i ile::delete
[20:51:32.45] /# gi::executeAction deAddPoint -in [gi::getWindows 5]
[20:51:32.45] /i de::addPoint {3.833 1.644} -context [db::getNext [de::getContexts -window 5]]
[20:51:33.25] /# gi::executeAction deAddPoint -in [gi::getWindows 5]
[20:51:33.25] /i de::addPoint {3.897 1.852} -context [db::getNext [de::getContexts -window 5]]
[20:51:33.75] /# gi::executeAction deAbortCommand -in [gi::getWindows 5]
[20:51:33.75] /i de::abortCommand -context [db::getNext [de::getContexts -window 5]]
[20:51:34.34] /# gi::executeAction deSelectActive -in [gi::getWindows 5]
[20:51:34.34] /i de::deselectAllLogic -context [db::getNext [de::getContexts -window 5]]
[20:51:35.48] /# gi::executeAction leOLPSetActiveLPP -in [gi::getAssistants leObjectLayerPanel -from [gi::getWindows 5]]
[20:51:35.48] /i de::setActiveLPP [de::getLPPs -from [oa::DesignFind nmos_nm nmos_dc layout] -filter {%lpp =="m2 pin"}]
[20:51:37.91] /# gi::executeAction deSelectActive -in [gi::getWindows 5]
[20:51:37.91] /i de::deselectAllLogic -context [db::getNext [de::getContexts -window 5]]
[20:51:38.95] /# gi::setCurrentIndex {lpps} -index {v2 drw} -in [gi::getAssistants leObjectLayerPanel -from [gi::getWindows 5]]
[20:51:38.95] /# gi::setItemSelection {lpps} -index {v2 drw} -in [gi::getAssistants leObjectLayerPanel -from [gi::getWindows 5]]
[20:51:39.02] /# gi::executeAction leOLPSetActiveLPP -in [gi::getAssistants leObjectLayerPanel -from [gi::getWindows 5]]
[20:51:39.02] /i de::setActiveLPP [de::getLPPs -from [oa::DesignFind nmos_nm nmos_dc layout] -filter {%lpp =="v2 drawing"}]
[20:51:39.63] /# gi::setCurrentIndex {lpps} -index {m2 pin} -in [gi::getAssistants leObjectLayerPanel -from [gi::getWindows 5]]
[20:51:39.63] /# gi::setItemSelection {lpps} -index {m2 pin} -in [gi::getAssistants leObjectLayerPanel -from [gi::getWindows 5]]
[20:51:39.69] /# gi::executeAction leOLPSetActiveLPP -in [gi::getAssistants leObjectLayerPanel -from [gi::getWindows 5]]
[20:51:39.69] /i de::setActiveLPP [de::getLPPs -from [oa::DesignFind nmos_nm nmos_dc layout] -filter {%lpp =="m2 pin"}]
[20:51:39.86] /# gi::executeAction leOLPSetActiveLPP -in [gi::getAssistants leObjectLayerPanel -from [gi::getWindows 5]]
[20:51:39.86] /i de::setActiveLPP [de::getLPPs -from [oa::DesignFind nmos_nm nmos_dc layout] -filter {%lpp =="m2 pin"}]
[20:51:39.87] /# gi::executeAction leShowLPPInDisplayResourceEditor -in [gi::getAssistants leObjectLayerPanel -from [gi::getWindows 5]]
[20:51:39.87] /i dr::showDisplayResourceEditor -parent 5 -lpp [db::getAttr lpp -of [de::getLPPs -from [oa::DesignFind nmos_nm nmos_dc layout] -filter {%lpp =="v2 drawing"}]]
[20:51:39.88] /r giWindowId 11
[20:51:39.90] /r giWindowGeometry 100x100
[20:51:40.24] /# gi::setItemSelection {editorPackets} -index {active} -in [gi::getWindows 11]
[20:51:40.24] /# gi::setCurrentIndex {editorPackets} -index {active} -in [gi::getWindows 11]
[20:51:40.25] /# gi::setItemSelection {editorLPPView} -index {v2 drw} -in [gi::getWindows 11]
[20:51:40.26] /o oa:0x1f2b0fe0
[20:51:40.34] /i gi::setActiveWindow 5
[20:51:40.34] /i gi::setActiveWindow 5 -raise true
[20:51:41.45] /i gi::executeAction giCloseWindow -in [gi::getWindows 11]
[20:51:42.85] /# gi::executeAction lePin -in [gi::getWindows 5]
[20:51:42.85] /i ile::createPin
[20:51:43.18] /# gi::executeAction lePin -in [gi::getWindows 5]
[20:51:43.18] /i ile::createPin
[20:51:45.92] /# gi::executeAction dbPrint -in [gi::getWindows 5]
[20:51:45.92] /i db::showPrint -parent 5
[20:51:46.01] /o oa:0x20ed5660
[20:51:46.04] /# gi::executeAction leDistance -in [gi::getWindows 5]
[20:51:46.04] /i ile::measureDistance
[20:51:46.19] /i gi::setActiveDialog [gi::getDialogs {dbPrint} -parent [gi::getWindows 5]]
[20:51:46.33] /i db::setAttr geometry -of [gi::getDialogs {dbPrint} -parent [gi::getWindows 5]] -value 638x650+631+140
[20:51:47.84] /i gi::closeWindows [gi::getDialogs {dbPrint} -parent [gi::getWindows 5]]
[20:51:49.80] /# gi::executeAction lePin -in [gi::getWindows 5]
[20:51:49.80] /i ile::createPin
[20:51:52.88] /i gi::setField {termName} -value {vdd!} -in [gi::getToolbars {deCommandOptions} -from [gi::getWindows 5]]
[20:51:54.84] /# gi::executeAction deStartDrag -in [gi::getWindows 5]
[20:51:54.84] /i de::startDrag {3.778 1.703} -context [db::getNext [de::getContexts -window 5]]
[20:51:56.99] /# gi::executeAction deEndDrag -in [gi::getWindows 5]
[20:51:56.99] /i de::endDrag {3.868 1.632} -context [db::getNext [de::getContexts -window 5]]
[20:51:59.06] /# gi::executeAction deAbortCommand -in [gi::getWindows 5]
[20:51:59.07] /i de::abortCommand -context [db::getNext [de::getContexts -window 5]]
[20:52:00.81] /# gi::executeAction deSelectActive -in [gi::getWindows 5]
[20:52:00.81] /i de::deselectAll [db::getNext [de::getContexts -window 5]]
[20:52:00.81] /i de::select [de::getActiveFigure [gi::getWindows 5] -point {3.834 1.656} -index 0 -intent none]
[20:52:00.81] /o oa:0x1f1eacb0
[20:52:01.23] /# gi::executeAction leDelete -in [gi::getWindows 5]
[20:52:01.23] /i ile::delete
[20:52:02.56] /# gi::executeAction leOLPSetActiveLPP -in [gi::getAssistants leObjectLayerPanel -from [gi::getWindows 5]]
[20:52:02.56] /i de::setActiveLPP [de::getLPPs -from [oa::DesignFind nmos_nm nmos_dc layout] -filter {%lpp =="m2 pin"}]
[20:52:03.80] /# gi::executeAction lePin -in [gi::getWindows 5]
[20:52:03.80] /i ile::createPin
[20:52:05.61] /i gi::setField {pinLabel} -value {true} -in [gi::getToolbars {deCommandOptions} -from [gi::getWindows 5]]
[20:52:08.17] /i gi::setField {termName} -value {vdd!} -in [gi::getToolbars {deCommandOptions} -from [gi::getWindows 5]]
[20:52:09.23] /# gi::executeAction deStartDrag -in [gi::getWindows 5]
[20:52:09.23] /i de::startDrag {3.773 1.703} -context [db::getNext [de::getContexts -window 5]]
[20:52:10.22] /# gi::executeAction deEndDrag -in [gi::getWindows 5]
[20:52:10.22] /i de::endDrag {3.867 1.641} -context [db::getNext [de::getContexts -window 5]]
[20:52:11.51] /# gi::executeAction deAbortCommand -in [gi::getWindows 5]
[20:52:11.51] /i de::abortCommand -context [db::getNext [de::getContexts -window 5]]
[20:52:11.92] /# gi::executeAction deCanvasZoomOutAtPoint -in [gi::getWindows 5]
[20:52:11.92] /i de::zoom -window [gi::getWindows 5] -factor 0.5 -center {4.112 1.792}
[20:52:11.92] /o {2.07 0.812} {4.908 2.067}
[20:52:12.31] /# gi::executeAction deCanvasZoomOutAtPoint -in [gi::getWindows 5]
[20:52:12.31] /i de::zoom -window [gi::getWindows 5] -factor 0.5 -center {4.112 1.792}
[20:52:12.31] /o {0.029 -0.168} {5.704 2.343}
[20:52:13.79] /# gi::executeAction deCanvasZoomInAtPoint -in [gi::getWindows 5]
[20:52:13.79] /i de::zoom -window [gi::getWindows 5] -factor 2.0 -center {4.638 1.024}
[20:52:13.79] /o {2.333 0.428} {5.171 1.683}
[20:52:17.54] /# gi::executeAction dePan -in [gi::getWindows 5]
[20:52:17.54] /i ide::pan [db::getNext [de::getContexts -window 5]]
[20:52:17.83] /# gi::executeAction deStartDrag -in [gi::getWindows 5]
[20:52:17.83] /i de::startDrag {4.457 1.383} -context [db::getNext [de::getContexts -window 5]]
[20:52:18.38] /# gi::executeAction deEndDrag -in [gi::getWindows 5]
[20:52:18.38] /i de::endDrag {4.457 1.379} -context [db::getNext [de::getContexts -window 5]]
[20:52:18.38] /r dePanToPoint {3.827 1.515}
[20:52:21.63] /# gi::executeAction deCanvasZoomInAtPoint -in [gi::getWindows 5]
[20:52:21.63] /i de::zoom -window [gi::getWindows 5] -factor 2.0 -center {3.485 1.76}
[20:52:21.63] /o {2.947 1.324} {4.365 1.951}
[20:52:27.45] /# gi::executeAction xtLVSRun -in [gi::getWindows 5]
[20:52:27.45] /i xt::physicalVerification::executeRun lvs 5
[20:52:28.12] /# xt::physicalVerification::executePve lvs 5
[20:52:29.87] /m Information: "Starting netlisting for design "nmos_nm/nmos_dc/schematic"..." (NETLISTING-010)
[20:52:29.92] /o No Design Integrity rule violations found in "nmos_nm/nmos_dc/schematic"
[20:52:30.06] /m Information: "Netlisting design "nmos_nm/nmos_dc/schematic" finished successfully." (NETLISTING-012)
[20:52:30.22] /r giWindowId 12
[20:52:30.32] /r giWindowGeometry 800x600
[20:52:39.76] /m Information: 
              /c =============================
              /c JobID: hercules_lvs_1
              /c Completed with no errors.
              /c =============================
              /c 
[20:52:41.24] /i gi::setActiveTab {tabs} -tabName {nmos_dc.LVS_ERRORS} -in [gi::getWindows 12]
[20:52:42.24] /i gi::setActiveTab {tabs} -tabName {nmos_dc.LAYOUT_ERRORS} -in [gi::getWindows 12]
[20:52:44.55] /i gi::executeAction giCloseWindow -in [gi::getWindows 12]
[20:52:44.57] /i gi::setActiveWindow 5
[20:52:44.57] /i gi::setActiveWindow 5 -raise true
[20:52:45.32] /i gi::setActiveWindow 4
[20:52:45.32] /i gi::setActiveWindow 4 -raise true
[20:52:46.32] /i gi::setActiveWindow 5
[20:52:46.32] /i gi::setActiveWindow 5 -raise true
[20:52:48.51] /# gi::executeAction xtDRCRun -in [gi::getWindows 5]
[20:52:48.51] /i xt::physicalVerification::executeRun drc 5
[20:52:48.88] /# xt::physicalVerification::executePve drc 5
[20:52:50.28] /r giWindowId 13
[20:52:50.29] /r giWindowGeometry 800x600
[20:52:52.67] /m Information: 
              /c =============================
              /c JobID: hercules_drc_1
              /c Completed with no errors.
              /c =============================
              /c 
[20:53:00.84] /i gi::setActiveTab {tabs} -tabName {nmos_dc.LAYOUT_ERRORS} -in [gi::getWindows 13]
[20:53:02.35] /i gi::executeAction giCloseWindow -in [gi::getWindows 13]
[20:53:02.42] /i gi::setActiveWindow 5
[20:53:02.42] /i gi::setActiveWindow 5 -raise true
[20:53:04.94] /# gi::executeAction xtLPESetup -in [gi::getWindows 5]
[20:53:04.94] /i xt::showLPESetup -job lpe -window 5
[20:53:06.02] /o oa:0x1f3569c0
[20:53:06.15] /i gi::setActiveDialog [gi::getDialogs {xtLPESetup} -parent [gi::getWindows 5]]
[20:53:06.44] /i db::setAttr geometry -of [gi::getDialogs {xtLPESetup} -parent [gi::getWindows 5]] -value 487x659+830+136
[20:53:07.46] /i gi::setActiveTab {/tabGroup} -tabName {/tabGroup/extractionOptionsTab} -in [gi::getDialogs {xtLPESetup} -parent [gi::getWindows 5]]
[20:53:08.23] /i gi::setActiveTab {/tabGroup} -tabName {/tabGroup/outputOptionsTab} -in [gi::getDialogs {xtLPESetup} -parent [gi::getWindows 5]]
[20:53:10.62] /i gi::pressButton {/ok} -in [gi::getDialogs {xtLPESetup} -parent [gi::getWindows 5]]
[20:53:11.86] /r giDialog gi::setActiveDialog [gi::getDialogs {xtShowDesignsPrompt}]
[20:53:11.86] /r giDialog gi::setCurrentIndex {target} -index {0,0} -in [gi::getDialogs {xtShowDesignsPrompt}]
[20:53:12.06] /r giDialog db::setAttr geometry -of [gi::getDialogs {xtShowDesignsPrompt}] -value 649x290+626+320
[20:53:14.19] /r giDialog gi::closeWindows [gi::getDialogs {xtShowDesignsPrompt}]
[20:53:14.21] /w Warning: Designs requiring check and save still exist.  Input database(s) may be out-of-date.
[20:53:14.22] /# xt::physicalVerification::executePve lpe 5
[20:53:14.72] /r giWindowId 14
[20:53:14.80] /r giWindowGeometry 800x600
[20:53:18.80] /i gi::executeAction giCloseWindow -in [gi::getWindows 14]
[20:53:18.87] /i gi::setActiveWindow 5
[20:53:18.87] /i gi::setActiveWindow 5 -raise true
[20:53:24.02] /# gi::executeAction xtLPERun -in [gi::getWindows 5]
[20:53:24.02] /i xt::physicalVerification::executeRun lpe 5
[20:53:24.39] /# xt::physicalVerification::executePve lpe 5
[20:53:25.28] /r giWindowId 15
[20:53:25.32] /r giWindowGeometry 800x600
[20:53:28.17] /m Information: 
              /c =============================
              /c JobID: starrc_lpe_2
              /c Completed with no errors.
              /c =============================
              /c 
[20:53:30.25] /m Information: 
              /c =============================
              /c JobID: starrc_lpe_1
              /c Completed with no errors.
              /c =============================
              /c 
[20:53:33.40] /i gi::setActiveWindow 5
[20:53:33.40] /i gi::setActiveWindow 5 -raise true
[20:53:34.85] /i gi::setActiveWindow 15
[20:53:34.85] /i gi::setActiveWindow 15 -raise true
[20:53:35.80] /i gi::setActiveTab {tabs} -tabName {nmos_dc.star_sum} -in [gi::getWindows 15]
[20:53:37.34] /i gi::setActiveTab {tabs} -tabName {stdout.lpe.log} -in [gi::getWindows 15]
[20:53:38.37] /i gi::setActiveWindow 2
[20:53:38.37] /i gi::setActiveWindow 2 -raise true
[20:54:45.34] /i gi::setActiveWindow 4
[20:54:45.34] /i gi::setActiveWindow 4 -raise true
[20:54:47.43] /i gi::setActiveWindow 5
[20:54:47.46] /i gi::setActiveWindow 5 -raise true
[20:54:51.80] /# gi::executeAction xtLPERun -in [gi::getWindows 5]
[20:54:51.80] /i xt::physicalVerification::executeRun lpe 5
[20:54:51.95] /# xt::physicalVerification::executePve lpe 5
[20:54:57.96] /m Information: 
              /c =============================
              /c JobID: starrc_lpe_3
              /c Completed with no errors.
              /c =============================
              /c 
[20:55:04.71] /i gi::setActiveTab {tabs} -tabName {nmos_dc.star_sum} -in [gi::getWindows 15]
[20:55:12.65] /i gi::setActiveTab {tabs} -tabName {stdout.lpe.log} -in [gi::getWindows 15]
[20:55:13.27] /i gi::setActiveTab {tabs} -tabName {star_herc_cmd.custom_compiler} -in [gi::getWindows 15]
[21:21:22.36] /r giDialog gi::setActiveDialog [gi::getDialogs {giCloseFrame}]
[21:21:22.62] /r giDialog db::setAttr geometry -of [gi::getDialogs {giCloseFrame}] -value 299x108+811+470
[21:21:24.03] /r giDialog gi::pressButton {giCloseTabsButton} -in [gi::getDialogs {giCloseFrame}]
[21:21:24.08] /i exit
[21:21:24.51] /r giDialog gi::setActiveDialog [gi::getDialogs {deExitDialog}]
[21:21:24.68] /r giDialog db::setAttr geometry -of [gi::getDialogs {deExitDialog}] -value 419x181+741+375
[21:21:27.66] /r giDialog gi::pressButton {ok} -in [gi::getDialogs {deExitDialog}]
[21:21:27.97] /r giDialog gi::setActiveDialog [gi::getDialogs {deCloseDesigns}]
[21:21:27.97] /r giDialog gi::setCurrentIndex {target} -index {0,1} -in [gi::getDialogs {deCloseDesigns}]
[21:21:28.16] /r giDialog db::setAttr geometry -of [gi::getDialogs {deCloseDesigns}] -value 347x280+777+325
[21:21:31.92] /r giDialog gi::pressButton {cancel} -in [gi::getDialogs {deCloseDesigns}]
[21:21:33.12] /i gi::setActiveWindow 2
[21:21:33.13] /i gi::setActiveWindow 2 -raise true
[21:21:34.65] /i gi::setCurrentIndex {views} -index {starrc} -in [gi::getWindows 2]
[21:21:34.69] /i gi::setItemSelection {views} -index {starrc} -in [gi::getWindows 2]
[21:21:36.33] /i gi::setCurrentIndex {cells} -index {nmos_dc_test} -in [gi::getWindows 2]
[21:21:36.36] /i gi::setItemSelection {cells} -index {nmos_dc_test} -in [gi::getWindows 2]
[21:21:37.09] /i gi::setCurrentIndex {views} -index {config} -in [gi::getWindows 2]
[21:21:37.15] /i gi::setItemSelection {views} -index {config} -in [gi::getWindows 2]
[21:21:39.65] /i gi::executeAction dmOpenConfigDesignWrite -in [gi::getWindows 2]
[21:21:39.81] /r giWindowId 16
[21:21:39.88] /r giWindowGeometry 1632x848
[21:21:40.80] /m Information: 
[21:21:40.80] /o Checking "nmos_nm/nmos_dc_test/schematic"
[21:21:40.80] /o No rule violations found in "nmos_nm/nmos_dc_test/schematic"
[21:21:40.80] /m Information: Checking process is completed: marking the design violations
[21:21:40.81] /m Information: Marking of designs is completed
[21:21:42.66] /# gi::executeAction deSelectActive -in [gi::getWindows 16]
[21:21:42.66] /i de::deselectAll [db::getNext [de::getContexts -window 16]]
[21:21:42.67] /i de::select [de::getActiveFigure [gi::getWindows 16] -point {4.26875 1.75} -index 0 -intent none]
[21:21:42.68] /o oa:0x1f8f0460
[21:21:42.80] /# gi::executeAction deDescend -in [gi::getWindows 16]
[21:21:42.81] /i ide::descend 16 -inPlace false -promptView false -readOnly auto
[21:21:42.89] /# Navigating to nmos_nm/nmos_dc/starrc (I0)
[21:21:43.64] /# de::setActiveLPP [de::getLPPs "exclude blockage" -from [db::getAttr editDesign -of [de::getContexts -window 16]]]
[21:21:44.43] /# gi::setItemSelection {sets} -index {Valid} -in [gi::getAssistants leObjectLayerPanel -from [gi::getWindows 16]]
[21:21:44.62] /i db::setAttr dockSize -of [gi::getAssistants leObjectLayerPanel -from [gi::getWindows 16]] -value 200x735
[21:21:49.87] /i gi::executeAction giCloseWindow -in [gi::getWindows 16]
[21:21:50.24] /i gi::setActiveWindow 2
[21:21:50.25] /i gi::setActiveWindow 2 -raise true
[21:21:53.65] /r giDialog gi::setActiveDialog [gi::getDialogs {giCloseFrame}]
[21:21:53.93] /r giDialog db::setAttr geometry -of [gi::getDialogs {giCloseFrame}] -value 299x108+811+470
[21:21:54.76] /r giDialog gi::pressButton {giCloseTabsButton} -in [gi::getDialogs {giCloseFrame}]
[21:21:54.78] /i exit
[21:21:54.99] /r giDialog gi::setActiveDialog [gi::getDialogs {deExitDialog}]
[21:21:55.08] /r giDialog db::setAttr geometry -of [gi::getDialogs {deExitDialog}] -value 419x181+741+375
[21:21:57.67] /r giDialog gi::pressButton {ok} -in [gi::getDialogs {deExitDialog}]
[21:21:57.93] /r giDialog gi::setActiveDialog [gi::getDialogs {deCloseDesigns}]
[21:21:57.93] /r giDialog gi::setCurrentIndex {target} -index {0,1} -in [gi::getDialogs {deCloseDesigns}]
[21:21:58.02] /r giDialog db::setAttr geometry -of [gi::getDialogs {deCloseDesigns}] -value 347x280+777+325
[21:22:02.00] /r giDialog gi::pressButton {checkAndSave} -in [gi::getDialogs {deCloseDesigns}]
[21:22:02.00] /# se::check -design [dm::findCellView {schematic} -cellName {nmos_dc_test} -libName {nmos_nm}] -forceChecks true -autoSave true
[21:22:02.03] /m Information: 
[21:22:02.03] /o Checking "nmos_nm/nmos_dc_test/schematic"
[21:22:02.04] /o No rule violations found in "nmos_nm/nmos_dc_test/schematic"
[21:22:02.04] /o No Design Integrity rule violations found in "nmos_nm/nmos_dc_test/schematic"
[21:22:02.04] /m Information: Checking process is completed: marking the design violations
[21:22:02.09] /m Information: Marking of designs is completed
[21:22:02.09] /m Information: Saving design 'nmos_nm nmos_dc_test schematic'. (DESIGN_WINDOW-004)
[21:22:02.13] /# se::check -design [dm::findCellView {layout} -cellName {nmos_dc} -libName {nmos_nm}] -forceChecks true -autoSave true
[21:22:02.16] /m Information: Saving design 'nmos_nm nmos_dc layout'. (DESIGN_WINDOW-004)
[21:22:02.41] /i gi::setActiveWindow 15
[21:22:02.41] /i gi::setActiveWindow 15 -raise true
[21:22:02.48] /i gi::setActiveWindow 5
[21:22:02.48] /i gi::setActiveWindow 5 -raise true
[21:22:02.52] /i gi::setActiveWindow 4
[21:22:02.52] /i gi::setActiveWindow 4 -raise true
[21:22:02.83] /i gi::setActiveWindow 1
[21:22:02.83] /i gi::setActiveWindow 1 -raise true
[21:22:03.76] /o Shutdown time: Mon Apr 20 21:22:03 2026
[21:22:03.76] /o Elapsed session real time: 1 hour 9 minutes
[21:22:03.76] /o Session terminated. Log is at /root/Excercise/Noise_Margins/nmos/synopsys_custom/logs/ccompiler.root.2026_4_20_201300_3886.log
[21:22:04.07] /m Information: The context with top design nmos_nm/nmos_dc/layout was closed because all the designs in its hierarchy were unexpectedly purged. (DESIGN-113)
