### Custom WaveView ADV log file, revision N-2017.12-SP2 (build May 31, ) ###
### created at 11:57:07 on Tue Jun  9 2026 (Linux AMD64) ###
### Host Name: localhost.localdomain   User ID: root   PID: 18181   ###
wv_start_log
# (0) running in waveview only mode
# (0) HOME defined
sx_open_sim_file_read {tb_netlist_counter_2b_post.tr0}
wv_move_window {Custom WaveView} {} -10 20
wv_expand_tree_item {Custom WaveView} {} {hierview} {D0:tb_netlist_counter_2b_post.tr0(0)} {+sep=@}
wv_select_tree_item {Custom WaveView} {} {hierview} {D0:tb_netlist_counter_2b_post.tr0(0)@toplevel(0)} {0} {+sep=@}
wv_select_list_item {Custom WaveView} {} {sigview} {v(clk)} 3
wv_dclick_list_item {Custom WaveView} {} {sigview} {v(clk)} 3
wv_select_list_item {Custom WaveView} {} {sigview} {v(q1)} 5
wv_dclick_list_item {Custom WaveView} {} {sigview} {v(q1)} 5
wv_select_list_item {Custom WaveView} {} {sigview} {v(q0)} 4
wv_dclick_list_item {Custom WaveView} {} {sigview} {v(q0)} 4
wv_select_window {Custom WaveView} 
wv_select_waveview 1 {waveview 1}
wv_select_wv_item WV1.PANEL1:1.XAXIS1
wv_drag_item_to WV1 349 664
wv_zoom_x WV1.PANEL1:1 1.46341e-08 1.70073e-08
wv_select_menu_item {Custom WaveView} {} {AxisZoom.Full UnZoom} 
wv_select_window {Custom WaveView} 
wv_press_tool_button {Custom WaveView} {} {NewWaveView0} 
wv_press_tool_button {Custom WaveView} {} {OpenWaveformFile0} 
wv_move_window {FileDialog} {} 756 141
wv_select_dialog {FileDialog} 
wv_press_button {FileDialog} {} {Up} 
wv_press_button {FileDialog} {} {Up} 
wv_select_list_item {FileDialog} {} {FileList} {netlist_post} 8
wv_dclick_list_item {FileDialog} {} {FileList} {netlist_post} 8
wv_select_list_item {FileDialog} {} {FileList} {jkff} 4
wv_select_list_item {FileDialog} {} {FileList} {jkff} 4
wv_dclick_list_item {FileDialog} {} {FileList} {jkff} 4
wv_select_list_item {FileDialog} {} {FileList} {tb_netlist_jkffp} 4
wv_select_list_item {FileDialog} {} {FileList} {tb_netlist_jkffp.tr0} 10
wv_dclick_list_item {FileDialog} {} {FileList} {tb_netlist_jkffp.tr0} 10
wv_expand_tree_item {Custom WaveView} {} {hierview} {D1:tb_netlist_jkffp.tr0(1)} {+sep=@}
wv_select_tree_item {Custom WaveView} {} {hierview} {D1:tb_netlist_jkffp.tr0(1)@toplevel(0)} {0} {+sep=@}
wv_select_list_item {Custom WaveView} {} {sigview} {v(clk)} 5
wv_dclick_list_item {Custom WaveView} {} {sigview} {v(clk)} 5
wv_select_list_item {Custom WaveView} {} {sigview} {v(j)} 6
wv_dclick_list_item {Custom WaveView} {} {sigview} {v(j)} 6
wv_select_list_item {Custom WaveView} {} {sigview} {v(k)} 7
wv_dclick_list_item {Custom WaveView} {} {sigview} {v(k)} 7
wv_select_list_item {Custom WaveView} {} {sigview} {v(q)} 8
wv_dclick_list_item {Custom WaveView} {} {sigview} {v(q)} 8
wv_select_list_item {Custom WaveView} {} {sigview} {v(qn)} 9
wv_dclick_list_item {Custom WaveView} {} {sigview} {v(qn)} 9
wv_press_tool_button {Custom WaveView} {waveview 2:2} {Waveview.CloseBtn} 
wv_select_dialog {Confirmation} 
wv_press_button {Confirmation} {} {Ok} 
wv_close_window {Custom WaveView} 
wv_select_dialog {Confirmation} 
#wv_press_button {Confirmation} {} {Ok} 
#*WARNING* Can not remove '/root/.cx_hostport/.cx_hostport_localhost.localdomain_18181'.
