 ****** HSPICE -- N-2017.12-SP2 linux64 (May 24 2018) ******                    
  Copyright (c) 1986 - 2026 by Synopsys, Inc. All Rights Reserved.              
  This software and the associated documentation are proprietary
  to Synopsys, Inc. This software may only be used in accordance
  with the terms and conditions of a written license agreement with
  Synopsys, Inc. All other use, reproduction, or distribution of
  this software is strictly prohibited.
  Input File: tb_netlist_jkff                                                   
  Command line options: /usr/synopsys/hspice/N-2017.12-SP2/hspice/linux64/hspice tb_netlist_jkff -o tb_netlist_jkff.lis
 lic:  
 lic: FLEXlm: SDK_11.6.9.3 
 lic: USER:   root                 HOSTNAME: localhost.localdomain 
 lic: HOSTID: 1234567890ab         PID:      20798 
 lic: Using FLEXlm license file: 
 lic: 27000@localhost 
 lic: Checkout 1 hspice 
 lic: License/Maintenance for hspice will expire on 30-dec-2030/2019.2019 
 lic: 1(in_use)/99(total) FLOATING license(s) on SERVER 27000@localhost 
 lic:   
1****** HSPICE -- N-2017.12-SP2 linux64 (May 24 2018) ******                    
 ******  
 *******************************************************

 ****** circuit name directory
 circuit number to circuit name directory
   number circuitname                     definition         multiplier
        0 main circuit
        1 x1.                             jkff               1.00 
        2 x1.xi0.                         dff                1.00 
        3 x1.xi3.                         nand2              1.00 
        4 x1.xi2.                         nand2              1.00 
        5 x1.xi1.                         nand2              1.00 
        6 x1.xi4.                         inv                1.00 
        7 x1.xi0.xi10.                    inv                1.00 
        8 x1.xi0.xi11.                    inv                1.00 
        9 x1.xi0.xi8.                     dlatch             1.00 
       10 x1.xi0.xi9.                     dlatch             1.00 
       11 x1.xi0.xi8.xi6.                 nand2              1.00 
       12 x1.xi0.xi8.xi5.                 nand2              1.00 
       13 x1.xi0.xi8.xi3.                 nand2              1.00 
       14 x1.xi0.xi8.xi4.                 nand2              1.00 
       15 x1.xi0.xi8.xi7.                 inv                1.00 
       16 x1.xi0.xi9.xi6.                 nand2              1.00 
       17 x1.xi0.xi9.xi5.                 nand2              1.00 
       18 x1.xi0.xi9.xi3.                 nand2              1.00 
       19 x1.xi0.xi9.xi4.                 nand2              1.00 
       20 x1.xi0.xi9.xi7.                 inv                1.00 
  **info** (tb_netlist_jkff:28) DC voltage reset to initial transient source value in source 0:vclk. new dc=0.0000D+00
  **warning** (tb_netlist_jkff:21) Both nodes of element vss are connected together; Line ignored.
  
      
 **info** set option symb=1 internally to help for convergence.
 *****************************************************************
 ******  option summary
 ******
 runlvl  = 3         bypass  = 2.0000    
  Opening plot unit= 15
 file=tb_netlist_jkff.pa0

 **info** dc convergence successful at Newton-Raphson method 
 ******  
 *******************************************************

 ****** operating point information tnom=  25.000 temp=  25.000 ******
 ****** operating point status is voltage   simulation time is     0.     
     node    =voltage       node    =voltage       node    =voltage

 + 0:clk     =   0.       0:j       =   0.       0:k       =   1.2000 
 + 0:q       = 560.8039m  0:qn      = 532.1843m  0:vdd!    =   1.2000 
 + 1:net12   =   1.1999   1:net15   =   1.2000   1:net18   =  15.5434u
 + 1:net9    =  45.6430u  2:net29   =   1.2000   2:net34   =  50.3425u
 + 2:net38   =  19.4304u  2:net39   =   1.1999   3:net1    = 475.0248m
 + 4:net1    = 124.4738u  5:net1    =  29.0026u  9:net1    =   1.1999 
 + 9:net2    =  40.7866u  9:net3    =   1.1999  10:net1    =   1.2000 
 +10:net2    =   1.1999  10:net3    =   1.1999  11:net1    =  92.1599m
 +12:net1    =  26.5733u 13:net1    =  46.3946u 14:net1    =  31.3511u
 +16:net1    =  41.4989m 17:net1    = 974.9040m 18:net1    =  92.1746m
 +19:net1    = 480.0824m

 ******
 *******************************************************

 ****** transient analysis tnom=  25.000 temp=  25.000 ******
 trise_q=  45.3121p  targ=  15.1109n   trig=  15.0656n
 tfall_q=  37.1925p  targ=  45.1327n   trig=  45.0955n
 trise_qn=  48.6220p  targ=  45.1146n   trig=  45.0660n
 tfall_qn=  42.0205p  targ=  15.1307n   trig=  15.0887n

          ***** job concluded
 ******  
 *******************************************************

 ****** job statistics summary tnom=  25.000 temp=  25.000 ******
  
  
 ******  Machine Information  ******
 CPU:
 model name	: 13th Gen Intel(R) Core(TM) i5-13500H
 cpu MHz	: 3187.212
  
 OS:
 Linux version 3.10.0-1160.59.1.el7.x86_64 (mockbuild@kbuilder.bsys.centos.org) (gcc version 4.8.5 20150623 (Red Hat 4.8.5-44) (GCC) ) #1 SMP Wed Feb 23 16:47:03 UTC 2022


  ******  HSPICE Threads Information  ******

  Command Line Threads Count :     1
  Available CPU Count        :     4
  Actual Threads Count       :     1


  ****** Statistics of Ignored Elements ******
  Voltage Sources :       1

  ******  Circuit Statistics  ******
  # nodes       =     140 # elements   =      60
  # resistors   =       0 # capacitors =       2 # inductors   =       0
  # mutual_inds =       0 # vccs       =       0 # vcvs        =       0
  # cccs        =       0 # ccvs       =       0 # volt_srcs   =       4
  # curr_srcs   =       0 # diodes     =       0 # bjts        =       0
  # jfets       =       0 # mosfets    =      54 # U elements  =       0
  # T elements  =       0 # W elements =       0 # B elements  =       0
  # S elements  =       0 # P elements =       0 # va device   =       0
  # vector_srcs =       0 # N elements =       0


  ******  Runtime Statistics (seconds)  ******

  analysis           time    # points   tot. iter  conv.iter
  op point           0.02           1          15
  transient          0.23       70001        2379         879 rev=       111
  readin             0.02
  errchk             0.01
  setup              0.00
  output             0.00


           peak memory used        261.81 megabytes
           total cpu time            0.27 seconds
           total elapsed time        0.31 seconds
           job started at     23:03:57 06/09/2026
           job ended   at     23:03:58 06/09/2026


 lic: Release hspice token(s) 
 lic: total license checkout elapse time:        0.15(s)
