DEBUG: ConnectToServer: localhost 49979
DEBUG: connect back to cdesigner: 'localhost:49979'

< LAYOUT: start_vue >
V SET_COLOR white       white
V SET_COLOR red         red
V SET_COLOR darkRed     maroon
V SET_COLOR green       lime
V SET_COLOR darkGreen   forest
V SET_COLOR blue        blue
V SET_COLOR darkBlue    navy
V SET_COLOR cyan        cyan
V SET_COLOR darkCyan    cadetBlue
V SET_COLOR magenta     magenta
V SET_COLOR darkMagenta purple
V SET_COLOR yellow      yellow
V SET_FILL  blank       blank
V SET_FILL  solid       solid
V SET_FILL  backSlash   backSlash
V SET_FILL  slash       slash
V SET_FILL  dot         dots
V SET_FILL  diagCross   X
V SET_FILL  brick       brick
V SET_FILL  horizontal  hLine
V SET_FILL  vertical    vLine
L CDESIGNER::StartFilter LAY
L set curLayCell ""
L set curLayView ""

< LAYOUT: start_filter >
  + INFO: Tcl-DP service had been loaded.
DEBUG: ConnectToServer: localhost 49979
DEBUG: return previous client localhost:49979

< SCHEMATIC: start_vue >
V SET_COLOR white       white
V SET_COLOR red         red
V SET_COLOR darkRed     maroon
V SET_COLOR green       lime
V SET_COLOR darkGreen   forest
V SET_COLOR blue        blue
V SET_COLOR darkBlue    navy
V SET_COLOR cyan        cyan
V SET_COLOR darkCyan    cadetBlue
V SET_COLOR magenta     magenta
V SET_COLOR darkMagenta purple
V SET_COLOR yellow      yellow
V SET_FILL  blank       blank
V SET_FILL  solid       solid
V SET_FILL  backSlash   backSlash
V SET_FILL  slash       slash
V SET_FILL  dot         dots
V SET_FILL  diagCross   X
V SET_FILL  brick       brick
V SET_FILL  horizontal  hLine
V SET_FILL  vertical    vLine
S CDESIGNER::StartFilter SCH
S set curSchCell ""
S set curSchView ""

< SCHEMATIC: start_filter >

< LAYOUT: load_hercules >
L set inlibPath  "/root/Excercise/Noise_Margins/nmos/synopsys_custom/nmos_dc.hercules.lvs/."
L set topLayLib  "nmos_nm"
L set topLayCell [lindex {"nmos_dc"} 0]
L set topLayView "layout"
L set curLayLib  "$topLayLib"
L set curLayCell "$topLayCell"
L set curLayView "$topLayView"
L CDESIGNER::SendCommand setInlibPath "$inlibPath"
L CDESIGNER::SendCommand setTopLayLCV "$topLayLib" "$topLayCell" "$topLayView"
L CDESIGNER::SendCommand openCell "$curLayLib" "$curLayCell" "$curLayView"
DEBUG: PushBackXprobeMessage{vueSetDbu 0.001
}

< SCHEMATIC: load_hercules >
S set topSchLib "nmos_nm"
S CDESIGNER::SendCommand setTopSchLib "$topSchLib"

< LAYOUT: remove_hilites >
L CDESIGNER::SendCommand clearAllHighlights "$curLayCell" "$curLayView"

< SCHEMATIC: remove_hilites >
S CDESIGNER::SendCommand clearAllHighlights "$curSchCell" "$curSchView"

< LAYOUT: remove_hilites >
L CDESIGNER::SendCommand clearAllHighlights "$curLayCell" "$curLayView"

< SCHEMATIC: remove_hilites >
S CDESIGNER::SendCommand clearAllHighlights "$curSchCell" "$curSchView"

< SCHEMATIC: remove_hilites >
S CDESIGNER::SendCommand clearAllHighlights "$curSchCell" "$curSchView"

< LAYOUT: remove_hilites >
L CDESIGNER::SendCommand clearAllHighlights "$curLayCell" "$curLayView"

< LAYOUT: new_block >
V ZOOM_EXTENTS_RESET
L CDESIGNER::SendCommand clearAllHighlights "$curLayCell" "$curLayView"
L set curLayCell [lindex {"nmos_dc"} 0]
L set curLayView "layout"
L CDESIGNER::SendCommand openCell "$curLayLib" "$curLayCell" "$curLayView"
DEBUG: PushBackXprobeMessage{vueSetDbu 0.001
}

< SCHEMATIC: remove_hilites >
S CDESIGNER::SendCommand clearAllHighlights "$curSchCell" "$curSchView"

< LAYOUT: remove_hilites >
L CDESIGNER::SendCommand clearAllHighlights "$curLayCell" "$curLayView"

< LAYOUT: remove_hilites >
L CDESIGNER::SendCommand clearAllHighlights "$curLayCell" "$curLayView"

< LAYOUT: before_hilite >
V ZOOM_EXTENTS_RESET

< LAYOUT: primary_hilite >
L CDESIGNER::SendCommand setHighlightProperty "$curLayCell" "$curLayView" "yellow" "brick"

< LAYOUT: poly_begin >
L CDESIGNER::SendCommandNB addPolygonBegin "5"

< LAYOUT: poly_point_set >
L CDESIGNER::AddPolygonPoints {2.685 -0.320 5.185 2.180 4.685 2.680 2.185 0.180 2.685 -0.320 }

< LAYOUT: poly_end >
L CDESIGNER::SendCommandNB addPolygonEnd

< LAYOUT: poly_begin >
L CDESIGNER::SendCommandNB addPolygonBegin "5"

< LAYOUT: poly_point_set >
L CDESIGNER::AddPolygonPoints {5.185 0.180 2.685 2.680 2.185 2.180 4.685 -0.320 5.185 0.180 }

< LAYOUT: poly_end >
L CDESIGNER::SendCommandNB addPolygonEnd

< LAYOUT: zoom_extents >
L CDESIGNER::SendCommand setViewPort extents [list 1.810 -0.695 5.560 3.055] LAY

< LAYOUT: drc_error >
L CDESIGNER::SendCommand addErrorDescription {"Layer Name: POLYPIN"}

< LAYOUT: after_hilite >
L CDESIGNER::SendCommand drawHighlights "$curLayCell" "$curLayView" all

< SCHEMATIC: remove_hilites >
S CDESIGNER::SendCommand clearAllHighlights "$curSchCell" "$curSchView"

< SCHEMATIC: remove_hilites >
S CDESIGNER::SendCommand clearAllHighlights "$curSchCell" "$curSchView"

< LAYOUT: remove_hilites >
L CDESIGNER::SendCommand clearAllHighlights "$curLayCell" "$curLayView"

< LAYOUT: remove_hilites >
L CDESIGNER::SendCommand clearAllHighlights "$curLayCell" "$curLayView"
+ INFO: Filter has been loaded successfully.
        '/usr/synopsys/hercules/B-2008.09-SP5/lib-u/AMD.64/VUE/Layout/libhiCDesignerLE.so'
+ INFO: Filter has been loaded successfully.
        '/usr/synopsys/hercules/B-2008.09-SP5/lib-u/AMD.64/VUE/Schematic/libhiCDesignerSE.so'
